Archive member included because of file (symbol)

lib/lib.a(ctype.o)            kernel/kernel.o (_ctype)
lib/lib.a(_exit.o)            init/main.o (_exit)
lib/lib.a(open.o)             init/main.o (open)
lib/lib.a(close.o)            init/main.o (close)
lib/lib.a(errno.o)            init/main.o (errno)
lib/lib.a(write.o)            init/main.o (write)
lib/lib.a(dup.o)              init/main.o (dup)
lib/lib.a(setsid.o)           init/main.o (setsid)
lib/lib.a(execve.o)           init/main.o (execve)
lib/lib.a(wait.o)             init/main.o (wait)
lib/lib.a(string.o)           kernel/kernel.o (memcpy)

Allocating common symbols
Common symbol       size              file

errno               0x4               lib/lib.a(errno.o)
hash_table          0x4cc             fs/fs.o
___strtok           0x4               lib/lib.a(string.o)
user_stack          0x1000            kernel/kernel.o
_ctmp               0x1               lib/lib.a(ctype.o)
super_block         0x340             fs/fs.o
file_table          0x400             fs/fs.o

Discarded input sections

 .note.GNU-stack
                0x0000000000000000        0x0 init/main.o
 .note.GNU-stack
                0x0000000000000000        0x0 kernel/kernel.o
 .note.GNU-stack
                0x0000000000000000        0x0 mm/mm.o
 .note.GNU-stack
                0x0000000000000000        0x0 fs/fs.o
 .note.GNU-stack
                0x0000000000000000        0x0 lib/lib.a(ctype.o)
 .note.GNU-stack
                0x0000000000000000        0x0 lib/lib.a(_exit.o)
 .note.GNU-stack
                0x0000000000000000        0x0 lib/lib.a(open.o)
 .note.GNU-stack
                0x0000000000000000        0x0 lib/lib.a(close.o)
 .note.GNU-stack
                0x0000000000000000        0x0 lib/lib.a(errno.o)
 .note.GNU-stack
                0x0000000000000000        0x0 lib/lib.a(write.o)
 .note.GNU-stack
                0x0000000000000000        0x0 lib/lib.a(dup.o)
 .note.GNU-stack
                0x0000000000000000        0x0 lib/lib.a(setsid.o)
 .note.GNU-stack
                0x0000000000000000        0x0 lib/lib.a(execve.o)
 .note.GNU-stack
                0x0000000000000000        0x0 lib/lib.a(wait.o)
 .note.GNU-stack
                0x0000000000000000        0x0 lib/lib.a(string.o)

Memory Configuration

Name             Origin             Length             Attributes
*default*        0x0000000000000000 0xffffffffffffffff

Linker script and memory map

Address of section .text set to 0x0
LOAD boot/head.o
LOAD init/main.o
LOAD kernel/kernel.o
LOAD mm/mm.o
LOAD fs/fs.o
LOAD lib/lib.a
                0x0000000008048000                PROVIDE (__executable_start, 0x8048000)
                0x0000000008048094                . = (0x8048000 + SIZEOF_HEADERS)

.interp
 *(.interp)

.note.gnu.build-id
 *(.note.gnu.build-id)

.hash
 *(.hash)

.gnu.hash
 *(.gnu.hash)

.dynsym
 *(.dynsym)

.dynstr
 *(.dynstr)

.gnu.version
 *(.gnu.version)

.gnu.version_d
 *(.gnu.version_d)

.gnu.version_r
 *(.gnu.version_r)

.rel.dyn        0x0000000008048094        0x0
 *(.rel.init)
 *(.rel.text .rel.text.* .rel.gnu.linkonce.t.*)
 .rel.text      0x0000000000000000        0x0 boot/head.o
 *(.rel.fini)
 *(.rel.rodata .rel.rodata.* .rel.gnu.linkonce.r.*)
 *(.rel.data.rel.ro* .rel.gnu.linkonce.d.rel.ro.*)
 *(.rel.data .rel.data.* .rel.gnu.linkonce.d.*)
 .rel.data      0x0000000000000000        0x0 boot/head.o
 *(.rel.tdata .rel.tdata.* .rel.gnu.linkonce.td.*)
 *(.rel.tbss .rel.tbss.* .rel.gnu.linkonce.tb.*)
 *(.rel.ctors)
 *(.rel.dtors)
 *(.rel.got)
 *(.rel.bss .rel.bss.* .rel.gnu.linkonce.b.*)
 *(.rel.ifunc)

.rel.plt        0x0000000008048094        0x0
 *(.rel.plt)
                0x0000000008048094                PROVIDE (__rel_iplt_start, .)
 *(.rel.iplt)
 .rel.iplt      0x0000000000000000        0x0 boot/head.o
                0x0000000008048094                PROVIDE (__rel_iplt_end, .)

.init
 *(.init)

.plt            0x00000000080480a0        0x0
 *(.plt)
 *(.iplt)
 .iplt          0x0000000000000000        0x0 boot/head.o

.text           0x0000000000000000     0xf725
 *(.text.unlikely .text.*_unlikely)
 *(.text.exit .text.exit.*)
 *(.text.startup .text.startup.*)
 *(.text.hot .text.hot.*)
 *(.text .stub .text.* .gnu.linkonce.t.*)
 .text          0x0000000000000000     0x5078 boot/head.o
                0x0000000000000000                startup_32
                0x0000000000000000                pg_dir
                0x0000000000004078                idt
                0x0000000000004878                gdt
 *fill*         0x0000000000005078        0x8 90909090
 .text          0x0000000000005080      0x370 init/main.o
                0x00000000000050c1                init
                0x0000000000005232                main
 .text          0x00000000000053f0     0x4917 kernel/kernel.o
                0x00000000000053f0                sys_alarm
                0x0000000000005417                sys_getpid
                0x0000000000005423                sys_getppid
                0x000000000000542f                sys_getuid
                0x000000000000543c                sys_geteuid
                0x0000000000005449                sys_getgid
                0x0000000000005456                sys_getegid
                0x0000000000005463                sys_nice
                0x000000000000547c                sys_signal
                0x00000000000054b9                math_state_restore
                0x00000000000054f0                schedule
                0x00000000000055e1                sys_pause
                0x00000000000055f7                sleep_on
                0x0000000000005651                interruptible_sleep_on
                0x00000000000056bb                wake_up
                0x00000000000056d7                do_timer
                0x000000000000571d                sched_init
                0x0000000000005844                system_call
                0x0000000000005936                timer_interrupt
                0x000000000000596e                sys_execve
                0x000000000000597c                sys_fork
                0x0000000000005994                hd_interrupt
                0x0000000000005b41                do_double_fault
                0x0000000000005b5a                do_general_protection
                0x0000000000005b73                do_divide_error
                0x0000000000005b8c                do_int3
                0x0000000000005c44                do_nmi
                0x0000000000005c5d                do_debug
                0x0000000000005c76                do_overflow
                0x0000000000005c8f                do_bounds
                0x0000000000005ca8                do_invalid_op
                0x0000000000005cc1                do_device_not_available
                0x0000000000005cda                do_coprocessor_segment_overrun
                0x0000000000005cf3                do_invalid_TSS
                0x0000000000005d0c                do_segment_not_present
                0x0000000000005d25                do_stack_segment
                0x0000000000005d3e                do_coprocessor_error
                0x0000000000005d57                do_reserved
                0x0000000000005d70                trap_init
                0x0000000000005f2c                divide_error
                0x0000000000005f61                debug
                0x0000000000005f68                nmi
                0x0000000000005f6f                int3
                0x0000000000005f76                overflow
                0x0000000000005f7d                bounds
                0x0000000000005f84                invalid_op
                0x0000000000005f93                device_not_available
                0x0000000000005fc0                coprocessor_segment_overrun
                0x0000000000005fca                reserved
                0x0000000000005fd4                coprocessor_error
                0x0000000000005fde                double_fault
                0x0000000000006015                invalid_TSS
                0x000000000000601c                segment_not_present
                0x0000000000006023                stack_segment
                0x000000000000602a                general_protection
                0x0000000000006034                verify_area
                0x0000000000006099                copy_mem
                0x000000000000618f                copy_process
                0x000000000000641e                find_empty_process
                0x0000000000006480                panic
                0x000000000000649c                printk
                0x0000000000006726                vsprintf
                0x0000000000006a90                tty_init
                0x0000000000006aa1                tty_intr
                0x0000000000006ae6                copy_to_cooked
                0x0000000000006d66                tty_read
                0x000000000000702c                tty_write
                0x0000000000007209                do_tty_interrupt
                0x0000000000007435                csi_m
                0x0000000000007490                con_write
                0x0000000000007dfa                con_init
                0x0000000000007e83                keyboard_interrupt
                0x0000000000008658                rs1_interrupt
                0x0000000000008660                rs2_interrupt
                0x0000000000008dc9                rw_hd
                0x0000000000008e72                sys_setup
                0x0000000000008f71                unexpected_hd_interrupt
                0x0000000000008f84                hd_init
                0x0000000000008ff4                sys_ftime
                0x0000000000008ffa                sys_mknod
                0x0000000000009000                sys_break
                0x0000000000009006                sys_mount
                0x000000000000900c                sys_umount
                0x0000000000009012                sys_ustat
                0x0000000000009018                sys_ptrace
                0x000000000000901e                sys_stty
                0x0000000000009024                sys_gtty
                0x000000000000902a                sys_rename
                0x0000000000009030                sys_prof
                0x0000000000009036                sys_setgid
                0x0000000000009093                sys_acct
                0x0000000000009099                sys_phys
                0x000000000000909f                sys_lock
                0x00000000000090a5                sys_mpx
                0x00000000000090ab                sys_ulimit
                0x00000000000090b1                sys_time
                0x0000000000009104                sys_setuid
                0x000000000000915d                sys_stime
                0x00000000000091aa                sys_times
                0x0000000000009203                sys_brk
                0x0000000000009236                sys_setpgid
                0x00000000000092ab                sys_getpgrp
                0x00000000000092b7                sys_setsid
                0x000000000000930c                sys_oldolduname
                0x0000000000009324                sys_uname
                0x0000000000009371                sys_umask
                0x000000000000938f                sys_null
                0x00000000000093b1                sys_keyset
                0x00000000000093f6                sys_keyclear
                0x000000000000941e                sys_keygen
                0x00000000000095c5                sys_encr
                0x00000000000095d2                sys_decr
                0x00000000000095e0                release
                0x000000000000963a                do_kill
                0x00000000000098b3                sys_kill
                0x00000000000098e9                do_exit
                0x0000000000009a7c                sys_exit
                0x0000000000009a97                sys_waitpid
                0x0000000000009c1e                rs_init
                0x0000000000009c76                rs_write
                0x0000000000009ca0                kernel_mktime
 *fill*         0x0000000000009d07        0x1 90909090
 .text          0x0000000000009d08      0x517 mm/mm.o
                0x0000000000009d08                invalidate
                0x0000000000009d11                copy_page
                0x0000000000009d36                get_free_page
                0x0000000000009d6e                free_page
                0x0000000000009dce                free_page_tables
                0x0000000000009e7e                copy_page_tables
                0x0000000000009f78                put_page
                0x000000000000a025                un_wp_page
                0x000000000000a0b5                do_wp_page
                0x000000000000a0e5                write_verify
                0x000000000000a124                do_no_page
                0x000000000000a154                calc_mem
                0x000000000000a1e8                page_fault
 *fill*         0x000000000000a21f        0x1 90909090
 .text          0x000000000000a220     0x4f4c fs/fs.o
                0x000000000000a220                sys_utime
                0x000000000000a289                sys_access
                0x000000000000a320                sys_chdir
                0x000000000000a383                sys_chroot
                0x000000000000a3e6                sys_chmod
                0x000000000000a47b                sys_chown
                0x000000000000a4e2                sys_open
                0x000000000000a676                sys_creat
                0x000000000000a699                sys_close
                0x000000000000a720                sys_lseek
                0x000000000000a7dc                sys_read
                0x000000000000a937                sys_write
                0x000000000000ae4b                sync_inodes
                0x000000000000ae95                bmap
                0x000000000000aeae                create_block
                0x000000000000aec7                iput
                0x000000000000afb5                get_empty_inode
                0x000000000000b0a3                get_pipe_inode
                0x000000000000b0ea                iget
                0x000000000000b2d7                sys_sync
                0x000000000000b33f                brelse
                0x000000000000b391                get_hash_table
                0x000000000000b3f0                getblk
                0x000000000000b68f                bread
                0x000000000000b6e9                buffer_init
                0x000000000000b784                do_mount
                0x000000000000b98f                mount_root
                0x000000000000bae0                block_write
                0x000000000000bbc3                block_read
                0x000000000000bc9a                ll_rw_block
                0x000000000000bd63                rw_char
                0x000000000000bdd4                file_read
                0x000000000000bf7f                file_write
                0x000000000000c21e                sys_stat
                0x000000000000c263                sys_lstat
                0x000000000000c27e                sys_fstat
                0x000000000000c2c1                sys_stat64
                0x000000000000c306                sys_fstat64
                0x000000000000c349                sys_lstat64
                0x000000000000c364                sys_oldstat
                0x000000000000c37c                sys_oldfstat
                0x000000000000c4c4                cp_block
                0x000000000000c4f9                is_valid_elf
                0x000000000000c53e                read_file_block_ind
                0x000000000000c5d3                read_file_block
                0x000000000000c6d2                copy_section
                0x000000000000c7c0                create_bss_section
                0x000000000000c7e6                load_elf_binary
                0x000000000000c9f1                do_execve
                0x000000000000ce84                read_pipe
                0x000000000000cf1d                write_pipe
                0x000000000000d016                sys_pipe
                0x000000000000d649                namei
                0x000000000000d6ff                open_namei
                0x000000000000d965                sys_mkdir
                0x000000000000dc1a                sys_rmdir
                0x000000000000df8c                sys_unlink
                0x000000000000e128                sys_link
                0x000000000000e2d0                free_block
                0x000000000000e40b                new_block
                0x000000000000e58e                free_inode
                0x000000000000e6ba                new_inode
                0x000000000000e89a                sys_dup2
                0x000000000000e8ba                sys_dup
                0x000000000000e8ca                sys_fcntl
                0x000000000000e987                sys_fcntl64
                0x000000000000e9dc                sys_ioctl
                0x000000000000ea79                tty_ioctl
                0x000000000000ed45                truncate
                0x000000000000ee50                sys_getdents
                0x000000000000efde                sys_getdents64
 .text          0x000000000000f16c        0x0 lib/lib.a(ctype.o)
 .text          0x000000000000f16c        0xe lib/lib.a(_exit.o)
                0x000000000000f16c                _exit
 *fill*         0x000000000000f17a        0x2 90909090
 .text          0x000000000000f17c       0x3d lib/lib.a(open.o)
                0x000000000000f17c                open
 *fill*         0x000000000000f1b9        0x3 90909090
 .text          0x000000000000f1bc       0x23 lib/lib.a(close.o)
                0x000000000000f1bc                close
 *fill*         0x000000000000f1df        0x1 90909090
 .text          0x000000000000f1e0        0x0 lib/lib.a(errno.o)
 .text          0x000000000000f1e0       0x3d lib/lib.a(write.o)
                0x000000000000f1e0                write
 *fill*         0x000000000000f21d        0x3 90909090
 .text          0x000000000000f220       0x23 lib/lib.a(dup.o)
                0x000000000000f220                dup
 *fill*         0x000000000000f243        0x1 90909090
 .text          0x000000000000f244       0x1e lib/lib.a(setsid.o)
                0x000000000000f244                setsid
 *fill*         0x000000000000f262        0x2 90909090
 .text          0x000000000000f264       0x3d lib/lib.a(execve.o)
                0x000000000000f264                execve
 *fill*         0x000000000000f2a1        0x3 90909090
 .text          0x000000000000f2a4       0x60 lib/lib.a(wait.o)
                0x000000000000f2a4                waitpid
                0x000000000000f2e1                wait
 .text          0x000000000000f304      0x421 lib/lib.a(string.o)
                0x000000000000f304                strcpy
                0x000000000000f32c                strncpy
                0x000000000000f35d                strcat
                0x000000000000f392                strncat
                0x000000000000f3d1                strcmp
                0x000000000000f3ff                strncmp
                0x000000000000f434                strchr
                0x000000000000f452                strrchr
                0x000000000000f473                strspn
                0x000000000000f4c0                strcspn
                0x000000000000f50d                strpbrk
                0x000000000000f552                strstr
                0x000000000000f597                strlen
                0x000000000000f5b0                strtok
                0x000000000000f641                memcpy
                0x000000000000f667                memmove
                0x000000000000f6b5                memcmp
                0x000000000000f6e9                memchr
                0x000000000000f70f                memset
 *(.gnu.warning)

.fini
 *(.fini)
                0x000000000000f725                PROVIDE (__etext, .)
                0x000000000000f725                PROVIDE (_etext, .)
                0x000000000000f725                PROVIDE (etext, .)

.rodata         0x000000000000f740     0x1024
 *(.rodata .rodata.* .gnu.linkonce.r.*)
 .rodata.str1.1
                0x000000000000f740       0x68 init/main.o
 .rodata.str1.4
                0x000000000000f7a8       0x25 init/main.o
 *fill*         0x000000000000f7cd       0x13 00
 .rodata        0x000000000000f7e0      0x270 kernel/kernel.o
 .rodata.str1.1
                0x000000000000fa50      0x283 kernel/kernel.o
                                        0x289 (size before relaxing)
 *fill*         0x000000000000fcd3        0x1 00
 .rodata.str1.4
                0x000000000000fcd4      0x1fc kernel/kernel.o
 .rodata.str1.4
                0x000000000000fed0       0xe9 mm/mm.o
 .rodata.str1.1
                0x000000000000ffb9       0x68 mm/mm.o
 *fill*         0x0000000000010021       0x1f 00
 .rodata        0x0000000000010040       0xc4 fs/fs.o
 .rodata.str1.1
                0x0000000000010104      0x32c fs/fs.o
                                        0x332 (size before relaxing)
 .rodata.str1.4
                0x0000000000010430      0x334 fs/fs.o

.rodata1
 *(.rodata1)

.eh_frame_hdr
 *(.eh_frame_hdr)

.eh_frame       0x0000000000010764     0x21dc
 *(.eh_frame)
 .eh_frame      0x0000000000010764       0x74 init/main.o
 .eh_frame      0x00000000000107d8      0xd58 kernel/kernel.o
                                        0xe90 (size before relaxing)
 .eh_frame      0x0000000000011530      0x1a8 mm/mm.o
                                        0x1c0 (size before relaxing)
 .eh_frame      0x00000000000116d8      0xf0c fs/fs.o
                                       0x10bc (size before relaxing)
 .eh_frame      0x00000000000125e4       0x1c lib/lib.a(_exit.o)
                                         0x34 (size before relaxing)
 .eh_frame      0x0000000000012600       0x20 lib/lib.a(open.o)
                                         0x38 (size before relaxing)
 .eh_frame      0x0000000000012620       0x1c lib/lib.a(close.o)
                                         0x34 (size before relaxing)
 .eh_frame      0x000000000001263c       0x20 lib/lib.a(write.o)
                                         0x38 (size before relaxing)
 .eh_frame      0x000000000001265c       0x1c lib/lib.a(dup.o)
                                         0x34 (size before relaxing)
 .eh_frame      0x0000000000012678       0x14 lib/lib.a(setsid.o)
                                         0x2c (size before relaxing)
 .eh_frame      0x000000000001268c       0x20 lib/lib.a(execve.o)
                                         0x38 (size before relaxing)
 .eh_frame      0x00000000000126ac       0x38 lib/lib.a(wait.o)
                                         0x50 (size before relaxing)
 .eh_frame      0x00000000000126e4      0x25c lib/lib.a(string.o)
                                        0x274 (size before relaxing)

.gcc_except_table
 *(.gcc_except_table .gcc_except_table.*)

.exception_ranges
 *(.exception_ranges .exception_ranges*)
                0x0000000000012940                . = (ALIGN (0x1000) - ((0x1000 - .) & 0xfff))
                0x0000000000013000                . = DATA_SEGMENT_ALIGN (0x1000, 0x1000)

.eh_frame
 *(.eh_frame)

.gcc_except_table
 *(.gcc_except_table .gcc_except_table.*)

.exception_ranges
 *(.exception_ranges .exception_ranges*)

.tdata
 *(.tdata .tdata.* .gnu.linkonce.td.*)

.tbss
 *(.tbss .tbss.* .gnu.linkonce.tb.*)
 *(.tcommon)

.preinit_array  0x0000000000013000        0x0
                0x0000000000013000                PROVIDE (__preinit_array_start, .)
 *(.preinit_array)
                0x0000000000013000                PROVIDE (__preinit_array_end, .)

.init_array     0x0000000000013000        0x0
                0x0000000000013000                PROVIDE (__init_array_start, .)
 *(SORT(.init_array.*) SORT(.ctors.*))
 *(.init_array)
 *(EXCLUDE_FILE(*crtend?.o *crtend.o *crtbegin?.o *crtbegin.o) .ctors)
                0x0000000000013000                PROVIDE (__init_array_end, .)

.fini_array     0x0000000000013000        0x0
                0x0000000000013000                PROVIDE (__fini_array_start, .)
 *(SORT(.fini_array.*) SORT(.dtors.*))
 *(.fini_array)
 *(EXCLUDE_FILE(*crtend?.o *crtend.o *crtbegin?.o *crtbegin.o) .dtors)
                0x0000000000013000                PROVIDE (__fini_array_end, .)

.ctors
 *crtbegin.o(.ctors)
 *crtbegin?.o(.ctors)
 *(EXCLUDE_FILE(*crtend?.o *crtend.o) .ctors)
 *(SORT(.ctors.*))
 *(.ctors)

.dtors
 *crtbegin.o(.dtors)
 *crtbegin?.o(.dtors)
 *(EXCLUDE_FILE(*crtend?.o *crtend.o) .dtors)
 *(SORT(.dtors.*))
 *(.dtors)

.jcr
 *(.jcr)

.data.rel.ro
 *(.data.rel.ro.local* .gnu.linkonce.d.rel.ro.local.*)
 *(.data.rel.ro* .gnu.linkonce.d.rel.ro.*)

.dynamic
 *(.dynamic)

.got
 *(.got)
 *(.igot)
                0x0000000000013000                . = DATA_SEGMENT_RELRO_END (., 0xc)

.got.plt        0x0000000000013000        0x0
 *(.got.plt)
 *(.igot.plt)
 .igot.plt      0x0000000000000000        0x0 boot/head.o

.data           0x0000000000013000     0x3e64
 *(.data .data.* .gnu.linkonce.d.*)
 .data          0x0000000000013000        0x0 boot/head.o
 .data          0x0000000000013000       0x18 init/main.o
 *fill*         0x0000000000013018        0x8 00
 .data          0x0000000000013020     0x3d2c kernel/kernel.o
                0x0000000000013020                stack_start
                0x0000000000013040                task
                0x0000000000013140                current
                0x0000000000013160                sys_call_table
                0x0000000000014660                table_list
                0x0000000000014680                tty_table
 .data          0x0000000000016d4c        0x0 mm/mm.o
 .data          0x0000000000016d4c        0x4 fs/fs.o
                0x0000000000016d4c                start_buffer
 *fill*         0x0000000000016d50       0x10 00
 .data          0x0000000000016d60      0x101 lib/lib.a(ctype.o)
                0x0000000000016d60                _ctype
 *fill*         0x0000000000016e61        0x3 00
 .data          0x0000000000016e64        0x0 lib/lib.a(_exit.o)
 .data          0x0000000000016e64        0x0 lib/lib.a(open.o)
 .data          0x0000000000016e64        0x0 lib/lib.a(close.o)
 .data          0x0000000000016e64        0x0 lib/lib.a(errno.o)
 .data          0x0000000000016e64        0x0 lib/lib.a(write.o)
 .data          0x0000000000016e64        0x0 lib/lib.a(dup.o)
 .data          0x0000000000016e64        0x0 lib/lib.a(setsid.o)
 .data          0x0000000000016e64        0x0 lib/lib.a(execve.o)
 .data          0x0000000000016e64        0x0 lib/lib.a(wait.o)
 .data          0x0000000000016e64        0x0 lib/lib.a(string.o)

.data1
 *(.data1)
                0x0000000000016e64                _edata = .
                0x0000000000016e64                PROVIDE (edata, .)
                0x0000000000016e64                __bss_start = .

.bss            0x0000000000016e80     0x3f4c
 *(.dynbss)
 *(.bss .bss.* .gnu.linkonce.b.*)
 .bss           0x0000000000016e80        0x0 boot/head.o
 .bss           0x0000000000016e80      0x400 init/main.o
 .bss           0x0000000000017280      0xbe4 kernel/kernel.o
                0x0000000000017280                last_task_used_math
                0x0000000000017284                startup_time
                0x0000000000017288                jiffies
                0x000000000001728c                last_pid
                0x0000000000017740                do_hd
 *fill*         0x0000000000017e64       0x1c 00
 .bss           0x0000000000017e80      0xc00 mm/mm.o
 .bss           0x0000000000018a80      0x710 fs/fs.o
                0x0000000000018a80                inode_table
                0x0000000000019184                nr_buffers
 .bss           0x0000000000019190        0x0 lib/lib.a(ctype.o)
 .bss           0x0000000000019190        0x0 lib/lib.a(_exit.o)
 .bss           0x0000000000019190        0x0 lib/lib.a(open.o)
 .bss           0x0000000000019190        0x0 lib/lib.a(close.o)
 .bss           0x0000000000019190        0x0 lib/lib.a(errno.o)
 .bss           0x0000000000019190        0x0 lib/lib.a(write.o)
 .bss           0x0000000000019190        0x0 lib/lib.a(dup.o)
 .bss           0x0000000000019190        0x0 lib/lib.a(setsid.o)
 .bss           0x0000000000019190        0x0 lib/lib.a(execve.o)
 .bss           0x0000000000019190        0x0 lib/lib.a(wait.o)
 .bss           0x0000000000019190        0x0 lib/lib.a(string.o)
 *(COMMON)
 *fill*         0x0000000000019190       0x10 00
 COMMON         0x00000000000191a0     0x1000 kernel/kernel.o
                0x00000000000191a0                user_stack
 COMMON         0x000000000001a1a0      0xc20 fs/fs.o
                0x000000000001a1a0                hash_table
                0x000000000001a680                super_block
                0x000000000001a9c0                file_table
 COMMON         0x000000000001adc0        0x1 lib/lib.a(ctype.o)
                0x000000000001adc0                _ctmp
 *fill*         0x000000000001adc1        0x3 00
 COMMON         0x000000000001adc4        0x4 lib/lib.a(errno.o)
                0x000000000001adc4                errno
 COMMON         0x000000000001adc8        0x4 lib/lib.a(string.o)
                0x000000000001adc8                ___strtok
                0x000000000001adcc                . = ALIGN ((. != 0x0)?0x4:0x1)
                0x000000000001adcc                . = ALIGN (0x4)
                0x000000000001adcc                . = ALIGN (0x4)
                0x000000000001adcc                _end = .
                0x000000000001adcc                PROVIDE (end, .)
                0x000000000001adcc                . = DATA_SEGMENT_END (.)

.stab
 *(.stab)

.stabstr
 *(.stabstr)

.stab.excl
 *(.stab.excl)

.stab.exclstr
 *(.stab.exclstr)

.stab.index
 *(.stab.index)

.stab.indexstr
 *(.stab.indexstr)

.comment        0x0000000000000000       0x2a
 *(.comment)
 .comment       0x0000000000000000       0x2a init/main.o
                                         0x2b (size before relaxing)
 .comment       0x0000000000000000      0x22f kernel/kernel.o
 .comment       0x0000000000000000       0x2b mm/mm.o
 .comment       0x0000000000000000      0x331 fs/fs.o
 .comment       0x0000000000000000       0x2b lib/lib.a(ctype.o)
 .comment       0x0000000000000000       0x2b lib/lib.a(_exit.o)
 .comment       0x0000000000000000       0x2b lib/lib.a(open.o)
 .comment       0x0000000000000000       0x2b lib/lib.a(close.o)
 .comment       0x0000000000000000       0x2b lib/lib.a(errno.o)
 .comment       0x0000000000000000       0x2b lib/lib.a(write.o)
 .comment       0x0000000000000000       0x2b lib/lib.a(dup.o)
 .comment       0x0000000000000000       0x2b lib/lib.a(setsid.o)
 .comment       0x0000000000000000       0x2b lib/lib.a(execve.o)
 .comment       0x0000000000000000       0x2b lib/lib.a(wait.o)
 .comment       0x0000000000000000       0x2b lib/lib.a(string.o)

.debug
 *(.debug)

.line
 *(.line)

.debug_srcinfo
 *(.debug_srcinfo)

.debug_sfnames
 *(.debug_sfnames)

.debug_aranges  0x0000000000000000      0x540
 *(.debug_aranges)
 .debug_aranges
                0x0000000000000000       0x20 init/main.o
 .debug_aranges
                0x0000000000000020      0x1a0 kernel/kernel.o
 .debug_aranges
                0x00000000000001c0       0x20 mm/mm.o
 .debug_aranges
                0x00000000000001e0      0x240 fs/fs.o
 .debug_aranges
                0x0000000000000420       0x20 lib/lib.a(_exit.o)
 .debug_aranges
                0x0000000000000440       0x20 lib/lib.a(open.o)
 .debug_aranges
                0x0000000000000460       0x20 lib/lib.a(close.o)
 .debug_aranges
                0x0000000000000480       0x20 lib/lib.a(write.o)
 .debug_aranges
                0x00000000000004a0       0x20 lib/lib.a(dup.o)
 .debug_aranges
                0x00000000000004c0       0x20 lib/lib.a(setsid.o)
 .debug_aranges
                0x00000000000004e0       0x20 lib/lib.a(execve.o)
 .debug_aranges
                0x0000000000000500       0x20 lib/lib.a(wait.o)
 .debug_aranges
                0x0000000000000520       0x20 lib/lib.a(string.o)

.debug_pubnames
 *(.debug_pubnames)

.debug_info     0x0000000000000000    0x1a400
 *(.debug_info .gnu.linkonce.wi.*)
 .debug_info    0x0000000000000000      0xccf init/main.o
 .debug_info    0x0000000000000ccf     0x8897 kernel/kernel.o
 .debug_info    0x0000000000009566      0x4d6 mm/mm.o
 .debug_info    0x0000000000009a3c     0xe2d3 fs/fs.o
 .debug_info    0x0000000000017d0f       0x70 lib/lib.a(ctype.o)
 .debug_info    0x0000000000017d7f      0x3af lib/lib.a(_exit.o)
 .debug_info    0x000000000001812e      0x403 lib/lib.a(open.o)
 .debug_info    0x0000000000018531      0x3ce lib/lib.a(close.o)
 .debug_info    0x00000000000188ff       0x3f lib/lib.a(errno.o)
 .debug_info    0x000000000001893e      0x400 lib/lib.a(write.o)
 .debug_info    0x0000000000018d3e      0x3ce lib/lib.a(dup.o)
 .debug_info    0x000000000001910c      0x3cb lib/lib.a(setsid.o)
 .debug_info    0x00000000000194d7      0x3fc lib/lib.a(execve.o)
 .debug_info    0x00000000000198d3      0x428 lib/lib.a(wait.o)
 .debug_info    0x0000000000019cfb      0x705 lib/lib.a(string.o)

.debug_abbrev   0x0000000000000000     0x443e
 *(.debug_abbrev)
 .debug_abbrev  0x0000000000000000      0x1d7 init/main.o
 .debug_abbrev  0x00000000000001d7     0x17f5 kernel/kernel.o
 .debug_abbrev  0x00000000000019cc      0x1af mm/mm.o
 .debug_abbrev  0x0000000000001b7b     0x212e fs/fs.o
 .debug_abbrev  0x0000000000003ca9       0x42 lib/lib.a(ctype.o)
 .debug_abbrev  0x0000000000003ceb       0xa3 lib/lib.a(_exit.o)
 .debug_abbrev  0x0000000000003d8e       0xdc lib/lib.a(open.o)
 .debug_abbrev  0x0000000000003e6a       0xb4 lib/lib.a(close.o)
 .debug_abbrev  0x0000000000003f1e       0x30 lib/lib.a(errno.o)
 .debug_abbrev  0x0000000000003f4e       0xd7 lib/lib.a(write.o)
 .debug_abbrev  0x0000000000004025       0xb4 lib/lib.a(dup.o)
 .debug_abbrev  0x00000000000040d9       0xb2 lib/lib.a(setsid.o)
 .debug_abbrev  0x000000000000418b       0xbb lib/lib.a(execve.o)
 .debug_abbrev  0x0000000000004246       0xd0 lib/lib.a(wait.o)
 .debug_abbrev  0x0000000000004316      0x128 lib/lib.a(string.o)

.debug_line     0x0000000000000000     0x358c
 *(.debug_line)
 .debug_line    0x0000000000000000      0x11e init/main.o
 .debug_line    0x000000000000011e     0x12fe kernel/kernel.o
 .debug_line    0x000000000000141c      0x122 mm/mm.o
 .debug_line    0x000000000000153e     0x1b86 fs/fs.o
 .debug_line    0x00000000000030c4       0x28 lib/lib.a(ctype.o)
 .debug_line    0x00000000000030ec       0x50 lib/lib.a(_exit.o)
 .debug_line    0x000000000000313c       0x76 lib/lib.a(open.o)
 .debug_line    0x00000000000031b2       0x6e lib/lib.a(close.o)
 .debug_line    0x0000000000003220       0x28 lib/lib.a(errno.o)
 .debug_line    0x0000000000003248       0x8c lib/lib.a(write.o)
 .debug_line    0x00000000000032d4       0x6c lib/lib.a(dup.o)
 .debug_line    0x0000000000003340       0x88 lib/lib.a(setsid.o)
 .debug_line    0x00000000000033c8       0x73 lib/lib.a(execve.o)
 .debug_line    0x000000000000343b       0x90 lib/lib.a(wait.o)
 .debug_line    0x00000000000034cb       0xc1 lib/lib.a(string.o)

.debug_frame
 *(.debug_frame)

.debug_str      0x0000000000000000     0x1a18
 *(.debug_str)
 .debug_str     0x0000000000000000      0x3f8 init/main.o
                                        0x4a5 (size before relaxing)
 .debug_str     0x00000000000003f8      0xae0 kernel/kernel.o
                                       0x317e (size before relaxing)
 .debug_str     0x0000000000000ed8      0x126 mm/mm.o
                                        0x1c1 (size before relaxing)
 .debug_str     0x0000000000000ffe      0x948 fs/fs.o
                                       0x53cd (size before relaxing)
 .debug_str     0x0000000000001946       0x26 lib/lib.a(ctype.o)
                                         0x66 (size before relaxing)
 .debug_str     0x000000000000196c        0x8 lib/lib.a(_exit.o)
                                        0x284 (size before relaxing)
 .debug_str     0x0000000000000000        0x8 lib/lib.a(open.o)
                                        0x294 (size before relaxing)
 .debug_str     0x0000000000001974        0x8 lib/lib.a(close.o)
                                        0x286 (size before relaxing)
 .debug_str     0x000000000000197c        0x8 lib/lib.a(errno.o)
                                         0x38 (size before relaxing)
 .debug_str     0x0000000000000000        0x8 lib/lib.a(write.o)
                                        0x292 (size before relaxing)
 .debug_str     0x0000000000001984        0x6 lib/lib.a(dup.o)
                                        0x27e (size before relaxing)
 .debug_str     0x000000000000198a        0x9 lib/lib.a(setsid.o)
                                        0x28e (size before relaxing)
 .debug_str     0x0000000000001993        0x9 lib/lib.a(execve.o)
                                        0x297 (size before relaxing)
 .debug_str     0x000000000000199c       0x11 lib/lib.a(wait.o)
                                        0x2a4 (size before relaxing)
 .debug_str     0x00000000000019ad       0x6b lib/lib.a(string.o)
                                         0xec (size before relaxing)

.debug_loc      0x0000000000000000     0xa7a5
 *(.debug_loc)
 .debug_loc     0x0000000000000000      0x256 init/main.o
 .debug_loc     0x0000000000000256     0x35e9 kernel/kernel.o
 .debug_loc     0x000000000000383f      0x640 mm/mm.o
 .debug_loc     0x0000000000003e7f     0x6353 fs/fs.o
 .debug_loc     0x000000000000a1d2       0x2c lib/lib.a(_exit.o)
 .debug_loc     0x000000000000a1fe       0x3f lib/lib.a(open.o)
 .debug_loc     0x000000000000a23d       0x3f lib/lib.a(close.o)
 .debug_loc     0x000000000000a27c       0x57 lib/lib.a(write.o)
 .debug_loc     0x000000000000a2d3       0x3f lib/lib.a(dup.o)
 .debug_loc     0x000000000000a312       0x13 lib/lib.a(setsid.o)
 .debug_loc     0x000000000000a325       0x57 lib/lib.a(execve.o)
 .debug_loc     0x000000000000a37c       0x83 lib/lib.a(wait.o)
 .debug_loc     0x000000000000a3ff      0x3a6 lib/lib.a(string.o)

.debug_macinfo
 *(.debug_macinfo)

.debug_weaknames
 *(.debug_weaknames)

.debug_funcnames
 *(.debug_funcnames)

.debug_typenames
 *(.debug_typenames)

.debug_varnames
 *(.debug_varnames)

.debug_pubtypes
 *(.debug_pubtypes)

.debug_ranges   0x0000000000000000      0x428
 *(.debug_ranges)
 .debug_ranges  0x0000000000000000      0x120 kernel/kernel.o
 .debug_ranges  0x0000000000000120      0x308 fs/fs.o

.gnu.attributes
 *(.gnu.attributes)

/DISCARD/
 *(.note.GNU-stack)
 *(.gnu_debuglink)
 *(.gnu.lto_*)
OUTPUT(tools/system elf32-i386)
