Archive member included because of file (symbol)

lib/lib.a(ctype.o)            kernel/kernel.o (_ctype)
lib/lib.a(_exit.o)            init/main.o (_exit)
lib/lib.a(open.o)             init/main.o (open)
lib/lib.a(close.o)            init/main.o (close)
lib/lib.a(errno.o)            init/main.o (errno)
lib/lib.a(write.o)            init/main.o (write)
lib/lib.a(dup.o)              init/main.o (dup)
lib/lib.a(setsid.o)           init/main.o (setsid)
lib/lib.a(execve.o)           init/main.o (execve)
lib/lib.a(wait.o)             init/main.o (wait)
lib/lib.a(string.o)           kernel/kernel.o (memcpy)
lib/lib.a(getdents.o)         kernel/kernel.o (getdents)

Allocating common symbols
Common symbol       size              file

errno               0x4               lib/lib.a(errno.o)
hash_table          0x4cc             fs/fs.o
___strtok           0x4               lib/lib.a(string.o)
user_stack          0x1000            kernel/kernel.o
_ctmp               0x1               lib/lib.a(ctype.o)
super_block         0x340             fs/fs.o
file_table          0x400             fs/fs.o

Discarded input sections

 .note.GNU-stack
                0x0000000000000000        0x0 init/main.o
 .note.GNU-stack
                0x0000000000000000        0x0 kernel/kernel.o
 .note.GNU-stack
                0x0000000000000000        0x0 mm/mm.o
 .note.GNU-stack
                0x0000000000000000        0x0 fs/fs.o
 .note.GNU-stack
                0x0000000000000000        0x0 lib/lib.a(ctype.o)
 .note.GNU-stack
                0x0000000000000000        0x0 lib/lib.a(_exit.o)
 .note.GNU-stack
                0x0000000000000000        0x0 lib/lib.a(open.o)
 .note.GNU-stack
                0x0000000000000000        0x0 lib/lib.a(close.o)
 .note.GNU-stack
                0x0000000000000000        0x0 lib/lib.a(errno.o)
 .note.GNU-stack
                0x0000000000000000        0x0 lib/lib.a(write.o)
 .note.GNU-stack
                0x0000000000000000        0x0 lib/lib.a(dup.o)
 .note.GNU-stack
                0x0000000000000000        0x0 lib/lib.a(setsid.o)
 .note.GNU-stack
                0x0000000000000000        0x0 lib/lib.a(execve.o)
 .note.GNU-stack
                0x0000000000000000        0x0 lib/lib.a(wait.o)
 .note.GNU-stack
                0x0000000000000000        0x0 lib/lib.a(string.o)
 .note.GNU-stack
                0x0000000000000000        0x0 lib/lib.a(getdents.o)

Memory Configuration

Name             Origin             Length             Attributes
*default*        0x0000000000000000 0xffffffffffffffff

Linker script and memory map

Address of section .text set to 0x0
LOAD boot/head.o
LOAD init/main.o
LOAD kernel/kernel.o
LOAD mm/mm.o
LOAD fs/fs.o
LOAD lib/lib.a
                0x0000000008048000                PROVIDE (__executable_start, 0x8048000)
                0x0000000008048094                . = (0x8048000 + SIZEOF_HEADERS)

.interp
 *(.interp)

.note.gnu.build-id
 *(.note.gnu.build-id)

.hash
 *(.hash)

.gnu.hash
 *(.gnu.hash)

.dynsym
 *(.dynsym)

.dynstr
 *(.dynstr)

.gnu.version
 *(.gnu.version)

.gnu.version_d
 *(.gnu.version_d)

.gnu.version_r
 *(.gnu.version_r)

.rel.dyn        0x0000000008048094        0x0
 *(.rel.init)
 *(.rel.text .rel.text.* .rel.gnu.linkonce.t.*)
 .rel.text      0x0000000000000000        0x0 boot/head.o
 *(.rel.fini)
 *(.rel.rodata .rel.rodata.* .rel.gnu.linkonce.r.*)
 *(.rel.data.rel.ro* .rel.gnu.linkonce.d.rel.ro.*)
 *(.rel.data .rel.data.* .rel.gnu.linkonce.d.*)
 .rel.data      0x0000000000000000        0x0 boot/head.o
 *(.rel.tdata .rel.tdata.* .rel.gnu.linkonce.td.*)
 *(.rel.tbss .rel.tbss.* .rel.gnu.linkonce.tb.*)
 *(.rel.ctors)
 *(.rel.dtors)
 *(.rel.got)
 *(.rel.bss .rel.bss.* .rel.gnu.linkonce.b.*)
 *(.rel.ifunc)

.rel.plt        0x0000000008048094        0x0
 *(.rel.plt)
                0x0000000008048094                PROVIDE (__rel_iplt_start, .)
 *(.rel.iplt)
 .rel.iplt      0x0000000000000000        0x0 boot/head.o
                0x0000000008048094                PROVIDE (__rel_iplt_end, .)

.init
 *(.init)

.plt            0x00000000080480a0        0x0
 *(.plt)
 *(.iplt)
 .iplt          0x0000000000000000        0x0 boot/head.o

.text           0x0000000000000000     0xfff5
 *(.text.unlikely .text.*_unlikely)
 *(.text.exit .text.exit.*)
 *(.text.startup .text.startup.*)
 *(.text.hot .text.hot.*)
 *(.text .stub .text.* .gnu.linkonce.t.*)
 .text          0x0000000000000000     0x5078 boot/head.o
                0x0000000000000000                startup_32
                0x0000000000000000                pg_dir
                0x0000000000004078                idt
                0x0000000000004878                gdt
 *fill*         0x0000000000005078        0x8 90909090
 .text          0x0000000000005080      0x370 init/main.o
                0x00000000000050c1                init
                0x0000000000005232                main
 .text          0x00000000000053f0     0x51a7 kernel/kernel.o
                0x00000000000053f0                sys_alarm
                0x0000000000005417                sys_getpid
                0x0000000000005423                sys_getppid
                0x000000000000542f                sys_getuid
                0x000000000000543c                sys_geteuid
                0x0000000000005449                sys_getgid
                0x0000000000005456                sys_getegid
                0x0000000000005463                sys_nice
                0x000000000000547c                sys_signal
                0x00000000000054b9                math_state_restore
                0x00000000000054f0                schedule
                0x00000000000055e1                sys_pause
                0x00000000000055f7                sleep_on
                0x0000000000005651                interruptible_sleep_on
                0x00000000000056bb                wake_up
                0x00000000000056d7                do_timer
                0x000000000000571d                sched_init
                0x0000000000005844                system_call
                0x0000000000005936                timer_interrupt
                0x000000000000596e                sys_execve
                0x000000000000597c                sys_fork
                0x0000000000005994                hd_interrupt
                0x0000000000005b41                do_double_fault
                0x0000000000005b5a                do_general_protection
                0x0000000000005b73                do_divide_error
                0x0000000000005b8c                do_int3
                0x0000000000005c44                do_nmi
                0x0000000000005c5d                do_debug
                0x0000000000005c76                do_overflow
                0x0000000000005c8f                do_bounds
                0x0000000000005ca8                do_invalid_op
                0x0000000000005cc1                do_device_not_available
                0x0000000000005cda                do_coprocessor_segment_overrun
                0x0000000000005cf3                do_invalid_TSS
                0x0000000000005d0c                do_segment_not_present
                0x0000000000005d25                do_stack_segment
                0x0000000000005d3e                do_coprocessor_error
                0x0000000000005d57                do_reserved
                0x0000000000005d70                trap_init
                0x0000000000005f2c                divide_error
                0x0000000000005f61                debug
                0x0000000000005f68                nmi
                0x0000000000005f6f                int3
                0x0000000000005f76                overflow
                0x0000000000005f7d                bounds
                0x0000000000005f84                invalid_op
                0x0000000000005f93                device_not_available
                0x0000000000005fc0                coprocessor_segment_overrun
                0x0000000000005fca                reserved
                0x0000000000005fd4                coprocessor_error
                0x0000000000005fde                double_fault
                0x0000000000006015                invalid_TSS
                0x000000000000601c                segment_not_present
                0x0000000000006023                stack_segment
                0x000000000000602a                general_protection
                0x0000000000006034                verify_area
                0x0000000000006099                copy_mem
                0x000000000000618f                copy_process
                0x000000000000641e                find_empty_process
                0x0000000000006480                panic
                0x000000000000649c                printk
                0x0000000000006726                vsprintf
                0x0000000000006a90                tty_init
                0x0000000000006aa1                tty_intr
                0x0000000000006ae6                copy_to_cooked
                0x0000000000006d66                tty_read
                0x000000000000702c                tty_write
                0x0000000000007209                do_tty_interrupt
                0x0000000000007435                c_mode
                0x0000000000007475                a_mode_on
                0x0000000000007483                a_mode_off
                0x0000000000007491                e_mode
                0x00000000000074bc                putc
                0x00000000000074ce                go_up
                0x000000000000750f                go_down
                0x0000000000007554                go_left
                0x00000000000075c1                add_char
                0x000000000000762e                abs_path
                0x00000000000076a2                copy_row
                0x000000000000774f                color_path
                0x0000000000007855                go_right
                0x0000000000007989                list_path
                0x0000000000007a9a                draw_square
                0x0000000000007e14                csi_m
                0x0000000000007e6f                con_write
                0x000000000000881c                con_init
                0x00000000000088a3                keyboard_interrupt
                0x0000000000008909                put_queue
                0x000000000000910c                rs1_interrupt
                0x0000000000009114                rs2_interrupt
                0x0000000000009879                rw_hd
                0x0000000000009922                sys_setup
                0x0000000000009a21                unexpected_hd_interrupt
                0x0000000000009a34                hd_init
                0x0000000000009aa4                sys_ftime
                0x0000000000009aaa                sys_mknod
                0x0000000000009ab0                sys_break
                0x0000000000009ab6                sys_mount
                0x0000000000009abc                sys_umount
                0x0000000000009ac2                sys_ustat
                0x0000000000009ac8                sys_ptrace
                0x0000000000009ace                sys_stty
                0x0000000000009ad4                sys_gtty
                0x0000000000009ada                sys_rename
                0x0000000000009ae0                sys_prof
                0x0000000000009ae6                sys_setgid
                0x0000000000009b43                sys_acct
                0x0000000000009b49                sys_phys
                0x0000000000009b4f                sys_lock
                0x0000000000009b55                sys_mpx
                0x0000000000009b5b                sys_ulimit
                0x0000000000009b61                sys_time
                0x0000000000009bb4                sys_setuid
                0x0000000000009c0d                sys_stime
                0x0000000000009c5a                sys_times
                0x0000000000009cb3                sys_brk
                0x0000000000009ce6                sys_setpgid
                0x0000000000009d5b                sys_getpgrp
                0x0000000000009d67                sys_setsid
                0x0000000000009dbc                sys_oldolduname
                0x0000000000009dd4                sys_uname
                0x0000000000009e21                sys_umask
                0x0000000000009e3f                sys_null
                0x0000000000009e70                release
                0x0000000000009eca                do_kill
                0x000000000000a143                sys_kill
                0x000000000000a179                do_exit
                0x000000000000a30c                sys_exit
                0x000000000000a327                sys_waitpid
                0x000000000000a4ae                rs_init
                0x000000000000a506                rs_write
                0x000000000000a530                kernel_mktime
 *fill*         0x000000000000a597        0x1 90909090
 .text          0x000000000000a598      0x517 mm/mm.o
                0x000000000000a598                invalidate
                0x000000000000a5a1                copy_page
                0x000000000000a5c6                get_free_page
                0x000000000000a5fe                free_page
                0x000000000000a65e                free_page_tables
                0x000000000000a70e                copy_page_tables
                0x000000000000a808                put_page
                0x000000000000a8b5                un_wp_page
                0x000000000000a945                do_wp_page
                0x000000000000a975                write_verify
                0x000000000000a9b4                do_no_page
                0x000000000000a9e4                calc_mem
                0x000000000000aa78                page_fault
 *fill*         0x000000000000aaaf        0x1 90909090
 .text          0x000000000000aab0     0x4f4c fs/fs.o
                0x000000000000aab0                sys_utime
                0x000000000000ab19                sys_access
                0x000000000000abb0                sys_chdir
                0x000000000000ac13                sys_chroot
                0x000000000000ac76                sys_chmod
                0x000000000000ad0b                sys_chown
                0x000000000000ad72                sys_open
                0x000000000000af06                sys_creat
                0x000000000000af29                sys_close
                0x000000000000afb0                sys_lseek
                0x000000000000b06c                sys_read
                0x000000000000b1c7                sys_write
                0x000000000000b6db                sync_inodes
                0x000000000000b725                bmap
                0x000000000000b73e                create_block
                0x000000000000b757                iput
                0x000000000000b845                get_empty_inode
                0x000000000000b933                get_pipe_inode
                0x000000000000b97a                iget
                0x000000000000bb67                sys_sync
                0x000000000000bbcf                brelse
                0x000000000000bc21                get_hash_table
                0x000000000000bc80                getblk
                0x000000000000bf1f                bread
                0x000000000000bf79                buffer_init
                0x000000000000c014                do_mount
                0x000000000000c21f                mount_root
                0x000000000000c370                block_write
                0x000000000000c453                block_read
                0x000000000000c52a                ll_rw_block
                0x000000000000c5f3                rw_char
                0x000000000000c664                file_read
                0x000000000000c80f                file_write
                0x000000000000caae                sys_stat
                0x000000000000caf3                sys_lstat
                0x000000000000cb0e                sys_fstat
                0x000000000000cb51                sys_stat64
                0x000000000000cb96                sys_fstat64
                0x000000000000cbd9                sys_lstat64
                0x000000000000cbf4                sys_oldstat
                0x000000000000cc0c                sys_oldfstat
                0x000000000000cd54                cp_block
                0x000000000000cd89                is_valid_elf
                0x000000000000cdce                read_file_block_ind
                0x000000000000ce63                read_file_block
                0x000000000000cf62                copy_section
                0x000000000000d050                create_bss_section
                0x000000000000d076                load_elf_binary
                0x000000000000d281                do_execve
                0x000000000000d714                read_pipe
                0x000000000000d7ad                write_pipe
                0x000000000000d8a6                sys_pipe
                0x000000000000ded9                namei
                0x000000000000df8f                open_namei
                0x000000000000e1f5                sys_mkdir
                0x000000000000e4aa                sys_rmdir
                0x000000000000e81c                sys_unlink
                0x000000000000e9b8                sys_link
                0x000000000000eb60                free_block
                0x000000000000ec9b                new_block
                0x000000000000ee1e                free_inode
                0x000000000000ef4a                new_inode
                0x000000000000f12a                sys_dup2
                0x000000000000f14a                sys_dup
                0x000000000000f15a                sys_fcntl
                0x000000000000f217                sys_fcntl64
                0x000000000000f26c                sys_ioctl
                0x000000000000f309                tty_ioctl
                0x000000000000f5d5                truncate
                0x000000000000f6e0                sys_getdents
                0x000000000000f86e                sys_getdents64
 .text          0x000000000000f9fc        0x0 lib/lib.a(ctype.o)
 .text          0x000000000000f9fc        0xe lib/lib.a(_exit.o)
                0x000000000000f9fc                _exit
 *fill*         0x000000000000fa0a        0x2 90909090
 .text          0x000000000000fa0c       0x3d lib/lib.a(open.o)
                0x000000000000fa0c                open
 *fill*         0x000000000000fa49        0x3 90909090
 .text          0x000000000000fa4c       0x23 lib/lib.a(close.o)
                0x000000000000fa4c                close
 *fill*         0x000000000000fa6f        0x1 90909090
 .text          0x000000000000fa70        0x0 lib/lib.a(errno.o)
 .text          0x000000000000fa70       0x3d lib/lib.a(write.o)
                0x000000000000fa70                write
 *fill*         0x000000000000faad        0x3 90909090
 .text          0x000000000000fab0       0x23 lib/lib.a(dup.o)
                0x000000000000fab0                dup
 *fill*         0x000000000000fad3        0x1 90909090
 .text          0x000000000000fad4       0x1e lib/lib.a(setsid.o)
                0x000000000000fad4                setsid
 *fill*         0x000000000000faf2        0x2 90909090
 .text          0x000000000000faf4       0x3d lib/lib.a(execve.o)
                0x000000000000faf4                execve
 *fill*         0x000000000000fb31        0x3 90909090
 .text          0x000000000000fb34       0x60 lib/lib.a(wait.o)
                0x000000000000fb34                waitpid
                0x000000000000fb71                wait
 .text          0x000000000000fb94      0x421 lib/lib.a(string.o)
                0x000000000000fb94                strcpy
                0x000000000000fbbc                strncpy
                0x000000000000fbed                strcat
                0x000000000000fc22                strncat
                0x000000000000fc61                strcmp
                0x000000000000fc8f                strncmp
                0x000000000000fcc4                strchr
                0x000000000000fce2                strrchr
                0x000000000000fd03                strspn
                0x000000000000fd50                strcspn
                0x000000000000fd9d                strpbrk
                0x000000000000fde2                strstr
                0x000000000000fe27                strlen
                0x000000000000fe40                strtok
                0x000000000000fed1                memcpy
                0x000000000000fef7                memmove
                0x000000000000ff45                memcmp
                0x000000000000ff79                memchr
                0x000000000000ff9f                memset
 *fill*         0x000000000000ffb5        0x3 90909090
 .text          0x000000000000ffb8       0x3d lib/lib.a(getdents.o)
                0x000000000000ffb8                getdents
 *(.gnu.warning)

.fini
 *(.fini)
                0x000000000000fff5                PROVIDE (__etext, .)
                0x000000000000fff5                PROVIDE (_etext, .)
                0x000000000000fff5                PROVIDE (etext, .)

.rodata         0x0000000000010000     0x1024
 *(.rodata .rodata.* .gnu.linkonce.r.*)
 .rodata.str1.1
                0x0000000000010000       0x68 init/main.o
 .rodata.str1.4
                0x0000000000010068       0x25 init/main.o
 *fill*         0x000000000001008d       0x13 00
 .rodata        0x00000000000100a0      0x270 kernel/kernel.o
 .rodata.str1.1
                0x0000000000010310      0x285 kernel/kernel.o
                                        0x28d (size before relaxing)
 *fill*         0x0000000000010595        0x3 00
 .rodata.str1.4
                0x0000000000010598      0x1fc kernel/kernel.o
 .rodata.cst4   0x0000000000010794        0x8 kernel/kernel.o
 .rodata.str1.4
                0x000000000001079c       0xe9 mm/mm.o
 .rodata.str1.1
                0x0000000000010885       0x68 mm/mm.o
 *fill*         0x00000000000108ed       0x13 00
 .rodata        0x0000000000010900       0xc4 fs/fs.o
 .rodata.str1.1
                0x00000000000109c4      0x32c fs/fs.o
                                        0x332 (size before relaxing)
 .rodata.str1.4
                0x0000000000010cf0      0x334 fs/fs.o

.rodata1
 *(.rodata1)

.eh_frame_hdr
 *(.eh_frame_hdr)

.eh_frame       0x0000000000011024     0x2354
 *(.eh_frame)
 .eh_frame      0x0000000000011024       0x74 init/main.o
 .eh_frame      0x0000000000011098      0xeb0 kernel/kernel.o
                                        0xfe8 (size before relaxing)
 .eh_frame      0x0000000000011f48      0x1a8 mm/mm.o
                                        0x1c0 (size before relaxing)
 .eh_frame      0x00000000000120f0      0xf0c fs/fs.o
                                       0x10bc (size before relaxing)
 .eh_frame      0x0000000000012ffc       0x1c lib/lib.a(_exit.o)
                                         0x34 (size before relaxing)
 .eh_frame      0x0000000000013018       0x20 lib/lib.a(open.o)
                                         0x38 (size before relaxing)
 .eh_frame      0x0000000000013038       0x1c lib/lib.a(close.o)
                                         0x34 (size before relaxing)
 .eh_frame      0x0000000000013054       0x20 lib/lib.a(write.o)
                                         0x38 (size before relaxing)
 .eh_frame      0x0000000000013074       0x1c lib/lib.a(dup.o)
                                         0x34 (size before relaxing)
 .eh_frame      0x0000000000013090       0x14 lib/lib.a(setsid.o)
                                         0x2c (size before relaxing)
 .eh_frame      0x00000000000130a4       0x20 lib/lib.a(execve.o)
                                         0x38 (size before relaxing)
 .eh_frame      0x00000000000130c4       0x38 lib/lib.a(wait.o)
                                         0x50 (size before relaxing)
 .eh_frame      0x00000000000130fc      0x25c lib/lib.a(string.o)
                                        0x274 (size before relaxing)
 .eh_frame      0x0000000000013358       0x20 lib/lib.a(getdents.o)
                                         0x38 (size before relaxing)

.gcc_except_table
 *(.gcc_except_table .gcc_except_table.*)

.exception_ranges
 *(.exception_ranges .exception_ranges*)
                0x0000000000013378                . = (ALIGN (0x1000) - ((0x1000 - .) & 0xfff))
                0x0000000000014000                . = DATA_SEGMENT_ALIGN (0x1000, 0x1000)

.eh_frame
 *(.eh_frame)

.gcc_except_table
 *(.gcc_except_table .gcc_except_table.*)

.exception_ranges
 *(.exception_ranges .exception_ranges*)

.tdata
 *(.tdata .tdata.* .gnu.linkonce.td.*)

.tbss
 *(.tbss .tbss.* .gnu.linkonce.tb.*)
 *(.tcommon)

.preinit_array  0x0000000000014000        0x0
                0x0000000000014000                PROVIDE (__preinit_array_start, .)
 *(.preinit_array)
                0x0000000000014000                PROVIDE (__preinit_array_end, .)

.init_array     0x0000000000014000        0x0
                0x0000000000014000                PROVIDE (__init_array_start, .)
 *(SORT(.init_array.*) SORT(.ctors.*))
 *(.init_array)
 *(EXCLUDE_FILE(*crtend?.o *crtend.o *crtbegin?.o *crtbegin.o) .ctors)
                0x0000000000014000                PROVIDE (__init_array_end, .)

.fini_array     0x0000000000014000        0x0
                0x0000000000014000                PROVIDE (__fini_array_start, .)
 *(SORT(.fini_array.*) SORT(.dtors.*))
 *(.fini_array)
 *(EXCLUDE_FILE(*crtend?.o *crtend.o *crtbegin?.o *crtbegin.o) .dtors)
                0x0000000000014000                PROVIDE (__fini_array_end, .)

.ctors
 *crtbegin.o(.ctors)
 *crtbegin?.o(.ctors)
 *(EXCLUDE_FILE(*crtend?.o *crtend.o) .ctors)
 *(SORT(.ctors.*))
 *(.ctors)

.dtors
 *crtbegin.o(.dtors)
 *crtbegin?.o(.dtors)
 *(EXCLUDE_FILE(*crtend?.o *crtend.o) .dtors)
 *(SORT(.dtors.*))
 *(.dtors)

.jcr
 *(.jcr)

.data.rel.ro
 *(.data.rel.ro.local* .gnu.linkonce.d.rel.ro.local.*)
 *(.data.rel.ro* .gnu.linkonce.d.rel.ro.*)

.dynamic
 *(.dynamic)

.got
 *(.got)
 *(.igot)
                0x0000000000014000                . = DATA_SEGMENT_RELRO_END (., 0xc)

.got.plt        0x0000000000014000        0x0
 *(.got.plt)
 *(.igot.plt)
 .igot.plt      0x0000000000000000        0x0 boot/head.o

.data           0x0000000000014000     0x4064
 *(.data .data.* .gnu.linkonce.d.*)
 .data          0x0000000000014000        0x0 boot/head.o
 .data          0x0000000000014000       0x18 init/main.o
 *fill*         0x0000000000014018        0x8 00
 .data          0x0000000000014020     0x3f2c kernel/kernel.o
                0x0000000000014020                stack_start
                0x0000000000014040                task
                0x0000000000014140                current
                0x0000000000014160                sys_call_table
                0x0000000000015660                table_list
                0x0000000000015680                tty_table
 .data          0x0000000000017f4c        0x0 mm/mm.o
 .data          0x0000000000017f4c        0x4 fs/fs.o
                0x0000000000017f4c                start_buffer
 *fill*         0x0000000000017f50       0x10 00
 .data          0x0000000000017f60      0x101 lib/lib.a(ctype.o)
                0x0000000000017f60                _ctype
 *fill*         0x0000000000018061        0x3 00
 .data          0x0000000000018064        0x0 lib/lib.a(_exit.o)
 .data          0x0000000000018064        0x0 lib/lib.a(open.o)
 .data          0x0000000000018064        0x0 lib/lib.a(close.o)
 .data          0x0000000000018064        0x0 lib/lib.a(errno.o)
 .data          0x0000000000018064        0x0 lib/lib.a(write.o)
 .data          0x0000000000018064        0x0 lib/lib.a(dup.o)
 .data          0x0000000000018064        0x0 lib/lib.a(setsid.o)
 .data          0x0000000000018064        0x0 lib/lib.a(execve.o)
 .data          0x0000000000018064        0x0 lib/lib.a(wait.o)
 .data          0x0000000000018064        0x0 lib/lib.a(string.o)
 .data          0x0000000000018064        0x0 lib/lib.a(getdents.o)

.data1
 *(.data1)
                0x0000000000018064                _edata = .
                0x0000000000018064                PROVIDE (edata, .)
                0x0000000000018064                __bss_start = .

.bss            0x0000000000018080     0x3eec
 *(.dynbss)
 *(.bss .bss.* .gnu.linkonce.b.*)
 .bss           0x0000000000018080        0x0 boot/head.o
 .bss           0x0000000000018080      0x400 init/main.o
 .bss           0x0000000000018480      0xb8c kernel/kernel.o
                0x0000000000018480                last_task_used_math
                0x0000000000018484                startup_time
                0x0000000000018488                jiffies
                0x000000000001848c                last_pid
                0x0000000000018b00                do_hd
 *fill*         0x000000000001900c       0x14 00
 .bss           0x0000000000019020      0xc00 mm/mm.o
 .bss           0x0000000000019c20      0x710 fs/fs.o
                0x0000000000019c20                inode_table
                0x000000000001a324                nr_buffers
 .bss           0x000000000001a330        0x0 lib/lib.a(ctype.o)
 .bss           0x000000000001a330        0x0 lib/lib.a(_exit.o)
 .bss           0x000000000001a330        0x0 lib/lib.a(open.o)
 .bss           0x000000000001a330        0x0 lib/lib.a(close.o)
 .bss           0x000000000001a330        0x0 lib/lib.a(errno.o)
 .bss           0x000000000001a330        0x0 lib/lib.a(write.o)
 .bss           0x000000000001a330        0x0 lib/lib.a(dup.o)
 .bss           0x000000000001a330        0x0 lib/lib.a(setsid.o)
 .bss           0x000000000001a330        0x0 lib/lib.a(execve.o)
 .bss           0x000000000001a330        0x0 lib/lib.a(wait.o)
 .bss           0x000000000001a330        0x0 lib/lib.a(string.o)
 .bss           0x000000000001a330        0x0 lib/lib.a(getdents.o)
 *(COMMON)
 *fill*         0x000000000001a330       0x10 00
 COMMON         0x000000000001a340     0x1000 kernel/kernel.o
                0x000000000001a340                user_stack
 COMMON         0x000000000001b340      0xc20 fs/fs.o
                0x000000000001b340                hash_table
                0x000000000001b820                super_block
                0x000000000001bb60                file_table
 COMMON         0x000000000001bf60        0x1 lib/lib.a(ctype.o)
                0x000000000001bf60                _ctmp
 *fill*         0x000000000001bf61        0x3 00
 COMMON         0x000000000001bf64        0x4 lib/lib.a(errno.o)
                0x000000000001bf64                errno
 COMMON         0x000000000001bf68        0x4 lib/lib.a(string.o)
                0x000000000001bf68                ___strtok
                0x000000000001bf6c                . = ALIGN ((. != 0x0)?0x4:0x1)
                0x000000000001bf6c                . = ALIGN (0x4)
                0x000000000001bf6c                . = ALIGN (0x4)
                0x000000000001bf6c                _end = .
                0x000000000001bf6c                PROVIDE (end, .)
                0x000000000001bf6c                . = DATA_SEGMENT_END (.)

.stab
 *(.stab)

.stabstr
 *(.stabstr)

.stab.excl
 *(.stab.excl)

.stab.exclstr
 *(.stab.exclstr)

.stab.index
 *(.stab.index)

.stab.indexstr
 *(.stab.indexstr)

.comment        0x0000000000000000       0x2a
 *(.comment)
 .comment       0x0000000000000000       0x2a init/main.o
                                         0x2b (size before relaxing)
 .comment       0x0000000000000000      0x22f kernel/kernel.o
 .comment       0x0000000000000000       0x2b mm/mm.o
 .comment       0x0000000000000000      0x331 fs/fs.o
 .comment       0x0000000000000000       0x2b lib/lib.a(ctype.o)
 .comment       0x0000000000000000       0x2b lib/lib.a(_exit.o)
 .comment       0x0000000000000000       0x2b lib/lib.a(open.o)
 .comment       0x0000000000000000       0x2b lib/lib.a(close.o)
 .comment       0x0000000000000000       0x2b lib/lib.a(errno.o)
 .comment       0x0000000000000000       0x2b lib/lib.a(write.o)
 .comment       0x0000000000000000       0x2b lib/lib.a(dup.o)
 .comment       0x0000000000000000       0x2b lib/lib.a(setsid.o)
 .comment       0x0000000000000000       0x2b lib/lib.a(execve.o)
 .comment       0x0000000000000000       0x2b lib/lib.a(wait.o)
 .comment       0x0000000000000000       0x2b lib/lib.a(string.o)
 .comment       0x0000000000000000       0x2b lib/lib.a(getdents.o)

.debug
 *(.debug)

.line
 *(.line)

.debug_srcinfo
 *(.debug_srcinfo)

.debug_sfnames
 *(.debug_sfnames)

.debug_aranges  0x0000000000000000      0x560
 *(.debug_aranges)
 .debug_aranges
                0x0000000000000000       0x20 init/main.o
 .debug_aranges
                0x0000000000000020      0x1a0 kernel/kernel.o
 .debug_aranges
                0x00000000000001c0       0x20 mm/mm.o
 .debug_aranges
                0x00000000000001e0      0x240 fs/fs.o
 .debug_aranges
                0x0000000000000420       0x20 lib/lib.a(_exit.o)
 .debug_aranges
                0x0000000000000440       0x20 lib/lib.a(open.o)
 .debug_aranges
                0x0000000000000460       0x20 lib/lib.a(close.o)
 .debug_aranges
                0x0000000000000480       0x20 lib/lib.a(write.o)
 .debug_aranges
                0x00000000000004a0       0x20 lib/lib.a(dup.o)
 .debug_aranges
                0x00000000000004c0       0x20 lib/lib.a(setsid.o)
 .debug_aranges
                0x00000000000004e0       0x20 lib/lib.a(execve.o)
 .debug_aranges
                0x0000000000000500       0x20 lib/lib.a(wait.o)
 .debug_aranges
                0x0000000000000520       0x20 lib/lib.a(string.o)
 .debug_aranges
                0x0000000000000540       0x20 lib/lib.a(getdents.o)

.debug_pubnames
 *(.debug_pubnames)

.debug_info     0x0000000000000000    0x1b1c6
 *(.debug_info .gnu.linkonce.wi.*)
 .debug_info    0x0000000000000000      0xccf init/main.o
 .debug_info    0x0000000000000ccf     0x920c kernel/kernel.o
 .debug_info    0x0000000000009edb      0x4d6 mm/mm.o
 .debug_info    0x000000000000a3b1     0xe2d3 fs/fs.o
 .debug_info    0x0000000000018684       0x70 lib/lib.a(ctype.o)
 .debug_info    0x00000000000186f4      0x3af lib/lib.a(_exit.o)
 .debug_info    0x0000000000018aa3      0x403 lib/lib.a(open.o)
 .debug_info    0x0000000000018ea6      0x3ce lib/lib.a(close.o)
 .debug_info    0x0000000000019274       0x3f lib/lib.a(errno.o)
 .debug_info    0x00000000000192b3      0x400 lib/lib.a(write.o)
 .debug_info    0x00000000000196b3      0x3ce lib/lib.a(dup.o)
 .debug_info    0x0000000000019a81      0x3cb lib/lib.a(setsid.o)
 .debug_info    0x0000000000019e4c      0x3fc lib/lib.a(execve.o)
 .debug_info    0x000000000001a248      0x428 lib/lib.a(wait.o)
 .debug_info    0x000000000001a670      0x705 lib/lib.a(string.o)
 .debug_info    0x000000000001ad75      0x451 lib/lib.a(getdents.o)

.debug_abbrev   0x0000000000000000     0x45c3
 *(.debug_abbrev)
 .debug_abbrev  0x0000000000000000      0x1d7 init/main.o
 .debug_abbrev  0x00000000000001d7     0x189b kernel/kernel.o
 .debug_abbrev  0x0000000000001a72      0x1af mm/mm.o
 .debug_abbrev  0x0000000000001c21     0x212e fs/fs.o
 .debug_abbrev  0x0000000000003d4f       0x42 lib/lib.a(ctype.o)
 .debug_abbrev  0x0000000000003d91       0xa3 lib/lib.a(_exit.o)
 .debug_abbrev  0x0000000000003e34       0xdc lib/lib.a(open.o)
 .debug_abbrev  0x0000000000003f10       0xb4 lib/lib.a(close.o)
 .debug_abbrev  0x0000000000003fc4       0x30 lib/lib.a(errno.o)
 .debug_abbrev  0x0000000000003ff4       0xd7 lib/lib.a(write.o)
 .debug_abbrev  0x00000000000040cb       0xb4 lib/lib.a(dup.o)
 .debug_abbrev  0x000000000000417f       0xb2 lib/lib.a(setsid.o)
 .debug_abbrev  0x0000000000004231       0xbb lib/lib.a(execve.o)
 .debug_abbrev  0x00000000000042ec       0xd0 lib/lib.a(wait.o)
 .debug_abbrev  0x00000000000043bc      0x128 lib/lib.a(string.o)
 .debug_abbrev  0x00000000000044e4       0xdf lib/lib.a(getdents.o)

.debug_line     0x0000000000000000     0x384b
 *(.debug_line)
 .debug_line    0x0000000000000000      0x11e init/main.o
 .debug_line    0x000000000000011e     0x1522 kernel/kernel.o
 .debug_line    0x0000000000001640      0x122 mm/mm.o
 .debug_line    0x0000000000001762     0x1b86 fs/fs.o
 .debug_line    0x00000000000032e8       0x28 lib/lib.a(ctype.o)
 .debug_line    0x0000000000003310       0x50 lib/lib.a(_exit.o)
 .debug_line    0x0000000000003360       0x76 lib/lib.a(open.o)
 .debug_line    0x00000000000033d6       0x6e lib/lib.a(close.o)
 .debug_line    0x0000000000003444       0x28 lib/lib.a(errno.o)
 .debug_line    0x000000000000346c       0x8c lib/lib.a(write.o)
 .debug_line    0x00000000000034f8       0x6c lib/lib.a(dup.o)
 .debug_line    0x0000000000003564       0x88 lib/lib.a(setsid.o)
 .debug_line    0x00000000000035ec       0x73 lib/lib.a(execve.o)
 .debug_line    0x000000000000365f       0x90 lib/lib.a(wait.o)
 .debug_line    0x00000000000036ef       0xc1 lib/lib.a(string.o)
 .debug_line    0x00000000000037b0       0x9b lib/lib.a(getdents.o)

.debug_frame
 *(.debug_frame)

.debug_str      0x0000000000000000     0x1b0c
 *(.debug_str)
 .debug_str     0x0000000000000000      0x3f8 init/main.o
                                        0x4a5 (size before relaxing)
 .debug_str     0x00000000000003f8      0xcc0 kernel/kernel.o
                                       0x339f (size before relaxing)
 .debug_str     0x00000000000010b8      0x126 mm/mm.o
                                        0x1c1 (size before relaxing)
 .debug_str     0x00000000000011de      0x863 fs/fs.o
                                       0x53cd (size before relaxing)
 .debug_str     0x0000000000001a41       0x26 lib/lib.a(ctype.o)
                                         0x66 (size before relaxing)
 .debug_str     0x0000000000001a67        0x8 lib/lib.a(_exit.o)
                                        0x284 (size before relaxing)
 .debug_str     0x0000000000000000        0x8 lib/lib.a(open.o)
                                        0x294 (size before relaxing)
 .debug_str     0x0000000000001a6f        0x8 lib/lib.a(close.o)
                                        0x286 (size before relaxing)
 .debug_str     0x0000000000001a77        0x8 lib/lib.a(errno.o)
                                         0x38 (size before relaxing)
 .debug_str     0x0000000000000000        0x8 lib/lib.a(write.o)
                                        0x292 (size before relaxing)
 .debug_str     0x0000000000001a7f        0x6 lib/lib.a(dup.o)
                                        0x27e (size before relaxing)
 .debug_str     0x0000000000001a85        0x9 lib/lib.a(setsid.o)
                                        0x28e (size before relaxing)
 .debug_str     0x0000000000001a8e        0x9 lib/lib.a(execve.o)
                                        0x297 (size before relaxing)
 .debug_str     0x0000000000001a97       0x11 lib/lib.a(wait.o)
                                        0x2a4 (size before relaxing)
 .debug_str     0x0000000000001aa8       0x64 lib/lib.a(string.o)
                                         0xec (size before relaxing)
 .debug_str     0x0000000000000000       0x64 lib/lib.a(getdents.o)
                                        0x2c0 (size before relaxing)

.debug_loc      0x0000000000000000     0xadb1
 *(.debug_loc)
 .debug_loc     0x0000000000000000      0x256 init/main.o
 .debug_loc     0x0000000000000256     0x3b9e kernel/kernel.o
 .debug_loc     0x0000000000003df4      0x640 mm/mm.o
 .debug_loc     0x0000000000004434     0x6353 fs/fs.o
 .debug_loc     0x000000000000a787       0x2c lib/lib.a(_exit.o)
 .debug_loc     0x000000000000a7b3       0x3f lib/lib.a(open.o)
 .debug_loc     0x000000000000a7f2       0x3f lib/lib.a(close.o)
 .debug_loc     0x000000000000a831       0x57 lib/lib.a(write.o)
 .debug_loc     0x000000000000a888       0x3f lib/lib.a(dup.o)
 .debug_loc     0x000000000000a8c7       0x13 lib/lib.a(setsid.o)
 .debug_loc     0x000000000000a8da       0x57 lib/lib.a(execve.o)
 .debug_loc     0x000000000000a931       0x83 lib/lib.a(wait.o)
 .debug_loc     0x000000000000a9b4      0x3a6 lib/lib.a(string.o)
 .debug_loc     0x000000000000ad5a       0x57 lib/lib.a(getdents.o)

.debug_macinfo
 *(.debug_macinfo)

.debug_weaknames
 *(.debug_weaknames)

.debug_funcnames
 *(.debug_funcnames)

.debug_typenames
 *(.debug_typenames)

.debug_varnames
 *(.debug_varnames)

.debug_pubtypes
 *(.debug_pubtypes)

.debug_ranges   0x0000000000000000      0x490
 *(.debug_ranges)
 .debug_ranges  0x0000000000000000      0x188 kernel/kernel.o
 .debug_ranges  0x0000000000000188      0x308 fs/fs.o

.gnu.attributes
 *(.gnu.attributes)

/DISCARD/
 *(.note.GNU-stack)
 *(.gnu_debuglink)
 *(.gnu.lto_*)
OUTPUT(tools/system elf32-i386)
