Archive member included because of file (symbol)

lib/lib.a(ctype.o)            kernel/kernel.o (_ctype)
lib/lib.a(_exit.o)            init/main.o (_exit)
lib/lib.a(open.o)             init/main.o (open)
lib/lib.a(close.o)            init/main.o (close)
lib/lib.a(errno.o)            init/main.o (errno)
lib/lib.a(write.o)            init/main.o (write)
lib/lib.a(dup.o)              init/main.o (dup)
lib/lib.a(setsid.o)           init/main.o (setsid)
lib/lib.a(execve.o)           init/main.o (execve)
lib/lib.a(wait.o)             init/main.o (wait)
lib/lib.a(string.o)           kernel/kernel.o (strcpy)
lib/lib.a(random.o)           kernel/kernel.o (rand)
lib/lib.a(hash.o)             kernel/kernel.o (hash)
lib/lib.a(crypt.o)            kernel/kernel.o (keyclear)
lib/lib.a(utils.o)            lib/lib.a(crypt.o) (println)
lib/lib.a(read.o)             lib/lib.a(utils.o) (read)

Allocating common symbols
Common symbol       size              file

gkey                0x10              init/main.o
catchkey            0x4               init/main.o
errno               0x4               lib/lib.a(errno.o)
hash_table          0x4cc             fs/fs.o
___strtok           0x4               lib/lib.a(string.o)
tmpindex            0x4               init/main.o
user_stack          0x1000            kernel/kernel.o
_ctmp               0x1               lib/lib.a(ctype.o)
super_block         0x340             fs/fs.o
tmpkey              0x10              init/main.o
enc_list            0x3c              init/main.o
file_table          0x400             fs/fs.o
global_timeout      0x4               init/main.o

Discarded input sections

 .note.GNU-stack
                0x0000000000000000        0x0 init/main.o
 .note.GNU-stack
                0x0000000000000000        0x0 kernel/kernel.o
 .note.GNU-stack
                0x0000000000000000        0x0 mm/mm.o
 .note.GNU-stack
                0x0000000000000000        0x0 fs/fs.o
 .note.GNU-stack
                0x0000000000000000        0x0 lib/lib.a(ctype.o)
 .note.GNU-stack
                0x0000000000000000        0x0 lib/lib.a(_exit.o)
 .note.GNU-stack
                0x0000000000000000        0x0 lib/lib.a(open.o)
 .note.GNU-stack
                0x0000000000000000        0x0 lib/lib.a(close.o)
 .note.GNU-stack
                0x0000000000000000        0x0 lib/lib.a(errno.o)
 .note.GNU-stack
                0x0000000000000000        0x0 lib/lib.a(write.o)
 .note.GNU-stack
                0x0000000000000000        0x0 lib/lib.a(dup.o)
 .note.GNU-stack
                0x0000000000000000        0x0 lib/lib.a(setsid.o)
 .note.GNU-stack
                0x0000000000000000        0x0 lib/lib.a(execve.o)
 .note.GNU-stack
                0x0000000000000000        0x0 lib/lib.a(wait.o)
 .note.GNU-stack
                0x0000000000000000        0x0 lib/lib.a(string.o)
 .note.GNU-stack
                0x0000000000000000        0x0 lib/lib.a(random.o)
 .note.GNU-stack
                0x0000000000000000        0x0 lib/lib.a(hash.o)
 .note.GNU-stack
                0x0000000000000000        0x0 lib/lib.a(crypt.o)
 .note.GNU-stack
                0x0000000000000000        0x0 lib/lib.a(utils.o)
 .note.GNU-stack
                0x0000000000000000        0x0 lib/lib.a(read.o)

Memory Configuration

Name             Origin             Length             Attributes
*default*        0x0000000000000000 0xffffffffffffffff

Linker script and memory map

Address of section .text set to 0x0
LOAD boot/head.o
LOAD init/main.o
LOAD kernel/kernel.o
LOAD mm/mm.o
LOAD fs/fs.o
LOAD lib/lib.a
                0x0000000008048000                PROVIDE (__executable_start, 0x8048000)
                0x0000000008048094                . = (0x8048000 + SIZEOF_HEADERS)

.interp
 *(.interp)

.note.gnu.build-id
 *(.note.gnu.build-id)

.hash
 *(.hash)

.gnu.hash
 *(.gnu.hash)

.dynsym
 *(.dynsym)

.dynstr
 *(.dynstr)

.gnu.version
 *(.gnu.version)

.gnu.version_d
 *(.gnu.version_d)

.gnu.version_r
 *(.gnu.version_r)

.rel.dyn        0x0000000008048094        0x0
 *(.rel.init)
 *(.rel.text .rel.text.* .rel.gnu.linkonce.t.*)
 .rel.text      0x0000000000000000        0x0 boot/head.o
 *(.rel.fini)
 *(.rel.rodata .rel.rodata.* .rel.gnu.linkonce.r.*)
 *(.rel.data.rel.ro* .rel.gnu.linkonce.d.rel.ro.*)
 *(.rel.data .rel.data.* .rel.gnu.linkonce.d.*)
 .rel.data      0x0000000000000000        0x0 boot/head.o
 *(.rel.tdata .rel.tdata.* .rel.gnu.linkonce.td.*)
 *(.rel.tbss .rel.tbss.* .rel.gnu.linkonce.tb.*)
 *(.rel.ctors)
 *(.rel.dtors)
 *(.rel.got)
 *(.rel.bss .rel.bss.* .rel.gnu.linkonce.b.*)
 *(.rel.ifunc)

.rel.plt        0x0000000008048094        0x0
 *(.rel.plt)
                0x0000000008048094                PROVIDE (__rel_iplt_start, .)
 *(.rel.iplt)
 .rel.iplt      0x0000000000000000        0x0 boot/head.o
                0x0000000008048094                PROVIDE (__rel_iplt_end, .)

.init
 *(.init)

.plt            0x00000000080480a0        0x0
 *(.plt)
 *(.iplt)
 .iplt          0x0000000000000000        0x0 boot/head.o

.text           0x0000000000000000    0x10f25
 *(.text.unlikely .text.*_unlikely)
 *(.text.exit .text.exit.*)
 *(.text.startup .text.startup.*)
 *(.text.hot .text.hot.*)
 *(.text .stub .text.* .gnu.linkonce.t.*)
 .text          0x0000000000000000     0x5078 boot/head.o
                0x0000000000000000                startup_32
                0x0000000000000000                pg_dir
                0x0000000000004078                idt
                0x0000000000004878                gdt
 *fill*         0x0000000000005078        0x8 90909090
 .text          0x0000000000005080      0x370 init/main.o
                0x00000000000050c1                init
                0x0000000000005232                main
 .text          0x00000000000053f0     0x5207 kernel/kernel.o
                0x00000000000053f0                sys_alarm
                0x0000000000005417                sys_getpid
                0x0000000000005423                sys_getppid
                0x000000000000542f                sys_getuid
                0x000000000000543c                sys_geteuid
                0x0000000000005449                sys_getgid
                0x0000000000005456                sys_getegid
                0x0000000000005463                sys_nice
                0x000000000000547c                sys_signal
                0x00000000000054b9                math_state_restore
                0x00000000000054f0                schedule
                0x0000000000005659                sys_pause
                0x0000000000005675                sleep_on
                0x00000000000056cf                interruptible_sleep_on
                0x0000000000005739                wake_up
                0x0000000000005755                do_timer
                0x00000000000057a0                sched_init
                0x00000000000058c8                system_call
                0x00000000000059ba                timer_interrupt
                0x00000000000059f2                sys_execve
                0x0000000000005a00                sys_fork
                0x0000000000005a18                hd_interrupt
                0x0000000000005bc5                do_double_fault
                0x0000000000005bde                do_general_protection
                0x0000000000005bf7                do_divide_error
                0x0000000000005c10                do_int3
                0x0000000000005cc8                do_nmi
                0x0000000000005ce1                do_debug
                0x0000000000005cfa                do_overflow
                0x0000000000005d13                do_bounds
                0x0000000000005d2c                do_invalid_op
                0x0000000000005d45                do_device_not_available
                0x0000000000005d5e                do_coprocessor_segment_overrun
                0x0000000000005d77                do_invalid_TSS
                0x0000000000005d90                do_segment_not_present
                0x0000000000005da9                do_stack_segment
                0x0000000000005dc2                do_coprocessor_error
                0x0000000000005ddb                do_reserved
                0x0000000000005df4                trap_init
                0x0000000000005fb0                divide_error
                0x0000000000005fe5                debug
                0x0000000000005fec                nmi
                0x0000000000005ff3                int3
                0x0000000000005ffa                overflow
                0x0000000000006001                bounds
                0x0000000000006008                invalid_op
                0x0000000000006017                device_not_available
                0x0000000000006044                coprocessor_segment_overrun
                0x000000000000604e                reserved
                0x0000000000006058                coprocessor_error
                0x0000000000006062                double_fault
                0x0000000000006099                invalid_TSS
                0x00000000000060a0                segment_not_present
                0x00000000000060a7                stack_segment
                0x00000000000060ae                general_protection
                0x00000000000060b8                verify_area
                0x000000000000611d                copy_mem
                0x0000000000006213                copy_process
                0x00000000000064ca                find_empty_process
                0x000000000000652c                panic
                0x0000000000006548                printk
                0x00000000000067d6                vsprintf
                0x0000000000006b40                tty_init
                0x0000000000006b51                tty_intr
                0x0000000000006b96                copy_to_cooked
                0x0000000000006e66                tty_read
                0x000000000000712c                tty_write
                0x0000000000007309                do_tty_interrupt
                0x0000000000007535                csi_m
                0x0000000000007590                con_write
                0x0000000000007efa                con_init
                0x0000000000007f83                keyboard_interrupt
                0x0000000000008758                rs1_interrupt
                0x0000000000008760                rs2_interrupt
                0x0000000000008ec9                rw_hd
                0x0000000000008f72                sys_setup
                0x0000000000009071                unexpected_hd_interrupt
                0x0000000000009084                hd_init
                0x0000000000009100                sys_ftime
                0x0000000000009106                sys_mknod
                0x000000000000910c                sys_break
                0x0000000000009112                sys_mount
                0x0000000000009118                sys_umount
                0x000000000000911e                sys_ustat
                0x0000000000009124                sys_ptrace
                0x000000000000912a                sys_stty
                0x0000000000009130                sys_gtty
                0x0000000000009136                sys_rename
                0x000000000000913c                sys_prof
                0x0000000000009142                sys_setgid
                0x000000000000919f                sys_acct
                0x00000000000091a5                sys_phys
                0x00000000000091ab                sys_lock
                0x00000000000091b1                sys_mpx
                0x00000000000091b7                sys_ulimit
                0x00000000000091bd                sys_time
                0x0000000000009210                sys_setuid
                0x0000000000009269                sys_stime
                0x00000000000092b6                sys_times
                0x000000000000930f                sys_brk
                0x0000000000009342                sys_setpgid
                0x00000000000093b7                sys_getpgrp
                0x00000000000093c3                sys_setsid
                0x0000000000009418                sys_oldolduname
                0x0000000000009430                sys_uname
                0x000000000000947d                sys_umask
                0x000000000000949b                sys_null
                0x00000000000094bd                isencr
                0x0000000000009506                krypt
                0x00000000000099b7                sys_keyset
                0x0000000000009b05                sys_keyclear
                0x0000000000009b71                sys_keygen
                0x0000000000009d1b                sys_keycatch
                0x0000000000009d2a                sys_keycopy
                0x0000000000009d83                sys_keyget
                0x0000000000009e53                sys_encr
                0x0000000000009e8d                sys_decr
                0x0000000000009ed0                release
                0x0000000000009f2a                do_kill
                0x000000000000a1a3                sys_kill
                0x000000000000a1d9                do_exit
                0x000000000000a36c                sys_exit
                0x000000000000a387                sys_waitpid
                0x000000000000a50e                rs_init
                0x000000000000a566                rs_write
                0x000000000000a590                kernel_mktime
 *fill*         0x000000000000a5f7        0x1 90909090
 .text          0x000000000000a5f8      0x517 mm/mm.o
                0x000000000000a5f8                invalidate
                0x000000000000a601                copy_page
                0x000000000000a626                get_free_page
                0x000000000000a65e                free_page
                0x000000000000a6be                free_page_tables
                0x000000000000a76e                copy_page_tables
                0x000000000000a868                put_page
                0x000000000000a915                un_wp_page
                0x000000000000a9a5                do_wp_page
                0x000000000000a9d5                write_verify
                0x000000000000aa14                do_no_page
                0x000000000000aa44                calc_mem
                0x000000000000aad8                page_fault
 *fill*         0x000000000000ab0f        0x1 90909090
 .text          0x000000000000ab10     0x512c fs/fs.o
                0x000000000000ab10                sys_utime
                0x000000000000ab79                sys_access
                0x000000000000ac10                sys_chdir
                0x000000000000ac73                sys_chroot
                0x000000000000acd6                sys_chmod
                0x000000000000ad6b                sys_chown
                0x000000000000add2                sys_open
                0x000000000000af66                sys_creat
                0x000000000000af89                sys_close
                0x000000000000b010                sys_lseek
                0x000000000000b0cc                sys_read
                0x000000000000b227                sys_write
                0x000000000000b73b                sync_inodes
                0x000000000000b785                bmap
                0x000000000000b79e                create_block
                0x000000000000b7b7                iput
                0x000000000000b8a5                get_empty_inode
                0x000000000000b993                get_pipe_inode
                0x000000000000b9da                iget
                0x000000000000bbc7                sys_sync
                0x000000000000bc2f                brelse
                0x000000000000bc81                get_hash_table
                0x000000000000bce0                getblk
                0x000000000000bf7f                bread
                0x000000000000bfd9                buffer_init
                0x000000000000c074                do_mount
                0x000000000000c27f                mount_root
                0x000000000000c3d0                block_write
                0x000000000000c4b3                block_read
                0x000000000000c58a                ll_rw_block
                0x000000000000c653                rw_char
                0x000000000000c6c4                file_read
                0x000000000000c949                file_write
                0x000000000000ccf6                sys_stat
                0x000000000000cd3b                sys_lstat
                0x000000000000cd56                sys_fstat
                0x000000000000cd99                sys_stat64
                0x000000000000cdde                sys_fstat64
                0x000000000000ce21                sys_lstat64
                0x000000000000ce3c                sys_oldstat
                0x000000000000ce54                sys_oldfstat
                0x000000000000cf94                cp_block
                0x000000000000cfc9                is_valid_elf
                0x000000000000d00e                read_file_block_ind
                0x000000000000d0a3                read_file_block
                0x000000000000d1a2                copy_section
                0x000000000000d290                create_bss_section
                0x000000000000d2b6                load_elf_binary
                0x000000000000d4c1                do_execve
                0x000000000000d954                read_pipe
                0x000000000000d9ed                write_pipe
                0x000000000000dae6                sys_pipe
                0x000000000000e119                namei
                0x000000000000e1cf                open_namei
                0x000000000000e435                sys_mkdir
                0x000000000000e6ea                sys_rmdir
                0x000000000000ea5c                sys_unlink
                0x000000000000ebf8                sys_link
                0x000000000000eda0                free_block
                0x000000000000eedb                new_block
                0x000000000000f05e                free_inode
                0x000000000000f18a                new_inode
                0x000000000000f36a                sys_dup2
                0x000000000000f38a                sys_dup
                0x000000000000f39a                sys_fcntl
                0x000000000000f457                sys_fcntl64
                0x000000000000f4ac                sys_ioctl
                0x000000000000f549                tty_ioctl
                0x000000000000f815                truncate
                0x000000000000f920                sys_getdents
                0x000000000000faae                sys_getdents64
 .text          0x000000000000fc3c        0x0 lib/lib.a(ctype.o)
 .text          0x000000000000fc3c        0xe lib/lib.a(_exit.o)
                0x000000000000fc3c                _exit
 *fill*         0x000000000000fc4a        0x2 90909090
 .text          0x000000000000fc4c       0x3d lib/lib.a(open.o)
                0x000000000000fc4c                open
 *fill*         0x000000000000fc89        0x3 90909090
 .text          0x000000000000fc8c       0x23 lib/lib.a(close.o)
                0x000000000000fc8c                close
 *fill*         0x000000000000fcaf        0x1 90909090
 .text          0x000000000000fcb0        0x0 lib/lib.a(errno.o)
 .text          0x000000000000fcb0       0x3d lib/lib.a(write.o)
                0x000000000000fcb0                write
 *fill*         0x000000000000fced        0x3 90909090
 .text          0x000000000000fcf0       0x23 lib/lib.a(dup.o)
                0x000000000000fcf0                dup
 *fill*         0x000000000000fd13        0x1 90909090
 .text          0x000000000000fd14       0x1e lib/lib.a(setsid.o)
                0x000000000000fd14                setsid
 *fill*         0x000000000000fd32        0x2 90909090
 .text          0x000000000000fd34       0x3d lib/lib.a(execve.o)
                0x000000000000fd34                execve
 *fill*         0x000000000000fd71        0x3 90909090
 .text          0x000000000000fd74       0x60 lib/lib.a(wait.o)
                0x000000000000fd74                waitpid
                0x000000000000fdb1                wait
 .text          0x000000000000fdd4      0x421 lib/lib.a(string.o)
                0x000000000000fdd4                strcpy
                0x000000000000fdfc                strncpy
                0x000000000000fe2d                strcat
                0x000000000000fe62                strncat
                0x000000000000fea1                strcmp
                0x000000000000fecf                strncmp
                0x000000000000ff04                strchr
                0x000000000000ff22                strrchr
                0x000000000000ff43                strspn
                0x000000000000ff90                strcspn
                0x000000000000ffdd                strpbrk
                0x0000000000010022                strstr
                0x0000000000010067                strlen
                0x0000000000010080                strtok
                0x0000000000010111                memcpy
                0x0000000000010137                memmove
                0x0000000000010185                memcmp
                0x00000000000101b9                memchr
                0x00000000000101df                memset
 *fill*         0x00000000000101f5        0x3 90909090
 .text          0x00000000000101f8       0x5c lib/lib.a(random.o)
                0x00000000000101f8                rand
 .text          0x0000000000010254       0x4d lib/lib.a(hash.o)
                0x0000000000010281                hash
                0x0000000000010291                dehash
 *fill*         0x00000000000102a1        0xf 90909090
 .text          0x00000000000102b0      0x775 lib/lib.a(crypt.o)
                0x00000000000102b0                keyset
                0x00000000000102ed                keyclear
                0x0000000000010310                keygen
                0x0000000000010333                keycatch
                0x0000000000010356                keycopy
                0x0000000000010379                keyget
                0x00000000000103b6                encr
                0x00000000000103f3                decr
                0x0000000000010430                encrstr
                0x00000000000106c6                decrstr
                0x00000000000108f7                crypt
                0x00000000000109a4                keymatch
 *fill*         0x0000000000010a25        0x3 90909090
 .text          0x0000000000010a28      0x4be lib/lib.a(utils.o)
                0x0000000000010a28                digitcount
                0x0000000000010a56                reverse
                0x0000000000010a89                itoa
                0x0000000000010afd                atoi
                0x0000000000010b2d                newln
                0x0000000000010b3a                scan
                0x0000000000010b64                scannum
                0x0000000000010b87                fclose
                0x0000000000010b9a                fgets
                0x0000000000010bfc                fputs
                0x0000000000010c23                print
                0x0000000000010c53                fopen
                0x0000000000010c91                println
                0x0000000000010cba                printnum
                0x0000000000010ce8                pause_input
                0x0000000000010d0b                get_argc
                0x0000000000010d57                get_argv
                0x0000000000010de3                printerr
                0x0000000000010dfd                checkarg
                0x0000000000010e2e                checkerr
                0x0000000000010e53                get_path
 *fill*         0x0000000000010ee6        0x2 90909090
 .text          0x0000000000010ee8       0x3d lib/lib.a(read.o)
                0x0000000000010ee8                read
 *(.gnu.warning)

.fini
 *(.fini)
                0x0000000000010f25                PROVIDE (__etext, .)
                0x0000000000010f25                PROVIDE (_etext, .)
                0x0000000000010f25                PROVIDE (etext, .)

.rodata         0x0000000000010f40     0x11fe
 *(.rodata .rodata.* .gnu.linkonce.r.*)
 .rodata.str1.1
                0x0000000000010f40       0x68 init/main.o
 .rodata.str1.4
                0x0000000000010fa8       0x25 init/main.o
 *fill*         0x0000000000010fcd       0x13 00
 .rodata        0x0000000000010fe0      0x270 kernel/kernel.o
 .rodata.str1.1
                0x0000000000011250      0x2bd kernel/kernel.o
                                        0x2c3 (size before relaxing)
 *fill*         0x000000000001150d        0x3 00
 .rodata.str1.4
                0x0000000000011510      0x1fc kernel/kernel.o
 .rodata.str1.4
                0x000000000001170c       0xe9 mm/mm.o
 .rodata.str1.1
                0x00000000000117f5       0x68 mm/mm.o
 *fill*         0x000000000001185d        0x3 00
 .rodata        0x0000000000011860       0xc4 fs/fs.o
 .rodata.str1.1
                0x0000000000011924      0x32c fs/fs.o
                                        0x332 (size before relaxing)
 .rodata.str1.4
                0x0000000000011c50      0x334 fs/fs.o
 .rodata        0x0000000000011f84       0x1b lib/lib.a(crypt.o)
 *fill*         0x0000000000011f9f        0x1 00
 .rodata        0x0000000000011fa0      0x198 lib/lib.a(utils.o)
 .rodata.str1.1
                0x0000000000012138        0x6 lib/lib.a(utils.o)
                                          0x8 (size before relaxing)

.rodata1
 *(.rodata1)

.eh_frame_hdr
 *(.eh_frame_hdr)

.eh_frame       0x0000000000012140     0x27bc
 *(.eh_frame)
 .eh_frame      0x0000000000012140       0x74 init/main.o
 .eh_frame      0x00000000000121b4      0xe44 kernel/kernel.o
                                        0xf7c (size before relaxing)
 .eh_frame      0x0000000000012ff8      0x1a8 mm/mm.o
                                        0x1c0 (size before relaxing)
 .eh_frame      0x00000000000131a0      0xf0c fs/fs.o
                                       0x10bc (size before relaxing)
 .eh_frame      0x00000000000140ac       0x1c lib/lib.a(_exit.o)
                                         0x34 (size before relaxing)
 .eh_frame      0x00000000000140c8       0x20 lib/lib.a(open.o)
                                         0x38 (size before relaxing)
 .eh_frame      0x00000000000140e8       0x1c lib/lib.a(close.o)
                                         0x34 (size before relaxing)
 .eh_frame      0x0000000000014104       0x20 lib/lib.a(write.o)
                                         0x38 (size before relaxing)
 .eh_frame      0x0000000000014124       0x1c lib/lib.a(dup.o)
                                         0x34 (size before relaxing)
 .eh_frame      0x0000000000014140       0x14 lib/lib.a(setsid.o)
                                         0x2c (size before relaxing)
 .eh_frame      0x0000000000014154       0x20 lib/lib.a(execve.o)
                                         0x38 (size before relaxing)
 .eh_frame      0x0000000000014174       0x38 lib/lib.a(wait.o)
                                         0x50 (size before relaxing)
 .eh_frame      0x00000000000141ac      0x25c lib/lib.a(string.o)
                                        0x274 (size before relaxing)
 .eh_frame      0x0000000000014408       0x14 lib/lib.a(random.o)
                                         0x2c (size before relaxing)
 .eh_frame      0x000000000001441c       0x3c lib/lib.a(hash.o)
                                         0x54 (size before relaxing)
 .eh_frame      0x0000000000014458      0x1a8 lib/lib.a(crypt.o)
                                        0x1c0 (size before relaxing)
 .eh_frame      0x0000000000014600      0x2dc lib/lib.a(utils.o)
                                        0x2f4 (size before relaxing)
 .eh_frame      0x00000000000148dc       0x20 lib/lib.a(read.o)
                                         0x38 (size before relaxing)

.gcc_except_table
 *(.gcc_except_table .gcc_except_table.*)

.exception_ranges
 *(.exception_ranges .exception_ranges*)
                0x00000000000148fc                . = (ALIGN (0x1000) - ((0x1000 - .) & 0xfff))
                0x0000000000015000                . = DATA_SEGMENT_ALIGN (0x1000, 0x1000)

.eh_frame
 *(.eh_frame)

.gcc_except_table
 *(.gcc_except_table .gcc_except_table.*)

.exception_ranges
 *(.exception_ranges .exception_ranges*)

.tdata
 *(.tdata .tdata.* .gnu.linkonce.td.*)

.tbss
 *(.tbss .tbss.* .gnu.linkonce.tb.*)
 *(.tcommon)

.preinit_array  0x0000000000015000        0x0
                0x0000000000015000                PROVIDE (__preinit_array_start, .)
 *(.preinit_array)
                0x0000000000015000                PROVIDE (__preinit_array_end, .)

.init_array     0x0000000000015000        0x0
                0x0000000000015000                PROVIDE (__init_array_start, .)
 *(SORT(.init_array.*) SORT(.ctors.*))
 *(.init_array)
 *(EXCLUDE_FILE(*crtend?.o *crtend.o *crtbegin?.o *crtbegin.o) .ctors)
                0x0000000000015000                PROVIDE (__init_array_end, .)

.fini_array     0x0000000000015000        0x0
                0x0000000000015000                PROVIDE (__fini_array_start, .)
 *(SORT(.fini_array.*) SORT(.dtors.*))
 *(.fini_array)
 *(EXCLUDE_FILE(*crtend?.o *crtend.o *crtbegin?.o *crtbegin.o) .dtors)
                0x0000000000015000                PROVIDE (__fini_array_end, .)

.ctors
 *crtbegin.o(.ctors)
 *crtbegin?.o(.ctors)
 *(EXCLUDE_FILE(*crtend?.o *crtend.o) .ctors)
 *(SORT(.ctors.*))
 *(.ctors)

.dtors
 *crtbegin.o(.dtors)
 *crtbegin?.o(.dtors)
 *(EXCLUDE_FILE(*crtend?.o *crtend.o) .dtors)
 *(SORT(.dtors.*))
 *(.dtors)

.jcr
 *(.jcr)

.data.rel.ro
 *(.data.rel.ro.local* .gnu.linkonce.d.rel.ro.local.*)
 *(.data.rel.ro* .gnu.linkonce.d.rel.ro.*)

.dynamic
 *(.dynamic)

.got
 *(.got)
 *(.igot)
                0x0000000000015000                . = DATA_SEGMENT_RELRO_END (., 0xc)

.got.plt        0x0000000000015000        0x0
 *(.got.plt)
 *(.igot.plt)
 .igot.plt      0x0000000000000000        0x0 boot/head.o

.data           0x0000000000015000     0x3e64
 *(.data .data.* .gnu.linkonce.d.*)
 .data          0x0000000000015000        0x0 boot/head.o
 .data          0x0000000000015000       0x18 init/main.o
 *fill*         0x0000000000015018        0x8 00
 .data          0x0000000000015020     0x3d2c kernel/kernel.o
                0x0000000000015020                stack_start
                0x0000000000015040                task
                0x0000000000015140                current
                0x0000000000015160                sys_call_table
                0x0000000000016660                table_list
                0x0000000000016680                tty_table
 .data          0x0000000000018d4c        0x0 mm/mm.o
 .data          0x0000000000018d4c        0x4 fs/fs.o
                0x0000000000018d4c                start_buffer
 *fill*         0x0000000000018d50       0x10 00
 .data          0x0000000000018d60      0x101 lib/lib.a(ctype.o)
                0x0000000000018d60                _ctype
 *fill*         0x0000000000018e61        0x3 00
 .data          0x0000000000018e64        0x0 lib/lib.a(_exit.o)
 .data          0x0000000000018e64        0x0 lib/lib.a(open.o)
 .data          0x0000000000018e64        0x0 lib/lib.a(close.o)
 .data          0x0000000000018e64        0x0 lib/lib.a(errno.o)
 .data          0x0000000000018e64        0x0 lib/lib.a(write.o)
 .data          0x0000000000018e64        0x0 lib/lib.a(dup.o)
 .data          0x0000000000018e64        0x0 lib/lib.a(setsid.o)
 .data          0x0000000000018e64        0x0 lib/lib.a(execve.o)
 .data          0x0000000000018e64        0x0 lib/lib.a(wait.o)
 .data          0x0000000000018e64        0x0 lib/lib.a(string.o)
 .data          0x0000000000018e64        0x0 lib/lib.a(random.o)
 .data          0x0000000000018e64        0x0 lib/lib.a(hash.o)
 .data          0x0000000000018e64        0x0 lib/lib.a(crypt.o)
 .data          0x0000000000018e64        0x0 lib/lib.a(utils.o)
 .data          0x0000000000018e64        0x0 lib/lib.a(read.o)

.data1
 *(.data1)
                0x0000000000018e64                _edata = .
                0x0000000000018e64                PROVIDE (edata, .)
                0x0000000000018e64                __bss_start = .

.bss            0x0000000000018e80     0x3dac
 *(.dynbss)
 *(.bss .bss.* .gnu.linkonce.b.*)
 .bss           0x0000000000018e80        0x0 boot/head.o
 .bss           0x0000000000018e80      0x400 init/main.o
 .bss           0x0000000000019280      0x9d0 kernel/kernel.o
                0x0000000000019280                last_task_used_math
                0x0000000000019284                startup_time
                0x0000000000019288                jiffies
                0x000000000001928c                last_pid
                0x0000000000019740                do_hd
 *fill*         0x0000000000019c50       0x10 00
 .bss           0x0000000000019c60      0xc00 mm/mm.o
 .bss           0x000000000001a860      0x710 fs/fs.o
                0x000000000001a860                inode_table
                0x000000000001af64                nr_buffers
 .bss           0x000000000001af70        0x0 lib/lib.a(ctype.o)
 .bss           0x000000000001af70        0x0 lib/lib.a(_exit.o)
 .bss           0x000000000001af70        0x0 lib/lib.a(open.o)
 .bss           0x000000000001af70        0x0 lib/lib.a(close.o)
 .bss           0x000000000001af70        0x0 lib/lib.a(errno.o)
 .bss           0x000000000001af70        0x0 lib/lib.a(write.o)
 .bss           0x000000000001af70        0x0 lib/lib.a(dup.o)
 .bss           0x000000000001af70        0x0 lib/lib.a(setsid.o)
 .bss           0x000000000001af70        0x0 lib/lib.a(execve.o)
 .bss           0x000000000001af70        0x0 lib/lib.a(wait.o)
 .bss           0x000000000001af70        0x0 lib/lib.a(string.o)
 .bss           0x000000000001af70        0x4 lib/lib.a(random.o)
 .bss           0x000000000001af74        0x0 lib/lib.a(hash.o)
 .bss           0x000000000001af74        0x0 lib/lib.a(crypt.o)
 .bss           0x000000000001af74        0x0 lib/lib.a(utils.o)
 .bss           0x000000000001af74        0x0 lib/lib.a(read.o)
 *(COMMON)
 *fill*         0x000000000001af74        0xc 00
 COMMON         0x000000000001af80       0x80 init/main.o
                0x000000000001af80                gkey
                0x000000000001af90                catchkey
                0x000000000001af94                tmpindex
                0x000000000001af98                tmpkey
                0x000000000001afc0                enc_list
                0x000000000001affc                global_timeout
 COMMON         0x000000000001b000     0x1000 kernel/kernel.o
                0x000000000001b000                user_stack
 COMMON         0x000000000001c000      0xc20 fs/fs.o
                0x000000000001c000                hash_table
                0x000000000001c4e0                super_block
                0x000000000001c820                file_table
 COMMON         0x000000000001cc20        0x1 lib/lib.a(ctype.o)
                0x000000000001cc20                _ctmp
 *fill*         0x000000000001cc21        0x3 00
 COMMON         0x000000000001cc24        0x4 lib/lib.a(errno.o)
                0x000000000001cc24                errno
 COMMON         0x000000000001cc28        0x4 lib/lib.a(string.o)
                0x000000000001cc28                ___strtok
                0x000000000001cc2c                . = ALIGN ((. != 0x0)?0x4:0x1)
                0x000000000001cc2c                . = ALIGN (0x4)
                0x000000000001cc2c                . = ALIGN (0x4)
                0x000000000001cc2c                _end = .
                0x000000000001cc2c                PROVIDE (end, .)
                0x000000000001cc2c                . = DATA_SEGMENT_END (.)

.stab
 *(.stab)

.stabstr
 *(.stabstr)

.stab.excl
 *(.stab.excl)

.stab.exclstr
 *(.stab.exclstr)

.stab.index
 *(.stab.index)

.stab.indexstr
 *(.stab.indexstr)

.comment        0x0000000000000000       0x2a
 *(.comment)
 .comment       0x0000000000000000       0x2a init/main.o
                                         0x2b (size before relaxing)
 .comment       0x0000000000000000      0x22f kernel/kernel.o
 .comment       0x0000000000000000       0x2b mm/mm.o
 .comment       0x0000000000000000      0x331 fs/fs.o
 .comment       0x0000000000000000       0x2b lib/lib.a(ctype.o)
 .comment       0x0000000000000000       0x2b lib/lib.a(_exit.o)
 .comment       0x0000000000000000       0x2b lib/lib.a(open.o)
 .comment       0x0000000000000000       0x2b lib/lib.a(close.o)
 .comment       0x0000000000000000       0x2b lib/lib.a(errno.o)
 .comment       0x0000000000000000       0x2b lib/lib.a(write.o)
 .comment       0x0000000000000000       0x2b lib/lib.a(dup.o)
 .comment       0x0000000000000000       0x2b lib/lib.a(setsid.o)
 .comment       0x0000000000000000       0x2b lib/lib.a(execve.o)
 .comment       0x0000000000000000       0x2b lib/lib.a(wait.o)
 .comment       0x0000000000000000       0x2b lib/lib.a(string.o)
 .comment       0x0000000000000000       0x2b lib/lib.a(random.o)
 .comment       0x0000000000000000       0x2b lib/lib.a(hash.o)
 .comment       0x0000000000000000       0x2b lib/lib.a(crypt.o)
 .comment       0x0000000000000000       0x2b lib/lib.a(utils.o)
 .comment       0x0000000000000000       0x2b lib/lib.a(read.o)

.debug
 *(.debug)

.line
 *(.line)

.debug_srcinfo
 *(.debug_srcinfo)

.debug_sfnames
 *(.debug_sfnames)

.debug_aranges  0x0000000000000000      0x5e0
 *(.debug_aranges)
 .debug_aranges
                0x0000000000000000       0x20 init/main.o
 .debug_aranges
                0x0000000000000020      0x1a0 kernel/kernel.o
 .debug_aranges
                0x00000000000001c0       0x20 mm/mm.o
 .debug_aranges
                0x00000000000001e0      0x240 fs/fs.o
 .debug_aranges
                0x0000000000000420       0x20 lib/lib.a(_exit.o)
 .debug_aranges
                0x0000000000000440       0x20 lib/lib.a(open.o)
 .debug_aranges
                0x0000000000000460       0x20 lib/lib.a(close.o)
 .debug_aranges
                0x0000000000000480       0x20 lib/lib.a(write.o)
 .debug_aranges
                0x00000000000004a0       0x20 lib/lib.a(dup.o)
 .debug_aranges
                0x00000000000004c0       0x20 lib/lib.a(setsid.o)
 .debug_aranges
                0x00000000000004e0       0x20 lib/lib.a(execve.o)
 .debug_aranges
                0x0000000000000500       0x20 lib/lib.a(wait.o)
 .debug_aranges
                0x0000000000000520       0x20 lib/lib.a(string.o)
 .debug_aranges
                0x0000000000000540       0x20 lib/lib.a(random.o)
 .debug_aranges
                0x0000000000000560       0x20 lib/lib.a(hash.o)
 .debug_aranges
                0x0000000000000580       0x20 lib/lib.a(crypt.o)
 .debug_aranges
                0x00000000000005a0       0x20 lib/lib.a(utils.o)
 .debug_aranges
                0x00000000000005c0       0x20 lib/lib.a(read.o)

.debug_pubnames
 *(.debug_pubnames)

.debug_info     0x0000000000000000    0x1ecee
 *(.debug_info .gnu.linkonce.wi.*)
 .debug_info    0x0000000000000000      0xdc1 init/main.o
 .debug_info    0x0000000000000dc1     0x997e kernel/kernel.o
 .debug_info    0x000000000000a73f      0x4d6 mm/mm.o
 .debug_info    0x000000000000ac15     0xf460 fs/fs.o
 .debug_info    0x000000000001a075       0x70 lib/lib.a(ctype.o)
 .debug_info    0x000000000001a0e5      0x3af lib/lib.a(_exit.o)
 .debug_info    0x000000000001a494      0x403 lib/lib.a(open.o)
 .debug_info    0x000000000001a897      0x3ce lib/lib.a(close.o)
 .debug_info    0x000000000001ac65       0x3f lib/lib.a(errno.o)
 .debug_info    0x000000000001aca4      0x400 lib/lib.a(write.o)
 .debug_info    0x000000000001b0a4      0x3ce lib/lib.a(dup.o)
 .debug_info    0x000000000001b472      0x3cb lib/lib.a(setsid.o)
 .debug_info    0x000000000001b83d      0x3fc lib/lib.a(execve.o)
 .debug_info    0x000000000001bc39      0x428 lib/lib.a(wait.o)
 .debug_info    0x000000000001c061      0x705 lib/lib.a(string.o)
 .debug_info    0x000000000001c766      0x9bb lib/lib.a(random.o)
 .debug_info    0x000000000001d121       0xb0 lib/lib.a(hash.o)
 .debug_info    0x000000000001d1d1      0xff0 lib/lib.a(crypt.o)
 .debug_info    0x000000000001e1c1      0x738 lib/lib.a(utils.o)
 .debug_info    0x000000000001e8f9      0x3f5 lib/lib.a(read.o)

.debug_abbrev   0x0000000000000000     0x4c73
 *(.debug_abbrev)
 .debug_abbrev  0x0000000000000000      0x1e8 init/main.o
 .debug_abbrev  0x00000000000001e8     0x1980 kernel/kernel.o
 .debug_abbrev  0x0000000000001b68      0x1af mm/mm.o
 .debug_abbrev  0x0000000000001d17     0x2265 fs/fs.o
 .debug_abbrev  0x0000000000003f7c       0x42 lib/lib.a(ctype.o)
 .debug_abbrev  0x0000000000003fbe       0xa3 lib/lib.a(_exit.o)
 .debug_abbrev  0x0000000000004061       0xdc lib/lib.a(open.o)
 .debug_abbrev  0x000000000000413d       0xb4 lib/lib.a(close.o)
 .debug_abbrev  0x00000000000041f1       0x30 lib/lib.a(errno.o)
 .debug_abbrev  0x0000000000004221       0xd7 lib/lib.a(write.o)
 .debug_abbrev  0x00000000000042f8       0xb4 lib/lib.a(dup.o)
 .debug_abbrev  0x00000000000043ac       0xb2 lib/lib.a(setsid.o)
 .debug_abbrev  0x000000000000445e       0xbb lib/lib.a(execve.o)
 .debug_abbrev  0x0000000000004519       0xd0 lib/lib.a(wait.o)
 .debug_abbrev  0x00000000000045e9      0x128 lib/lib.a(string.o)
 .debug_abbrev  0x0000000000004711       0xe9 lib/lib.a(random.o)
 .debug_abbrev  0x00000000000047fa       0x92 lib/lib.a(hash.o)
 .debug_abbrev  0x000000000000488c      0x190 lib/lib.a(crypt.o)
 .debug_abbrev  0x0000000000004a1c      0x187 lib/lib.a(utils.o)
 .debug_abbrev  0x0000000000004ba3       0xd0 lib/lib.a(read.o)

.debug_line     0x0000000000000000     0x3ead
 *(.debug_line)
 .debug_line    0x0000000000000000      0x128 init/main.o
 .debug_line    0x0000000000000128     0x157c kernel/kernel.o
 .debug_line    0x00000000000016a4      0x122 mm/mm.o
 .debug_line    0x00000000000017c6     0x1d11 fs/fs.o
 .debug_line    0x00000000000034d7       0x28 lib/lib.a(ctype.o)
 .debug_line    0x00000000000034ff       0x50 lib/lib.a(_exit.o)
 .debug_line    0x000000000000354f       0x76 lib/lib.a(open.o)
 .debug_line    0x00000000000035c5       0x6e lib/lib.a(close.o)
 .debug_line    0x0000000000003633       0x28 lib/lib.a(errno.o)
 .debug_line    0x000000000000365b       0x8c lib/lib.a(write.o)
 .debug_line    0x00000000000036e7       0x6c lib/lib.a(dup.o)
 .debug_line    0x0000000000003753       0x88 lib/lib.a(setsid.o)
 .debug_line    0x00000000000037db       0x73 lib/lib.a(execve.o)
 .debug_line    0x000000000000384e       0x90 lib/lib.a(wait.o)
 .debug_line    0x00000000000038de       0xc1 lib/lib.a(string.o)
 .debug_line    0x000000000000399f       0x9d lib/lib.a(random.o)
 .debug_line    0x0000000000003a3c       0x48 lib/lib.a(hash.o)
 .debug_line    0x0000000000003a84      0x26e lib/lib.a(crypt.o)
 .debug_line    0x0000000000003cf2      0x130 lib/lib.a(utils.o)
 .debug_line    0x0000000000003e22       0x8b lib/lib.a(read.o)

.debug_frame
 *(.debug_frame)

.debug_str      0x0000000000000000     0x1c23
 *(.debug_str)
 .debug_str     0x0000000000000000      0x45a init/main.o
                                        0x50c (size before relaxing)
 .debug_str     0x000000000000045a      0xbb9 kernel/kernel.o
                                       0x3683 (size before relaxing)
 .debug_str     0x0000000000001013      0x126 mm/mm.o
                                        0x1c1 (size before relaxing)
 .debug_str     0x0000000000001139      0x90b fs/fs.o
                                       0x5b1c (size before relaxing)
 .debug_str     0x0000000000001a44       0x26 lib/lib.a(ctype.o)
                                         0x66 (size before relaxing)
 .debug_str     0x0000000000001a6a        0x8 lib/lib.a(_exit.o)
                                        0x284 (size before relaxing)
 .debug_str     0x0000000000000000        0x8 lib/lib.a(open.o)
                                        0x294 (size before relaxing)
 .debug_str     0x0000000000001a72        0x8 lib/lib.a(close.o)
                                        0x286 (size before relaxing)
 .debug_str     0x0000000000001a7a        0x8 lib/lib.a(errno.o)
                                         0x38 (size before relaxing)
 .debug_str     0x0000000000000000        0x8 lib/lib.a(write.o)
                                        0x292 (size before relaxing)
 .debug_str     0x0000000000001a82        0x6 lib/lib.a(dup.o)
                                        0x27e (size before relaxing)
 .debug_str     0x0000000000001a88        0x9 lib/lib.a(setsid.o)
                                        0x28e (size before relaxing)
 .debug_str     0x0000000000001a91        0x9 lib/lib.a(execve.o)
                                        0x297 (size before relaxing)
 .debug_str     0x0000000000001a9a       0x11 lib/lib.a(wait.o)
                                        0x2a4 (size before relaxing)
 .debug_str     0x0000000000001aab       0x64 lib/lib.a(string.o)
                                         0xec (size before relaxing)
 .debug_str     0x0000000000001b0f        0xe lib/lib.a(random.o)
                                        0x43b (size before relaxing)
 .debug_str     0x0000000000001b1d       0x16 lib/lib.a(hash.o)
                                         0x51 (size before relaxing)
 .debug_str     0x0000000000001b33       0x2d lib/lib.a(crypt.o)
                                        0x50e (size before relaxing)
 .debug_str     0x0000000000001b60       0xbc lib/lib.a(utils.o)
                                        0x18b (size before relaxing)
 .debug_str     0x0000000000001c1c        0x7 lib/lib.a(read.o)
                                        0x290 (size before relaxing)

.debug_loc      0x0000000000000000     0xc4cb
 *(.debug_loc)
 .debug_loc     0x0000000000000000      0x256 init/main.o
 .debug_loc     0x0000000000000256     0x3f65 kernel/kernel.o
 .debug_loc     0x00000000000041bb      0x640 mm/mm.o
 .debug_loc     0x00000000000047fb     0x6603 fs/fs.o
 .debug_loc     0x000000000000adfe       0x2c lib/lib.a(_exit.o)
 .debug_loc     0x000000000000ae2a       0x3f lib/lib.a(open.o)
 .debug_loc     0x000000000000ae69       0x3f lib/lib.a(close.o)
 .debug_loc     0x000000000000aea8       0x57 lib/lib.a(write.o)
 .debug_loc     0x000000000000aeff       0x3f lib/lib.a(dup.o)
 .debug_loc     0x000000000000af3e       0x13 lib/lib.a(setsid.o)
 .debug_loc     0x000000000000af51       0x57 lib/lib.a(execve.o)
 .debug_loc     0x000000000000afa8       0x83 lib/lib.a(wait.o)
 .debug_loc     0x000000000000b02b      0x3a6 lib/lib.a(string.o)
 .debug_loc     0x000000000000b3d1      0x84c lib/lib.a(crypt.o)
 .debug_loc     0x000000000000bc1d      0x857 lib/lib.a(utils.o)
 .debug_loc     0x000000000000c474       0x57 lib/lib.a(read.o)

.debug_macinfo
 *(.debug_macinfo)

.debug_weaknames
 *(.debug_weaknames)

.debug_funcnames
 *(.debug_funcnames)

.debug_typenames
 *(.debug_typenames)

.debug_varnames
 *(.debug_varnames)

.debug_pubtypes
 *(.debug_pubtypes)

.debug_ranges   0x0000000000000000      0x5b8
 *(.debug_ranges)
 .debug_ranges  0x0000000000000000      0x230 kernel/kernel.o
 .debug_ranges  0x0000000000000230      0x388 fs/fs.o

.gnu.attributes
 *(.gnu.attributes)

/DISCARD/
 *(.note.GNU-stack)
 *(.gnu_debuglink)
 *(.gnu.lto_*)
OUTPUT(tools/system elf32-i386)
