Archive member included because of file (symbol)

lib/lib.a(ctype.o)            kernel/kernel.o (_ctype)
lib/lib.a(_exit.o)            init/main.o (_exit)
lib/lib.a(open.o)             init/main.o (open)
lib/lib.a(close.o)            init/main.o (close)
lib/lib.a(errno.o)            init/main.o (errno)
lib/lib.a(write.o)            init/main.o (write)
lib/lib.a(dup.o)              init/main.o (dup)
lib/lib.a(setsid.o)           init/main.o (setsid)
lib/lib.a(execve.o)           init/main.o (execve)
lib/lib.a(wait.o)             init/main.o (wait)
lib/lib.a(string.o)           kernel/kernel.o (memcpy)
lib/lib.a(getdents.o)         kernel/kernel.o (getdents)

Allocating common symbols
Common symbol       size              file

errno               0x4               lib/lib.a(errno.o)
hash_table          0x4cc             fs/fs.o
___strtok           0x4               lib/lib.a(string.o)
user_stack          0x1000            kernel/kernel.o
_ctmp               0x1               lib/lib.a(ctype.o)
super_block         0x340             fs/fs.o
file_table          0x400             fs/fs.o

Discarded input sections

 .note.GNU-stack
                0x0000000000000000        0x0 init/main.o
 .note.GNU-stack
                0x0000000000000000        0x0 kernel/kernel.o
 .note.GNU-stack
                0x0000000000000000        0x0 mm/mm.o
 .note.GNU-stack
                0x0000000000000000        0x0 fs/fs.o
 .note.GNU-stack
                0x0000000000000000        0x0 lib/lib.a(ctype.o)
 .note.GNU-stack
                0x0000000000000000        0x0 lib/lib.a(_exit.o)
 .note.GNU-stack
                0x0000000000000000        0x0 lib/lib.a(open.o)
 .note.GNU-stack
                0x0000000000000000        0x0 lib/lib.a(close.o)
 .note.GNU-stack
                0x0000000000000000        0x0 lib/lib.a(errno.o)
 .note.GNU-stack
                0x0000000000000000        0x0 lib/lib.a(write.o)
 .note.GNU-stack
                0x0000000000000000        0x0 lib/lib.a(dup.o)
 .note.GNU-stack
                0x0000000000000000        0x0 lib/lib.a(setsid.o)
 .note.GNU-stack
                0x0000000000000000        0x0 lib/lib.a(execve.o)
 .note.GNU-stack
                0x0000000000000000        0x0 lib/lib.a(wait.o)
 .note.GNU-stack
                0x0000000000000000        0x0 lib/lib.a(string.o)
 .note.GNU-stack
                0x0000000000000000        0x0 lib/lib.a(getdents.o)

Memory Configuration

Name             Origin             Length             Attributes
*default*        0x0000000000000000 0xffffffffffffffff

Linker script and memory map

Address of section .text set to 0x0
LOAD boot/head.o
LOAD init/main.o
LOAD kernel/kernel.o
LOAD mm/mm.o
LOAD fs/fs.o
LOAD lib/lib.a
                0x0000000008048000                PROVIDE (__executable_start, 0x8048000)
                0x0000000008048094                . = (0x8048000 + SIZEOF_HEADERS)

.interp
 *(.interp)

.note.gnu.build-id
 *(.note.gnu.build-id)

.hash
 *(.hash)

.gnu.hash
 *(.gnu.hash)

.dynsym
 *(.dynsym)

.dynstr
 *(.dynstr)

.gnu.version
 *(.gnu.version)

.gnu.version_d
 *(.gnu.version_d)

.gnu.version_r
 *(.gnu.version_r)

.rel.dyn        0x0000000008048094        0x0
 *(.rel.init)
 *(.rel.text .rel.text.* .rel.gnu.linkonce.t.*)
 .rel.text      0x0000000000000000        0x0 boot/head.o
 *(.rel.fini)
 *(.rel.rodata .rel.rodata.* .rel.gnu.linkonce.r.*)
 *(.rel.data.rel.ro* .rel.gnu.linkonce.d.rel.ro.*)
 *(.rel.data .rel.data.* .rel.gnu.linkonce.d.*)
 .rel.data      0x0000000000000000        0x0 boot/head.o
 *(.rel.tdata .rel.tdata.* .rel.gnu.linkonce.td.*)
 *(.rel.tbss .rel.tbss.* .rel.gnu.linkonce.tb.*)
 *(.rel.ctors)
 *(.rel.dtors)
 *(.rel.got)
 *(.rel.bss .rel.bss.* .rel.gnu.linkonce.b.*)
 *(.rel.ifunc)

.rel.plt        0x0000000008048094        0x0
 *(.rel.plt)
                0x0000000008048094                PROVIDE (__rel_iplt_start, .)
 *(.rel.iplt)
 .rel.iplt      0x0000000000000000        0x0 boot/head.o
                0x0000000008048094                PROVIDE (__rel_iplt_end, .)

.init
 *(.init)

.plt            0x00000000080480a0        0x0
 *(.plt)
 *(.iplt)
 .iplt          0x0000000000000000        0x0 boot/head.o

.text           0x0000000000000000     0xfb85
 *(.text.unlikely .text.*_unlikely)
 *(.text.exit .text.exit.*)
 *(.text.startup .text.startup.*)
 *(.text.hot .text.hot.*)
 *(.text .stub .text.* .gnu.linkonce.t.*)
 .text          0x0000000000000000     0x5078 boot/head.o
                0x0000000000000000                startup_32
                0x0000000000000000                pg_dir
                0x0000000000004078                idt
                0x0000000000004878                gdt
 *fill*         0x0000000000005078        0x8 90909090
 .text          0x0000000000005080      0x370 init/main.o
                0x00000000000050c1                init
                0x0000000000005232                main
 .text          0x00000000000053f0     0x4d37 kernel/kernel.o
                0x00000000000053f0                sys_alarm
                0x0000000000005417                sys_getpid
                0x0000000000005423                sys_getppid
                0x000000000000542f                sys_getuid
                0x000000000000543c                sys_geteuid
                0x0000000000005449                sys_getgid
                0x0000000000005456                sys_getegid
                0x0000000000005463                sys_nice
                0x000000000000547c                sys_signal
                0x00000000000054b9                math_state_restore
                0x00000000000054f0                schedule
                0x00000000000055e1                sys_pause
                0x00000000000055f7                sleep_on
                0x0000000000005651                interruptible_sleep_on
                0x00000000000056bb                wake_up
                0x00000000000056d7                do_timer
                0x000000000000571d                sched_init
                0x0000000000005844                system_call
                0x0000000000005936                timer_interrupt
                0x000000000000596e                sys_execve
                0x000000000000597c                sys_fork
                0x0000000000005994                hd_interrupt
                0x0000000000005b41                do_double_fault
                0x0000000000005b5a                do_general_protection
                0x0000000000005b73                do_divide_error
                0x0000000000005b8c                do_int3
                0x0000000000005c44                do_nmi
                0x0000000000005c5d                do_debug
                0x0000000000005c76                do_overflow
                0x0000000000005c8f                do_bounds
                0x0000000000005ca8                do_invalid_op
                0x0000000000005cc1                do_device_not_available
                0x0000000000005cda                do_coprocessor_segment_overrun
                0x0000000000005cf3                do_invalid_TSS
                0x0000000000005d0c                do_segment_not_present
                0x0000000000005d25                do_stack_segment
                0x0000000000005d3e                do_coprocessor_error
                0x0000000000005d57                do_reserved
                0x0000000000005d70                trap_init
                0x0000000000005f2c                divide_error
                0x0000000000005f61                debug
                0x0000000000005f68                nmi
                0x0000000000005f6f                int3
                0x0000000000005f76                overflow
                0x0000000000005f7d                bounds
                0x0000000000005f84                invalid_op
                0x0000000000005f93                device_not_available
                0x0000000000005fc0                coprocessor_segment_overrun
                0x0000000000005fca                reserved
                0x0000000000005fd4                coprocessor_error
                0x0000000000005fde                double_fault
                0x0000000000006015                invalid_TSS
                0x000000000000601c                segment_not_present
                0x0000000000006023                stack_segment
                0x000000000000602a                general_protection
                0x0000000000006034                verify_area
                0x0000000000006099                copy_mem
                0x000000000000618f                copy_process
                0x000000000000641e                find_empty_process
                0x0000000000006480                panic
                0x000000000000649c                printk
                0x0000000000006726                vsprintf
                0x0000000000006a90                tty_init
                0x0000000000006aa1                tty_intr
                0x0000000000006ae6                copy_to_cooked
                0x0000000000006d66                tty_read
                0x000000000000702c                tty_write
                0x0000000000007209                do_tty_interrupt
                0x0000000000007230                draw_square
                0x0000000000007544                dump
                0x0000000000007773                c_mode
                0x00000000000077a9                a_mode_on
                0x00000000000077b7                a_mode_off
                0x00000000000077c5                e_mode
                0x00000000000077f0                copy_row
                0x000000000000786c                go_up
                0x000000000000788f                go_down
                0x00000000000078b2                go_left
                0x00000000000078b8                go_right
                0x00000000000078be                add_char
                0x0000000000007926                list_path
                0x00000000000079c7                csi_m
                0x0000000000007a22                con_write
                0x00000000000083da                con_init
                0x0000000000008463                keyboard_interrupt
                0x0000000000008c9c                rs1_interrupt
                0x0000000000008ca4                rs2_interrupt
                0x0000000000009409                rw_hd
                0x00000000000094b2                sys_setup
                0x00000000000095b1                unexpected_hd_interrupt
                0x00000000000095c4                hd_init
                0x0000000000009634                sys_ftime
                0x000000000000963a                sys_mknod
                0x0000000000009640                sys_break
                0x0000000000009646                sys_mount
                0x000000000000964c                sys_umount
                0x0000000000009652                sys_ustat
                0x0000000000009658                sys_ptrace
                0x000000000000965e                sys_stty
                0x0000000000009664                sys_gtty
                0x000000000000966a                sys_rename
                0x0000000000009670                sys_prof
                0x0000000000009676                sys_setgid
                0x00000000000096d3                sys_acct
                0x00000000000096d9                sys_phys
                0x00000000000096df                sys_lock
                0x00000000000096e5                sys_mpx
                0x00000000000096eb                sys_ulimit
                0x00000000000096f1                sys_time
                0x0000000000009744                sys_setuid
                0x000000000000979d                sys_stime
                0x00000000000097ea                sys_times
                0x0000000000009843                sys_brk
                0x0000000000009876                sys_setpgid
                0x00000000000098eb                sys_getpgrp
                0x00000000000098f7                sys_setsid
                0x000000000000994c                sys_oldolduname
                0x0000000000009964                sys_uname
                0x00000000000099b1                sys_umask
                0x00000000000099cf                sys_null
                0x0000000000009a00                release
                0x0000000000009a5a                do_kill
                0x0000000000009cd3                sys_kill
                0x0000000000009d09                do_exit
                0x0000000000009e9c                sys_exit
                0x0000000000009eb7                sys_waitpid
                0x000000000000a03e                rs_init
                0x000000000000a096                rs_write
                0x000000000000a0c0                kernel_mktime
 *fill*         0x000000000000a127        0x1 90909090
 .text          0x000000000000a128      0x517 mm/mm.o
                0x000000000000a128                invalidate
                0x000000000000a131                copy_page
                0x000000000000a156                get_free_page
                0x000000000000a18e                free_page
                0x000000000000a1ee                free_page_tables
                0x000000000000a29e                copy_page_tables
                0x000000000000a398                put_page
                0x000000000000a445                un_wp_page
                0x000000000000a4d5                do_wp_page
                0x000000000000a505                write_verify
                0x000000000000a544                do_no_page
                0x000000000000a574                calc_mem
                0x000000000000a608                page_fault
 *fill*         0x000000000000a63f        0x1 90909090
 .text          0x000000000000a640     0x4f4c fs/fs.o
                0x000000000000a640                sys_utime
                0x000000000000a6a9                sys_access
                0x000000000000a740                sys_chdir
                0x000000000000a7a3                sys_chroot
                0x000000000000a806                sys_chmod
                0x000000000000a89b                sys_chown
                0x000000000000a902                sys_open
                0x000000000000aa96                sys_creat
                0x000000000000aab9                sys_close
                0x000000000000ab40                sys_lseek
                0x000000000000abfc                sys_read
                0x000000000000ad57                sys_write
                0x000000000000b26b                sync_inodes
                0x000000000000b2b5                bmap
                0x000000000000b2ce                create_block
                0x000000000000b2e7                iput
                0x000000000000b3d5                get_empty_inode
                0x000000000000b4c3                get_pipe_inode
                0x000000000000b50a                iget
                0x000000000000b6f7                sys_sync
                0x000000000000b75f                brelse
                0x000000000000b7b1                get_hash_table
                0x000000000000b810                getblk
                0x000000000000baaf                bread
                0x000000000000bb09                buffer_init
                0x000000000000bba4                do_mount
                0x000000000000bdaf                mount_root
                0x000000000000bf00                block_write
                0x000000000000bfe3                block_read
                0x000000000000c0ba                ll_rw_block
                0x000000000000c183                rw_char
                0x000000000000c1f4                file_read
                0x000000000000c39f                file_write
                0x000000000000c63e                sys_stat
                0x000000000000c683                sys_lstat
                0x000000000000c69e                sys_fstat
                0x000000000000c6e1                sys_stat64
                0x000000000000c726                sys_fstat64
                0x000000000000c769                sys_lstat64
                0x000000000000c784                sys_oldstat
                0x000000000000c79c                sys_oldfstat
                0x000000000000c8e4                cp_block
                0x000000000000c919                is_valid_elf
                0x000000000000c95e                read_file_block_ind
                0x000000000000c9f3                read_file_block
                0x000000000000caf2                copy_section
                0x000000000000cbe0                create_bss_section
                0x000000000000cc06                load_elf_binary
                0x000000000000ce11                do_execve
                0x000000000000d2a4                read_pipe
                0x000000000000d33d                write_pipe
                0x000000000000d436                sys_pipe
                0x000000000000da69                namei
                0x000000000000db1f                open_namei
                0x000000000000dd85                sys_mkdir
                0x000000000000e03a                sys_rmdir
                0x000000000000e3ac                sys_unlink
                0x000000000000e548                sys_link
                0x000000000000e6f0                free_block
                0x000000000000e82b                new_block
                0x000000000000e9ae                free_inode
                0x000000000000eada                new_inode
                0x000000000000ecba                sys_dup2
                0x000000000000ecda                sys_dup
                0x000000000000ecea                sys_fcntl
                0x000000000000eda7                sys_fcntl64
                0x000000000000edfc                sys_ioctl
                0x000000000000ee99                tty_ioctl
                0x000000000000f165                truncate
                0x000000000000f270                sys_getdents
                0x000000000000f3fe                sys_getdents64
 .text          0x000000000000f58c        0x0 lib/lib.a(ctype.o)
 .text          0x000000000000f58c        0xe lib/lib.a(_exit.o)
                0x000000000000f58c                _exit
 *fill*         0x000000000000f59a        0x2 90909090
 .text          0x000000000000f59c       0x3d lib/lib.a(open.o)
                0x000000000000f59c                open
 *fill*         0x000000000000f5d9        0x3 90909090
 .text          0x000000000000f5dc       0x23 lib/lib.a(close.o)
                0x000000000000f5dc                close
 *fill*         0x000000000000f5ff        0x1 90909090
 .text          0x000000000000f600        0x0 lib/lib.a(errno.o)
 .text          0x000000000000f600       0x3d lib/lib.a(write.o)
                0x000000000000f600                write
 *fill*         0x000000000000f63d        0x3 90909090
 .text          0x000000000000f640       0x23 lib/lib.a(dup.o)
                0x000000000000f640                dup
 *fill*         0x000000000000f663        0x1 90909090
 .text          0x000000000000f664       0x1e lib/lib.a(setsid.o)
                0x000000000000f664                setsid
 *fill*         0x000000000000f682        0x2 90909090
 .text          0x000000000000f684       0x3d lib/lib.a(execve.o)
                0x000000000000f684                execve
 *fill*         0x000000000000f6c1        0x3 90909090
 .text          0x000000000000f6c4       0x60 lib/lib.a(wait.o)
                0x000000000000f6c4                waitpid
                0x000000000000f701                wait
 .text          0x000000000000f724      0x421 lib/lib.a(string.o)
                0x000000000000f724                strcpy
                0x000000000000f74c                strncpy
                0x000000000000f77d                strcat
                0x000000000000f7b2                strncat
                0x000000000000f7f1                strcmp
                0x000000000000f81f                strncmp
                0x000000000000f854                strchr
                0x000000000000f872                strrchr
                0x000000000000f893                strspn
                0x000000000000f8e0                strcspn
                0x000000000000f92d                strpbrk
                0x000000000000f972                strstr
                0x000000000000f9b7                strlen
                0x000000000000f9d0                strtok
                0x000000000000fa61                memcpy
                0x000000000000fa87                memmove
                0x000000000000fad5                memcmp
                0x000000000000fb09                memchr
                0x000000000000fb2f                memset
 *fill*         0x000000000000fb45        0x3 90909090
 .text          0x000000000000fb48       0x3d lib/lib.a(getdents.o)
                0x000000000000fb48                getdents
 *(.gnu.warning)

.fini
 *(.fini)
                0x000000000000fb85                PROVIDE (__etext, .)
                0x000000000000fb85                PROVIDE (_etext, .)
                0x000000000000fb85                PROVIDE (etext, .)

.rodata         0x000000000000fba0     0x1024
 *(.rodata .rodata.* .gnu.linkonce.r.*)
 .rodata.str1.1
                0x000000000000fba0       0x68 init/main.o
 .rodata.str1.4
                0x000000000000fc08       0x25 init/main.o
 *fill*         0x000000000000fc2d       0x13 00
 .rodata        0x000000000000fc40      0x270 kernel/kernel.o
 .rodata.str1.1
                0x000000000000feb0      0x283 kernel/kernel.o
                                        0x28b (size before relaxing)
 *fill*         0x0000000000010133        0x1 00
 .rodata.str1.4
                0x0000000000010134      0x1fc kernel/kernel.o
 .rodata.cst4   0x0000000000010330        0x8 kernel/kernel.o
 .rodata.str1.4
                0x0000000000010338       0xe9 mm/mm.o
 .rodata.str1.1
                0x0000000000010421       0x68 mm/mm.o
 *fill*         0x0000000000010489       0x17 00
 .rodata        0x00000000000104a0       0xc4 fs/fs.o
 .rodata.str1.1
                0x0000000000010564      0x32c fs/fs.o
                                        0x332 (size before relaxing)
 .rodata.str1.4
                0x0000000000010890      0x334 fs/fs.o

.rodata1
 *(.rodata1)

.eh_frame_hdr
 *(.eh_frame_hdr)

.eh_frame       0x0000000000010bc4     0x22ec
 *(.eh_frame)
 .eh_frame      0x0000000000010bc4       0x74 init/main.o
 .eh_frame      0x0000000000010c38      0xe48 kernel/kernel.o
                                        0xf80 (size before relaxing)
 .eh_frame      0x0000000000011a80      0x1a8 mm/mm.o
                                        0x1c0 (size before relaxing)
 .eh_frame      0x0000000000011c28      0xf0c fs/fs.o
                                       0x10bc (size before relaxing)
 .eh_frame      0x0000000000012b34       0x1c lib/lib.a(_exit.o)
                                         0x34 (size before relaxing)
 .eh_frame      0x0000000000012b50       0x20 lib/lib.a(open.o)
                                         0x38 (size before relaxing)
 .eh_frame      0x0000000000012b70       0x1c lib/lib.a(close.o)
                                         0x34 (size before relaxing)
 .eh_frame      0x0000000000012b8c       0x20 lib/lib.a(write.o)
                                         0x38 (size before relaxing)
 .eh_frame      0x0000000000012bac       0x1c lib/lib.a(dup.o)
                                         0x34 (size before relaxing)
 .eh_frame      0x0000000000012bc8       0x14 lib/lib.a(setsid.o)
                                         0x2c (size before relaxing)
 .eh_frame      0x0000000000012bdc       0x20 lib/lib.a(execve.o)
                                         0x38 (size before relaxing)
 .eh_frame      0x0000000000012bfc       0x38 lib/lib.a(wait.o)
                                         0x50 (size before relaxing)
 .eh_frame      0x0000000000012c34      0x25c lib/lib.a(string.o)
                                        0x274 (size before relaxing)
 .eh_frame      0x0000000000012e90       0x20 lib/lib.a(getdents.o)
                                         0x38 (size before relaxing)

.gcc_except_table
 *(.gcc_except_table .gcc_except_table.*)

.exception_ranges
 *(.exception_ranges .exception_ranges*)
                0x0000000000012eb0                . = (ALIGN (0x1000) - ((0x1000 - .) & 0xfff))
                0x0000000000013000                . = DATA_SEGMENT_ALIGN (0x1000, 0x1000)

.eh_frame
 *(.eh_frame)

.gcc_except_table
 *(.gcc_except_table .gcc_except_table.*)

.exception_ranges
 *(.exception_ranges .exception_ranges*)

.tdata
 *(.tdata .tdata.* .gnu.linkonce.td.*)

.tbss
 *(.tbss .tbss.* .gnu.linkonce.tb.*)
 *(.tcommon)

.preinit_array  0x0000000000013000        0x0
                0x0000000000013000                PROVIDE (__preinit_array_start, .)
 *(.preinit_array)
                0x0000000000013000                PROVIDE (__preinit_array_end, .)

.init_array     0x0000000000013000        0x0
                0x0000000000013000                PROVIDE (__init_array_start, .)
 *(SORT(.init_array.*) SORT(.ctors.*))
 *(.init_array)
 *(EXCLUDE_FILE(*crtend?.o *crtend.o *crtbegin?.o *crtbegin.o) .ctors)
                0x0000000000013000                PROVIDE (__init_array_end, .)

.fini_array     0x0000000000013000        0x0
                0x0000000000013000                PROVIDE (__fini_array_start, .)
 *(SORT(.fini_array.*) SORT(.dtors.*))
 *(.fini_array)
 *(EXCLUDE_FILE(*crtend?.o *crtend.o *crtbegin?.o *crtbegin.o) .dtors)
                0x0000000000013000                PROVIDE (__fini_array_end, .)

.ctors
 *crtbegin.o(.ctors)
 *crtbegin?.o(.ctors)
 *(EXCLUDE_FILE(*crtend?.o *crtend.o) .ctors)
 *(SORT(.ctors.*))
 *(.ctors)

.dtors
 *crtbegin.o(.dtors)
 *crtbegin?.o(.dtors)
 *(EXCLUDE_FILE(*crtend?.o *crtend.o) .dtors)
 *(SORT(.dtors.*))
 *(.dtors)

.jcr
 *(.jcr)

.data.rel.ro
 *(.data.rel.ro.local* .gnu.linkonce.d.rel.ro.local.*)
 *(.data.rel.ro* .gnu.linkonce.d.rel.ro.*)

.dynamic
 *(.dynamic)

.got
 *(.got)
 *(.igot)
                0x0000000000013000                . = DATA_SEGMENT_RELRO_END (., 0xc)

.got.plt        0x0000000000013000        0x0
 *(.got.plt)
 *(.igot.plt)
 .igot.plt      0x0000000000000000        0x0 boot/head.o

.data           0x0000000000013000     0x3ea4
 *(.data .data.* .gnu.linkonce.d.*)
 .data          0x0000000000013000        0x0 boot/head.o
 .data          0x0000000000013000       0x18 init/main.o
 *fill*         0x0000000000013018        0x8 00
 .data          0x0000000000013020     0x3d6c kernel/kernel.o
                0x0000000000013020                stack_start
                0x0000000000013040                task
                0x0000000000013140                current
                0x0000000000013160                sys_call_table
                0x0000000000014660                table_list
                0x0000000000014680                tty_table
 .data          0x0000000000016d8c        0x0 mm/mm.o
 .data          0x0000000000016d8c        0x4 fs/fs.o
                0x0000000000016d8c                start_buffer
 *fill*         0x0000000000016d90       0x10 00
 .data          0x0000000000016da0      0x101 lib/lib.a(ctype.o)
                0x0000000000016da0                _ctype
 *fill*         0x0000000000016ea1        0x3 00
 .data          0x0000000000016ea4        0x0 lib/lib.a(_exit.o)
 .data          0x0000000000016ea4        0x0 lib/lib.a(open.o)
 .data          0x0000000000016ea4        0x0 lib/lib.a(close.o)
 .data          0x0000000000016ea4        0x0 lib/lib.a(errno.o)
 .data          0x0000000000016ea4        0x0 lib/lib.a(write.o)
 .data          0x0000000000016ea4        0x0 lib/lib.a(dup.o)
 .data          0x0000000000016ea4        0x0 lib/lib.a(setsid.o)
 .data          0x0000000000016ea4        0x0 lib/lib.a(execve.o)
 .data          0x0000000000016ea4        0x0 lib/lib.a(wait.o)
 .data          0x0000000000016ea4        0x0 lib/lib.a(string.o)
 .data          0x0000000000016ea4        0x0 lib/lib.a(getdents.o)

.data1
 *(.data1)
                0x0000000000016ea4                _edata = .
                0x0000000000016ea4                PROVIDE (edata, .)
                0x0000000000016ea4                __bss_start = .

.bss            0x0000000000016ec0     0x3eec
 *(.dynbss)
 *(.bss .bss.* .gnu.linkonce.b.*)
 .bss           0x0000000000016ec0        0x0 boot/head.o
 .bss           0x0000000000016ec0      0x400 init/main.o
 .bss           0x00000000000172c0      0xb8c kernel/kernel.o
                0x00000000000172c0                last_task_used_math
                0x00000000000172c4                startup_time
                0x00000000000172c8                jiffies
                0x00000000000172cc                last_pid
                0x0000000000017940                do_hd
 *fill*         0x0000000000017e4c       0x14 00
 .bss           0x0000000000017e60      0xc00 mm/mm.o
 .bss           0x0000000000018a60      0x710 fs/fs.o
                0x0000000000018a60                inode_table
                0x0000000000019164                nr_buffers
 .bss           0x0000000000019170        0x0 lib/lib.a(ctype.o)
 .bss           0x0000000000019170        0x0 lib/lib.a(_exit.o)
 .bss           0x0000000000019170        0x0 lib/lib.a(open.o)
 .bss           0x0000000000019170        0x0 lib/lib.a(close.o)
 .bss           0x0000000000019170        0x0 lib/lib.a(errno.o)
 .bss           0x0000000000019170        0x0 lib/lib.a(write.o)
 .bss           0x0000000000019170        0x0 lib/lib.a(dup.o)
 .bss           0x0000000000019170        0x0 lib/lib.a(setsid.o)
 .bss           0x0000000000019170        0x0 lib/lib.a(execve.o)
 .bss           0x0000000000019170        0x0 lib/lib.a(wait.o)
 .bss           0x0000000000019170        0x0 lib/lib.a(string.o)
 .bss           0x0000000000019170        0x0 lib/lib.a(getdents.o)
 *(COMMON)
 *fill*         0x0000000000019170       0x10 00
 COMMON         0x0000000000019180     0x1000 kernel/kernel.o
                0x0000000000019180                user_stack
 COMMON         0x000000000001a180      0xc20 fs/fs.o
                0x000000000001a180                hash_table
                0x000000000001a660                super_block
                0x000000000001a9a0                file_table
 COMMON         0x000000000001ada0        0x1 lib/lib.a(ctype.o)
                0x000000000001ada0                _ctmp
 *fill*         0x000000000001ada1        0x3 00
 COMMON         0x000000000001ada4        0x4 lib/lib.a(errno.o)
                0x000000000001ada4                errno
 COMMON         0x000000000001ada8        0x4 lib/lib.a(string.o)
                0x000000000001ada8                ___strtok
                0x000000000001adac                . = ALIGN ((. != 0x0)?0x4:0x1)
                0x000000000001adac                . = ALIGN (0x4)
                0x000000000001adac                . = ALIGN (0x4)
                0x000000000001adac                _end = .
                0x000000000001adac                PROVIDE (end, .)
                0x000000000001adac                . = DATA_SEGMENT_END (.)

.stab
 *(.stab)

.stabstr
 *(.stabstr)

.stab.excl
 *(.stab.excl)

.stab.exclstr
 *(.stab.exclstr)

.stab.index
 *(.stab.index)

.stab.indexstr
 *(.stab.indexstr)

.comment        0x0000000000000000       0x2a
 *(.comment)
 .comment       0x0000000000000000       0x2a init/main.o
                                         0x2b (size before relaxing)
 .comment       0x0000000000000000      0x22f kernel/kernel.o
 .comment       0x0000000000000000       0x2b mm/mm.o
 .comment       0x0000000000000000      0x331 fs/fs.o
 .comment       0x0000000000000000       0x2b lib/lib.a(ctype.o)
 .comment       0x0000000000000000       0x2b lib/lib.a(_exit.o)
 .comment       0x0000000000000000       0x2b lib/lib.a(open.o)
 .comment       0x0000000000000000       0x2b lib/lib.a(close.o)
 .comment       0x0000000000000000       0x2b lib/lib.a(errno.o)
 .comment       0x0000000000000000       0x2b lib/lib.a(write.o)
 .comment       0x0000000000000000       0x2b lib/lib.a(dup.o)
 .comment       0x0000000000000000       0x2b lib/lib.a(setsid.o)
 .comment       0x0000000000000000       0x2b lib/lib.a(execve.o)
 .comment       0x0000000000000000       0x2b lib/lib.a(wait.o)
 .comment       0x0000000000000000       0x2b lib/lib.a(string.o)
 .comment       0x0000000000000000       0x2b lib/lib.a(getdents.o)

.debug
 *(.debug)

.line
 *(.line)

.debug_srcinfo
 *(.debug_srcinfo)

.debug_sfnames
 *(.debug_sfnames)

.debug_aranges  0x0000000000000000      0x560
 *(.debug_aranges)
 .debug_aranges
                0x0000000000000000       0x20 init/main.o
 .debug_aranges
                0x0000000000000020      0x1a0 kernel/kernel.o
 .debug_aranges
                0x00000000000001c0       0x20 mm/mm.o
 .debug_aranges
                0x00000000000001e0      0x240 fs/fs.o
 .debug_aranges
                0x0000000000000420       0x20 lib/lib.a(_exit.o)
 .debug_aranges
                0x0000000000000440       0x20 lib/lib.a(open.o)
 .debug_aranges
                0x0000000000000460       0x20 lib/lib.a(close.o)
 .debug_aranges
                0x0000000000000480       0x20 lib/lib.a(write.o)
 .debug_aranges
                0x00000000000004a0       0x20 lib/lib.a(dup.o)
 .debug_aranges
                0x00000000000004c0       0x20 lib/lib.a(setsid.o)
 .debug_aranges
                0x00000000000004e0       0x20 lib/lib.a(execve.o)
 .debug_aranges
                0x0000000000000500       0x20 lib/lib.a(wait.o)
 .debug_aranges
                0x0000000000000520       0x20 lib/lib.a(string.o)
 .debug_aranges
                0x0000000000000540       0x20 lib/lib.a(getdents.o)

.debug_pubnames
 *(.debug_pubnames)

.debug_info     0x0000000000000000    0x1abd2
 *(.debug_info .gnu.linkonce.wi.*)
 .debug_info    0x0000000000000000      0xccf init/main.o
 .debug_info    0x0000000000000ccf     0x8c18 kernel/kernel.o
 .debug_info    0x00000000000098e7      0x4d6 mm/mm.o
 .debug_info    0x0000000000009dbd     0xe2d3 fs/fs.o
 .debug_info    0x0000000000018090       0x70 lib/lib.a(ctype.o)
 .debug_info    0x0000000000018100      0x3af lib/lib.a(_exit.o)
 .debug_info    0x00000000000184af      0x403 lib/lib.a(open.o)
 .debug_info    0x00000000000188b2      0x3ce lib/lib.a(close.o)
 .debug_info    0x0000000000018c80       0x3f lib/lib.a(errno.o)
 .debug_info    0x0000000000018cbf      0x400 lib/lib.a(write.o)
 .debug_info    0x00000000000190bf      0x3ce lib/lib.a(dup.o)
 .debug_info    0x000000000001948d      0x3cb lib/lib.a(setsid.o)
 .debug_info    0x0000000000019858      0x3fc lib/lib.a(execve.o)
 .debug_info    0x0000000000019c54      0x428 lib/lib.a(wait.o)
 .debug_info    0x000000000001a07c      0x705 lib/lib.a(string.o)
 .debug_info    0x000000000001a781      0x451 lib/lib.a(getdents.o)

.debug_abbrev   0x0000000000000000     0x453e
 *(.debug_abbrev)
 .debug_abbrev  0x0000000000000000      0x1d7 init/main.o
 .debug_abbrev  0x00000000000001d7     0x1816 kernel/kernel.o
 .debug_abbrev  0x00000000000019ed      0x1af mm/mm.o
 .debug_abbrev  0x0000000000001b9c     0x212e fs/fs.o
 .debug_abbrev  0x0000000000003cca       0x42 lib/lib.a(ctype.o)
 .debug_abbrev  0x0000000000003d0c       0xa3 lib/lib.a(_exit.o)
 .debug_abbrev  0x0000000000003daf       0xdc lib/lib.a(open.o)
 .debug_abbrev  0x0000000000003e8b       0xb4 lib/lib.a(close.o)
 .debug_abbrev  0x0000000000003f3f       0x30 lib/lib.a(errno.o)
 .debug_abbrev  0x0000000000003f6f       0xd7 lib/lib.a(write.o)
 .debug_abbrev  0x0000000000004046       0xb4 lib/lib.a(dup.o)
 .debug_abbrev  0x00000000000040fa       0xb2 lib/lib.a(setsid.o)
 .debug_abbrev  0x00000000000041ac       0xbb lib/lib.a(execve.o)
 .debug_abbrev  0x0000000000004267       0xd0 lib/lib.a(wait.o)
 .debug_abbrev  0x0000000000004337      0x128 lib/lib.a(string.o)
 .debug_abbrev  0x000000000000445f       0xdf lib/lib.a(getdents.o)

.debug_line     0x0000000000000000     0x3718
 *(.debug_line)
 .debug_line    0x0000000000000000      0x11e init/main.o
 .debug_line    0x000000000000011e     0x13ef kernel/kernel.o
 .debug_line    0x000000000000150d      0x122 mm/mm.o
 .debug_line    0x000000000000162f     0x1b86 fs/fs.o
 .debug_line    0x00000000000031b5       0x28 lib/lib.a(ctype.o)
 .debug_line    0x00000000000031dd       0x50 lib/lib.a(_exit.o)
 .debug_line    0x000000000000322d       0x76 lib/lib.a(open.o)
 .debug_line    0x00000000000032a3       0x6e lib/lib.a(close.o)
 .debug_line    0x0000000000003311       0x28 lib/lib.a(errno.o)
 .debug_line    0x0000000000003339       0x8c lib/lib.a(write.o)
 .debug_line    0x00000000000033c5       0x6c lib/lib.a(dup.o)
 .debug_line    0x0000000000003431       0x88 lib/lib.a(setsid.o)
 .debug_line    0x00000000000034b9       0x73 lib/lib.a(execve.o)
 .debug_line    0x000000000000352c       0x90 lib/lib.a(wait.o)
 .debug_line    0x00000000000035bc       0xc1 lib/lib.a(string.o)
 .debug_line    0x000000000000367d       0x9b lib/lib.a(getdents.o)

.debug_frame
 *(.debug_frame)

.debug_str      0x0000000000000000     0x1aba
 *(.debug_str)
 .debug_str     0x0000000000000000      0x3f8 init/main.o
                                        0x4a5 (size before relaxing)
 .debug_str     0x00000000000003f8      0xba3 kernel/kernel.o
                                       0x325c (size before relaxing)
 .debug_str     0x0000000000000f9b      0x126 mm/mm.o
                                        0x1c1 (size before relaxing)
 .debug_str     0x00000000000010c1      0x927 fs/fs.o
                                       0x53cd (size before relaxing)
 .debug_str     0x00000000000019e8       0x26 lib/lib.a(ctype.o)
                                         0x66 (size before relaxing)
 .debug_str     0x0000000000001a0e        0x8 lib/lib.a(_exit.o)
                                        0x284 (size before relaxing)
 .debug_str     0x0000000000000000        0x8 lib/lib.a(open.o)
                                        0x294 (size before relaxing)
 .debug_str     0x0000000000001a16        0x8 lib/lib.a(close.o)
                                        0x286 (size before relaxing)
 .debug_str     0x0000000000001a1e        0x8 lib/lib.a(errno.o)
                                         0x38 (size before relaxing)
 .debug_str     0x0000000000000000        0x8 lib/lib.a(write.o)
                                        0x292 (size before relaxing)
 .debug_str     0x0000000000001a26        0x6 lib/lib.a(dup.o)
                                        0x27e (size before relaxing)
 .debug_str     0x0000000000001a2c        0x9 lib/lib.a(setsid.o)
                                        0x28e (size before relaxing)
 .debug_str     0x0000000000001a35        0x9 lib/lib.a(execve.o)
                                        0x297 (size before relaxing)
 .debug_str     0x0000000000001a3e       0x11 lib/lib.a(wait.o)
                                        0x2a4 (size before relaxing)
 .debug_str     0x0000000000001a4f       0x6b lib/lib.a(string.o)
                                         0xec (size before relaxing)
 .debug_str     0x0000000000000000       0x6b lib/lib.a(getdents.o)
                                        0x2c0 (size before relaxing)

.debug_loc      0x0000000000000000     0xaa97
 *(.debug_loc)
 .debug_loc     0x0000000000000000      0x256 init/main.o
 .debug_loc     0x0000000000000256     0x3884 kernel/kernel.o
 .debug_loc     0x0000000000003ada      0x640 mm/mm.o
 .debug_loc     0x000000000000411a     0x6353 fs/fs.o
 .debug_loc     0x000000000000a46d       0x2c lib/lib.a(_exit.o)
 .debug_loc     0x000000000000a499       0x3f lib/lib.a(open.o)
 .debug_loc     0x000000000000a4d8       0x3f lib/lib.a(close.o)
 .debug_loc     0x000000000000a517       0x57 lib/lib.a(write.o)
 .debug_loc     0x000000000000a56e       0x3f lib/lib.a(dup.o)
 .debug_loc     0x000000000000a5ad       0x13 lib/lib.a(setsid.o)
 .debug_loc     0x000000000000a5c0       0x57 lib/lib.a(execve.o)
 .debug_loc     0x000000000000a617       0x83 lib/lib.a(wait.o)
 .debug_loc     0x000000000000a69a      0x3a6 lib/lib.a(string.o)
 .debug_loc     0x000000000000aa40       0x57 lib/lib.a(getdents.o)

.debug_macinfo
 *(.debug_macinfo)

.debug_weaknames
 *(.debug_weaknames)

.debug_funcnames
 *(.debug_funcnames)

.debug_typenames
 *(.debug_typenames)

.debug_varnames
 *(.debug_varnames)

.debug_pubtypes
 *(.debug_pubtypes)

.debug_ranges   0x0000000000000000      0x488
 *(.debug_ranges)
 .debug_ranges  0x0000000000000000      0x180 kernel/kernel.o
 .debug_ranges  0x0000000000000180      0x308 fs/fs.o

.gnu.attributes
 *(.gnu.attributes)

/DISCARD/
 *(.note.GNU-stack)
 *(.gnu_debuglink)
 *(.gnu.lto_*)
OUTPUT(tools/system elf32-i386)
