Archive member included because of file (symbol)

lib/lib.a(ctype.o)            kernel/kernel.o (_ctype)
lib/lib.a(_exit.o)            init/main.o (_exit)
lib/lib.a(open.o)             init/main.o (open)
lib/lib.a(close.o)            init/main.o (close)
lib/lib.a(errno.o)            init/main.o (errno)
lib/lib.a(write.o)            init/main.o (write)
lib/lib.a(dup.o)              init/main.o (dup)
lib/lib.a(setsid.o)           init/main.o (setsid)
lib/lib.a(execve.o)           init/main.o (execve)
lib/lib.a(wait.o)             init/main.o (wait)
lib/lib.a(string.o)           kernel/kernel.o (strcpy)
lib/lib.a(random.o)           kernel/kernel.o (rand)

Allocating common symbols
Common symbol       size              file

errno               0x4               lib/lib.a(errno.o)
hash_table          0x4cc             fs/fs.o
___strtok           0x4               lib/lib.a(string.o)
user_stack          0x1000            kernel/kernel.o
_ctmp               0x1               lib/lib.a(ctype.o)
super_block         0x340             fs/fs.o
file_table          0x400             fs/fs.o

Discarded input sections

 .note.GNU-stack
                0x0000000000000000        0x0 init/main.o
 .note.GNU-stack
                0x0000000000000000        0x0 kernel/kernel.o
 .note.GNU-stack
                0x0000000000000000        0x0 mm/mm.o
 .note.GNU-stack
                0x0000000000000000        0x0 fs/fs.o
 .note.GNU-stack
                0x0000000000000000        0x0 lib/lib.a(ctype.o)
 .note.GNU-stack
                0x0000000000000000        0x0 lib/lib.a(_exit.o)
 .note.GNU-stack
                0x0000000000000000        0x0 lib/lib.a(open.o)
 .note.GNU-stack
                0x0000000000000000        0x0 lib/lib.a(close.o)
 .note.GNU-stack
                0x0000000000000000        0x0 lib/lib.a(errno.o)
 .note.GNU-stack
                0x0000000000000000        0x0 lib/lib.a(write.o)
 .note.GNU-stack
                0x0000000000000000        0x0 lib/lib.a(dup.o)
 .note.GNU-stack
                0x0000000000000000        0x0 lib/lib.a(setsid.o)
 .note.GNU-stack
                0x0000000000000000        0x0 lib/lib.a(execve.o)
 .note.GNU-stack
                0x0000000000000000        0x0 lib/lib.a(wait.o)
 .note.GNU-stack
                0x0000000000000000        0x0 lib/lib.a(string.o)
 .note.GNU-stack
                0x0000000000000000        0x0 lib/lib.a(random.o)

Memory Configuration

Name             Origin             Length             Attributes
*default*        0x0000000000000000 0xffffffffffffffff

Linker script and memory map

Address of section .text set to 0x0
LOAD boot/head.o
LOAD init/main.o
LOAD kernel/kernel.o
LOAD mm/mm.o
LOAD fs/fs.o
LOAD lib/lib.a
                0x0000000008048000                PROVIDE (__executable_start, 0x8048000)
                0x0000000008048094                . = (0x8048000 + SIZEOF_HEADERS)

.interp
 *(.interp)

.note.gnu.build-id
 *(.note.gnu.build-id)

.hash
 *(.hash)

.gnu.hash
 *(.gnu.hash)

.dynsym
 *(.dynsym)

.dynstr
 *(.dynstr)

.gnu.version
 *(.gnu.version)

.gnu.version_d
 *(.gnu.version_d)

.gnu.version_r
 *(.gnu.version_r)

.rel.dyn        0x0000000008048094        0x0
 *(.rel.init)
 *(.rel.text .rel.text.* .rel.gnu.linkonce.t.*)
 .rel.text      0x0000000000000000        0x0 boot/head.o
 *(.rel.fini)
 *(.rel.rodata .rel.rodata.* .rel.gnu.linkonce.r.*)
 *(.rel.data.rel.ro* .rel.gnu.linkonce.d.rel.ro.*)
 *(.rel.data .rel.data.* .rel.gnu.linkonce.d.*)
 .rel.data      0x0000000000000000        0x0 boot/head.o
 *(.rel.tdata .rel.tdata.* .rel.gnu.linkonce.td.*)
 *(.rel.tbss .rel.tbss.* .rel.gnu.linkonce.tb.*)
 *(.rel.ctors)
 *(.rel.dtors)
 *(.rel.got)
 *(.rel.bss .rel.bss.* .rel.gnu.linkonce.b.*)
 *(.rel.ifunc)

.rel.plt        0x0000000008048094        0x0
 *(.rel.plt)
                0x0000000008048094                PROVIDE (__rel_iplt_start, .)
 *(.rel.iplt)
 .rel.iplt      0x0000000000000000        0x0 boot/head.o
                0x0000000008048094                PROVIDE (__rel_iplt_end, .)

.init
 *(.init)

.plt            0x00000000080480a0        0x0
 *(.plt)
 *(.iplt)
 .iplt          0x0000000000000000        0x0 boot/head.o

.text           0x0000000000000000     0xfe3b
 *(.text.unlikely .text.*_unlikely)
 *(.text.exit .text.exit.*)
 *(.text.startup .text.startup.*)
 *(.text.hot .text.hot.*)
 *(.text .stub .text.* .gnu.linkonce.t.*)
 .text          0x0000000000000000     0x5078 boot/head.o
                0x0000000000000000                startup_32
                0x0000000000000000                pg_dir
                0x0000000000004078                idt
                0x0000000000004878                gdt
 *fill*         0x0000000000005078        0x8 90909090
 .text          0x0000000000005080      0x370 init/main.o
                0x00000000000050c1                init
                0x0000000000005232                main
 .text          0x00000000000053f0     0x4fe7 kernel/kernel.o
                0x00000000000053f0                sys_alarm
                0x0000000000005417                sys_getpid
                0x0000000000005423                sys_getppid
                0x000000000000542f                sys_getuid
                0x000000000000543c                sys_geteuid
                0x0000000000005449                sys_getgid
                0x0000000000005456                sys_getegid
                0x0000000000005463                sys_nice
                0x000000000000547c                sys_signal
                0x00000000000054b9                math_state_restore
                0x00000000000054f0                schedule
                0x00000000000055e1                sys_pause
                0x00000000000055f7                sleep_on
                0x0000000000005651                interruptible_sleep_on
                0x00000000000056bb                wake_up
                0x00000000000056d7                do_timer
                0x000000000000571d                sched_init
                0x0000000000005844                system_call
                0x0000000000005936                timer_interrupt
                0x000000000000596e                sys_execve
                0x000000000000597c                sys_fork
                0x0000000000005994                hd_interrupt
                0x0000000000005b41                do_double_fault
                0x0000000000005b5a                do_general_protection
                0x0000000000005b73                do_divide_error
                0x0000000000005b8c                do_int3
                0x0000000000005c44                do_nmi
                0x0000000000005c5d                do_debug
                0x0000000000005c76                do_overflow
                0x0000000000005c8f                do_bounds
                0x0000000000005ca8                do_invalid_op
                0x0000000000005cc1                do_device_not_available
                0x0000000000005cda                do_coprocessor_segment_overrun
                0x0000000000005cf3                do_invalid_TSS
                0x0000000000005d0c                do_segment_not_present
                0x0000000000005d25                do_stack_segment
                0x0000000000005d3e                do_coprocessor_error
                0x0000000000005d57                do_reserved
                0x0000000000005d70                trap_init
                0x0000000000005f2c                divide_error
                0x0000000000005f61                debug
                0x0000000000005f68                nmi
                0x0000000000005f6f                int3
                0x0000000000005f76                overflow
                0x0000000000005f7d                bounds
                0x0000000000005f84                invalid_op
                0x0000000000005f93                device_not_available
                0x0000000000005fc0                coprocessor_segment_overrun
                0x0000000000005fca                reserved
                0x0000000000005fd4                coprocessor_error
                0x0000000000005fde                double_fault
                0x0000000000006015                invalid_TSS
                0x000000000000601c                segment_not_present
                0x0000000000006023                stack_segment
                0x000000000000602a                general_protection
                0x0000000000006034                verify_area
                0x0000000000006099                copy_mem
                0x000000000000618f                copy_process
                0x000000000000641e                find_empty_process
                0x0000000000006480                panic
                0x000000000000649c                printk
                0x0000000000006726                vsprintf
                0x0000000000006a90                tty_init
                0x0000000000006aa1                tty_intr
                0x0000000000006ae6                copy_to_cooked
                0x0000000000006d66                tty_read
                0x000000000000702c                tty_write
                0x0000000000007209                do_tty_interrupt
                0x0000000000007435                csi_m
                0x0000000000007490                con_write
                0x0000000000007dfa                con_init
                0x0000000000007e83                keyboard_interrupt
                0x0000000000008658                rs1_interrupt
                0x0000000000008660                rs2_interrupt
                0x0000000000008dc9                rw_hd
                0x0000000000008e72                sys_setup
                0x0000000000008f71                unexpected_hd_interrupt
                0x0000000000008f84                hd_init
                0x0000000000008ff4                sys_ftime
                0x0000000000008ffa                sys_mknod
                0x0000000000009000                sys_break
                0x0000000000009006                sys_mount
                0x000000000000900c                sys_umount
                0x0000000000009012                sys_ustat
                0x0000000000009018                sys_ptrace
                0x000000000000901e                sys_stty
                0x0000000000009024                sys_gtty
                0x000000000000902a                sys_rename
                0x0000000000009030                sys_prof
                0x0000000000009036                sys_setgid
                0x0000000000009093                sys_acct
                0x0000000000009099                sys_phys
                0x000000000000909f                sys_lock
                0x00000000000090a5                sys_mpx
                0x00000000000090ab                sys_ulimit
                0x00000000000090b1                sys_time
                0x0000000000009104                sys_setuid
                0x000000000000915d                sys_stime
                0x00000000000091aa                sys_times
                0x0000000000009203                sys_brk
                0x0000000000009236                sys_setpgid
                0x00000000000092ab                sys_getpgrp
                0x00000000000092b7                sys_setsid
                0x000000000000930c                sys_oldolduname
                0x0000000000009324                sys_uname
                0x0000000000009371                sys_umask
                0x000000000000938f                sys_null
                0x00000000000093b1                sys_keyset
                0x00000000000093f6                sys_keyclear
                0x000000000000941e                sys_keygen
                0x00000000000095b1                sys_encr
                0x0000000000009974                sys_decr
                0x0000000000009cb0                release
                0x0000000000009d0a                do_kill
                0x0000000000009f83                sys_kill
                0x0000000000009fb9                do_exit
                0x000000000000a14c                sys_exit
                0x000000000000a167                sys_waitpid
                0x000000000000a2ee                rs_init
                0x000000000000a346                rs_write
                0x000000000000a370                kernel_mktime
 *fill*         0x000000000000a3d7        0x1 90909090
 .text          0x000000000000a3d8      0x517 mm/mm.o
                0x000000000000a3d8                invalidate
                0x000000000000a3e1                copy_page
                0x000000000000a406                get_free_page
                0x000000000000a43e                free_page
                0x000000000000a49e                free_page_tables
                0x000000000000a54e                copy_page_tables
                0x000000000000a648                put_page
                0x000000000000a6f5                un_wp_page
                0x000000000000a785                do_wp_page
                0x000000000000a7b5                write_verify
                0x000000000000a7f4                do_no_page
                0x000000000000a824                calc_mem
                0x000000000000a8b8                page_fault
 *fill*         0x000000000000a8ef        0x1 90909090
 .text          0x000000000000a8f0     0x4f4c fs/fs.o
                0x000000000000a8f0                sys_utime
                0x000000000000a959                sys_access
                0x000000000000a9f0                sys_chdir
                0x000000000000aa53                sys_chroot
                0x000000000000aab6                sys_chmod
                0x000000000000ab4b                sys_chown
                0x000000000000abb2                sys_open
                0x000000000000ad46                sys_creat
                0x000000000000ad69                sys_close
                0x000000000000adf0                sys_lseek
                0x000000000000aeac                sys_read
                0x000000000000b007                sys_write
                0x000000000000b51b                sync_inodes
                0x000000000000b565                bmap
                0x000000000000b57e                create_block
                0x000000000000b597                iput
                0x000000000000b685                get_empty_inode
                0x000000000000b773                get_pipe_inode
                0x000000000000b7ba                iget
                0x000000000000b9a7                sys_sync
                0x000000000000ba0f                brelse
                0x000000000000ba61                get_hash_table
                0x000000000000bac0                getblk
                0x000000000000bd5f                bread
                0x000000000000bdb9                buffer_init
                0x000000000000be54                do_mount
                0x000000000000c05f                mount_root
                0x000000000000c1b0                block_write
                0x000000000000c293                block_read
                0x000000000000c36a                ll_rw_block
                0x000000000000c433                rw_char
                0x000000000000c4a4                file_read
                0x000000000000c64f                file_write
                0x000000000000c8ee                sys_stat
                0x000000000000c933                sys_lstat
                0x000000000000c94e                sys_fstat
                0x000000000000c991                sys_stat64
                0x000000000000c9d6                sys_fstat64
                0x000000000000ca19                sys_lstat64
                0x000000000000ca34                sys_oldstat
                0x000000000000ca4c                sys_oldfstat
                0x000000000000cb94                cp_block
                0x000000000000cbc9                is_valid_elf
                0x000000000000cc0e                read_file_block_ind
                0x000000000000cca3                read_file_block
                0x000000000000cda2                copy_section
                0x000000000000ce90                create_bss_section
                0x000000000000ceb6                load_elf_binary
                0x000000000000d0c1                do_execve
                0x000000000000d554                read_pipe
                0x000000000000d5ed                write_pipe
                0x000000000000d6e6                sys_pipe
                0x000000000000dd19                namei
                0x000000000000ddcf                open_namei
                0x000000000000e035                sys_mkdir
                0x000000000000e2ea                sys_rmdir
                0x000000000000e65c                sys_unlink
                0x000000000000e7f8                sys_link
                0x000000000000e9a0                free_block
                0x000000000000eadb                new_block
                0x000000000000ec5e                free_inode
                0x000000000000ed8a                new_inode
                0x000000000000ef6a                sys_dup2
                0x000000000000ef8a                sys_dup
                0x000000000000ef9a                sys_fcntl
                0x000000000000f057                sys_fcntl64
                0x000000000000f0ac                sys_ioctl
                0x000000000000f149                tty_ioctl
                0x000000000000f415                truncate
                0x000000000000f520                sys_getdents
                0x000000000000f6ae                sys_getdents64
 .text          0x000000000000f83c        0x0 lib/lib.a(ctype.o)
 .text          0x000000000000f83c        0xe lib/lib.a(_exit.o)
                0x000000000000f83c                _exit
 *fill*         0x000000000000f84a        0x2 90909090
 .text          0x000000000000f84c       0x3d lib/lib.a(open.o)
                0x000000000000f84c                open
 *fill*         0x000000000000f889        0x3 90909090
 .text          0x000000000000f88c       0x23 lib/lib.a(close.o)
                0x000000000000f88c                close
 *fill*         0x000000000000f8af        0x1 90909090
 .text          0x000000000000f8b0        0x0 lib/lib.a(errno.o)
 .text          0x000000000000f8b0       0x3d lib/lib.a(write.o)
                0x000000000000f8b0                write
 *fill*         0x000000000000f8ed        0x3 90909090
 .text          0x000000000000f8f0       0x23 lib/lib.a(dup.o)
                0x000000000000f8f0                dup
 *fill*         0x000000000000f913        0x1 90909090
 .text          0x000000000000f914       0x1e lib/lib.a(setsid.o)
                0x000000000000f914                setsid
 *fill*         0x000000000000f932        0x2 90909090
 .text          0x000000000000f934       0x3d lib/lib.a(execve.o)
                0x000000000000f934                execve
 *fill*         0x000000000000f971        0x3 90909090
 .text          0x000000000000f974       0x60 lib/lib.a(wait.o)
                0x000000000000f974                waitpid
                0x000000000000f9b1                wait
 .text          0x000000000000f9d4      0x421 lib/lib.a(string.o)
                0x000000000000f9d4                strcpy
                0x000000000000f9fc                strncpy
                0x000000000000fa2d                strcat
                0x000000000000fa62                strncat
                0x000000000000faa1                strcmp
                0x000000000000facf                strncmp
                0x000000000000fb04                strchr
                0x000000000000fb22                strrchr
                0x000000000000fb43                strspn
                0x000000000000fb90                strcspn
                0x000000000000fbdd                strpbrk
                0x000000000000fc22                strstr
                0x000000000000fc67                strlen
                0x000000000000fc80                strtok
                0x000000000000fd11                memcpy
                0x000000000000fd37                memmove
                0x000000000000fd85                memcmp
                0x000000000000fdb9                memchr
                0x000000000000fddf                memset
 *fill*         0x000000000000fdf5        0x3 90909090
 .text          0x000000000000fdf8       0x43 lib/lib.a(random.o)
                0x000000000000fdf8                rand
 *(.gnu.warning)

.fini
 *(.fini)
                0x000000000000fe3b                PROVIDE (__etext, .)
                0x000000000000fe3b                PROVIDE (_etext, .)
                0x000000000000fe3b                PROVIDE (etext, .)

.rodata         0x000000000000fe40     0x1064
 *(.rodata .rodata.* .gnu.linkonce.r.*)
 .rodata.str1.1
                0x000000000000fe40       0x68 init/main.o
 .rodata.str1.4
                0x000000000000fea8       0x25 init/main.o
 *fill*         0x000000000000fecd       0x13 00
 .rodata        0x000000000000fee0      0x270 kernel/kernel.o
 .rodata.str1.1
                0x0000000000010150      0x286 kernel/kernel.o
                                        0x290 (size before relaxing)
 *fill*         0x00000000000103d6        0x2 00
 .rodata.str1.4
                0x00000000000103d8      0x248 kernel/kernel.o
 .rodata.str1.4
                0x0000000000010620       0xe9 mm/mm.o
 .rodata.str1.1
                0x0000000000010709       0x68 mm/mm.o
 *fill*         0x0000000000010771        0xf 00
 .rodata        0x0000000000010780       0xc4 fs/fs.o
 .rodata.str1.1
                0x0000000000010844      0x32c fs/fs.o
                                        0x332 (size before relaxing)
 .rodata.str1.4
                0x0000000000010b70      0x334 fs/fs.o

.rodata1
 *(.rodata1)

.eh_frame_hdr
 *(.eh_frame_hdr)

.eh_frame       0x0000000000010ea4     0x2234
 *(.eh_frame)
 .eh_frame      0x0000000000010ea4       0x74 init/main.o
 .eh_frame      0x0000000000010f18      0xd9c kernel/kernel.o
                                        0xed4 (size before relaxing)
 .eh_frame      0x0000000000011cb4      0x1a8 mm/mm.o
                                        0x1c0 (size before relaxing)
 .eh_frame      0x0000000000011e5c      0xf0c fs/fs.o
                                       0x10bc (size before relaxing)
 .eh_frame      0x0000000000012d68       0x1c lib/lib.a(_exit.o)
                                         0x34 (size before relaxing)
 .eh_frame      0x0000000000012d84       0x20 lib/lib.a(open.o)
                                         0x38 (size before relaxing)
 .eh_frame      0x0000000000012da4       0x1c lib/lib.a(close.o)
                                         0x34 (size before relaxing)
 .eh_frame      0x0000000000012dc0       0x20 lib/lib.a(write.o)
                                         0x38 (size before relaxing)
 .eh_frame      0x0000000000012de0       0x1c lib/lib.a(dup.o)
                                         0x34 (size before relaxing)
 .eh_frame      0x0000000000012dfc       0x14 lib/lib.a(setsid.o)
                                         0x2c (size before relaxing)
 .eh_frame      0x0000000000012e10       0x20 lib/lib.a(execve.o)
                                         0x38 (size before relaxing)
 .eh_frame      0x0000000000012e30       0x38 lib/lib.a(wait.o)
                                         0x50 (size before relaxing)
 .eh_frame      0x0000000000012e68      0x25c lib/lib.a(string.o)
                                        0x274 (size before relaxing)
 .eh_frame      0x00000000000130c4       0x14 lib/lib.a(random.o)
                                         0x2c (size before relaxing)

.gcc_except_table
 *(.gcc_except_table .gcc_except_table.*)

.exception_ranges
 *(.exception_ranges .exception_ranges*)
                0x00000000000130d8                . = (ALIGN (0x1000) - ((0x1000 - .) & 0xfff))
                0x00000000000140d8                . = DATA_SEGMENT_ALIGN (0x1000, 0x1000)

.eh_frame
 *(.eh_frame)

.gcc_except_table
 *(.gcc_except_table .gcc_except_table.*)

.exception_ranges
 *(.exception_ranges .exception_ranges*)

.tdata
 *(.tdata .tdata.* .gnu.linkonce.td.*)

.tbss
 *(.tbss .tbss.* .gnu.linkonce.tb.*)
 *(.tcommon)

.preinit_array  0x00000000000140d8        0x0
                0x00000000000140d8                PROVIDE (__preinit_array_start, .)
 *(.preinit_array)
                0x00000000000140d8                PROVIDE (__preinit_array_end, .)

.init_array     0x00000000000140d8        0x0
                0x00000000000140d8                PROVIDE (__init_array_start, .)
 *(SORT(.init_array.*) SORT(.ctors.*))
 *(.init_array)
 *(EXCLUDE_FILE(*crtend?.o *crtend.o *crtbegin?.o *crtbegin.o) .ctors)
                0x00000000000140d8                PROVIDE (__init_array_end, .)

.fini_array     0x00000000000140d8        0x0
                0x00000000000140d8                PROVIDE (__fini_array_start, .)
 *(SORT(.fini_array.*) SORT(.dtors.*))
 *(.fini_array)
 *(EXCLUDE_FILE(*crtend?.o *crtend.o *crtbegin?.o *crtbegin.o) .dtors)
                0x00000000000140d8                PROVIDE (__fini_array_end, .)

.ctors
 *crtbegin.o(.ctors)
 *crtbegin?.o(.ctors)
 *(EXCLUDE_FILE(*crtend?.o *crtend.o) .ctors)
 *(SORT(.ctors.*))
 *(.ctors)

.dtors
 *crtbegin.o(.dtors)
 *crtbegin?.o(.dtors)
 *(EXCLUDE_FILE(*crtend?.o *crtend.o) .dtors)
 *(SORT(.dtors.*))
 *(.dtors)

.jcr
 *(.jcr)

.data.rel.ro
 *(.data.rel.ro.local* .gnu.linkonce.d.rel.ro.local.*)
 *(.data.rel.ro* .gnu.linkonce.d.rel.ro.*)

.dynamic
 *(.dynamic)

.got
 *(.got)
 *(.igot)
                0x00000000000140d8                . = DATA_SEGMENT_RELRO_END (., 0xc)

.got.plt        0x00000000000140d8        0x0
 *(.got.plt)
 *(.igot.plt)
 .igot.plt      0x0000000000000000        0x0 boot/head.o

.data           0x00000000000140e0     0x3e64
 *(.data .data.* .gnu.linkonce.d.*)
 .data          0x00000000000140e0        0x0 boot/head.o
 .data          0x00000000000140e0       0x18 init/main.o
 *fill*         0x00000000000140f8        0x8 00
 .data          0x0000000000014100     0x3d2c kernel/kernel.o
                0x0000000000014100                stack_start
                0x0000000000014120                task
                0x0000000000014220                current
                0x0000000000014240                sys_call_table
                0x0000000000015740                table_list
                0x0000000000015760                tty_table
 .data          0x0000000000017e2c        0x0 mm/mm.o
 .data          0x0000000000017e2c        0x4 fs/fs.o
                0x0000000000017e2c                start_buffer
 *fill*         0x0000000000017e30       0x10 00
 .data          0x0000000000017e40      0x101 lib/lib.a(ctype.o)
                0x0000000000017e40                _ctype
 *fill*         0x0000000000017f41        0x3 00
 .data          0x0000000000017f44        0x0 lib/lib.a(_exit.o)
 .data          0x0000000000017f44        0x0 lib/lib.a(open.o)
 .data          0x0000000000017f44        0x0 lib/lib.a(close.o)
 .data          0x0000000000017f44        0x0 lib/lib.a(errno.o)
 .data          0x0000000000017f44        0x0 lib/lib.a(write.o)
 .data          0x0000000000017f44        0x0 lib/lib.a(dup.o)
 .data          0x0000000000017f44        0x0 lib/lib.a(setsid.o)
 .data          0x0000000000017f44        0x0 lib/lib.a(execve.o)
 .data          0x0000000000017f44        0x0 lib/lib.a(wait.o)
 .data          0x0000000000017f44        0x0 lib/lib.a(string.o)
 .data          0x0000000000017f44        0x0 lib/lib.a(random.o)

.data1
 *(.data1)
                0x0000000000017f44                _edata = .
                0x0000000000017f44                PROVIDE (edata, .)
                0x0000000000017f44                __bss_start = .

.bss            0x0000000000017f60     0x3f4c
 *(.dynbss)
 *(.bss .bss.* .gnu.linkonce.b.*)
 .bss           0x0000000000017f60        0x0 boot/head.o
 .bss           0x0000000000017f60      0x400 init/main.o
 .bss           0x0000000000018360      0xbe4 kernel/kernel.o
                0x0000000000018360                last_task_used_math
                0x0000000000018364                startup_time
                0x0000000000018368                jiffies
                0x000000000001836c                last_pid
                0x0000000000018820                do_hd
 *fill*         0x0000000000018f44       0x1c 00
 .bss           0x0000000000018f60      0xc00 mm/mm.o
 .bss           0x0000000000019b60      0x710 fs/fs.o
                0x0000000000019b60                inode_table
                0x000000000001a264                nr_buffers
 .bss           0x000000000001a270        0x0 lib/lib.a(ctype.o)
 .bss           0x000000000001a270        0x0 lib/lib.a(_exit.o)
 .bss           0x000000000001a270        0x0 lib/lib.a(open.o)
 .bss           0x000000000001a270        0x0 lib/lib.a(close.o)
 .bss           0x000000000001a270        0x0 lib/lib.a(errno.o)
 .bss           0x000000000001a270        0x0 lib/lib.a(write.o)
 .bss           0x000000000001a270        0x0 lib/lib.a(dup.o)
 .bss           0x000000000001a270        0x0 lib/lib.a(setsid.o)
 .bss           0x000000000001a270        0x0 lib/lib.a(execve.o)
 .bss           0x000000000001a270        0x0 lib/lib.a(wait.o)
 .bss           0x000000000001a270        0x0 lib/lib.a(string.o)
 .bss           0x000000000001a270        0x4 lib/lib.a(random.o)
 *(COMMON)
 *fill*         0x000000000001a274        0xc 00
 COMMON         0x000000000001a280     0x1000 kernel/kernel.o
                0x000000000001a280                user_stack
 COMMON         0x000000000001b280      0xc20 fs/fs.o
                0x000000000001b280                hash_table
                0x000000000001b760                super_block
                0x000000000001baa0                file_table
 COMMON         0x000000000001bea0        0x1 lib/lib.a(ctype.o)
                0x000000000001bea0                _ctmp
 *fill*         0x000000000001bea1        0x3 00
 COMMON         0x000000000001bea4        0x4 lib/lib.a(errno.o)
                0x000000000001bea4                errno
 COMMON         0x000000000001bea8        0x4 lib/lib.a(string.o)
                0x000000000001bea8                ___strtok
                0x000000000001beac                . = ALIGN ((. != 0x0)?0x4:0x1)
                0x000000000001beac                . = ALIGN (0x4)
                0x000000000001beac                . = ALIGN (0x4)
                0x000000000001beac                _end = .
                0x000000000001beac                PROVIDE (end, .)
                0x000000000001beac                . = DATA_SEGMENT_END (.)

.stab
 *(.stab)

.stabstr
 *(.stabstr)

.stab.excl
 *(.stab.excl)

.stab.exclstr
 *(.stab.exclstr)

.stab.index
 *(.stab.index)

.stab.indexstr
 *(.stab.indexstr)

.comment        0x0000000000000000       0x2a
 *(.comment)
 .comment       0x0000000000000000       0x2a init/main.o
                                         0x2b (size before relaxing)
 .comment       0x0000000000000000      0x22f kernel/kernel.o
 .comment       0x0000000000000000       0x2b mm/mm.o
 .comment       0x0000000000000000      0x331 fs/fs.o
 .comment       0x0000000000000000       0x2b lib/lib.a(ctype.o)
 .comment       0x0000000000000000       0x2b lib/lib.a(_exit.o)
 .comment       0x0000000000000000       0x2b lib/lib.a(open.o)
 .comment       0x0000000000000000       0x2b lib/lib.a(close.o)
 .comment       0x0000000000000000       0x2b lib/lib.a(errno.o)
 .comment       0x0000000000000000       0x2b lib/lib.a(write.o)
 .comment       0x0000000000000000       0x2b lib/lib.a(dup.o)
 .comment       0x0000000000000000       0x2b lib/lib.a(setsid.o)
 .comment       0x0000000000000000       0x2b lib/lib.a(execve.o)
 .comment       0x0000000000000000       0x2b lib/lib.a(wait.o)
 .comment       0x0000000000000000       0x2b lib/lib.a(string.o)
 .comment       0x0000000000000000       0x2b lib/lib.a(random.o)

.debug
 *(.debug)

.line
 *(.line)

.debug_srcinfo
 *(.debug_srcinfo)

.debug_sfnames
 *(.debug_sfnames)

.debug_aranges  0x0000000000000000      0x560
 *(.debug_aranges)
 .debug_aranges
                0x0000000000000000       0x20 init/main.o
 .debug_aranges
                0x0000000000000020      0x1a0 kernel/kernel.o
 .debug_aranges
                0x00000000000001c0       0x20 mm/mm.o
 .debug_aranges
                0x00000000000001e0      0x240 fs/fs.o
 .debug_aranges
                0x0000000000000420       0x20 lib/lib.a(_exit.o)
 .debug_aranges
                0x0000000000000440       0x20 lib/lib.a(open.o)
 .debug_aranges
                0x0000000000000460       0x20 lib/lib.a(close.o)
 .debug_aranges
                0x0000000000000480       0x20 lib/lib.a(write.o)
 .debug_aranges
                0x00000000000004a0       0x20 lib/lib.a(dup.o)
 .debug_aranges
                0x00000000000004c0       0x20 lib/lib.a(setsid.o)
 .debug_aranges
                0x00000000000004e0       0x20 lib/lib.a(execve.o)
 .debug_aranges
                0x0000000000000500       0x20 lib/lib.a(wait.o)
 .debug_aranges
                0x0000000000000520       0x20 lib/lib.a(string.o)
 .debug_aranges
                0x0000000000000540       0x20 lib/lib.a(random.o)

.debug_pubnames
 *(.debug_pubnames)

.debug_info     0x0000000000000000    0x1a73c
 *(.debug_info .gnu.linkonce.wi.*)
 .debug_info    0x0000000000000000      0xccf init/main.o
 .debug_info    0x0000000000000ccf     0x8b5e kernel/kernel.o
 .debug_info    0x000000000000982d      0x4d6 mm/mm.o
 .debug_info    0x0000000000009d03     0xe2d3 fs/fs.o
 .debug_info    0x0000000000017fd6       0x70 lib/lib.a(ctype.o)
 .debug_info    0x0000000000018046      0x3af lib/lib.a(_exit.o)
 .debug_info    0x00000000000183f5      0x403 lib/lib.a(open.o)
 .debug_info    0x00000000000187f8      0x3ce lib/lib.a(close.o)
 .debug_info    0x0000000000018bc6       0x3f lib/lib.a(errno.o)
 .debug_info    0x0000000000018c05      0x400 lib/lib.a(write.o)
 .debug_info    0x0000000000019005      0x3ce lib/lib.a(dup.o)
 .debug_info    0x00000000000193d3      0x3cb lib/lib.a(setsid.o)
 .debug_info    0x000000000001979e      0x3fc lib/lib.a(execve.o)
 .debug_info    0x0000000000019b9a      0x428 lib/lib.a(wait.o)
 .debug_info    0x0000000000019fc2      0x705 lib/lib.a(string.o)
 .debug_info    0x000000000001a6c7       0x75 lib/lib.a(random.o)

.debug_abbrev   0x0000000000000000     0x44b7
 *(.debug_abbrev)
 .debug_abbrev  0x0000000000000000      0x1d7 init/main.o
 .debug_abbrev  0x00000000000001d7     0x1808 kernel/kernel.o
 .debug_abbrev  0x00000000000019df      0x1af mm/mm.o
 .debug_abbrev  0x0000000000001b8e     0x212e fs/fs.o
 .debug_abbrev  0x0000000000003cbc       0x42 lib/lib.a(ctype.o)
 .debug_abbrev  0x0000000000003cfe       0xa3 lib/lib.a(_exit.o)
 .debug_abbrev  0x0000000000003da1       0xdc lib/lib.a(open.o)
 .debug_abbrev  0x0000000000003e7d       0xb4 lib/lib.a(close.o)
 .debug_abbrev  0x0000000000003f31       0x30 lib/lib.a(errno.o)
 .debug_abbrev  0x0000000000003f61       0xd7 lib/lib.a(write.o)
 .debug_abbrev  0x0000000000004038       0xb4 lib/lib.a(dup.o)
 .debug_abbrev  0x00000000000040ec       0xb2 lib/lib.a(setsid.o)
 .debug_abbrev  0x000000000000419e       0xbb lib/lib.a(execve.o)
 .debug_abbrev  0x0000000000004259       0xd0 lib/lib.a(wait.o)
 .debug_abbrev  0x0000000000004329      0x128 lib/lib.a(string.o)
 .debug_abbrev  0x0000000000004451       0x66 lib/lib.a(random.o)

.debug_line     0x0000000000000000     0x37a0
 *(.debug_line)
 .debug_line    0x0000000000000000      0x11e init/main.o
 .debug_line    0x000000000000011e     0x14d5 kernel/kernel.o
 .debug_line    0x00000000000015f3      0x122 mm/mm.o
 .debug_line    0x0000000000001715     0x1b86 fs/fs.o
 .debug_line    0x000000000000329b       0x28 lib/lib.a(ctype.o)
 .debug_line    0x00000000000032c3       0x50 lib/lib.a(_exit.o)
 .debug_line    0x0000000000003313       0x76 lib/lib.a(open.o)
 .debug_line    0x0000000000003389       0x6e lib/lib.a(close.o)
 .debug_line    0x00000000000033f7       0x28 lib/lib.a(errno.o)
 .debug_line    0x000000000000341f       0x8c lib/lib.a(write.o)
 .debug_line    0x00000000000034ab       0x6c lib/lib.a(dup.o)
 .debug_line    0x0000000000003517       0x88 lib/lib.a(setsid.o)
 .debug_line    0x000000000000359f       0x73 lib/lib.a(execve.o)
 .debug_line    0x0000000000003612       0x90 lib/lib.a(wait.o)
 .debug_line    0x00000000000036a2       0xc1 lib/lib.a(string.o)
 .debug_line    0x0000000000003763       0x3d lib/lib.a(random.o)

.debug_frame
 *(.debug_frame)

.debug_str      0x0000000000000000     0x1a39
 *(.debug_str)
 .debug_str     0x0000000000000000      0x3f8 init/main.o
                                        0x4a5 (size before relaxing)
 .debug_str     0x00000000000003f8      0xafa kernel/kernel.o
                                       0x3164 (size before relaxing)
 .debug_str     0x0000000000000ef2      0x126 mm/mm.o
                                        0x1c1 (size before relaxing)
 .debug_str     0x0000000000001018      0x941 fs/fs.o
                                       0x53cd (size before relaxing)
 .debug_str     0x0000000000001959       0x26 lib/lib.a(ctype.o)
                                         0x66 (size before relaxing)
 .debug_str     0x000000000000197f        0x8 lib/lib.a(_exit.o)
                                        0x284 (size before relaxing)
 .debug_str     0x0000000000000000        0x8 lib/lib.a(open.o)
                                        0x294 (size before relaxing)
 .debug_str     0x0000000000001987        0x8 lib/lib.a(close.o)
                                        0x286 (size before relaxing)
 .debug_str     0x000000000000198f        0x8 lib/lib.a(errno.o)
                                         0x38 (size before relaxing)
 .debug_str     0x0000000000000000        0x8 lib/lib.a(write.o)
                                        0x292 (size before relaxing)
 .debug_str     0x0000000000001997        0x6 lib/lib.a(dup.o)
                                        0x27e (size before relaxing)
 .debug_str     0x000000000000199d        0x9 lib/lib.a(setsid.o)
                                        0x28e (size before relaxing)
 .debug_str     0x00000000000019a6        0x9 lib/lib.a(execve.o)
                                        0x297 (size before relaxing)
 .debug_str     0x00000000000019af       0x11 lib/lib.a(wait.o)
                                        0x2a4 (size before relaxing)
 .debug_str     0x00000000000019c0       0x6b lib/lib.a(string.o)
                                         0xec (size before relaxing)
 .debug_str     0x0000000000001a2b        0xe lib/lib.a(random.o)
                                         0x60 (size before relaxing)

.debug_loc      0x0000000000000000     0xadd4
 *(.debug_loc)
 .debug_loc     0x0000000000000000      0x256 init/main.o
 .debug_loc     0x0000000000000256     0x3c18 kernel/kernel.o
 .debug_loc     0x0000000000003e6e      0x640 mm/mm.o
 .debug_loc     0x00000000000044ae     0x6353 fs/fs.o
 .debug_loc     0x000000000000a801       0x2c lib/lib.a(_exit.o)
 .debug_loc     0x000000000000a82d       0x3f lib/lib.a(open.o)
 .debug_loc     0x000000000000a86c       0x3f lib/lib.a(close.o)
 .debug_loc     0x000000000000a8ab       0x57 lib/lib.a(write.o)
 .debug_loc     0x000000000000a902       0x3f lib/lib.a(dup.o)
 .debug_loc     0x000000000000a941       0x13 lib/lib.a(setsid.o)
 .debug_loc     0x000000000000a954       0x57 lib/lib.a(execve.o)
 .debug_loc     0x000000000000a9ab       0x83 lib/lib.a(wait.o)
 .debug_loc     0x000000000000aa2e      0x3a6 lib/lib.a(string.o)

.debug_macinfo
 *(.debug_macinfo)

.debug_weaknames
 *(.debug_weaknames)

.debug_funcnames
 *(.debug_funcnames)

.debug_typenames
 *(.debug_typenames)

.debug_varnames
 *(.debug_varnames)

.debug_pubtypes
 *(.debug_pubtypes)

.debug_ranges   0x0000000000000000      0x428
 *(.debug_ranges)
 .debug_ranges  0x0000000000000000      0x120 kernel/kernel.o
 .debug_ranges  0x0000000000000120      0x308 fs/fs.o

.gnu.attributes
 *(.gnu.attributes)

/DISCARD/
 *(.note.GNU-stack)
 *(.gnu_debuglink)
 *(.gnu.lto_*)
OUTPUT(tools/system elf32-i386)
