Archive member included because of file (symbol)

lib/lib.a(ctype.o)            kernel/kernel.o (_ctype)
lib/lib.a(_exit.o)            init/main.o (_exit)
lib/lib.a(open.o)             init/main.o (open)
lib/lib.a(close.o)            init/main.o (close)
lib/lib.a(errno.o)            init/main.o (errno)
lib/lib.a(write.o)            init/main.o (write)
lib/lib.a(dup.o)              init/main.o (dup)
lib/lib.a(setsid.o)           init/main.o (setsid)
lib/lib.a(execve.o)           init/main.o (execve)
lib/lib.a(wait.o)             init/main.o (wait)
lib/lib.a(string.o)           kernel/kernel.o (memcpy)
lib/lib.a(getdents.o)         kernel/kernel.o (getdents)

Allocating common symbols
Common symbol       size              file

errno               0x4               lib/lib.a(errno.o)
hash_table          0x4cc             fs/fs.o
___strtok           0x4               lib/lib.a(string.o)
user_stack          0x1000            kernel/kernel.o
_ctmp               0x1               lib/lib.a(ctype.o)
super_block         0x340             fs/fs.o
file_table          0x400             fs/fs.o

Discarded input sections

 .note.GNU-stack
                0x0000000000000000        0x0 init/main.o
 .note.GNU-stack
                0x0000000000000000        0x0 kernel/kernel.o
 .note.GNU-stack
                0x0000000000000000        0x0 mm/mm.o
 .note.GNU-stack
                0x0000000000000000        0x0 fs/fs.o
 .note.GNU-stack
                0x0000000000000000        0x0 lib/lib.a(ctype.o)
 .note.GNU-stack
                0x0000000000000000        0x0 lib/lib.a(_exit.o)
 .note.GNU-stack
                0x0000000000000000        0x0 lib/lib.a(open.o)
 .note.GNU-stack
                0x0000000000000000        0x0 lib/lib.a(close.o)
 .note.GNU-stack
                0x0000000000000000        0x0 lib/lib.a(errno.o)
 .note.GNU-stack
                0x0000000000000000        0x0 lib/lib.a(write.o)
 .note.GNU-stack
                0x0000000000000000        0x0 lib/lib.a(dup.o)
 .note.GNU-stack
                0x0000000000000000        0x0 lib/lib.a(setsid.o)
 .note.GNU-stack
                0x0000000000000000        0x0 lib/lib.a(execve.o)
 .note.GNU-stack
                0x0000000000000000        0x0 lib/lib.a(wait.o)
 .note.GNU-stack
                0x0000000000000000        0x0 lib/lib.a(string.o)
 .note.GNU-stack
                0x0000000000000000        0x0 lib/lib.a(getdents.o)

Memory Configuration

Name             Origin             Length             Attributes
*default*        0x0000000000000000 0xffffffffffffffff

Linker script and memory map

Address of section .text set to 0x0
LOAD boot/head.o
LOAD init/main.o
LOAD kernel/kernel.o
LOAD mm/mm.o
LOAD fs/fs.o
LOAD lib/lib.a
                0x0000000008048000                PROVIDE (__executable_start, 0x8048000)
                0x0000000008048094                . = (0x8048000 + SIZEOF_HEADERS)

.interp
 *(.interp)

.note.gnu.build-id
 *(.note.gnu.build-id)

.hash
 *(.hash)

.gnu.hash
 *(.gnu.hash)

.dynsym
 *(.dynsym)

.dynstr
 *(.dynstr)

.gnu.version
 *(.gnu.version)

.gnu.version_d
 *(.gnu.version_d)

.gnu.version_r
 *(.gnu.version_r)

.rel.dyn        0x0000000008048094        0x0
 *(.rel.init)
 *(.rel.text .rel.text.* .rel.gnu.linkonce.t.*)
 .rel.text      0x0000000000000000        0x0 boot/head.o
 *(.rel.fini)
 *(.rel.rodata .rel.rodata.* .rel.gnu.linkonce.r.*)
 *(.rel.data.rel.ro* .rel.gnu.linkonce.d.rel.ro.*)
 *(.rel.data .rel.data.* .rel.gnu.linkonce.d.*)
 .rel.data      0x0000000000000000        0x0 boot/head.o
 *(.rel.tdata .rel.tdata.* .rel.gnu.linkonce.td.*)
 *(.rel.tbss .rel.tbss.* .rel.gnu.linkonce.tb.*)
 *(.rel.ctors)
 *(.rel.dtors)
 *(.rel.got)
 *(.rel.bss .rel.bss.* .rel.gnu.linkonce.b.*)
 *(.rel.ifunc)

.rel.plt        0x0000000008048094        0x0
 *(.rel.plt)
                0x0000000008048094                PROVIDE (__rel_iplt_start, .)
 *(.rel.iplt)
 .rel.iplt      0x0000000000000000        0x0 boot/head.o
                0x0000000008048094                PROVIDE (__rel_iplt_end, .)

.init
 *(.init)

.plt            0x00000000080480a0        0x0
 *(.plt)
 *(.iplt)
 .iplt          0x0000000000000000        0x0 boot/head.o

.text           0x0000000000000000     0xfca5
 *(.text.unlikely .text.*_unlikely)
 *(.text.exit .text.exit.*)
 *(.text.startup .text.startup.*)
 *(.text.hot .text.hot.*)
 *(.text .stub .text.* .gnu.linkonce.t.*)
 .text          0x0000000000000000     0x5078 boot/head.o
                0x0000000000000000                startup_32
                0x0000000000000000                pg_dir
                0x0000000000004078                idt
                0x0000000000004878                gdt
 *fill*         0x0000000000005078        0x8 90909090
 .text          0x0000000000005080      0x370 init/main.o
                0x00000000000050c1                init
                0x0000000000005232                main
 .text          0x00000000000053f0     0x4e57 kernel/kernel.o
                0x00000000000053f0                sys_alarm
                0x0000000000005417                sys_getpid
                0x0000000000005423                sys_getppid
                0x000000000000542f                sys_getuid
                0x000000000000543c                sys_geteuid
                0x0000000000005449                sys_getgid
                0x0000000000005456                sys_getegid
                0x0000000000005463                sys_nice
                0x000000000000547c                sys_signal
                0x00000000000054b9                math_state_restore
                0x00000000000054f0                schedule
                0x00000000000055e1                sys_pause
                0x00000000000055f7                sleep_on
                0x0000000000005651                interruptible_sleep_on
                0x00000000000056bb                wake_up
                0x00000000000056d7                do_timer
                0x000000000000571d                sched_init
                0x0000000000005844                system_call
                0x0000000000005936                timer_interrupt
                0x000000000000596e                sys_execve
                0x000000000000597c                sys_fork
                0x0000000000005994                hd_interrupt
                0x0000000000005b41                do_double_fault
                0x0000000000005b5a                do_general_protection
                0x0000000000005b73                do_divide_error
                0x0000000000005b8c                do_int3
                0x0000000000005c44                do_nmi
                0x0000000000005c5d                do_debug
                0x0000000000005c76                do_overflow
                0x0000000000005c8f                do_bounds
                0x0000000000005ca8                do_invalid_op
                0x0000000000005cc1                do_device_not_available
                0x0000000000005cda                do_coprocessor_segment_overrun
                0x0000000000005cf3                do_invalid_TSS
                0x0000000000005d0c                do_segment_not_present
                0x0000000000005d25                do_stack_segment
                0x0000000000005d3e                do_coprocessor_error
                0x0000000000005d57                do_reserved
                0x0000000000005d70                trap_init
                0x0000000000005f2c                divide_error
                0x0000000000005f61                debug
                0x0000000000005f68                nmi
                0x0000000000005f6f                int3
                0x0000000000005f76                overflow
                0x0000000000005f7d                bounds
                0x0000000000005f84                invalid_op
                0x0000000000005f93                device_not_available
                0x0000000000005fc0                coprocessor_segment_overrun
                0x0000000000005fca                reserved
                0x0000000000005fd4                coprocessor_error
                0x0000000000005fde                double_fault
                0x0000000000006015                invalid_TSS
                0x000000000000601c                segment_not_present
                0x0000000000006023                stack_segment
                0x000000000000602a                general_protection
                0x0000000000006034                verify_area
                0x0000000000006099                copy_mem
                0x000000000000618f                copy_process
                0x000000000000641e                find_empty_process
                0x0000000000006480                panic
                0x000000000000649c                printk
                0x0000000000006726                vsprintf
                0x0000000000006a90                tty_init
                0x0000000000006aa1                tty_intr
                0x0000000000006ae6                copy_to_cooked
                0x0000000000006d66                tty_read
                0x000000000000702c                tty_write
                0x0000000000007209                do_tty_interrupt
                0x0000000000007230                draw_square
                0x0000000000007760                list_path
                0x0000000000007871                c_mode
                0x00000000000078a7                a_mode_on
                0x00000000000078b5                a_mode_off
                0x00000000000078c3                e_mode
                0x00000000000078ee                copy_row
                0x000000000000795c                go_up
                0x0000000000007991                go_down
                0x00000000000079ca                go_left
                0x0000000000007a02                go_right
                0x0000000000007a54                add_char
                0x0000000000007abc                dump
                0x0000000000007ae6                csi_m
                0x0000000000007b41                con_write
                0x00000000000084fa                con_init
                0x0000000000008583                keyboard_interrupt
                0x0000000000008dbc                rs1_interrupt
                0x0000000000008dc4                rs2_interrupt
                0x0000000000009529                rw_hd
                0x00000000000095d2                sys_setup
                0x00000000000096d1                unexpected_hd_interrupt
                0x00000000000096e4                hd_init
                0x0000000000009754                sys_ftime
                0x000000000000975a                sys_mknod
                0x0000000000009760                sys_break
                0x0000000000009766                sys_mount
                0x000000000000976c                sys_umount
                0x0000000000009772                sys_ustat
                0x0000000000009778                sys_ptrace
                0x000000000000977e                sys_stty
                0x0000000000009784                sys_gtty
                0x000000000000978a                sys_rename
                0x0000000000009790                sys_prof
                0x0000000000009796                sys_setgid
                0x00000000000097f3                sys_acct
                0x00000000000097f9                sys_phys
                0x00000000000097ff                sys_lock
                0x0000000000009805                sys_mpx
                0x000000000000980b                sys_ulimit
                0x0000000000009811                sys_time
                0x0000000000009864                sys_setuid
                0x00000000000098bd                sys_stime
                0x000000000000990a                sys_times
                0x0000000000009963                sys_brk
                0x0000000000009996                sys_setpgid
                0x0000000000009a0b                sys_getpgrp
                0x0000000000009a17                sys_setsid
                0x0000000000009a6c                sys_oldolduname
                0x0000000000009a84                sys_uname
                0x0000000000009ad1                sys_umask
                0x0000000000009aef                sys_null
                0x0000000000009b20                release
                0x0000000000009b7a                do_kill
                0x0000000000009df3                sys_kill
                0x0000000000009e29                do_exit
                0x0000000000009fbc                sys_exit
                0x0000000000009fd7                sys_waitpid
                0x000000000000a15e                rs_init
                0x000000000000a1b6                rs_write
                0x000000000000a1e0                kernel_mktime
 *fill*         0x000000000000a247        0x1 90909090
 .text          0x000000000000a248      0x517 mm/mm.o
                0x000000000000a248                invalidate
                0x000000000000a251                copy_page
                0x000000000000a276                get_free_page
                0x000000000000a2ae                free_page
                0x000000000000a30e                free_page_tables
                0x000000000000a3be                copy_page_tables
                0x000000000000a4b8                put_page
                0x000000000000a565                un_wp_page
                0x000000000000a5f5                do_wp_page
                0x000000000000a625                write_verify
                0x000000000000a664                do_no_page
                0x000000000000a694                calc_mem
                0x000000000000a728                page_fault
 *fill*         0x000000000000a75f        0x1 90909090
 .text          0x000000000000a760     0x4f4c fs/fs.o
                0x000000000000a760                sys_utime
                0x000000000000a7c9                sys_access
                0x000000000000a860                sys_chdir
                0x000000000000a8c3                sys_chroot
                0x000000000000a926                sys_chmod
                0x000000000000a9bb                sys_chown
                0x000000000000aa22                sys_open
                0x000000000000abb6                sys_creat
                0x000000000000abd9                sys_close
                0x000000000000ac60                sys_lseek
                0x000000000000ad1c                sys_read
                0x000000000000ae77                sys_write
                0x000000000000b38b                sync_inodes
                0x000000000000b3d5                bmap
                0x000000000000b3ee                create_block
                0x000000000000b407                iput
                0x000000000000b4f5                get_empty_inode
                0x000000000000b5e3                get_pipe_inode
                0x000000000000b62a                iget
                0x000000000000b817                sys_sync
                0x000000000000b87f                brelse
                0x000000000000b8d1                get_hash_table
                0x000000000000b930                getblk
                0x000000000000bbcf                bread
                0x000000000000bc29                buffer_init
                0x000000000000bcc4                do_mount
                0x000000000000becf                mount_root
                0x000000000000c020                block_write
                0x000000000000c103                block_read
                0x000000000000c1da                ll_rw_block
                0x000000000000c2a3                rw_char
                0x000000000000c314                file_read
                0x000000000000c4bf                file_write
                0x000000000000c75e                sys_stat
                0x000000000000c7a3                sys_lstat
                0x000000000000c7be                sys_fstat
                0x000000000000c801                sys_stat64
                0x000000000000c846                sys_fstat64
                0x000000000000c889                sys_lstat64
                0x000000000000c8a4                sys_oldstat
                0x000000000000c8bc                sys_oldfstat
                0x000000000000ca04                cp_block
                0x000000000000ca39                is_valid_elf
                0x000000000000ca7e                read_file_block_ind
                0x000000000000cb13                read_file_block
                0x000000000000cc12                copy_section
                0x000000000000cd00                create_bss_section
                0x000000000000cd26                load_elf_binary
                0x000000000000cf31                do_execve
                0x000000000000d3c4                read_pipe
                0x000000000000d45d                write_pipe
                0x000000000000d556                sys_pipe
                0x000000000000db89                namei
                0x000000000000dc3f                open_namei
                0x000000000000dea5                sys_mkdir
                0x000000000000e15a                sys_rmdir
                0x000000000000e4cc                sys_unlink
                0x000000000000e668                sys_link
                0x000000000000e810                free_block
                0x000000000000e94b                new_block
                0x000000000000eace                free_inode
                0x000000000000ebfa                new_inode
                0x000000000000edda                sys_dup2
                0x000000000000edfa                sys_dup
                0x000000000000ee0a                sys_fcntl
                0x000000000000eec7                sys_fcntl64
                0x000000000000ef1c                sys_ioctl
                0x000000000000efb9                tty_ioctl
                0x000000000000f285                truncate
                0x000000000000f390                sys_getdents
                0x000000000000f51e                sys_getdents64
 .text          0x000000000000f6ac        0x0 lib/lib.a(ctype.o)
 .text          0x000000000000f6ac        0xe lib/lib.a(_exit.o)
                0x000000000000f6ac                _exit
 *fill*         0x000000000000f6ba        0x2 90909090
 .text          0x000000000000f6bc       0x3d lib/lib.a(open.o)
                0x000000000000f6bc                open
 *fill*         0x000000000000f6f9        0x3 90909090
 .text          0x000000000000f6fc       0x23 lib/lib.a(close.o)
                0x000000000000f6fc                close
 *fill*         0x000000000000f71f        0x1 90909090
 .text          0x000000000000f720        0x0 lib/lib.a(errno.o)
 .text          0x000000000000f720       0x3d lib/lib.a(write.o)
                0x000000000000f720                write
 *fill*         0x000000000000f75d        0x3 90909090
 .text          0x000000000000f760       0x23 lib/lib.a(dup.o)
                0x000000000000f760                dup
 *fill*         0x000000000000f783        0x1 90909090
 .text          0x000000000000f784       0x1e lib/lib.a(setsid.o)
                0x000000000000f784                setsid
 *fill*         0x000000000000f7a2        0x2 90909090
 .text          0x000000000000f7a4       0x3d lib/lib.a(execve.o)
                0x000000000000f7a4                execve
 *fill*         0x000000000000f7e1        0x3 90909090
 .text          0x000000000000f7e4       0x60 lib/lib.a(wait.o)
                0x000000000000f7e4                waitpid
                0x000000000000f821                wait
 .text          0x000000000000f844      0x421 lib/lib.a(string.o)
                0x000000000000f844                strcpy
                0x000000000000f86c                strncpy
                0x000000000000f89d                strcat
                0x000000000000f8d2                strncat
                0x000000000000f911                strcmp
                0x000000000000f93f                strncmp
                0x000000000000f974                strchr
                0x000000000000f992                strrchr
                0x000000000000f9b3                strspn
                0x000000000000fa00                strcspn
                0x000000000000fa4d                strpbrk
                0x000000000000fa92                strstr
                0x000000000000fad7                strlen
                0x000000000000faf0                strtok
                0x000000000000fb81                memcpy
                0x000000000000fba7                memmove
                0x000000000000fbf5                memcmp
                0x000000000000fc29                memchr
                0x000000000000fc4f                memset
 *fill*         0x000000000000fc65        0x3 90909090
 .text          0x000000000000fc68       0x3d lib/lib.a(getdents.o)
                0x000000000000fc68                getdents
 *(.gnu.warning)

.fini
 *(.fini)
                0x000000000000fca5                PROVIDE (__etext, .)
                0x000000000000fca5                PROVIDE (_etext, .)
                0x000000000000fca5                PROVIDE (etext, .)

.rodata         0x000000000000fcc0     0x1024
 *(.rodata .rodata.* .gnu.linkonce.r.*)
 .rodata.str1.1
                0x000000000000fcc0       0x68 init/main.o
 .rodata.str1.4
                0x000000000000fd28       0x25 init/main.o
 *fill*         0x000000000000fd4d       0x13 00
 .rodata        0x000000000000fd60      0x270 kernel/kernel.o
 .rodata.str1.1
                0x000000000000ffd0      0x27f kernel/kernel.o
                                        0x285 (size before relaxing)
 *fill*         0x000000000001024f        0x1 00
 .rodata.str1.4
                0x0000000000010250      0x1fc kernel/kernel.o
 .rodata.cst4   0x000000000001044c        0x8 kernel/kernel.o
 .rodata.str1.4
                0x0000000000010454       0xe9 mm/mm.o
 .rodata.str1.1
                0x000000000001053d       0x68 mm/mm.o
 *fill*         0x00000000000105a5       0x1b 00
 .rodata        0x00000000000105c0       0xc4 fs/fs.o
 .rodata.str1.1
                0x0000000000010684      0x32c fs/fs.o
                                        0x332 (size before relaxing)
 .rodata.str1.4
                0x00000000000109b0      0x334 fs/fs.o

.rodata1
 *(.rodata1)

.eh_frame_hdr
 *(.eh_frame_hdr)

.eh_frame       0x0000000000010ce4     0x2304
 *(.eh_frame)
 .eh_frame      0x0000000000010ce4       0x74 init/main.o
 .eh_frame      0x0000000000010d58      0xe60 kernel/kernel.o
                                        0xf98 (size before relaxing)
 .eh_frame      0x0000000000011bb8      0x1a8 mm/mm.o
                                        0x1c0 (size before relaxing)
 .eh_frame      0x0000000000011d60      0xf0c fs/fs.o
                                       0x10bc (size before relaxing)
 .eh_frame      0x0000000000012c6c       0x1c lib/lib.a(_exit.o)
                                         0x34 (size before relaxing)
 .eh_frame      0x0000000000012c88       0x20 lib/lib.a(open.o)
                                         0x38 (size before relaxing)
 .eh_frame      0x0000000000012ca8       0x1c lib/lib.a(close.o)
                                         0x34 (size before relaxing)
 .eh_frame      0x0000000000012cc4       0x20 lib/lib.a(write.o)
                                         0x38 (size before relaxing)
 .eh_frame      0x0000000000012ce4       0x1c lib/lib.a(dup.o)
                                         0x34 (size before relaxing)
 .eh_frame      0x0000000000012d00       0x14 lib/lib.a(setsid.o)
                                         0x2c (size before relaxing)
 .eh_frame      0x0000000000012d14       0x20 lib/lib.a(execve.o)
                                         0x38 (size before relaxing)
 .eh_frame      0x0000000000012d34       0x38 lib/lib.a(wait.o)
                                         0x50 (size before relaxing)
 .eh_frame      0x0000000000012d6c      0x25c lib/lib.a(string.o)
                                        0x274 (size before relaxing)
 .eh_frame      0x0000000000012fc8       0x20 lib/lib.a(getdents.o)
                                         0x38 (size before relaxing)

.gcc_except_table
 *(.gcc_except_table .gcc_except_table.*)

.exception_ranges
 *(.exception_ranges .exception_ranges*)
                0x0000000000012fe8                . = (ALIGN (0x1000) - ((0x1000 - .) & 0xfff))
                0x0000000000013000                . = DATA_SEGMENT_ALIGN (0x1000, 0x1000)

.eh_frame
 *(.eh_frame)

.gcc_except_table
 *(.gcc_except_table .gcc_except_table.*)

.exception_ranges
 *(.exception_ranges .exception_ranges*)

.tdata
 *(.tdata .tdata.* .gnu.linkonce.td.*)

.tbss
 *(.tbss .tbss.* .gnu.linkonce.tb.*)
 *(.tcommon)

.preinit_array  0x0000000000013000        0x0
                0x0000000000013000                PROVIDE (__preinit_array_start, .)
 *(.preinit_array)
                0x0000000000013000                PROVIDE (__preinit_array_end, .)

.init_array     0x0000000000013000        0x0
                0x0000000000013000                PROVIDE (__init_array_start, .)
 *(SORT(.init_array.*) SORT(.ctors.*))
 *(.init_array)
 *(EXCLUDE_FILE(*crtend?.o *crtend.o *crtbegin?.o *crtbegin.o) .ctors)
                0x0000000000013000                PROVIDE (__init_array_end, .)

.fini_array     0x0000000000013000        0x0
                0x0000000000013000                PROVIDE (__fini_array_start, .)
 *(SORT(.fini_array.*) SORT(.dtors.*))
 *(.fini_array)
 *(EXCLUDE_FILE(*crtend?.o *crtend.o *crtbegin?.o *crtbegin.o) .dtors)
                0x0000000000013000                PROVIDE (__fini_array_end, .)

.ctors
 *crtbegin.o(.ctors)
 *crtbegin?.o(.ctors)
 *(EXCLUDE_FILE(*crtend?.o *crtend.o) .ctors)
 *(SORT(.ctors.*))
 *(.ctors)

.dtors
 *crtbegin.o(.dtors)
 *crtbegin?.o(.dtors)
 *(EXCLUDE_FILE(*crtend?.o *crtend.o) .dtors)
 *(SORT(.dtors.*))
 *(.dtors)

.jcr
 *(.jcr)

.data.rel.ro
 *(.data.rel.ro.local* .gnu.linkonce.d.rel.ro.local.*)
 *(.data.rel.ro* .gnu.linkonce.d.rel.ro.*)

.dynamic
 *(.dynamic)

.got
 *(.got)
 *(.igot)
                0x0000000000013000                . = DATA_SEGMENT_RELRO_END (., 0xc)

.got.plt        0x0000000000013000        0x0
 *(.got.plt)
 *(.igot.plt)
 .igot.plt      0x0000000000000000        0x0 boot/head.o

.data           0x0000000000013000     0x3ea4
 *(.data .data.* .gnu.linkonce.d.*)
 .data          0x0000000000013000        0x0 boot/head.o
 .data          0x0000000000013000       0x18 init/main.o
 *fill*         0x0000000000013018        0x8 00
 .data          0x0000000000013020     0x3d6c kernel/kernel.o
                0x0000000000013020                stack_start
                0x0000000000013040                task
                0x0000000000013140                current
                0x0000000000013160                sys_call_table
                0x0000000000014660                table_list
                0x0000000000014680                tty_table
 .data          0x0000000000016d8c        0x0 mm/mm.o
 .data          0x0000000000016d8c        0x4 fs/fs.o
                0x0000000000016d8c                start_buffer
 *fill*         0x0000000000016d90       0x10 00
 .data          0x0000000000016da0      0x101 lib/lib.a(ctype.o)
                0x0000000000016da0                _ctype
 *fill*         0x0000000000016ea1        0x3 00
 .data          0x0000000000016ea4        0x0 lib/lib.a(_exit.o)
 .data          0x0000000000016ea4        0x0 lib/lib.a(open.o)
 .data          0x0000000000016ea4        0x0 lib/lib.a(close.o)
 .data          0x0000000000016ea4        0x0 lib/lib.a(errno.o)
 .data          0x0000000000016ea4        0x0 lib/lib.a(write.o)
 .data          0x0000000000016ea4        0x0 lib/lib.a(dup.o)
 .data          0x0000000000016ea4        0x0 lib/lib.a(setsid.o)
 .data          0x0000000000016ea4        0x0 lib/lib.a(execve.o)
 .data          0x0000000000016ea4        0x0 lib/lib.a(wait.o)
 .data          0x0000000000016ea4        0x0 lib/lib.a(string.o)
 .data          0x0000000000016ea4        0x0 lib/lib.a(getdents.o)

.data1
 *(.data1)
                0x0000000000016ea4                _edata = .
                0x0000000000016ea4                PROVIDE (edata, .)
                0x0000000000016ea4                __bss_start = .

.bss            0x0000000000016ec0     0x3eec
 *(.dynbss)
 *(.bss .bss.* .gnu.linkonce.b.*)
 .bss           0x0000000000016ec0        0x0 boot/head.o
 .bss           0x0000000000016ec0      0x400 init/main.o
 .bss           0x00000000000172c0      0xb8c kernel/kernel.o
                0x00000000000172c0                last_task_used_math
                0x00000000000172c4                startup_time
                0x00000000000172c8                jiffies
                0x00000000000172cc                last_pid
                0x0000000000017940                do_hd
 *fill*         0x0000000000017e4c       0x14 00
 .bss           0x0000000000017e60      0xc00 mm/mm.o
 .bss           0x0000000000018a60      0x710 fs/fs.o
                0x0000000000018a60                inode_table
                0x0000000000019164                nr_buffers
 .bss           0x0000000000019170        0x0 lib/lib.a(ctype.o)
 .bss           0x0000000000019170        0x0 lib/lib.a(_exit.o)
 .bss           0x0000000000019170        0x0 lib/lib.a(open.o)
 .bss           0x0000000000019170        0x0 lib/lib.a(close.o)
 .bss           0x0000000000019170        0x0 lib/lib.a(errno.o)
 .bss           0x0000000000019170        0x0 lib/lib.a(write.o)
 .bss           0x0000000000019170        0x0 lib/lib.a(dup.o)
 .bss           0x0000000000019170        0x0 lib/lib.a(setsid.o)
 .bss           0x0000000000019170        0x0 lib/lib.a(execve.o)
 .bss           0x0000000000019170        0x0 lib/lib.a(wait.o)
 .bss           0x0000000000019170        0x0 lib/lib.a(string.o)
 .bss           0x0000000000019170        0x0 lib/lib.a(getdents.o)
 *(COMMON)
 *fill*         0x0000000000019170       0x10 00
 COMMON         0x0000000000019180     0x1000 kernel/kernel.o
                0x0000000000019180                user_stack
 COMMON         0x000000000001a180      0xc20 fs/fs.o
                0x000000000001a180                hash_table
                0x000000000001a660                super_block
                0x000000000001a9a0                file_table
 COMMON         0x000000000001ada0        0x1 lib/lib.a(ctype.o)
                0x000000000001ada0                _ctmp
 *fill*         0x000000000001ada1        0x3 00
 COMMON         0x000000000001ada4        0x4 lib/lib.a(errno.o)
                0x000000000001ada4                errno
 COMMON         0x000000000001ada8        0x4 lib/lib.a(string.o)
                0x000000000001ada8                ___strtok
                0x000000000001adac                . = ALIGN ((. != 0x0)?0x4:0x1)
                0x000000000001adac                . = ALIGN (0x4)
                0x000000000001adac                . = ALIGN (0x4)
                0x000000000001adac                _end = .
                0x000000000001adac                PROVIDE (end, .)
                0x000000000001adac                . = DATA_SEGMENT_END (.)

.stab
 *(.stab)

.stabstr
 *(.stabstr)

.stab.excl
 *(.stab.excl)

.stab.exclstr
 *(.stab.exclstr)

.stab.index
 *(.stab.index)

.stab.indexstr
 *(.stab.indexstr)

.comment        0x0000000000000000       0x2a
 *(.comment)
 .comment       0x0000000000000000       0x2a init/main.o
                                         0x2b (size before relaxing)
 .comment       0x0000000000000000      0x22f kernel/kernel.o
 .comment       0x0000000000000000       0x2b mm/mm.o
 .comment       0x0000000000000000      0x331 fs/fs.o
 .comment       0x0000000000000000       0x2b lib/lib.a(ctype.o)
 .comment       0x0000000000000000       0x2b lib/lib.a(_exit.o)
 .comment       0x0000000000000000       0x2b lib/lib.a(open.o)
 .comment       0x0000000000000000       0x2b lib/lib.a(close.o)
 .comment       0x0000000000000000       0x2b lib/lib.a(errno.o)
 .comment       0x0000000000000000       0x2b lib/lib.a(write.o)
 .comment       0x0000000000000000       0x2b lib/lib.a(dup.o)
 .comment       0x0000000000000000       0x2b lib/lib.a(setsid.o)
 .comment       0x0000000000000000       0x2b lib/lib.a(execve.o)
 .comment       0x0000000000000000       0x2b lib/lib.a(wait.o)
 .comment       0x0000000000000000       0x2b lib/lib.a(string.o)
 .comment       0x0000000000000000       0x2b lib/lib.a(getdents.o)

.debug
 *(.debug)

.line
 *(.line)

.debug_srcinfo
 *(.debug_srcinfo)

.debug_sfnames
 *(.debug_sfnames)

.debug_aranges  0x0000000000000000      0x560
 *(.debug_aranges)
 .debug_aranges
                0x0000000000000000       0x20 init/main.o
 .debug_aranges
                0x0000000000000020      0x1a0 kernel/kernel.o
 .debug_aranges
                0x00000000000001c0       0x20 mm/mm.o
 .debug_aranges
                0x00000000000001e0      0x240 fs/fs.o
 .debug_aranges
                0x0000000000000420       0x20 lib/lib.a(_exit.o)
 .debug_aranges
                0x0000000000000440       0x20 lib/lib.a(open.o)
 .debug_aranges
                0x0000000000000460       0x20 lib/lib.a(close.o)
 .debug_aranges
                0x0000000000000480       0x20 lib/lib.a(write.o)
 .debug_aranges
                0x00000000000004a0       0x20 lib/lib.a(dup.o)
 .debug_aranges
                0x00000000000004c0       0x20 lib/lib.a(setsid.o)
 .debug_aranges
                0x00000000000004e0       0x20 lib/lib.a(execve.o)
 .debug_aranges
                0x0000000000000500       0x20 lib/lib.a(wait.o)
 .debug_aranges
                0x0000000000000520       0x20 lib/lib.a(string.o)
 .debug_aranges
                0x0000000000000540       0x20 lib/lib.a(getdents.o)

.debug_pubnames
 *(.debug_pubnames)

.debug_info     0x0000000000000000    0x1ada9
 *(.debug_info .gnu.linkonce.wi.*)
 .debug_info    0x0000000000000000      0xccf init/main.o
 .debug_info    0x0000000000000ccf     0x8def kernel/kernel.o
 .debug_info    0x0000000000009abe      0x4d6 mm/mm.o
 .debug_info    0x0000000000009f94     0xe2d3 fs/fs.o
 .debug_info    0x0000000000018267       0x70 lib/lib.a(ctype.o)
 .debug_info    0x00000000000182d7      0x3af lib/lib.a(_exit.o)
 .debug_info    0x0000000000018686      0x403 lib/lib.a(open.o)
 .debug_info    0x0000000000018a89      0x3ce lib/lib.a(close.o)
 .debug_info    0x0000000000018e57       0x3f lib/lib.a(errno.o)
 .debug_info    0x0000000000018e96      0x400 lib/lib.a(write.o)
 .debug_info    0x0000000000019296      0x3ce lib/lib.a(dup.o)
 .debug_info    0x0000000000019664      0x3cb lib/lib.a(setsid.o)
 .debug_info    0x0000000000019a2f      0x3fc lib/lib.a(execve.o)
 .debug_info    0x0000000000019e2b      0x428 lib/lib.a(wait.o)
 .debug_info    0x000000000001a253      0x705 lib/lib.a(string.o)
 .debug_info    0x000000000001a958      0x451 lib/lib.a(getdents.o)

.debug_abbrev   0x0000000000000000     0x4589
 *(.debug_abbrev)
 .debug_abbrev  0x0000000000000000      0x1d7 init/main.o
 .debug_abbrev  0x00000000000001d7     0x1861 kernel/kernel.o
 .debug_abbrev  0x0000000000001a38      0x1af mm/mm.o
 .debug_abbrev  0x0000000000001be7     0x212e fs/fs.o
 .debug_abbrev  0x0000000000003d15       0x42 lib/lib.a(ctype.o)
 .debug_abbrev  0x0000000000003d57       0xa3 lib/lib.a(_exit.o)
 .debug_abbrev  0x0000000000003dfa       0xdc lib/lib.a(open.o)
 .debug_abbrev  0x0000000000003ed6       0xb4 lib/lib.a(close.o)
 .debug_abbrev  0x0000000000003f8a       0x30 lib/lib.a(errno.o)
 .debug_abbrev  0x0000000000003fba       0xd7 lib/lib.a(write.o)
 .debug_abbrev  0x0000000000004091       0xb4 lib/lib.a(dup.o)
 .debug_abbrev  0x0000000000004145       0xb2 lib/lib.a(setsid.o)
 .debug_abbrev  0x00000000000041f7       0xbb lib/lib.a(execve.o)
 .debug_abbrev  0x00000000000042b2       0xd0 lib/lib.a(wait.o)
 .debug_abbrev  0x0000000000004382      0x128 lib/lib.a(string.o)
 .debug_abbrev  0x00000000000044aa       0xdf lib/lib.a(getdents.o)

.debug_line     0x0000000000000000     0x378e
 *(.debug_line)
 .debug_line    0x0000000000000000      0x11e init/main.o
 .debug_line    0x000000000000011e     0x1465 kernel/kernel.o
 .debug_line    0x0000000000001583      0x122 mm/mm.o
 .debug_line    0x00000000000016a5     0x1b86 fs/fs.o
 .debug_line    0x000000000000322b       0x28 lib/lib.a(ctype.o)
 .debug_line    0x0000000000003253       0x50 lib/lib.a(_exit.o)
 .debug_line    0x00000000000032a3       0x76 lib/lib.a(open.o)
 .debug_line    0x0000000000003319       0x6e lib/lib.a(close.o)
 .debug_line    0x0000000000003387       0x28 lib/lib.a(errno.o)
 .debug_line    0x00000000000033af       0x8c lib/lib.a(write.o)
 .debug_line    0x000000000000343b       0x6c lib/lib.a(dup.o)
 .debug_line    0x00000000000034a7       0x88 lib/lib.a(setsid.o)
 .debug_line    0x000000000000352f       0x73 lib/lib.a(execve.o)
 .debug_line    0x00000000000035a2       0x90 lib/lib.a(wait.o)
 .debug_line    0x0000000000003632       0xc1 lib/lib.a(string.o)
 .debug_line    0x00000000000036f3       0x9b lib/lib.a(getdents.o)

.debug_frame
 *(.debug_frame)

.debug_str      0x0000000000000000     0x1add
 *(.debug_str)
 .debug_str     0x0000000000000000      0x3f8 init/main.o
                                        0x4a5 (size before relaxing)
 .debug_str     0x00000000000003f8      0xbd2 kernel/kernel.o
                                       0x329e (size before relaxing)
 .debug_str     0x0000000000000fca      0x126 mm/mm.o
                                        0x1c1 (size before relaxing)
 .debug_str     0x00000000000010f0      0x91b fs/fs.o
                                       0x53cd (size before relaxing)
 .debug_str     0x0000000000001a0b       0x26 lib/lib.a(ctype.o)
                                         0x66 (size before relaxing)
 .debug_str     0x0000000000001a31        0x8 lib/lib.a(_exit.o)
                                        0x284 (size before relaxing)
 .debug_str     0x0000000000000000        0x8 lib/lib.a(open.o)
                                        0x294 (size before relaxing)
 .debug_str     0x0000000000001a39        0x8 lib/lib.a(close.o)
                                        0x286 (size before relaxing)
 .debug_str     0x0000000000001a41        0x8 lib/lib.a(errno.o)
                                         0x38 (size before relaxing)
 .debug_str     0x0000000000000000        0x8 lib/lib.a(write.o)
                                        0x292 (size before relaxing)
 .debug_str     0x0000000000001a49        0x6 lib/lib.a(dup.o)
                                        0x27e (size before relaxing)
 .debug_str     0x0000000000001a4f        0x9 lib/lib.a(setsid.o)
                                        0x28e (size before relaxing)
 .debug_str     0x0000000000001a58        0x9 lib/lib.a(execve.o)
                                        0x297 (size before relaxing)
 .debug_str     0x0000000000001a61       0x11 lib/lib.a(wait.o)
                                        0x2a4 (size before relaxing)
 .debug_str     0x0000000000001a72       0x6b lib/lib.a(string.o)
                                         0xec (size before relaxing)
 .debug_str     0x0000000000000000       0x6b lib/lib.a(getdents.o)
                                        0x2c0 (size before relaxing)

.debug_loc      0x0000000000000000     0xac2b
 *(.debug_loc)
 .debug_loc     0x0000000000000000      0x256 init/main.o
 .debug_loc     0x0000000000000256     0x3a18 kernel/kernel.o
 .debug_loc     0x0000000000003c6e      0x640 mm/mm.o
 .debug_loc     0x00000000000042ae     0x6353 fs/fs.o
 .debug_loc     0x000000000000a601       0x2c lib/lib.a(_exit.o)
 .debug_loc     0x000000000000a62d       0x3f lib/lib.a(open.o)
 .debug_loc     0x000000000000a66c       0x3f lib/lib.a(close.o)
 .debug_loc     0x000000000000a6ab       0x57 lib/lib.a(write.o)
 .debug_loc     0x000000000000a702       0x3f lib/lib.a(dup.o)
 .debug_loc     0x000000000000a741       0x13 lib/lib.a(setsid.o)
 .debug_loc     0x000000000000a754       0x57 lib/lib.a(execve.o)
 .debug_loc     0x000000000000a7ab       0x83 lib/lib.a(wait.o)
 .debug_loc     0x000000000000a82e      0x3a6 lib/lib.a(string.o)
 .debug_loc     0x000000000000abd4       0x57 lib/lib.a(getdents.o)

.debug_macinfo
 *(.debug_macinfo)

.debug_weaknames
 *(.debug_weaknames)

.debug_funcnames
 *(.debug_funcnames)

.debug_typenames
 *(.debug_typenames)

.debug_varnames
 *(.debug_varnames)

.debug_pubtypes
 *(.debug_pubtypes)

.debug_ranges   0x0000000000000000      0x490
 *(.debug_ranges)
 .debug_ranges  0x0000000000000000      0x188 kernel/kernel.o
 .debug_ranges  0x0000000000000188      0x308 fs/fs.o

.gnu.attributes
 *(.gnu.attributes)

/DISCARD/
 *(.note.GNU-stack)
 *(.gnu_debuglink)
 *(.gnu.lto_*)
OUTPUT(tools/system elf32-i386)
