Archive member included because of file (symbol)

lib/lib.a(ctype.o)            kernel/kernel.o (_ctype)
lib/lib.a(_exit.o)            init/main.o (_exit)
lib/lib.a(open.o)             init/main.o (open)
lib/lib.a(close.o)            init/main.o (close)
lib/lib.a(errno.o)            init/main.o (errno)
lib/lib.a(write.o)            init/main.o (write)
lib/lib.a(dup.o)              init/main.o (dup)
lib/lib.a(setsid.o)           init/main.o (setsid)
lib/lib.a(execve.o)           init/main.o (execve)
lib/lib.a(wait.o)             init/main.o (wait)
lib/lib.a(string.o)           kernel/kernel.o (strcpy)
lib/lib.a(random.o)           kernel/kernel.o (rand)
lib/lib.a(crypt.o)            fs/fs.o (encr)

Allocating common symbols
Common symbol       size              file

gkey                0x80              init/main.o
errno               0x4               lib/lib.a(errno.o)
hash_table          0x4cc             fs/fs.o
___strtok           0x4               lib/lib.a(string.o)
enclst              0x4               init/main.o
user_stack          0x1000            kernel/kernel.o
_ctmp               0x1               lib/lib.a(ctype.o)
super_block         0x340             fs/fs.o
igncry              0x4               init/main.o
file_table          0x400             fs/fs.o
global_timeout      0x4               init/main.o

Discarded input sections

 .note.GNU-stack
                0x0000000000000000        0x0 init/main.o
 .note.GNU-stack
                0x0000000000000000        0x0 kernel/kernel.o
 .note.GNU-stack
                0x0000000000000000        0x0 mm/mm.o
 .note.GNU-stack
                0x0000000000000000        0x0 fs/fs.o
 .note.GNU-stack
                0x0000000000000000        0x0 lib/lib.a(ctype.o)
 .note.GNU-stack
                0x0000000000000000        0x0 lib/lib.a(_exit.o)
 .note.GNU-stack
                0x0000000000000000        0x0 lib/lib.a(open.o)
 .note.GNU-stack
                0x0000000000000000        0x0 lib/lib.a(close.o)
 .note.GNU-stack
                0x0000000000000000        0x0 lib/lib.a(errno.o)
 .note.GNU-stack
                0x0000000000000000        0x0 lib/lib.a(write.o)
 .note.GNU-stack
                0x0000000000000000        0x0 lib/lib.a(dup.o)
 .note.GNU-stack
                0x0000000000000000        0x0 lib/lib.a(setsid.o)
 .note.GNU-stack
                0x0000000000000000        0x0 lib/lib.a(execve.o)
 .note.GNU-stack
                0x0000000000000000        0x0 lib/lib.a(wait.o)
 .note.GNU-stack
                0x0000000000000000        0x0 lib/lib.a(string.o)
 .note.GNU-stack
                0x0000000000000000        0x0 lib/lib.a(random.o)
 .note.GNU-stack
                0x0000000000000000        0x0 lib/lib.a(crypt.o)

Memory Configuration

Name             Origin             Length             Attributes
*default*        0x0000000000000000 0xffffffffffffffff

Linker script and memory map

Address of section .text set to 0x0
LOAD boot/head.o
LOAD init/main.o
LOAD kernel/kernel.o
LOAD mm/mm.o
LOAD fs/fs.o
LOAD lib/lib.a
                0x0000000008048000                PROVIDE (__executable_start, 0x8048000)
                0x0000000008048094                . = (0x8048000 + SIZEOF_HEADERS)

.interp
 *(.interp)

.note.gnu.build-id
 *(.note.gnu.build-id)

.hash
 *(.hash)

.gnu.hash
 *(.gnu.hash)

.dynsym
 *(.dynsym)

.dynstr
 *(.dynstr)

.gnu.version
 *(.gnu.version)

.gnu.version_d
 *(.gnu.version_d)

.gnu.version_r
 *(.gnu.version_r)

.rel.dyn        0x0000000008048094        0x0
 *(.rel.init)
 *(.rel.text .rel.text.* .rel.gnu.linkonce.t.*)
 .rel.text      0x0000000000000000        0x0 boot/head.o
 *(.rel.fini)
 *(.rel.rodata .rel.rodata.* .rel.gnu.linkonce.r.*)
 *(.rel.data.rel.ro* .rel.gnu.linkonce.d.rel.ro.*)
 *(.rel.data .rel.data.* .rel.gnu.linkonce.d.*)
 .rel.data      0x0000000000000000        0x0 boot/head.o
 *(.rel.tdata .rel.tdata.* .rel.gnu.linkonce.td.*)
 *(.rel.tbss .rel.tbss.* .rel.gnu.linkonce.tb.*)
 *(.rel.ctors)
 *(.rel.dtors)
 *(.rel.got)
 *(.rel.bss .rel.bss.* .rel.gnu.linkonce.b.*)
 *(.rel.ifunc)

.rel.plt        0x0000000008048094        0x0
 *(.rel.plt)
                0x0000000008048094                PROVIDE (__rel_iplt_start, .)
 *(.rel.iplt)
 .rel.iplt      0x0000000000000000        0x0 boot/head.o
                0x0000000008048094                PROVIDE (__rel_iplt_end, .)

.init
 *(.init)

.plt            0x00000000080480a0        0x0
 *(.plt)
 *(.iplt)
 .iplt          0x0000000000000000        0x0 boot/head.o

.text           0x0000000000000000    0x1020a
 *(.text.unlikely .text.*_unlikely)
 *(.text.exit .text.exit.*)
 *(.text.startup .text.startup.*)
 *(.text.hot .text.hot.*)
 *(.text .stub .text.* .gnu.linkonce.t.*)
 .text          0x0000000000000000     0x5078 boot/head.o
                0x0000000000000000                startup_32
                0x0000000000000000                pg_dir
                0x0000000000004078                idt
                0x0000000000004878                gdt
 *fill*         0x0000000000005078        0x8 90909090
 .text          0x0000000000005080      0x370 init/main.o
                0x00000000000050c1                init
                0x0000000000005232                main
 .text          0x00000000000053f0     0x5077 kernel/kernel.o
                0x00000000000053f0                sys_alarm
                0x0000000000005417                sys_getpid
                0x0000000000005423                sys_getppid
                0x000000000000542f                sys_getuid
                0x000000000000543c                sys_geteuid
                0x0000000000005449                sys_getgid
                0x0000000000005456                sys_getegid
                0x0000000000005463                sys_nice
                0x000000000000547c                sys_signal
                0x00000000000054b9                math_state_restore
                0x00000000000054f0                schedule
                0x0000000000005653                sys_pause
                0x000000000000566f                sleep_on
                0x00000000000056c9                interruptible_sleep_on
                0x0000000000005733                wake_up
                0x000000000000574f                do_timer
                0x000000000000579a                sched_init
                0x00000000000058c0                system_call
                0x00000000000059b2                timer_interrupt
                0x00000000000059ea                sys_execve
                0x00000000000059f8                sys_fork
                0x0000000000005a10                hd_interrupt
                0x0000000000005bbd                do_double_fault
                0x0000000000005bd6                do_general_protection
                0x0000000000005bef                do_divide_error
                0x0000000000005c08                do_int3
                0x0000000000005cc0                do_nmi
                0x0000000000005cd9                do_debug
                0x0000000000005cf2                do_overflow
                0x0000000000005d0b                do_bounds
                0x0000000000005d24                do_invalid_op
                0x0000000000005d3d                do_device_not_available
                0x0000000000005d56                do_coprocessor_segment_overrun
                0x0000000000005d6f                do_invalid_TSS
                0x0000000000005d88                do_segment_not_present
                0x0000000000005da1                do_stack_segment
                0x0000000000005dba                do_coprocessor_error
                0x0000000000005dd3                do_reserved
                0x0000000000005dec                trap_init
                0x0000000000005fa8                divide_error
                0x0000000000005fdd                debug
                0x0000000000005fe4                nmi
                0x0000000000005feb                int3
                0x0000000000005ff2                overflow
                0x0000000000005ff9                bounds
                0x0000000000006000                invalid_op
                0x000000000000600f                device_not_available
                0x000000000000603c                coprocessor_segment_overrun
                0x0000000000006046                reserved
                0x0000000000006050                coprocessor_error
                0x000000000000605a                double_fault
                0x0000000000006091                invalid_TSS
                0x0000000000006098                segment_not_present
                0x000000000000609f                stack_segment
                0x00000000000060a6                general_protection
                0x00000000000060b0                verify_area
                0x0000000000006115                copy_mem
                0x000000000000620b                copy_process
                0x000000000000649a                find_empty_process
                0x00000000000064fc                panic
                0x0000000000006518                printk
                0x00000000000067a6                vsprintf
                0x0000000000006b10                tty_init
                0x0000000000006b21                tty_intr
                0x0000000000006b66                copy_to_cooked
                0x0000000000006de6                tty_read
                0x00000000000070ac                tty_write
                0x0000000000007289                do_tty_interrupt
                0x00000000000074b5                csi_m
                0x0000000000007510                con_write
                0x0000000000007e7a                con_init
                0x0000000000007f03                keyboard_interrupt
                0x00000000000086d8                rs1_interrupt
                0x00000000000086e0                rs2_interrupt
                0x0000000000008e49                rw_hd
                0x0000000000008ef2                sys_setup
                0x0000000000008ff1                unexpected_hd_interrupt
                0x0000000000009004                hd_init
                0x0000000000009080                sys_ftime
                0x0000000000009086                sys_mknod
                0x000000000000908c                sys_break
                0x0000000000009092                sys_mount
                0x0000000000009098                sys_umount
                0x000000000000909e                sys_ustat
                0x00000000000090a4                sys_ptrace
                0x00000000000090aa                sys_stty
                0x00000000000090b0                sys_gtty
                0x00000000000090b6                sys_rename
                0x00000000000090bc                sys_prof
                0x00000000000090c2                sys_setgid
                0x000000000000911f                sys_acct
                0x0000000000009125                sys_phys
                0x000000000000912b                sys_lock
                0x0000000000009131                sys_mpx
                0x0000000000009137                sys_ulimit
                0x000000000000913d                sys_time
                0x0000000000009190                sys_setuid
                0x00000000000091e9                sys_stime
                0x0000000000009236                sys_times
                0x000000000000928f                sys_brk
                0x00000000000092c2                sys_setpgid
                0x0000000000009337                sys_getpgrp
                0x0000000000009343                sys_setsid
                0x0000000000009398                sys_oldolduname
                0x00000000000093b0                sys_uname
                0x00000000000093fd                sys_umask
                0x000000000000941b                sys_null
                0x000000000000943d                get_inode
                0x0000000000009451                get_inum
                0x0000000000009468                sys_keyset
                0x0000000000009487                sys_keyclear
                0x00000000000094af                sys_keygen
                0x0000000000009659                sys_encr
                0x000000000000998f                sys_decr
                0x0000000000009c4a                sys_encrlst
                0x0000000000009c8b                sys_decrlst
                0x0000000000009caf                isencr
                0x0000000000009cbe                sys_uisencr
                0x0000000000009cd9                sys_initenclst
                0x0000000000009d2e                sys_ignorecrypt
                0x0000000000009d40                release
                0x0000000000009d9a                do_kill
                0x000000000000a013                sys_kill
                0x000000000000a049                do_exit
                0x000000000000a1dc                sys_exit
                0x000000000000a1f7                sys_waitpid
                0x000000000000a37e                rs_init
                0x000000000000a3d6                rs_write
                0x000000000000a400                kernel_mktime
 *fill*         0x000000000000a467        0x1 90909090
 .text          0x000000000000a468      0x517 mm/mm.o
                0x000000000000a468                invalidate
                0x000000000000a471                copy_page
                0x000000000000a496                get_free_page
                0x000000000000a4ce                free_page
                0x000000000000a52e                free_page_tables
                0x000000000000a5de                copy_page_tables
                0x000000000000a6d8                put_page
                0x000000000000a785                un_wp_page
                0x000000000000a815                do_wp_page
                0x000000000000a845                write_verify
                0x000000000000a884                do_no_page
                0x000000000000a8b4                calc_mem
                0x000000000000a948                page_fault
 *fill*         0x000000000000a97f        0x1 90909090
 .text          0x000000000000a980     0x509c fs/fs.o
                0x000000000000a980                sys_utime
                0x000000000000a9e9                sys_access
                0x000000000000aa80                sys_chdir
                0x000000000000aae3                sys_chroot
                0x000000000000ab46                sys_chmod
                0x000000000000abdb                sys_chown
                0x000000000000ac42                sys_open
                0x000000000000add6                sys_creat
                0x000000000000adf9                sys_close
                0x000000000000ae80                sys_lseek
                0x000000000000af3c                sys_read
                0x000000000000b097                sys_write
                0x000000000000b5ab                sync_inodes
                0x000000000000b5f5                bmap
                0x000000000000b60e                create_block
                0x000000000000b627                iput
                0x000000000000b715                get_empty_inode
                0x000000000000b803                get_pipe_inode
                0x000000000000b84a                iget
                0x000000000000ba37                sys_sync
                0x000000000000ba9f                brelse
                0x000000000000baf1                get_hash_table
                0x000000000000bb50                getblk
                0x000000000000bdef                bread
                0x000000000000be49                buffer_init
                0x000000000000bee4                do_mount
                0x000000000000c0ef                mount_root
                0x000000000000c240                block_write
                0x000000000000c323                block_read
                0x000000000000c3fa                ll_rw_block
                0x000000000000c4c3                rw_char
                0x000000000000c534                file_read
                0x000000000000c770                file_write
                0x000000000000cada                sys_stat
                0x000000000000cb1f                sys_lstat
                0x000000000000cb3a                sys_fstat
                0x000000000000cb7d                sys_stat64
                0x000000000000cbc2                sys_fstat64
                0x000000000000cc05                sys_lstat64
                0x000000000000cc20                sys_oldstat
                0x000000000000cc38                sys_oldfstat
                0x000000000000cd74                cp_block
                0x000000000000cda9                is_valid_elf
                0x000000000000cdee                read_file_block_ind
                0x000000000000ce83                read_file_block
                0x000000000000cf82                copy_section
                0x000000000000d070                create_bss_section
                0x000000000000d096                load_elf_binary
                0x000000000000d2a1                do_execve
                0x000000000000d734                read_pipe
                0x000000000000d7cd                write_pipe
                0x000000000000d8c6                sys_pipe
                0x000000000000def9                namei
                0x000000000000dfaf                open_namei
                0x000000000000e215                sys_mkdir
                0x000000000000e4ca                sys_rmdir
                0x000000000000e83c                sys_unlink
                0x000000000000e9d8                sys_link
                0x000000000000eb80                free_block
                0x000000000000ecbb                new_block
                0x000000000000ee3e                free_inode
                0x000000000000ef6a                new_inode
                0x000000000000f14a                sys_dup2
                0x000000000000f16a                sys_dup
                0x000000000000f17a                sys_fcntl
                0x000000000000f237                sys_fcntl64
                0x000000000000f28c                sys_ioctl
                0x000000000000f329                tty_ioctl
                0x000000000000f5f5                truncate
                0x000000000000f700                sys_getdents
                0x000000000000f88e                sys_getdents64
 .text          0x000000000000fa1c        0x0 lib/lib.a(ctype.o)
 .text          0x000000000000fa1c        0xe lib/lib.a(_exit.o)
                0x000000000000fa1c                _exit
 *fill*         0x000000000000fa2a        0x2 90909090
 .text          0x000000000000fa2c       0x3d lib/lib.a(open.o)
                0x000000000000fa2c                open
 *fill*         0x000000000000fa69        0x3 90909090
 .text          0x000000000000fa6c       0x23 lib/lib.a(close.o)
                0x000000000000fa6c                close
 *fill*         0x000000000000fa8f        0x1 90909090
 .text          0x000000000000fa90        0x0 lib/lib.a(errno.o)
 .text          0x000000000000fa90       0x3d lib/lib.a(write.o)
                0x000000000000fa90                write
 *fill*         0x000000000000facd        0x3 90909090
 .text          0x000000000000fad0       0x23 lib/lib.a(dup.o)
                0x000000000000fad0                dup
 *fill*         0x000000000000faf3        0x1 90909090
 .text          0x000000000000faf4       0x1e lib/lib.a(setsid.o)
                0x000000000000faf4                setsid
 *fill*         0x000000000000fb12        0x2 90909090
 .text          0x000000000000fb14       0x3d lib/lib.a(execve.o)
                0x000000000000fb14                execve
 *fill*         0x000000000000fb51        0x3 90909090
 .text          0x000000000000fb54       0x60 lib/lib.a(wait.o)
                0x000000000000fb54                waitpid
                0x000000000000fb91                wait
 .text          0x000000000000fbb4      0x421 lib/lib.a(string.o)
                0x000000000000fbb4                strcpy
                0x000000000000fbdc                strncpy
                0x000000000000fc0d                strcat
                0x000000000000fc42                strncat
                0x000000000000fc81                strcmp
                0x000000000000fcaf                strncmp
                0x000000000000fce4                strchr
                0x000000000000fd02                strrchr
                0x000000000000fd23                strspn
                0x000000000000fd70                strcspn
                0x000000000000fdbd                strpbrk
                0x000000000000fe02                strstr
                0x000000000000fe47                strlen
                0x000000000000fe60                strtok
                0x000000000000fef1                memcpy
                0x000000000000ff17                memmove
                0x000000000000ff65                memcmp
                0x000000000000ff99                memchr
                0x000000000000ffbf                memset
 *fill*         0x000000000000ffd5        0x3 90909090
 .text          0x000000000000ffd8       0x5c lib/lib.a(random.o)
                0x000000000000ffd8                rand
 .text          0x0000000000010034      0x1d6 lib/lib.a(crypt.o)
                0x0000000000010034                keyset
                0x0000000000010071                keyclear
                0x000000000001008f                keygen
                0x00000000000100b2                encr
                0x00000000000100ef                decr
                0x000000000001012c                ignorecrypt
                0x000000000001014f                initenclst
                0x000000000001016d                uisencr
                0x0000000000010190                encrlst
                0x00000000000101cd                decrlst
 *(.gnu.warning)

.fini
 *(.fini)
                0x000000000001020a                PROVIDE (__etext, .)
                0x000000000001020a                PROVIDE (_etext, .)
                0x000000000001020a                PROVIDE (etext, .)

.rodata         0x0000000000010220     0x1024
 *(.rodata .rodata.* .gnu.linkonce.r.*)
 .rodata.str1.1
                0x0000000000010220       0x68 init/main.o
 .rodata.str1.4
                0x0000000000010288       0x25 init/main.o
 *fill*         0x00000000000102ad       0x13 00
 .rodata        0x00000000000102c0      0x270 kernel/kernel.o
 .rodata.str1.1
                0x0000000000010530      0x283 kernel/kernel.o
                                        0x289 (size before relaxing)
 *fill*         0x00000000000107b3        0x1 00
 .rodata.str1.4
                0x00000000000107b4      0x1fc kernel/kernel.o
 .rodata.str1.4
                0x00000000000109b0       0xe9 mm/mm.o
 .rodata.str1.1
                0x0000000000010a99       0x68 mm/mm.o
 *fill*         0x0000000000010b01       0x1f 00
 .rodata        0x0000000000010b20       0xc4 fs/fs.o
 .rodata.str1.1
                0x0000000000010be4      0x32c fs/fs.o
                                        0x332 (size before relaxing)
 .rodata.str1.4
                0x0000000000010f10      0x334 fs/fs.o

.rodata1
 *(.rodata1)

.eh_frame_hdr
 *(.eh_frame_hdr)

.eh_frame       0x0000000000011244     0x2418
 *(.eh_frame)
 .eh_frame      0x0000000000011244       0x74 init/main.o
 .eh_frame      0x00000000000112b8      0xe64 kernel/kernel.o
                                        0xf9c (size before relaxing)
 .eh_frame      0x000000000001211c      0x1a8 mm/mm.o
                                        0x1c0 (size before relaxing)
 .eh_frame      0x00000000000122c4      0xf0c fs/fs.o
                                       0x10bc (size before relaxing)
 .eh_frame      0x00000000000131d0       0x1c lib/lib.a(_exit.o)
                                         0x34 (size before relaxing)
 .eh_frame      0x00000000000131ec       0x20 lib/lib.a(open.o)
                                         0x38 (size before relaxing)
 .eh_frame      0x000000000001320c       0x1c lib/lib.a(close.o)
                                         0x34 (size before relaxing)
 .eh_frame      0x0000000000013228       0x20 lib/lib.a(write.o)
                                         0x38 (size before relaxing)
 .eh_frame      0x0000000000013248       0x1c lib/lib.a(dup.o)
                                         0x34 (size before relaxing)
 .eh_frame      0x0000000000013264       0x14 lib/lib.a(setsid.o)
                                         0x2c (size before relaxing)
 .eh_frame      0x0000000000013278       0x20 lib/lib.a(execve.o)
                                         0x38 (size before relaxing)
 .eh_frame      0x0000000000013298       0x38 lib/lib.a(wait.o)
                                         0x50 (size before relaxing)
 .eh_frame      0x00000000000132d0      0x25c lib/lib.a(string.o)
                                        0x274 (size before relaxing)
 .eh_frame      0x000000000001352c       0x14 lib/lib.a(random.o)
                                         0x2c (size before relaxing)
 .eh_frame      0x0000000000013540      0x11c lib/lib.a(crypt.o)
                                        0x134 (size before relaxing)

.gcc_except_table
 *(.gcc_except_table .gcc_except_table.*)

.exception_ranges
 *(.exception_ranges .exception_ranges*)
                0x000000000001365c                . = (ALIGN (0x1000) - ((0x1000 - .) & 0xfff))
                0x0000000000014000                . = DATA_SEGMENT_ALIGN (0x1000, 0x1000)

.eh_frame
 *(.eh_frame)

.gcc_except_table
 *(.gcc_except_table .gcc_except_table.*)

.exception_ranges
 *(.exception_ranges .exception_ranges*)

.tdata
 *(.tdata .tdata.* .gnu.linkonce.td.*)

.tbss
 *(.tbss .tbss.* .gnu.linkonce.tb.*)
 *(.tcommon)

.preinit_array  0x0000000000014000        0x0
                0x0000000000014000                PROVIDE (__preinit_array_start, .)
 *(.preinit_array)
                0x0000000000014000                PROVIDE (__preinit_array_end, .)

.init_array     0x0000000000014000        0x0
                0x0000000000014000                PROVIDE (__init_array_start, .)
 *(SORT(.init_array.*) SORT(.ctors.*))
 *(.init_array)
 *(EXCLUDE_FILE(*crtend?.o *crtend.o *crtbegin?.o *crtbegin.o) .ctors)
                0x0000000000014000                PROVIDE (__init_array_end, .)

.fini_array     0x0000000000014000        0x0
                0x0000000000014000                PROVIDE (__fini_array_start, .)
 *(SORT(.fini_array.*) SORT(.dtors.*))
 *(.fini_array)
 *(EXCLUDE_FILE(*crtend?.o *crtend.o *crtbegin?.o *crtbegin.o) .dtors)
                0x0000000000014000                PROVIDE (__fini_array_end, .)

.ctors
 *crtbegin.o(.ctors)
 *crtbegin?.o(.ctors)
 *(EXCLUDE_FILE(*crtend?.o *crtend.o) .ctors)
 *(SORT(.ctors.*))
 *(.ctors)

.dtors
 *crtbegin.o(.dtors)
 *crtbegin?.o(.dtors)
 *(EXCLUDE_FILE(*crtend?.o *crtend.o) .dtors)
 *(SORT(.dtors.*))
 *(.dtors)

.jcr
 *(.jcr)

.data.rel.ro
 *(.data.rel.ro.local* .gnu.linkonce.d.rel.ro.local.*)
 *(.data.rel.ro* .gnu.linkonce.d.rel.ro.*)

.dynamic
 *(.dynamic)

.got
 *(.got)
 *(.igot)
                0x0000000000014000                . = DATA_SEGMENT_RELRO_END (., 0xc)

.got.plt        0x0000000000014000        0x0
 *(.got.plt)
 *(.igot.plt)
 .igot.plt      0x0000000000000000        0x0 boot/head.o

.data           0x0000000000014000     0x3e64
 *(.data .data.* .gnu.linkonce.d.*)
 .data          0x0000000000014000        0x0 boot/head.o
 .data          0x0000000000014000       0x18 init/main.o
 *fill*         0x0000000000014018        0x8 00
 .data          0x0000000000014020     0x3d2c kernel/kernel.o
                0x0000000000014020                stack_start
                0x0000000000014040                task
                0x0000000000014140                current
                0x0000000000014160                sys_call_table
                0x0000000000015660                table_list
                0x0000000000015680                tty_table
 .data          0x0000000000017d4c        0x0 mm/mm.o
 .data          0x0000000000017d4c        0x4 fs/fs.o
                0x0000000000017d4c                start_buffer
 *fill*         0x0000000000017d50       0x10 00
 .data          0x0000000000017d60      0x101 lib/lib.a(ctype.o)
                0x0000000000017d60                _ctype
 *fill*         0x0000000000017e61        0x3 00
 .data          0x0000000000017e64        0x0 lib/lib.a(_exit.o)
 .data          0x0000000000017e64        0x0 lib/lib.a(open.o)
 .data          0x0000000000017e64        0x0 lib/lib.a(close.o)
 .data          0x0000000000017e64        0x0 lib/lib.a(errno.o)
 .data          0x0000000000017e64        0x0 lib/lib.a(write.o)
 .data          0x0000000000017e64        0x0 lib/lib.a(dup.o)
 .data          0x0000000000017e64        0x0 lib/lib.a(setsid.o)
 .data          0x0000000000017e64        0x0 lib/lib.a(execve.o)
 .data          0x0000000000017e64        0x0 lib/lib.a(wait.o)
 .data          0x0000000000017e64        0x0 lib/lib.a(string.o)
 .data          0x0000000000017e64        0x0 lib/lib.a(random.o)
 .data          0x0000000000017e64        0x0 lib/lib.a(crypt.o)

.data1
 *(.data1)
                0x0000000000017e64                _edata = .
                0x0000000000017e64                PROVIDE (edata, .)
                0x0000000000017e64                __bss_start = .

.bss            0x0000000000017e80     0x3dcc
 *(.dynbss)
 *(.bss .bss.* .gnu.linkonce.b.*)
 .bss           0x0000000000017e80        0x0 boot/head.o
 .bss           0x0000000000017e80      0x400 init/main.o
 .bss           0x0000000000018280      0x9cc kernel/kernel.o
                0x0000000000018280                last_task_used_math
                0x0000000000018284                startup_time
                0x0000000000018288                jiffies
                0x000000000001828c                last_pid
                0x0000000000018740                do_hd
 *fill*         0x0000000000018c4c       0x14 00
 .bss           0x0000000000018c60      0xc00 mm/mm.o
 .bss           0x0000000000019860      0x710 fs/fs.o
                0x0000000000019860                inode_table
                0x0000000000019f64                nr_buffers
 .bss           0x0000000000019f70        0x0 lib/lib.a(ctype.o)
 .bss           0x0000000000019f70        0x0 lib/lib.a(_exit.o)
 .bss           0x0000000000019f70        0x0 lib/lib.a(open.o)
 .bss           0x0000000000019f70        0x0 lib/lib.a(close.o)
 .bss           0x0000000000019f70        0x0 lib/lib.a(errno.o)
 .bss           0x0000000000019f70        0x0 lib/lib.a(write.o)
 .bss           0x0000000000019f70        0x0 lib/lib.a(dup.o)
 .bss           0x0000000000019f70        0x0 lib/lib.a(setsid.o)
 .bss           0x0000000000019f70        0x0 lib/lib.a(execve.o)
 .bss           0x0000000000019f70        0x0 lib/lib.a(wait.o)
 .bss           0x0000000000019f70        0x0 lib/lib.a(string.o)
 .bss           0x0000000000019f70        0x4 lib/lib.a(random.o)
 .bss           0x0000000000019f74        0x0 lib/lib.a(crypt.o)
 *(COMMON)
 *fill*         0x0000000000019f74        0xc 00
 COMMON         0x0000000000019f80       0x8c init/main.o
                0x0000000000019f80                gkey
                0x000000000001a000                enclst
                0x000000000001a004                igncry
                0x000000000001a008                global_timeout
 *fill*         0x000000000001a00c       0x14 00
 COMMON         0x000000000001a020     0x1000 kernel/kernel.o
                0x000000000001a020                user_stack
 COMMON         0x000000000001b020      0xc20 fs/fs.o
                0x000000000001b020                hash_table
                0x000000000001b500                super_block
                0x000000000001b840                file_table
 COMMON         0x000000000001bc40        0x1 lib/lib.a(ctype.o)
                0x000000000001bc40                _ctmp
 *fill*         0x000000000001bc41        0x3 00
 COMMON         0x000000000001bc44        0x4 lib/lib.a(errno.o)
                0x000000000001bc44                errno
 COMMON         0x000000000001bc48        0x4 lib/lib.a(string.o)
                0x000000000001bc48                ___strtok
                0x000000000001bc4c                . = ALIGN ((. != 0x0)?0x4:0x1)
                0x000000000001bc4c                . = ALIGN (0x4)
                0x000000000001bc4c                . = ALIGN (0x4)
                0x000000000001bc4c                _end = .
                0x000000000001bc4c                PROVIDE (end, .)
                0x000000000001bc4c                . = DATA_SEGMENT_END (.)

.stab
 *(.stab)

.stabstr
 *(.stabstr)

.stab.excl
 *(.stab.excl)

.stab.exclstr
 *(.stab.exclstr)

.stab.index
 *(.stab.index)

.stab.indexstr
 *(.stab.indexstr)

.comment        0x0000000000000000       0x2a
 *(.comment)
 .comment       0x0000000000000000       0x2a init/main.o
                                         0x2b (size before relaxing)
 .comment       0x0000000000000000      0x22f kernel/kernel.o
 .comment       0x0000000000000000       0x2b mm/mm.o
 .comment       0x0000000000000000      0x331 fs/fs.o
 .comment       0x0000000000000000       0x2b lib/lib.a(ctype.o)
 .comment       0x0000000000000000       0x2b lib/lib.a(_exit.o)
 .comment       0x0000000000000000       0x2b lib/lib.a(open.o)
 .comment       0x0000000000000000       0x2b lib/lib.a(close.o)
 .comment       0x0000000000000000       0x2b lib/lib.a(errno.o)
 .comment       0x0000000000000000       0x2b lib/lib.a(write.o)
 .comment       0x0000000000000000       0x2b lib/lib.a(dup.o)
 .comment       0x0000000000000000       0x2b lib/lib.a(setsid.o)
 .comment       0x0000000000000000       0x2b lib/lib.a(execve.o)
 .comment       0x0000000000000000       0x2b lib/lib.a(wait.o)
 .comment       0x0000000000000000       0x2b lib/lib.a(string.o)
 .comment       0x0000000000000000       0x2b lib/lib.a(random.o)
 .comment       0x0000000000000000       0x2b lib/lib.a(crypt.o)

.debug
 *(.debug)

.line
 *(.line)

.debug_srcinfo
 *(.debug_srcinfo)

.debug_sfnames
 *(.debug_sfnames)

.debug_aranges  0x0000000000000000      0x580
 *(.debug_aranges)
 .debug_aranges
                0x0000000000000000       0x20 init/main.o
 .debug_aranges
                0x0000000000000020      0x1a0 kernel/kernel.o
 .debug_aranges
                0x00000000000001c0       0x20 mm/mm.o
 .debug_aranges
                0x00000000000001e0      0x240 fs/fs.o
 .debug_aranges
                0x0000000000000420       0x20 lib/lib.a(_exit.o)
 .debug_aranges
                0x0000000000000440       0x20 lib/lib.a(open.o)
 .debug_aranges
                0x0000000000000460       0x20 lib/lib.a(close.o)
 .debug_aranges
                0x0000000000000480       0x20 lib/lib.a(write.o)
 .debug_aranges
                0x00000000000004a0       0x20 lib/lib.a(dup.o)
 .debug_aranges
                0x00000000000004c0       0x20 lib/lib.a(setsid.o)
 .debug_aranges
                0x00000000000004e0       0x20 lib/lib.a(execve.o)
 .debug_aranges
                0x0000000000000500       0x20 lib/lib.a(wait.o)
 .debug_aranges
                0x0000000000000520       0x20 lib/lib.a(string.o)
 .debug_aranges
                0x0000000000000540       0x20 lib/lib.a(random.o)
 .debug_aranges
                0x0000000000000560       0x20 lib/lib.a(crypt.o)

.debug_pubnames
 *(.debug_pubnames)

.debug_info     0x0000000000000000    0x1c958
 *(.debug_info .gnu.linkonce.wi.*)
 .debug_info    0x0000000000000000      0xd45 init/main.o
 .debug_info    0x0000000000000d45     0x9457 kernel/kernel.o
 .debug_info    0x000000000000a19c      0x4d6 mm/mm.o
 .debug_info    0x000000000000a672     0xec49 fs/fs.o
 .debug_info    0x00000000000192bb       0x70 lib/lib.a(ctype.o)
 .debug_info    0x000000000001932b      0x3af lib/lib.a(_exit.o)
 .debug_info    0x00000000000196da      0x403 lib/lib.a(open.o)
 .debug_info    0x0000000000019add      0x3ce lib/lib.a(close.o)
 .debug_info    0x0000000000019eab       0x3f lib/lib.a(errno.o)
 .debug_info    0x0000000000019eea      0x400 lib/lib.a(write.o)
 .debug_info    0x000000000001a2ea      0x3ce lib/lib.a(dup.o)
 .debug_info    0x000000000001a6b8      0x3cb lib/lib.a(setsid.o)
 .debug_info    0x000000000001aa83      0x3fc lib/lib.a(execve.o)
 .debug_info    0x000000000001ae7f      0x428 lib/lib.a(wait.o)
 .debug_info    0x000000000001b2a7      0x705 lib/lib.a(string.o)
 .debug_info    0x000000000001b9ac      0x954 lib/lib.a(random.o)
 .debug_info    0x000000000001c300      0x658 lib/lib.a(crypt.o)

.debug_abbrev   0x0000000000000000     0x4816
 *(.debug_abbrev)
 .debug_abbrev  0x0000000000000000      0x1e8 init/main.o
 .debug_abbrev  0x00000000000001e8     0x18e0 kernel/kernel.o
 .debug_abbrev  0x0000000000001ac8      0x1af mm/mm.o
 .debug_abbrev  0x0000000000001c77     0x223e fs/fs.o
 .debug_abbrev  0x0000000000003eb5       0x42 lib/lib.a(ctype.o)
 .debug_abbrev  0x0000000000003ef7       0xa3 lib/lib.a(_exit.o)
 .debug_abbrev  0x0000000000003f9a       0xdc lib/lib.a(open.o)
 .debug_abbrev  0x0000000000004076       0xb4 lib/lib.a(close.o)
 .debug_abbrev  0x000000000000412a       0x30 lib/lib.a(errno.o)
 .debug_abbrev  0x000000000000415a       0xd7 lib/lib.a(write.o)
 .debug_abbrev  0x0000000000004231       0xb4 lib/lib.a(dup.o)
 .debug_abbrev  0x00000000000042e5       0xb2 lib/lib.a(setsid.o)
 .debug_abbrev  0x0000000000004397       0xbb lib/lib.a(execve.o)
 .debug_abbrev  0x0000000000004452       0xd0 lib/lib.a(wait.o)
 .debug_abbrev  0x0000000000004522      0x128 lib/lib.a(string.o)
 .debug_abbrev  0x000000000000464a       0xe9 lib/lib.a(random.o)
 .debug_abbrev  0x0000000000004733       0xe3 lib/lib.a(crypt.o)

.debug_line     0x0000000000000000     0x3aeb
 *(.debug_line)
 .debug_line    0x0000000000000000      0x128 init/main.o
 .debug_line    0x0000000000000128     0x1570 kernel/kernel.o
 .debug_line    0x0000000000001698      0x122 mm/mm.o
 .debug_line    0x00000000000017ba     0x1ce9 fs/fs.o
 .debug_line    0x00000000000034a3       0x28 lib/lib.a(ctype.o)
 .debug_line    0x00000000000034cb       0x50 lib/lib.a(_exit.o)
 .debug_line    0x000000000000351b       0x76 lib/lib.a(open.o)
 .debug_line    0x0000000000003591       0x6e lib/lib.a(close.o)
 .debug_line    0x00000000000035ff       0x28 lib/lib.a(errno.o)
 .debug_line    0x0000000000003627       0x8c lib/lib.a(write.o)
 .debug_line    0x00000000000036b3       0x6c lib/lib.a(dup.o)
 .debug_line    0x000000000000371f       0x88 lib/lib.a(setsid.o)
 .debug_line    0x00000000000037a7       0x73 lib/lib.a(execve.o)
 .debug_line    0x000000000000381a       0x90 lib/lib.a(wait.o)
 .debug_line    0x00000000000038aa       0xc1 lib/lib.a(string.o)
 .debug_line    0x000000000000396b       0x9d lib/lib.a(random.o)
 .debug_line    0x0000000000003a08       0xe3 lib/lib.a(crypt.o)

.debug_frame
 *(.debug_frame)

.debug_str      0x0000000000000000     0x1afb
 *(.debug_str)
 .debug_str     0x0000000000000000      0x42b init/main.o
                                        0x4df (size before relaxing)
 .debug_str     0x000000000000042b      0xb6f kernel/kernel.o
                                       0x35f9 (size before relaxing)
 .debug_str     0x0000000000000f9a      0x126 mm/mm.o
                                        0x1c1 (size before relaxing)
 .debug_str     0x00000000000010c0      0x953 fs/fs.o
                                       0x5991 (size before relaxing)
 .debug_str     0x0000000000001a13       0x26 lib/lib.a(ctype.o)
                                         0x66 (size before relaxing)
 .debug_str     0x0000000000001a39        0x8 lib/lib.a(_exit.o)
                                        0x284 (size before relaxing)
 .debug_str     0x0000000000000000        0x8 lib/lib.a(open.o)
                                        0x294 (size before relaxing)
 .debug_str     0x0000000000001a41        0x8 lib/lib.a(close.o)
                                        0x286 (size before relaxing)
 .debug_str     0x0000000000001a49        0x8 lib/lib.a(errno.o)
                                         0x38 (size before relaxing)
 .debug_str     0x0000000000000000        0x8 lib/lib.a(write.o)
                                        0x292 (size before relaxing)
 .debug_str     0x0000000000001a51        0x6 lib/lib.a(dup.o)
                                        0x27e (size before relaxing)
 .debug_str     0x0000000000001a57        0x9 lib/lib.a(setsid.o)
                                        0x28e (size before relaxing)
 .debug_str     0x0000000000001a60        0x9 lib/lib.a(execve.o)
                                        0x297 (size before relaxing)
 .debug_str     0x0000000000001a69       0x11 lib/lib.a(wait.o)
                                        0x2a4 (size before relaxing)
 .debug_str     0x0000000000001a7a       0x6b lib/lib.a(string.o)
                                         0xec (size before relaxing)
 .debug_str     0x0000000000001ae5        0xe lib/lib.a(random.o)
                                        0x43f (size before relaxing)
 .debug_str     0x0000000000001af3        0x8 lib/lib.a(crypt.o)
                                        0x2fa (size before relaxing)

.debug_loc      0x0000000000000000     0xb67c
 *(.debug_loc)
 .debug_loc     0x0000000000000000      0x256 init/main.o
 .debug_loc     0x0000000000000256     0x410d kernel/kernel.o
 .debug_loc     0x0000000000004363      0x640 mm/mm.o
 .debug_loc     0x00000000000049a3     0x6470 fs/fs.o
 .debug_loc     0x000000000000ae13       0x2c lib/lib.a(_exit.o)
 .debug_loc     0x000000000000ae3f       0x3f lib/lib.a(open.o)
 .debug_loc     0x000000000000ae7e       0x3f lib/lib.a(close.o)
 .debug_loc     0x000000000000aebd       0x57 lib/lib.a(write.o)
 .debug_loc     0x000000000000af14       0x3f lib/lib.a(dup.o)
 .debug_loc     0x000000000000af53       0x13 lib/lib.a(setsid.o)
 .debug_loc     0x000000000000af66       0x57 lib/lib.a(execve.o)
 .debug_loc     0x000000000000afbd       0x83 lib/lib.a(wait.o)
 .debug_loc     0x000000000000b040      0x3a6 lib/lib.a(string.o)
 .debug_loc     0x000000000000b3e6      0x296 lib/lib.a(crypt.o)

.debug_macinfo
 *(.debug_macinfo)

.debug_weaknames
 *(.debug_weaknames)

.debug_funcnames
 *(.debug_funcnames)

.debug_typenames
 *(.debug_typenames)

.debug_varnames
 *(.debug_varnames)

.debug_pubtypes
 *(.debug_pubtypes)

.debug_ranges   0x0000000000000000      0x428
 *(.debug_ranges)
 .debug_ranges  0x0000000000000000      0x120 kernel/kernel.o
 .debug_ranges  0x0000000000000120      0x308 fs/fs.o

.gnu.attributes
 *(.gnu.attributes)

/DISCARD/
 *(.note.GNU-stack)
 *(.gnu_debuglink)
 *(.gnu.lto_*)
OUTPUT(tools/system elf32-i386)
