Archive member included because of file (symbol)

lib/lib.a(ctype.o)            kernel/kernel.o (_ctype)
lib/lib.a(_exit.o)            init/main.o (_exit)
lib/lib.a(open.o)             init/main.o (open)
lib/lib.a(close.o)            init/main.o (close)
lib/lib.a(errno.o)            init/main.o (errno)
lib/lib.a(write.o)            init/main.o (write)
lib/lib.a(dup.o)              init/main.o (dup)
lib/lib.a(setsid.o)           init/main.o (setsid)
lib/lib.a(execve.o)           init/main.o (execve)
lib/lib.a(wait.o)             init/main.o (wait)
lib/lib.a(string.o)           kernel/kernel.o (memcpy)
lib/lib.a(getdents.o)         kernel/kernel.o (getdents)

Allocating common symbols
Common symbol       size              file

errno               0x4               lib/lib.a(errno.o)
hash_table          0x4cc             fs/fs.o
___strtok           0x4               lib/lib.a(string.o)
user_stack          0x1000            kernel/kernel.o
_ctmp               0x1               lib/lib.a(ctype.o)
super_block         0x340             fs/fs.o
file_table          0x400             fs/fs.o

Discarded input sections

 .note.GNU-stack
                0x0000000000000000        0x0 init/main.o
 .note.GNU-stack
                0x0000000000000000        0x0 kernel/kernel.o
 .note.GNU-stack
                0x0000000000000000        0x0 mm/mm.o
 .note.GNU-stack
                0x0000000000000000        0x0 fs/fs.o
 .note.GNU-stack
                0x0000000000000000        0x0 lib/lib.a(ctype.o)
 .note.GNU-stack
                0x0000000000000000        0x0 lib/lib.a(_exit.o)
 .note.GNU-stack
                0x0000000000000000        0x0 lib/lib.a(open.o)
 .note.GNU-stack
                0x0000000000000000        0x0 lib/lib.a(close.o)
 .note.GNU-stack
                0x0000000000000000        0x0 lib/lib.a(errno.o)
 .note.GNU-stack
                0x0000000000000000        0x0 lib/lib.a(write.o)
 .note.GNU-stack
                0x0000000000000000        0x0 lib/lib.a(dup.o)
 .note.GNU-stack
                0x0000000000000000        0x0 lib/lib.a(setsid.o)
 .note.GNU-stack
                0x0000000000000000        0x0 lib/lib.a(execve.o)
 .note.GNU-stack
                0x0000000000000000        0x0 lib/lib.a(wait.o)
 .note.GNU-stack
                0x0000000000000000        0x0 lib/lib.a(string.o)
 .note.GNU-stack
                0x0000000000000000        0x0 lib/lib.a(getdents.o)

Memory Configuration

Name             Origin             Length             Attributes
*default*        0x0000000000000000 0xffffffffffffffff

Linker script and memory map

Address of section .text set to 0x0
LOAD boot/head.o
LOAD init/main.o
LOAD kernel/kernel.o
LOAD mm/mm.o
LOAD fs/fs.o
LOAD lib/lib.a
                0x0000000008048000                PROVIDE (__executable_start, 0x8048000)
                0x0000000008048094                . = (0x8048000 + SIZEOF_HEADERS)

.interp
 *(.interp)

.note.gnu.build-id
 *(.note.gnu.build-id)

.hash
 *(.hash)

.gnu.hash
 *(.gnu.hash)

.dynsym
 *(.dynsym)

.dynstr
 *(.dynstr)

.gnu.version
 *(.gnu.version)

.gnu.version_d
 *(.gnu.version_d)

.gnu.version_r
 *(.gnu.version_r)

.rel.dyn        0x0000000008048094        0x0
 *(.rel.init)
 *(.rel.text .rel.text.* .rel.gnu.linkonce.t.*)
 .rel.text      0x0000000000000000        0x0 boot/head.o
 *(.rel.fini)
 *(.rel.rodata .rel.rodata.* .rel.gnu.linkonce.r.*)
 *(.rel.data.rel.ro* .rel.gnu.linkonce.d.rel.ro.*)
 *(.rel.data .rel.data.* .rel.gnu.linkonce.d.*)
 .rel.data      0x0000000000000000        0x0 boot/head.o
 *(.rel.tdata .rel.tdata.* .rel.gnu.linkonce.td.*)
 *(.rel.tbss .rel.tbss.* .rel.gnu.linkonce.tb.*)
 *(.rel.ctors)
 *(.rel.dtors)
 *(.rel.got)
 *(.rel.bss .rel.bss.* .rel.gnu.linkonce.b.*)
 *(.rel.ifunc)

.rel.plt        0x0000000008048094        0x0
 *(.rel.plt)
                0x0000000008048094                PROVIDE (__rel_iplt_start, .)
 *(.rel.iplt)
 .rel.iplt      0x0000000000000000        0x0 boot/head.o
                0x0000000008048094                PROVIDE (__rel_iplt_end, .)

.init
 *(.init)

.plt            0x00000000080480a0        0x0
 *(.plt)
 *(.iplt)
 .iplt          0x0000000000000000        0x0 boot/head.o

.text           0x0000000000000000     0xfbe5
 *(.text.unlikely .text.*_unlikely)
 *(.text.exit .text.exit.*)
 *(.text.startup .text.startup.*)
 *(.text.hot .text.hot.*)
 *(.text .stub .text.* .gnu.linkonce.t.*)
 .text          0x0000000000000000     0x5078 boot/head.o
                0x0000000000000000                startup_32
                0x0000000000000000                pg_dir
                0x0000000000004078                idt
                0x0000000000004878                gdt
 *fill*         0x0000000000005078        0x8 90909090
 .text          0x0000000000005080      0x370 init/main.o
                0x00000000000050c1                init
                0x0000000000005232                main
 .text          0x00000000000053f0     0x4d97 kernel/kernel.o
                0x00000000000053f0                sys_alarm
                0x0000000000005417                sys_getpid
                0x0000000000005423                sys_getppid
                0x000000000000542f                sys_getuid
                0x000000000000543c                sys_geteuid
                0x0000000000005449                sys_getgid
                0x0000000000005456                sys_getegid
                0x0000000000005463                sys_nice
                0x000000000000547c                sys_signal
                0x00000000000054b9                math_state_restore
                0x00000000000054f0                schedule
                0x00000000000055e1                sys_pause
                0x00000000000055f7                sleep_on
                0x0000000000005651                interruptible_sleep_on
                0x00000000000056bb                wake_up
                0x00000000000056d7                do_timer
                0x000000000000571d                sched_init
                0x0000000000005844                system_call
                0x0000000000005936                timer_interrupt
                0x000000000000596e                sys_execve
                0x000000000000597c                sys_fork
                0x0000000000005994                hd_interrupt
                0x0000000000005b41                do_double_fault
                0x0000000000005b5a                do_general_protection
                0x0000000000005b73                do_divide_error
                0x0000000000005b8c                do_int3
                0x0000000000005c44                do_nmi
                0x0000000000005c5d                do_debug
                0x0000000000005c76                do_overflow
                0x0000000000005c8f                do_bounds
                0x0000000000005ca8                do_invalid_op
                0x0000000000005cc1                do_device_not_available
                0x0000000000005cda                do_coprocessor_segment_overrun
                0x0000000000005cf3                do_invalid_TSS
                0x0000000000005d0c                do_segment_not_present
                0x0000000000005d25                do_stack_segment
                0x0000000000005d3e                do_coprocessor_error
                0x0000000000005d57                do_reserved
                0x0000000000005d70                trap_init
                0x0000000000005f2c                divide_error
                0x0000000000005f61                debug
                0x0000000000005f68                nmi
                0x0000000000005f6f                int3
                0x0000000000005f76                overflow
                0x0000000000005f7d                bounds
                0x0000000000005f84                invalid_op
                0x0000000000005f93                device_not_available
                0x0000000000005fc0                coprocessor_segment_overrun
                0x0000000000005fca                reserved
                0x0000000000005fd4                coprocessor_error
                0x0000000000005fde                double_fault
                0x0000000000006015                invalid_TSS
                0x000000000000601c                segment_not_present
                0x0000000000006023                stack_segment
                0x000000000000602a                general_protection
                0x0000000000006034                verify_area
                0x0000000000006099                copy_mem
                0x000000000000618f                copy_process
                0x000000000000641e                find_empty_process
                0x0000000000006480                panic
                0x000000000000649c                printk
                0x0000000000006726                vsprintf
                0x0000000000006a90                tty_init
                0x0000000000006aa1                tty_intr
                0x0000000000006ae6                copy_to_cooked
                0x0000000000006d66                tty_read
                0x000000000000702c                tty_write
                0x0000000000007209                do_tty_interrupt
                0x0000000000007230                draw_square
                0x0000000000007755                list_path
                0x0000000000007838                c_mode
                0x000000000000786e                a_mode_on
                0x000000000000787c                a_mode_off
                0x000000000000788a                e_mode
                0x00000000000078b5                copy_row
                0x0000000000007923                go_up
                0x0000000000007958                go_down
                0x0000000000007991                go_left
                0x0000000000007997                go_right
                0x000000000000799d                add_char
                0x0000000000007a05                dump
                0x0000000000007a2f                csi_m
                0x0000000000007a8a                con_write
                0x000000000000843a                con_init
                0x00000000000084c3                keyboard_interrupt
                0x0000000000008cfc                rs1_interrupt
                0x0000000000008d04                rs2_interrupt
                0x0000000000009469                rw_hd
                0x0000000000009512                sys_setup
                0x0000000000009611                unexpected_hd_interrupt
                0x0000000000009624                hd_init
                0x0000000000009694                sys_ftime
                0x000000000000969a                sys_mknod
                0x00000000000096a0                sys_break
                0x00000000000096a6                sys_mount
                0x00000000000096ac                sys_umount
                0x00000000000096b2                sys_ustat
                0x00000000000096b8                sys_ptrace
                0x00000000000096be                sys_stty
                0x00000000000096c4                sys_gtty
                0x00000000000096ca                sys_rename
                0x00000000000096d0                sys_prof
                0x00000000000096d6                sys_setgid
                0x0000000000009733                sys_acct
                0x0000000000009739                sys_phys
                0x000000000000973f                sys_lock
                0x0000000000009745                sys_mpx
                0x000000000000974b                sys_ulimit
                0x0000000000009751                sys_time
                0x00000000000097a4                sys_setuid
                0x00000000000097fd                sys_stime
                0x000000000000984a                sys_times
                0x00000000000098a3                sys_brk
                0x00000000000098d6                sys_setpgid
                0x000000000000994b                sys_getpgrp
                0x0000000000009957                sys_setsid
                0x00000000000099ac                sys_oldolduname
                0x00000000000099c4                sys_uname
                0x0000000000009a11                sys_umask
                0x0000000000009a2f                sys_null
                0x0000000000009a60                release
                0x0000000000009aba                do_kill
                0x0000000000009d33                sys_kill
                0x0000000000009d69                do_exit
                0x0000000000009efc                sys_exit
                0x0000000000009f17                sys_waitpid
                0x000000000000a09e                rs_init
                0x000000000000a0f6                rs_write
                0x000000000000a120                kernel_mktime
 *fill*         0x000000000000a187        0x1 90909090
 .text          0x000000000000a188      0x517 mm/mm.o
                0x000000000000a188                invalidate
                0x000000000000a191                copy_page
                0x000000000000a1b6                get_free_page
                0x000000000000a1ee                free_page
                0x000000000000a24e                free_page_tables
                0x000000000000a2fe                copy_page_tables
                0x000000000000a3f8                put_page
                0x000000000000a4a5                un_wp_page
                0x000000000000a535                do_wp_page
                0x000000000000a565                write_verify
                0x000000000000a5a4                do_no_page
                0x000000000000a5d4                calc_mem
                0x000000000000a668                page_fault
 *fill*         0x000000000000a69f        0x1 90909090
 .text          0x000000000000a6a0     0x4f4c fs/fs.o
                0x000000000000a6a0                sys_utime
                0x000000000000a709                sys_access
                0x000000000000a7a0                sys_chdir
                0x000000000000a803                sys_chroot
                0x000000000000a866                sys_chmod
                0x000000000000a8fb                sys_chown
                0x000000000000a962                sys_open
                0x000000000000aaf6                sys_creat
                0x000000000000ab19                sys_close
                0x000000000000aba0                sys_lseek
                0x000000000000ac5c                sys_read
                0x000000000000adb7                sys_write
                0x000000000000b2cb                sync_inodes
                0x000000000000b315                bmap
                0x000000000000b32e                create_block
                0x000000000000b347                iput
                0x000000000000b435                get_empty_inode
                0x000000000000b523                get_pipe_inode
                0x000000000000b56a                iget
                0x000000000000b757                sys_sync
                0x000000000000b7bf                brelse
                0x000000000000b811                get_hash_table
                0x000000000000b870                getblk
                0x000000000000bb0f                bread
                0x000000000000bb69                buffer_init
                0x000000000000bc04                do_mount
                0x000000000000be0f                mount_root
                0x000000000000bf60                block_write
                0x000000000000c043                block_read
                0x000000000000c11a                ll_rw_block
                0x000000000000c1e3                rw_char
                0x000000000000c254                file_read
                0x000000000000c3ff                file_write
                0x000000000000c69e                sys_stat
                0x000000000000c6e3                sys_lstat
                0x000000000000c6fe                sys_fstat
                0x000000000000c741                sys_stat64
                0x000000000000c786                sys_fstat64
                0x000000000000c7c9                sys_lstat64
                0x000000000000c7e4                sys_oldstat
                0x000000000000c7fc                sys_oldfstat
                0x000000000000c944                cp_block
                0x000000000000c979                is_valid_elf
                0x000000000000c9be                read_file_block_ind
                0x000000000000ca53                read_file_block
                0x000000000000cb52                copy_section
                0x000000000000cc40                create_bss_section
                0x000000000000cc66                load_elf_binary
                0x000000000000ce71                do_execve
                0x000000000000d304                read_pipe
                0x000000000000d39d                write_pipe
                0x000000000000d496                sys_pipe
                0x000000000000dac9                namei
                0x000000000000db7f                open_namei
                0x000000000000dde5                sys_mkdir
                0x000000000000e09a                sys_rmdir
                0x000000000000e40c                sys_unlink
                0x000000000000e5a8                sys_link
                0x000000000000e750                free_block
                0x000000000000e88b                new_block
                0x000000000000ea0e                free_inode
                0x000000000000eb3a                new_inode
                0x000000000000ed1a                sys_dup2
                0x000000000000ed3a                sys_dup
                0x000000000000ed4a                sys_fcntl
                0x000000000000ee07                sys_fcntl64
                0x000000000000ee5c                sys_ioctl
                0x000000000000eef9                tty_ioctl
                0x000000000000f1c5                truncate
                0x000000000000f2d0                sys_getdents
                0x000000000000f45e                sys_getdents64
 .text          0x000000000000f5ec        0x0 lib/lib.a(ctype.o)
 .text          0x000000000000f5ec        0xe lib/lib.a(_exit.o)
                0x000000000000f5ec                _exit
 *fill*         0x000000000000f5fa        0x2 90909090
 .text          0x000000000000f5fc       0x3d lib/lib.a(open.o)
                0x000000000000f5fc                open
 *fill*         0x000000000000f639        0x3 90909090
 .text          0x000000000000f63c       0x23 lib/lib.a(close.o)
                0x000000000000f63c                close
 *fill*         0x000000000000f65f        0x1 90909090
 .text          0x000000000000f660        0x0 lib/lib.a(errno.o)
 .text          0x000000000000f660       0x3d lib/lib.a(write.o)
                0x000000000000f660                write
 *fill*         0x000000000000f69d        0x3 90909090
 .text          0x000000000000f6a0       0x23 lib/lib.a(dup.o)
                0x000000000000f6a0                dup
 *fill*         0x000000000000f6c3        0x1 90909090
 .text          0x000000000000f6c4       0x1e lib/lib.a(setsid.o)
                0x000000000000f6c4                setsid
 *fill*         0x000000000000f6e2        0x2 90909090
 .text          0x000000000000f6e4       0x3d lib/lib.a(execve.o)
                0x000000000000f6e4                execve
 *fill*         0x000000000000f721        0x3 90909090
 .text          0x000000000000f724       0x60 lib/lib.a(wait.o)
                0x000000000000f724                waitpid
                0x000000000000f761                wait
 .text          0x000000000000f784      0x421 lib/lib.a(string.o)
                0x000000000000f784                strcpy
                0x000000000000f7ac                strncpy
                0x000000000000f7dd                strcat
                0x000000000000f812                strncat
                0x000000000000f851                strcmp
                0x000000000000f87f                strncmp
                0x000000000000f8b4                strchr
                0x000000000000f8d2                strrchr
                0x000000000000f8f3                strspn
                0x000000000000f940                strcspn
                0x000000000000f98d                strpbrk
                0x000000000000f9d2                strstr
                0x000000000000fa17                strlen
                0x000000000000fa30                strtok
                0x000000000000fac1                memcpy
                0x000000000000fae7                memmove
                0x000000000000fb35                memcmp
                0x000000000000fb69                memchr
                0x000000000000fb8f                memset
 *fill*         0x000000000000fba5        0x3 90909090
 .text          0x000000000000fba8       0x3d lib/lib.a(getdents.o)
                0x000000000000fba8                getdents
 *(.gnu.warning)

.fini
 *(.fini)
                0x000000000000fbe5                PROVIDE (__etext, .)
                0x000000000000fbe5                PROVIDE (_etext, .)
                0x000000000000fbe5                PROVIDE (etext, .)

.rodata         0x000000000000fc00     0x1024
 *(.rodata .rodata.* .gnu.linkonce.r.*)
 .rodata.str1.1
                0x000000000000fc00       0x68 init/main.o
 .rodata.str1.4
                0x000000000000fc68       0x25 init/main.o
 *fill*         0x000000000000fc8d       0x13 00
 .rodata        0x000000000000fca0      0x270 kernel/kernel.o
 .rodata.str1.1
                0x000000000000ff10      0x27f kernel/kernel.o
                                        0x287 (size before relaxing)
 *fill*         0x000000000001018f        0x1 00
 .rodata.str1.4
                0x0000000000010190      0x1fc kernel/kernel.o
 .rodata.cst4   0x000000000001038c        0x8 kernel/kernel.o
 .rodata.str1.4
                0x0000000000010394       0xe9 mm/mm.o
 .rodata.str1.1
                0x000000000001047d       0x68 mm/mm.o
 *fill*         0x00000000000104e5       0x1b 00
 .rodata        0x0000000000010500       0xc4 fs/fs.o
 .rodata.str1.1
                0x00000000000105c4      0x32c fs/fs.o
                                        0x332 (size before relaxing)
 .rodata.str1.4
                0x00000000000108f0      0x334 fs/fs.o

.rodata1
 *(.rodata1)

.eh_frame_hdr
 *(.eh_frame_hdr)

.eh_frame       0x0000000000010c24     0x22ec
 *(.eh_frame)
 .eh_frame      0x0000000000010c24       0x74 init/main.o
 .eh_frame      0x0000000000010c98      0xe48 kernel/kernel.o
                                        0xf80 (size before relaxing)
 .eh_frame      0x0000000000011ae0      0x1a8 mm/mm.o
                                        0x1c0 (size before relaxing)
 .eh_frame      0x0000000000011c88      0xf0c fs/fs.o
                                       0x10bc (size before relaxing)
 .eh_frame      0x0000000000012b94       0x1c lib/lib.a(_exit.o)
                                         0x34 (size before relaxing)
 .eh_frame      0x0000000000012bb0       0x20 lib/lib.a(open.o)
                                         0x38 (size before relaxing)
 .eh_frame      0x0000000000012bd0       0x1c lib/lib.a(close.o)
                                         0x34 (size before relaxing)
 .eh_frame      0x0000000000012bec       0x20 lib/lib.a(write.o)
                                         0x38 (size before relaxing)
 .eh_frame      0x0000000000012c0c       0x1c lib/lib.a(dup.o)
                                         0x34 (size before relaxing)
 .eh_frame      0x0000000000012c28       0x14 lib/lib.a(setsid.o)
                                         0x2c (size before relaxing)
 .eh_frame      0x0000000000012c3c       0x20 lib/lib.a(execve.o)
                                         0x38 (size before relaxing)
 .eh_frame      0x0000000000012c5c       0x38 lib/lib.a(wait.o)
                                         0x50 (size before relaxing)
 .eh_frame      0x0000000000012c94      0x25c lib/lib.a(string.o)
                                        0x274 (size before relaxing)
 .eh_frame      0x0000000000012ef0       0x20 lib/lib.a(getdents.o)
                                         0x38 (size before relaxing)

.gcc_except_table
 *(.gcc_except_table .gcc_except_table.*)

.exception_ranges
 *(.exception_ranges .exception_ranges*)
                0x0000000000012f10                . = (ALIGN (0x1000) - ((0x1000 - .) & 0xfff))
                0x0000000000013000                . = DATA_SEGMENT_ALIGN (0x1000, 0x1000)

.eh_frame
 *(.eh_frame)

.gcc_except_table
 *(.gcc_except_table .gcc_except_table.*)

.exception_ranges
 *(.exception_ranges .exception_ranges*)

.tdata
 *(.tdata .tdata.* .gnu.linkonce.td.*)

.tbss
 *(.tbss .tbss.* .gnu.linkonce.tb.*)
 *(.tcommon)

.preinit_array  0x0000000000013000        0x0
                0x0000000000013000                PROVIDE (__preinit_array_start, .)
 *(.preinit_array)
                0x0000000000013000                PROVIDE (__preinit_array_end, .)

.init_array     0x0000000000013000        0x0
                0x0000000000013000                PROVIDE (__init_array_start, .)
 *(SORT(.init_array.*) SORT(.ctors.*))
 *(.init_array)
 *(EXCLUDE_FILE(*crtend?.o *crtend.o *crtbegin?.o *crtbegin.o) .ctors)
                0x0000000000013000                PROVIDE (__init_array_end, .)

.fini_array     0x0000000000013000        0x0
                0x0000000000013000                PROVIDE (__fini_array_start, .)
 *(SORT(.fini_array.*) SORT(.dtors.*))
 *(.fini_array)
 *(EXCLUDE_FILE(*crtend?.o *crtend.o *crtbegin?.o *crtbegin.o) .dtors)
                0x0000000000013000                PROVIDE (__fini_array_end, .)

.ctors
 *crtbegin.o(.ctors)
 *crtbegin?.o(.ctors)
 *(EXCLUDE_FILE(*crtend?.o *crtend.o) .ctors)
 *(SORT(.ctors.*))
 *(.ctors)

.dtors
 *crtbegin.o(.dtors)
 *crtbegin?.o(.dtors)
 *(EXCLUDE_FILE(*crtend?.o *crtend.o) .dtors)
 *(SORT(.dtors.*))
 *(.dtors)

.jcr
 *(.jcr)

.data.rel.ro
 *(.data.rel.ro.local* .gnu.linkonce.d.rel.ro.local.*)
 *(.data.rel.ro* .gnu.linkonce.d.rel.ro.*)

.dynamic
 *(.dynamic)

.got
 *(.got)
 *(.igot)
                0x0000000000013000                . = DATA_SEGMENT_RELRO_END (., 0xc)

.got.plt        0x0000000000013000        0x0
 *(.got.plt)
 *(.igot.plt)
 .igot.plt      0x0000000000000000        0x0 boot/head.o

.data           0x0000000000013000     0x3ea4
 *(.data .data.* .gnu.linkonce.d.*)
 .data          0x0000000000013000        0x0 boot/head.o
 .data          0x0000000000013000       0x18 init/main.o
 *fill*         0x0000000000013018        0x8 00
 .data          0x0000000000013020     0x3d6c kernel/kernel.o
                0x0000000000013020                stack_start
                0x0000000000013040                task
                0x0000000000013140                current
                0x0000000000013160                sys_call_table
                0x0000000000014660                table_list
                0x0000000000014680                tty_table
 .data          0x0000000000016d8c        0x0 mm/mm.o
 .data          0x0000000000016d8c        0x4 fs/fs.o
                0x0000000000016d8c                start_buffer
 *fill*         0x0000000000016d90       0x10 00
 .data          0x0000000000016da0      0x101 lib/lib.a(ctype.o)
                0x0000000000016da0                _ctype
 *fill*         0x0000000000016ea1        0x3 00
 .data          0x0000000000016ea4        0x0 lib/lib.a(_exit.o)
 .data          0x0000000000016ea4        0x0 lib/lib.a(open.o)
 .data          0x0000000000016ea4        0x0 lib/lib.a(close.o)
 .data          0x0000000000016ea4        0x0 lib/lib.a(errno.o)
 .data          0x0000000000016ea4        0x0 lib/lib.a(write.o)
 .data          0x0000000000016ea4        0x0 lib/lib.a(dup.o)
 .data          0x0000000000016ea4        0x0 lib/lib.a(setsid.o)
 .data          0x0000000000016ea4        0x0 lib/lib.a(execve.o)
 .data          0x0000000000016ea4        0x0 lib/lib.a(wait.o)
 .data          0x0000000000016ea4        0x0 lib/lib.a(string.o)
 .data          0x0000000000016ea4        0x0 lib/lib.a(getdents.o)

.data1
 *(.data1)
                0x0000000000016ea4                _edata = .
                0x0000000000016ea4                PROVIDE (edata, .)
                0x0000000000016ea4                __bss_start = .

.bss            0x0000000000016ec0     0x3eec
 *(.dynbss)
 *(.bss .bss.* .gnu.linkonce.b.*)
 .bss           0x0000000000016ec0        0x0 boot/head.o
 .bss           0x0000000000016ec0      0x400 init/main.o
 .bss           0x00000000000172c0      0xb8c kernel/kernel.o
                0x00000000000172c0                last_task_used_math
                0x00000000000172c4                startup_time
                0x00000000000172c8                jiffies
                0x00000000000172cc                last_pid
                0x0000000000017940                do_hd
 *fill*         0x0000000000017e4c       0x14 00
 .bss           0x0000000000017e60      0xc00 mm/mm.o
 .bss           0x0000000000018a60      0x710 fs/fs.o
                0x0000000000018a60                inode_table
                0x0000000000019164                nr_buffers
 .bss           0x0000000000019170        0x0 lib/lib.a(ctype.o)
 .bss           0x0000000000019170        0x0 lib/lib.a(_exit.o)
 .bss           0x0000000000019170        0x0 lib/lib.a(open.o)
 .bss           0x0000000000019170        0x0 lib/lib.a(close.o)
 .bss           0x0000000000019170        0x0 lib/lib.a(errno.o)
 .bss           0x0000000000019170        0x0 lib/lib.a(write.o)
 .bss           0x0000000000019170        0x0 lib/lib.a(dup.o)
 .bss           0x0000000000019170        0x0 lib/lib.a(setsid.o)
 .bss           0x0000000000019170        0x0 lib/lib.a(execve.o)
 .bss           0x0000000000019170        0x0 lib/lib.a(wait.o)
 .bss           0x0000000000019170        0x0 lib/lib.a(string.o)
 .bss           0x0000000000019170        0x0 lib/lib.a(getdents.o)
 *(COMMON)
 *fill*         0x0000000000019170       0x10 00
 COMMON         0x0000000000019180     0x1000 kernel/kernel.o
                0x0000000000019180                user_stack
 COMMON         0x000000000001a180      0xc20 fs/fs.o
                0x000000000001a180                hash_table
                0x000000000001a660                super_block
                0x000000000001a9a0                file_table
 COMMON         0x000000000001ada0        0x1 lib/lib.a(ctype.o)
                0x000000000001ada0                _ctmp
 *fill*         0x000000000001ada1        0x3 00
 COMMON         0x000000000001ada4        0x4 lib/lib.a(errno.o)
                0x000000000001ada4                errno
 COMMON         0x000000000001ada8        0x4 lib/lib.a(string.o)
                0x000000000001ada8                ___strtok
                0x000000000001adac                . = ALIGN ((. != 0x0)?0x4:0x1)
                0x000000000001adac                . = ALIGN (0x4)
                0x000000000001adac                . = ALIGN (0x4)
                0x000000000001adac                _end = .
                0x000000000001adac                PROVIDE (end, .)
                0x000000000001adac                . = DATA_SEGMENT_END (.)

.stab
 *(.stab)

.stabstr
 *(.stabstr)

.stab.excl
 *(.stab.excl)

.stab.exclstr
 *(.stab.exclstr)

.stab.index
 *(.stab.index)

.stab.indexstr
 *(.stab.indexstr)

.comment        0x0000000000000000       0x2a
 *(.comment)
 .comment       0x0000000000000000       0x2a init/main.o
                                         0x2b (size before relaxing)
 .comment       0x0000000000000000      0x22f kernel/kernel.o
 .comment       0x0000000000000000       0x2b mm/mm.o
 .comment       0x0000000000000000      0x331 fs/fs.o
 .comment       0x0000000000000000       0x2b lib/lib.a(ctype.o)
 .comment       0x0000000000000000       0x2b lib/lib.a(_exit.o)
 .comment       0x0000000000000000       0x2b lib/lib.a(open.o)
 .comment       0x0000000000000000       0x2b lib/lib.a(close.o)
 .comment       0x0000000000000000       0x2b lib/lib.a(errno.o)
 .comment       0x0000000000000000       0x2b lib/lib.a(write.o)
 .comment       0x0000000000000000       0x2b lib/lib.a(dup.o)
 .comment       0x0000000000000000       0x2b lib/lib.a(setsid.o)
 .comment       0x0000000000000000       0x2b lib/lib.a(execve.o)
 .comment       0x0000000000000000       0x2b lib/lib.a(wait.o)
 .comment       0x0000000000000000       0x2b lib/lib.a(string.o)
 .comment       0x0000000000000000       0x2b lib/lib.a(getdents.o)

.debug
 *(.debug)

.line
 *(.line)

.debug_srcinfo
 *(.debug_srcinfo)

.debug_sfnames
 *(.debug_sfnames)

.debug_aranges  0x0000000000000000      0x560
 *(.debug_aranges)
 .debug_aranges
                0x0000000000000000       0x20 init/main.o
 .debug_aranges
                0x0000000000000020      0x1a0 kernel/kernel.o
 .debug_aranges
                0x00000000000001c0       0x20 mm/mm.o
 .debug_aranges
                0x00000000000001e0      0x240 fs/fs.o
 .debug_aranges
                0x0000000000000420       0x20 lib/lib.a(_exit.o)
 .debug_aranges
                0x0000000000000440       0x20 lib/lib.a(open.o)
 .debug_aranges
                0x0000000000000460       0x20 lib/lib.a(close.o)
 .debug_aranges
                0x0000000000000480       0x20 lib/lib.a(write.o)
 .debug_aranges
                0x00000000000004a0       0x20 lib/lib.a(dup.o)
 .debug_aranges
                0x00000000000004c0       0x20 lib/lib.a(setsid.o)
 .debug_aranges
                0x00000000000004e0       0x20 lib/lib.a(execve.o)
 .debug_aranges
                0x0000000000000500       0x20 lib/lib.a(wait.o)
 .debug_aranges
                0x0000000000000520       0x20 lib/lib.a(string.o)
 .debug_aranges
                0x0000000000000540       0x20 lib/lib.a(getdents.o)

.debug_pubnames
 *(.debug_pubnames)

.debug_info     0x0000000000000000    0x1aca0
 *(.debug_info .gnu.linkonce.wi.*)
 .debug_info    0x0000000000000000      0xccf init/main.o
 .debug_info    0x0000000000000ccf     0x8ce6 kernel/kernel.o
 .debug_info    0x00000000000099b5      0x4d6 mm/mm.o
 .debug_info    0x0000000000009e8b     0xe2d3 fs/fs.o
 .debug_info    0x000000000001815e       0x70 lib/lib.a(ctype.o)
 .debug_info    0x00000000000181ce      0x3af lib/lib.a(_exit.o)
 .debug_info    0x000000000001857d      0x403 lib/lib.a(open.o)
 .debug_info    0x0000000000018980      0x3ce lib/lib.a(close.o)
 .debug_info    0x0000000000018d4e       0x3f lib/lib.a(errno.o)
 .debug_info    0x0000000000018d8d      0x400 lib/lib.a(write.o)
 .debug_info    0x000000000001918d      0x3ce lib/lib.a(dup.o)
 .debug_info    0x000000000001955b      0x3cb lib/lib.a(setsid.o)
 .debug_info    0x0000000000019926      0x3fc lib/lib.a(execve.o)
 .debug_info    0x0000000000019d22      0x428 lib/lib.a(wait.o)
 .debug_info    0x000000000001a14a      0x705 lib/lib.a(string.o)
 .debug_info    0x000000000001a84f      0x451 lib/lib.a(getdents.o)

.debug_abbrev   0x0000000000000000     0x4567
 *(.debug_abbrev)
 .debug_abbrev  0x0000000000000000      0x1d7 init/main.o
 .debug_abbrev  0x00000000000001d7     0x183f kernel/kernel.o
 .debug_abbrev  0x0000000000001a16      0x1af mm/mm.o
 .debug_abbrev  0x0000000000001bc5     0x212e fs/fs.o
 .debug_abbrev  0x0000000000003cf3       0x42 lib/lib.a(ctype.o)
 .debug_abbrev  0x0000000000003d35       0xa3 lib/lib.a(_exit.o)
 .debug_abbrev  0x0000000000003dd8       0xdc lib/lib.a(open.o)
 .debug_abbrev  0x0000000000003eb4       0xb4 lib/lib.a(close.o)
 .debug_abbrev  0x0000000000003f68       0x30 lib/lib.a(errno.o)
 .debug_abbrev  0x0000000000003f98       0xd7 lib/lib.a(write.o)
 .debug_abbrev  0x000000000000406f       0xb4 lib/lib.a(dup.o)
 .debug_abbrev  0x0000000000004123       0xb2 lib/lib.a(setsid.o)
 .debug_abbrev  0x00000000000041d5       0xbb lib/lib.a(execve.o)
 .debug_abbrev  0x0000000000004290       0xd0 lib/lib.a(wait.o)
 .debug_abbrev  0x0000000000004360      0x128 lib/lib.a(string.o)
 .debug_abbrev  0x0000000000004488       0xdf lib/lib.a(getdents.o)

.debug_line     0x0000000000000000     0x3733
 *(.debug_line)
 .debug_line    0x0000000000000000      0x11e init/main.o
 .debug_line    0x000000000000011e     0x140a kernel/kernel.o
 .debug_line    0x0000000000001528      0x122 mm/mm.o
 .debug_line    0x000000000000164a     0x1b86 fs/fs.o
 .debug_line    0x00000000000031d0       0x28 lib/lib.a(ctype.o)
 .debug_line    0x00000000000031f8       0x50 lib/lib.a(_exit.o)
 .debug_line    0x0000000000003248       0x76 lib/lib.a(open.o)
 .debug_line    0x00000000000032be       0x6e lib/lib.a(close.o)
 .debug_line    0x000000000000332c       0x28 lib/lib.a(errno.o)
 .debug_line    0x0000000000003354       0x8c lib/lib.a(write.o)
 .debug_line    0x00000000000033e0       0x6c lib/lib.a(dup.o)
 .debug_line    0x000000000000344c       0x88 lib/lib.a(setsid.o)
 .debug_line    0x00000000000034d4       0x73 lib/lib.a(execve.o)
 .debug_line    0x0000000000003547       0x90 lib/lib.a(wait.o)
 .debug_line    0x00000000000035d7       0xc1 lib/lib.a(string.o)
 .debug_line    0x0000000000003698       0x9b lib/lib.a(getdents.o)

.debug_frame
 *(.debug_frame)

.debug_str      0x0000000000000000     0x1ad1
 *(.debug_str)
 .debug_str     0x0000000000000000      0x3f8 init/main.o
                                        0x4a5 (size before relaxing)
 .debug_str     0x00000000000003f8      0xbc6 kernel/kernel.o
                                       0x3292 (size before relaxing)
 .debug_str     0x0000000000000fbe      0x126 mm/mm.o
                                        0x1c1 (size before relaxing)
 .debug_str     0x00000000000010e4      0x91b fs/fs.o
                                       0x53cd (size before relaxing)
 .debug_str     0x00000000000019ff       0x26 lib/lib.a(ctype.o)
                                         0x66 (size before relaxing)
 .debug_str     0x0000000000001a25        0x8 lib/lib.a(_exit.o)
                                        0x284 (size before relaxing)
 .debug_str     0x0000000000000000        0x8 lib/lib.a(open.o)
                                        0x294 (size before relaxing)
 .debug_str     0x0000000000001a2d        0x8 lib/lib.a(close.o)
                                        0x286 (size before relaxing)
 .debug_str     0x0000000000001a35        0x8 lib/lib.a(errno.o)
                                         0x38 (size before relaxing)
 .debug_str     0x0000000000000000        0x8 lib/lib.a(write.o)
                                        0x292 (size before relaxing)
 .debug_str     0x0000000000001a3d        0x6 lib/lib.a(dup.o)
                                        0x27e (size before relaxing)
 .debug_str     0x0000000000001a43        0x9 lib/lib.a(setsid.o)
                                        0x28e (size before relaxing)
 .debug_str     0x0000000000001a4c        0x9 lib/lib.a(execve.o)
                                        0x297 (size before relaxing)
 .debug_str     0x0000000000001a55       0x11 lib/lib.a(wait.o)
                                        0x2a4 (size before relaxing)
 .debug_str     0x0000000000001a66       0x6b lib/lib.a(string.o)
                                         0xec (size before relaxing)
 .debug_str     0x0000000000000000       0x6b lib/lib.a(getdents.o)
                                        0x2c0 (size before relaxing)

.debug_loc      0x0000000000000000     0xaaef
 *(.debug_loc)
 .debug_loc     0x0000000000000000      0x256 init/main.o
 .debug_loc     0x0000000000000256     0x38dc kernel/kernel.o
 .debug_loc     0x0000000000003b32      0x640 mm/mm.o
 .debug_loc     0x0000000000004172     0x6353 fs/fs.o
 .debug_loc     0x000000000000a4c5       0x2c lib/lib.a(_exit.o)
 .debug_loc     0x000000000000a4f1       0x3f lib/lib.a(open.o)
 .debug_loc     0x000000000000a530       0x3f lib/lib.a(close.o)
 .debug_loc     0x000000000000a56f       0x57 lib/lib.a(write.o)
 .debug_loc     0x000000000000a5c6       0x3f lib/lib.a(dup.o)
 .debug_loc     0x000000000000a605       0x13 lib/lib.a(setsid.o)
 .debug_loc     0x000000000000a618       0x57 lib/lib.a(execve.o)
 .debug_loc     0x000000000000a66f       0x83 lib/lib.a(wait.o)
 .debug_loc     0x000000000000a6f2      0x3a6 lib/lib.a(string.o)
 .debug_loc     0x000000000000aa98       0x57 lib/lib.a(getdents.o)

.debug_macinfo
 *(.debug_macinfo)

.debug_weaknames
 *(.debug_weaknames)

.debug_funcnames
 *(.debug_funcnames)

.debug_typenames
 *(.debug_typenames)

.debug_varnames
 *(.debug_varnames)

.debug_pubtypes
 *(.debug_pubtypes)

.debug_ranges   0x0000000000000000      0x488
 *(.debug_ranges)
 .debug_ranges  0x0000000000000000      0x180 kernel/kernel.o
 .debug_ranges  0x0000000000000180      0x308 fs/fs.o

.gnu.attributes
 *(.gnu.attributes)

/DISCARD/
 *(.note.GNU-stack)
 *(.gnu_debuglink)
 *(.gnu.lto_*)
OUTPUT(tools/system elf32-i386)
