Archive member included because of file (symbol)

lib/lib.a(ctype.o)            kernel/kernel.o (_ctype)
lib/lib.a(_exit.o)            init/main.o (_exit)
lib/lib.a(open.o)             init/main.o (open)
lib/lib.a(close.o)            init/main.o (close)
lib/lib.a(errno.o)            init/main.o (errno)
lib/lib.a(write.o)            init/main.o (write)
lib/lib.a(dup.o)              init/main.o (dup)
lib/lib.a(setsid.o)           init/main.o (setsid)
lib/lib.a(execve.o)           init/main.o (execve)
lib/lib.a(wait.o)             init/main.o (wait)
lib/lib.a(string.o)           kernel/kernel.o (strcpy)
lib/lib.a(random.o)           kernel/kernel.o (rand)
lib/lib.a(hash.o)             kernel/kernel.o (hash)
lib/lib.a(crypt.o)            kernel/kernel.o (keyclear)
lib/lib.a(utils.o)            lib/lib.a(crypt.o) (println)
lib/lib.a(read.o)             lib/lib.a(utils.o) (read)

Allocating common symbols
Common symbol       size              file

gkey                0x10              init/main.o
catchkey            0x4               init/main.o
errno               0x4               lib/lib.a(errno.o)
hash_table          0x4cc             fs/fs.o
___strtok           0x4               lib/lib.a(string.o)
tmpindex            0x4               init/main.o
user_stack          0x1000            kernel/kernel.o
_ctmp               0x1               lib/lib.a(ctype.o)
super_block         0x340             fs/fs.o
tmpkey              0x10              init/main.o
enc_list            0x3c              init/main.o
file_table          0x400             fs/fs.o
global_timeout      0x4               init/main.o

Discarded input sections

 .note.GNU-stack
                0x0000000000000000        0x0 init/main.o
 .note.GNU-stack
                0x0000000000000000        0x0 kernel/kernel.o
 .note.GNU-stack
                0x0000000000000000        0x0 mm/mm.o
 .note.GNU-stack
                0x0000000000000000        0x0 fs/fs.o
 .note.GNU-stack
                0x0000000000000000        0x0 lib/lib.a(ctype.o)
 .note.GNU-stack
                0x0000000000000000        0x0 lib/lib.a(_exit.o)
 .note.GNU-stack
                0x0000000000000000        0x0 lib/lib.a(open.o)
 .note.GNU-stack
                0x0000000000000000        0x0 lib/lib.a(close.o)
 .note.GNU-stack
                0x0000000000000000        0x0 lib/lib.a(errno.o)
 .note.GNU-stack
                0x0000000000000000        0x0 lib/lib.a(write.o)
 .note.GNU-stack
                0x0000000000000000        0x0 lib/lib.a(dup.o)
 .note.GNU-stack
                0x0000000000000000        0x0 lib/lib.a(setsid.o)
 .note.GNU-stack
                0x0000000000000000        0x0 lib/lib.a(execve.o)
 .note.GNU-stack
                0x0000000000000000        0x0 lib/lib.a(wait.o)
 .note.GNU-stack
                0x0000000000000000        0x0 lib/lib.a(string.o)
 .note.GNU-stack
                0x0000000000000000        0x0 lib/lib.a(random.o)
 .note.GNU-stack
                0x0000000000000000        0x0 lib/lib.a(hash.o)
 .note.GNU-stack
                0x0000000000000000        0x0 lib/lib.a(crypt.o)
 .note.GNU-stack
                0x0000000000000000        0x0 lib/lib.a(utils.o)
 .note.GNU-stack
                0x0000000000000000        0x0 lib/lib.a(read.o)

Memory Configuration

Name             Origin             Length             Attributes
*default*        0x0000000000000000 0xffffffffffffffff

Linker script and memory map

Address of section .text set to 0x0
LOAD boot/head.o
LOAD init/main.o
LOAD kernel/kernel.o
LOAD mm/mm.o
LOAD fs/fs.o
LOAD lib/lib.a
                0x0000000008048000                PROVIDE (__executable_start, 0x8048000)
                0x0000000008048094                . = (0x8048000 + SIZEOF_HEADERS)

.interp
 *(.interp)

.note.gnu.build-id
 *(.note.gnu.build-id)

.hash
 *(.hash)

.gnu.hash
 *(.gnu.hash)

.dynsym
 *(.dynsym)

.dynstr
 *(.dynstr)

.gnu.version
 *(.gnu.version)

.gnu.version_d
 *(.gnu.version_d)

.gnu.version_r
 *(.gnu.version_r)

.rel.dyn        0x0000000008048094        0x0
 *(.rel.init)
 *(.rel.text .rel.text.* .rel.gnu.linkonce.t.*)
 .rel.text      0x0000000000000000        0x0 boot/head.o
 *(.rel.fini)
 *(.rel.rodata .rel.rodata.* .rel.gnu.linkonce.r.*)
 *(.rel.data.rel.ro* .rel.gnu.linkonce.d.rel.ro.*)
 *(.rel.data .rel.data.* .rel.gnu.linkonce.d.*)
 .rel.data      0x0000000000000000        0x0 boot/head.o
 *(.rel.tdata .rel.tdata.* .rel.gnu.linkonce.td.*)
 *(.rel.tbss .rel.tbss.* .rel.gnu.linkonce.tb.*)
 *(.rel.ctors)
 *(.rel.dtors)
 *(.rel.got)
 *(.rel.bss .rel.bss.* .rel.gnu.linkonce.b.*)
 *(.rel.ifunc)

.rel.plt        0x0000000008048094        0x0
 *(.rel.plt)
                0x0000000008048094                PROVIDE (__rel_iplt_start, .)
 *(.rel.iplt)
 .rel.iplt      0x0000000000000000        0x0 boot/head.o
                0x0000000008048094                PROVIDE (__rel_iplt_end, .)

.init
 *(.init)

.plt            0x00000000080480a0        0x0
 *(.plt)
 *(.iplt)
 .iplt          0x0000000000000000        0x0 boot/head.o

.text           0x0000000000000000    0x10b71
 *(.text.unlikely .text.*_unlikely)
 *(.text.exit .text.exit.*)
 *(.text.startup .text.startup.*)
 *(.text.hot .text.hot.*)
 *(.text .stub .text.* .gnu.linkonce.t.*)
 .text          0x0000000000000000     0x5078 boot/head.o
                0x0000000000000000                startup_32
                0x0000000000000000                pg_dir
                0x0000000000004078                idt
                0x0000000000004878                gdt
 *fill*         0x0000000000005078        0x8 90909090
 .text          0x0000000000005080      0x370 init/main.o
                0x00000000000050c1                init
                0x0000000000005232                main
 .text          0x00000000000053f0     0x4ea7 kernel/kernel.o
                0x00000000000053f0                sys_alarm
                0x0000000000005417                sys_getpid
                0x0000000000005423                sys_getppid
                0x000000000000542f                sys_getuid
                0x000000000000543c                sys_geteuid
                0x0000000000005449                sys_getgid
                0x0000000000005456                sys_getegid
                0x0000000000005463                sys_nice
                0x000000000000547c                sys_signal
                0x00000000000054b9                math_state_restore
                0x00000000000054f0                schedule
                0x0000000000005659                sys_pause
                0x0000000000005675                sleep_on
                0x00000000000056cf                interruptible_sleep_on
                0x0000000000005739                wake_up
                0x0000000000005755                do_timer
                0x00000000000057a0                sched_init
                0x00000000000058c8                system_call
                0x00000000000059ba                timer_interrupt
                0x00000000000059f2                sys_execve
                0x0000000000005a00                sys_fork
                0x0000000000005a18                hd_interrupt
                0x0000000000005bc5                do_double_fault
                0x0000000000005bde                do_general_protection
                0x0000000000005bf7                do_divide_error
                0x0000000000005c10                do_int3
                0x0000000000005cc8                do_nmi
                0x0000000000005ce1                do_debug
                0x0000000000005cfa                do_overflow
                0x0000000000005d13                do_bounds
                0x0000000000005d2c                do_invalid_op
                0x0000000000005d45                do_device_not_available
                0x0000000000005d5e                do_coprocessor_segment_overrun
                0x0000000000005d77                do_invalid_TSS
                0x0000000000005d90                do_segment_not_present
                0x0000000000005da9                do_stack_segment
                0x0000000000005dc2                do_coprocessor_error
                0x0000000000005ddb                do_reserved
                0x0000000000005df4                trap_init
                0x0000000000005fb0                divide_error
                0x0000000000005fe5                debug
                0x0000000000005fec                nmi
                0x0000000000005ff3                int3
                0x0000000000005ffa                overflow
                0x0000000000006001                bounds
                0x0000000000006008                invalid_op
                0x0000000000006017                device_not_available
                0x0000000000006044                coprocessor_segment_overrun
                0x000000000000604e                reserved
                0x0000000000006058                coprocessor_error
                0x0000000000006062                double_fault
                0x0000000000006099                invalid_TSS
                0x00000000000060a0                segment_not_present
                0x00000000000060a7                stack_segment
                0x00000000000060ae                general_protection
                0x00000000000060b8                verify_area
                0x000000000000611d                copy_mem
                0x0000000000006213                copy_process
                0x00000000000064ca                find_empty_process
                0x000000000000652c                panic
                0x0000000000006548                printk
                0x00000000000067d6                vsprintf
                0x0000000000006b40                tty_init
                0x0000000000006b51                tty_intr
                0x0000000000006b96                copy_to_cooked
                0x0000000000006e66                tty_read
                0x000000000000712c                tty_write
                0x0000000000007309                do_tty_interrupt
                0x0000000000007535                csi_m
                0x0000000000007590                con_write
                0x0000000000007efa                con_init
                0x0000000000007f83                keyboard_interrupt
                0x0000000000008758                rs1_interrupt
                0x0000000000008760                rs2_interrupt
                0x0000000000008ec9                rw_hd
                0x0000000000008f72                sys_setup
                0x0000000000009071                unexpected_hd_interrupt
                0x0000000000009084                hd_init
                0x0000000000009111                sys_ftime
                0x0000000000009117                sys_mknod
                0x000000000000911d                sys_break
                0x0000000000009123                sys_mount
                0x0000000000009129                sys_umount
                0x000000000000912f                sys_ustat
                0x0000000000009135                sys_ptrace
                0x000000000000913b                sys_stty
                0x0000000000009141                sys_gtty
                0x0000000000009147                sys_rename
                0x000000000000914d                sys_prof
                0x0000000000009153                sys_setgid
                0x00000000000091b0                sys_acct
                0x00000000000091b6                sys_phys
                0x00000000000091bc                sys_lock
                0x00000000000091c2                sys_mpx
                0x00000000000091c8                sys_ulimit
                0x00000000000091ce                sys_time
                0x0000000000009221                sys_setuid
                0x000000000000927a                sys_stime
                0x00000000000092c7                sys_times
                0x0000000000009320                sys_brk
                0x0000000000009353                sys_setpgid
                0x00000000000093c8                sys_getpgrp
                0x00000000000093d4                sys_setsid
                0x0000000000009429                sys_oldolduname
                0x0000000000009441                sys_uname
                0x000000000000948e                sys_umask
                0x00000000000094ac                sys_null
                0x00000000000094ce                isencr
                0x0000000000009517                krypt
                0x0000000000009696                sys_keyset
                0x00000000000097e4                sys_keyclear
                0x0000000000009850                sys_keygen
                0x00000000000099fa                sys_keycatch
                0x0000000000009a09                sys_keycopy
                0x0000000000009a62                sys_keyget
                0x0000000000009b32                sys_encr
                0x0000000000009b4d                sys_decr
                0x0000000000009b70                release
                0x0000000000009bca                do_kill
                0x0000000000009e43                sys_kill
                0x0000000000009e79                do_exit
                0x000000000000a00c                sys_exit
                0x000000000000a027                sys_waitpid
                0x000000000000a1ae                rs_init
                0x000000000000a206                rs_write
                0x000000000000a230                kernel_mktime
 *fill*         0x000000000000a297        0x1 90909090
 .text          0x000000000000a298      0x517 mm/mm.o
                0x000000000000a298                invalidate
                0x000000000000a2a1                copy_page
                0x000000000000a2c6                get_free_page
                0x000000000000a2fe                free_page
                0x000000000000a35e                free_page_tables
                0x000000000000a40e                copy_page_tables
                0x000000000000a508                put_page
                0x000000000000a5b5                un_wp_page
                0x000000000000a645                do_wp_page
                0x000000000000a675                write_verify
                0x000000000000a6b4                do_no_page
                0x000000000000a6e4                calc_mem
                0x000000000000a778                page_fault
 *fill*         0x000000000000a7af        0x1 90909090
 .text          0x000000000000a7b0     0x512c fs/fs.o
                0x000000000000a7b0                sys_utime
                0x000000000000a819                sys_access
                0x000000000000a8b0                sys_chdir
                0x000000000000a913                sys_chroot
                0x000000000000a976                sys_chmod
                0x000000000000aa0b                sys_chown
                0x000000000000aa72                sys_open
                0x000000000000ac06                sys_creat
                0x000000000000ac29                sys_close
                0x000000000000acb0                sys_lseek
                0x000000000000ad6c                sys_read
                0x000000000000aec7                sys_write
                0x000000000000b3db                sync_inodes
                0x000000000000b425                bmap
                0x000000000000b43e                create_block
                0x000000000000b457                iput
                0x000000000000b545                get_empty_inode
                0x000000000000b633                get_pipe_inode
                0x000000000000b67a                iget
                0x000000000000b867                sys_sync
                0x000000000000b8cf                brelse
                0x000000000000b921                get_hash_table
                0x000000000000b980                getblk
                0x000000000000bc1f                bread
                0x000000000000bc79                buffer_init
                0x000000000000bd14                do_mount
                0x000000000000bf1f                mount_root
                0x000000000000c070                block_write
                0x000000000000c153                block_read
                0x000000000000c22a                ll_rw_block
                0x000000000000c2f3                rw_char
                0x000000000000c364                file_read
                0x000000000000c5e9                file_write
                0x000000000000c996                sys_stat
                0x000000000000c9db                sys_lstat
                0x000000000000c9f6                sys_fstat
                0x000000000000ca39                sys_stat64
                0x000000000000ca7e                sys_fstat64
                0x000000000000cac1                sys_lstat64
                0x000000000000cadc                sys_oldstat
                0x000000000000caf4                sys_oldfstat
                0x000000000000cc34                cp_block
                0x000000000000cc69                is_valid_elf
                0x000000000000ccae                read_file_block_ind
                0x000000000000cd43                read_file_block
                0x000000000000ce42                copy_section
                0x000000000000cf30                create_bss_section
                0x000000000000cf56                load_elf_binary
                0x000000000000d161                do_execve
                0x000000000000d5f4                read_pipe
                0x000000000000d68d                write_pipe
                0x000000000000d786                sys_pipe
                0x000000000000ddb9                namei
                0x000000000000de6f                open_namei
                0x000000000000e0d5                sys_mkdir
                0x000000000000e38a                sys_rmdir
                0x000000000000e6fc                sys_unlink
                0x000000000000e898                sys_link
                0x000000000000ea40                free_block
                0x000000000000eb7b                new_block
                0x000000000000ecfe                free_inode
                0x000000000000ee2a                new_inode
                0x000000000000f00a                sys_dup2
                0x000000000000f02a                sys_dup
                0x000000000000f03a                sys_fcntl
                0x000000000000f0f7                sys_fcntl64
                0x000000000000f14c                sys_ioctl
                0x000000000000f1e9                tty_ioctl
                0x000000000000f4b5                truncate
                0x000000000000f5c0                sys_getdents
                0x000000000000f74e                sys_getdents64
 .text          0x000000000000f8dc        0x0 lib/lib.a(ctype.o)
 .text          0x000000000000f8dc        0xe lib/lib.a(_exit.o)
                0x000000000000f8dc                _exit
 *fill*         0x000000000000f8ea        0x2 90909090
 .text          0x000000000000f8ec       0x3d lib/lib.a(open.o)
                0x000000000000f8ec                open
 *fill*         0x000000000000f929        0x3 90909090
 .text          0x000000000000f92c       0x23 lib/lib.a(close.o)
                0x000000000000f92c                close
 *fill*         0x000000000000f94f        0x1 90909090
 .text          0x000000000000f950        0x0 lib/lib.a(errno.o)
 .text          0x000000000000f950       0x3d lib/lib.a(write.o)
                0x000000000000f950                write
 *fill*         0x000000000000f98d        0x3 90909090
 .text          0x000000000000f990       0x23 lib/lib.a(dup.o)
                0x000000000000f990                dup
 *fill*         0x000000000000f9b3        0x1 90909090
 .text          0x000000000000f9b4       0x1e lib/lib.a(setsid.o)
                0x000000000000f9b4                setsid
 *fill*         0x000000000000f9d2        0x2 90909090
 .text          0x000000000000f9d4       0x3d lib/lib.a(execve.o)
                0x000000000000f9d4                execve
 *fill*         0x000000000000fa11        0x3 90909090
 .text          0x000000000000fa14       0x60 lib/lib.a(wait.o)
                0x000000000000fa14                waitpid
                0x000000000000fa51                wait
 .text          0x000000000000fa74      0x421 lib/lib.a(string.o)
                0x000000000000fa74                strcpy
                0x000000000000fa9c                strncpy
                0x000000000000facd                strcat
                0x000000000000fb02                strncat
                0x000000000000fb41                strcmp
                0x000000000000fb6f                strncmp
                0x000000000000fba4                strchr
                0x000000000000fbc2                strrchr
                0x000000000000fbe3                strspn
                0x000000000000fc30                strcspn
                0x000000000000fc7d                strpbrk
                0x000000000000fcc2                strstr
                0x000000000000fd07                strlen
                0x000000000000fd20                strtok
                0x000000000000fdb1                memcpy
                0x000000000000fdd7                memmove
                0x000000000000fe25                memcmp
                0x000000000000fe59                memchr
                0x000000000000fe7f                memset
 *fill*         0x000000000000fe95        0x3 90909090
 .text          0x000000000000fe98       0x5c lib/lib.a(random.o)
                0x000000000000fe98                rand
 .text          0x000000000000fef4       0x4d lib/lib.a(hash.o)
                0x000000000000ff21                hash
                0x000000000000ff31                dehash
 *fill*         0x000000000000ff41        0xf 90909090
 .text          0x000000000000ff50      0x722 lib/lib.a(crypt.o)
                0x000000000000ff50                keyset
                0x000000000000ff8d                keyclear
                0x000000000000ffb0                keygen
                0x000000000000ffd3                keycatch
                0x000000000000fff6                keycopy
                0x0000000000010019                keyget
                0x0000000000010056                encr
                0x0000000000010079                decr
                0x000000000001009c                encrstr
                0x000000000001033b                decrstr
                0x0000000000010575                crypt
                0x00000000000105f1                keymatch
 *fill*         0x0000000000010672        0x2 90909090
 .text          0x0000000000010674      0x4be lib/lib.a(utils.o)
                0x0000000000010674                digitcount
                0x00000000000106a2                reverse
                0x00000000000106d5                itoa
                0x0000000000010749                atoi
                0x0000000000010779                newln
                0x0000000000010786                scan
                0x00000000000107b0                scannum
                0x00000000000107d3                fclose
                0x00000000000107e6                fgets
                0x0000000000010848                fputs
                0x000000000001086f                print
                0x000000000001089f                fopen
                0x00000000000108dd                println
                0x0000000000010906                printnum
                0x0000000000010934                pause_input
                0x0000000000010957                get_argc
                0x00000000000109a3                get_argv
                0x0000000000010a2f                printerr
                0x0000000000010a49                checkarg
                0x0000000000010a7a                checkerr
                0x0000000000010a9f                get_path
 *fill*         0x0000000000010b32        0x2 90909090
 .text          0x0000000000010b34       0x3d lib/lib.a(read.o)
                0x0000000000010b34                read
 *(.gnu.warning)

.fini
 *(.fini)
                0x0000000000010b71                PROVIDE (__etext, .)
                0x0000000000010b71                PROVIDE (_etext, .)
                0x0000000000010b71                PROVIDE (etext, .)

.rodata         0x0000000000010b80     0x11fe
 *(.rodata .rodata.* .gnu.linkonce.r.*)
 .rodata.str1.1
                0x0000000000010b80       0x68 init/main.o
 .rodata.str1.4
                0x0000000000010be8       0x25 init/main.o
 *fill*         0x0000000000010c0d       0x13 00
 .rodata        0x0000000000010c20      0x270 kernel/kernel.o
 .rodata.str1.1
                0x0000000000010e90      0x2b8 kernel/kernel.o
                                        0x2be (size before relaxing)
 .rodata.str1.4
                0x0000000000011148      0x1fc kernel/kernel.o
 .rodata.str1.4
                0x0000000000011344       0xe9 mm/mm.o
 .rodata.str1.1
                0x000000000001142d       0x68 mm/mm.o
 *fill*         0x0000000000011495        0xb 00
 .rodata        0x00000000000114a0       0xc4 fs/fs.o
 .rodata.str1.1
                0x0000000000011564      0x32c fs/fs.o
                                        0x332 (size before relaxing)
 .rodata.str1.4
                0x0000000000011890      0x334 fs/fs.o
 .rodata        0x0000000000011bc4       0x1b lib/lib.a(crypt.o)
 *fill*         0x0000000000011bdf        0x1 00
 .rodata        0x0000000000011be0      0x198 lib/lib.a(utils.o)
 .rodata.str1.1
                0x0000000000011d78        0x6 lib/lib.a(utils.o)
                                          0x8 (size before relaxing)

.rodata1
 *(.rodata1)

.eh_frame_hdr
 *(.eh_frame_hdr)

.eh_frame       0x0000000000011d80     0x27c4
 *(.eh_frame)
 .eh_frame      0x0000000000011d80       0x74 init/main.o
 .eh_frame      0x0000000000011df4      0xe54 kernel/kernel.o
                                        0xf8c (size before relaxing)
 .eh_frame      0x0000000000012c48      0x1a8 mm/mm.o
                                        0x1c0 (size before relaxing)
 .eh_frame      0x0000000000012df0      0xf0c fs/fs.o
                                       0x10bc (size before relaxing)
 .eh_frame      0x0000000000013cfc       0x1c lib/lib.a(_exit.o)
                                         0x34 (size before relaxing)
 .eh_frame      0x0000000000013d18       0x20 lib/lib.a(open.o)
                                         0x38 (size before relaxing)
 .eh_frame      0x0000000000013d38       0x1c lib/lib.a(close.o)
                                         0x34 (size before relaxing)
 .eh_frame      0x0000000000013d54       0x20 lib/lib.a(write.o)
                                         0x38 (size before relaxing)
 .eh_frame      0x0000000000013d74       0x1c lib/lib.a(dup.o)
                                         0x34 (size before relaxing)
 .eh_frame      0x0000000000013d90       0x14 lib/lib.a(setsid.o)
                                         0x2c (size before relaxing)
 .eh_frame      0x0000000000013da4       0x20 lib/lib.a(execve.o)
                                         0x38 (size before relaxing)
 .eh_frame      0x0000000000013dc4       0x38 lib/lib.a(wait.o)
                                         0x50 (size before relaxing)
 .eh_frame      0x0000000000013dfc      0x25c lib/lib.a(string.o)
                                        0x274 (size before relaxing)
 .eh_frame      0x0000000000014058       0x14 lib/lib.a(random.o)
                                         0x2c (size before relaxing)
 .eh_frame      0x000000000001406c       0x3c lib/lib.a(hash.o)
                                         0x54 (size before relaxing)
 .eh_frame      0x00000000000140a8      0x1a0 lib/lib.a(crypt.o)
                                        0x1b8 (size before relaxing)
 .eh_frame      0x0000000000014248      0x2dc lib/lib.a(utils.o)
                                        0x2f4 (size before relaxing)
 .eh_frame      0x0000000000014524       0x20 lib/lib.a(read.o)
                                         0x38 (size before relaxing)

.gcc_except_table
 *(.gcc_except_table .gcc_except_table.*)

.exception_ranges
 *(.exception_ranges .exception_ranges*)
                0x0000000000014544                . = (ALIGN (0x1000) - ((0x1000 - .) & 0xfff))
                0x0000000000015000                . = DATA_SEGMENT_ALIGN (0x1000, 0x1000)

.eh_frame
 *(.eh_frame)

.gcc_except_table
 *(.gcc_except_table .gcc_except_table.*)

.exception_ranges
 *(.exception_ranges .exception_ranges*)

.tdata
 *(.tdata .tdata.* .gnu.linkonce.td.*)

.tbss
 *(.tbss .tbss.* .gnu.linkonce.tb.*)
 *(.tcommon)

.preinit_array  0x0000000000015000        0x0
                0x0000000000015000                PROVIDE (__preinit_array_start, .)
 *(.preinit_array)
                0x0000000000015000                PROVIDE (__preinit_array_end, .)

.init_array     0x0000000000015000        0x0
                0x0000000000015000                PROVIDE (__init_array_start, .)
 *(SORT(.init_array.*) SORT(.ctors.*))
 *(.init_array)
 *(EXCLUDE_FILE(*crtend?.o *crtend.o *crtbegin?.o *crtbegin.o) .ctors)
                0x0000000000015000                PROVIDE (__init_array_end, .)

.fini_array     0x0000000000015000        0x0
                0x0000000000015000                PROVIDE (__fini_array_start, .)
 *(SORT(.fini_array.*) SORT(.dtors.*))
 *(.fini_array)
 *(EXCLUDE_FILE(*crtend?.o *crtend.o *crtbegin?.o *crtbegin.o) .dtors)
                0x0000000000015000                PROVIDE (__fini_array_end, .)

.ctors
 *crtbegin.o(.ctors)
 *crtbegin?.o(.ctors)
 *(EXCLUDE_FILE(*crtend?.o *crtend.o) .ctors)
 *(SORT(.ctors.*))
 *(.ctors)

.dtors
 *crtbegin.o(.dtors)
 *crtbegin?.o(.dtors)
 *(EXCLUDE_FILE(*crtend?.o *crtend.o) .dtors)
 *(SORT(.dtors.*))
 *(.dtors)

.jcr
 *(.jcr)

.data.rel.ro
 *(.data.rel.ro.local* .gnu.linkonce.d.rel.ro.local.*)
 *(.data.rel.ro* .gnu.linkonce.d.rel.ro.*)

.dynamic
 *(.dynamic)

.got
 *(.got)
 *(.igot)
                0x0000000000015000                . = DATA_SEGMENT_RELRO_END (., 0xc)

.got.plt        0x0000000000015000        0x0
 *(.got.plt)
 *(.igot.plt)
 .igot.plt      0x0000000000000000        0x0 boot/head.o

.data           0x0000000000015000     0x3e64
 *(.data .data.* .gnu.linkonce.d.*)
 .data          0x0000000000015000        0x0 boot/head.o
 .data          0x0000000000015000       0x18 init/main.o
 *fill*         0x0000000000015018        0x8 00
 .data          0x0000000000015020     0x3d2c kernel/kernel.o
                0x0000000000015020                stack_start
                0x0000000000015040                task
                0x0000000000015140                current
                0x0000000000015160                sys_call_table
                0x0000000000016660                table_list
                0x0000000000016680                tty_table
 .data          0x0000000000018d4c        0x0 mm/mm.o
 .data          0x0000000000018d4c        0x4 fs/fs.o
                0x0000000000018d4c                start_buffer
 *fill*         0x0000000000018d50       0x10 00
 .data          0x0000000000018d60      0x101 lib/lib.a(ctype.o)
                0x0000000000018d60                _ctype
 *fill*         0x0000000000018e61        0x3 00
 .data          0x0000000000018e64        0x0 lib/lib.a(_exit.o)
 .data          0x0000000000018e64        0x0 lib/lib.a(open.o)
 .data          0x0000000000018e64        0x0 lib/lib.a(close.o)
 .data          0x0000000000018e64        0x0 lib/lib.a(errno.o)
 .data          0x0000000000018e64        0x0 lib/lib.a(write.o)
 .data          0x0000000000018e64        0x0 lib/lib.a(dup.o)
 .data          0x0000000000018e64        0x0 lib/lib.a(setsid.o)
 .data          0x0000000000018e64        0x0 lib/lib.a(execve.o)
 .data          0x0000000000018e64        0x0 lib/lib.a(wait.o)
 .data          0x0000000000018e64        0x0 lib/lib.a(string.o)
 .data          0x0000000000018e64        0x0 lib/lib.a(random.o)
 .data          0x0000000000018e64        0x0 lib/lib.a(hash.o)
 .data          0x0000000000018e64        0x0 lib/lib.a(crypt.o)
 .data          0x0000000000018e64        0x0 lib/lib.a(utils.o)
 .data          0x0000000000018e64        0x0 lib/lib.a(read.o)

.data1
 *(.data1)
                0x0000000000018e64                _edata = .
                0x0000000000018e64                PROVIDE (edata, .)
                0x0000000000018e64                __bss_start = .

.bss            0x0000000000018e80     0x3dac
 *(.dynbss)
 *(.bss .bss.* .gnu.linkonce.b.*)
 .bss           0x0000000000018e80        0x0 boot/head.o
 .bss           0x0000000000018e80      0x400 init/main.o
 .bss           0x0000000000019280      0x9d0 kernel/kernel.o
                0x0000000000019280                last_task_used_math
                0x0000000000019284                startup_time
                0x0000000000019288                jiffies
                0x000000000001928c                last_pid
                0x0000000000019740                do_hd
 *fill*         0x0000000000019c50       0x10 00
 .bss           0x0000000000019c60      0xc00 mm/mm.o
 .bss           0x000000000001a860      0x710 fs/fs.o
                0x000000000001a860                inode_table
                0x000000000001af64                nr_buffers
 .bss           0x000000000001af70        0x0 lib/lib.a(ctype.o)
 .bss           0x000000000001af70        0x0 lib/lib.a(_exit.o)
 .bss           0x000000000001af70        0x0 lib/lib.a(open.o)
 .bss           0x000000000001af70        0x0 lib/lib.a(close.o)
 .bss           0x000000000001af70        0x0 lib/lib.a(errno.o)
 .bss           0x000000000001af70        0x0 lib/lib.a(write.o)
 .bss           0x000000000001af70        0x0 lib/lib.a(dup.o)
 .bss           0x000000000001af70        0x0 lib/lib.a(setsid.o)
 .bss           0x000000000001af70        0x0 lib/lib.a(execve.o)
 .bss           0x000000000001af70        0x0 lib/lib.a(wait.o)
 .bss           0x000000000001af70        0x0 lib/lib.a(string.o)
 .bss           0x000000000001af70        0x4 lib/lib.a(random.o)
 .bss           0x000000000001af74        0x0 lib/lib.a(hash.o)
 .bss           0x000000000001af74        0x0 lib/lib.a(crypt.o)
 .bss           0x000000000001af74        0x0 lib/lib.a(utils.o)
 .bss           0x000000000001af74        0x0 lib/lib.a(read.o)
 *(COMMON)
 *fill*         0x000000000001af74        0xc 00
 COMMON         0x000000000001af80       0x80 init/main.o
                0x000000000001af80                gkey
                0x000000000001af90                catchkey
                0x000000000001af94                tmpindex
                0x000000000001af98                tmpkey
                0x000000000001afc0                enc_list
                0x000000000001affc                global_timeout
 COMMON         0x000000000001b000     0x1000 kernel/kernel.o
                0x000000000001b000                user_stack
 COMMON         0x000000000001c000      0xc20 fs/fs.o
                0x000000000001c000                hash_table
                0x000000000001c4e0                super_block
                0x000000000001c820                file_table
 COMMON         0x000000000001cc20        0x1 lib/lib.a(ctype.o)
                0x000000000001cc20                _ctmp
 *fill*         0x000000000001cc21        0x3 00
 COMMON         0x000000000001cc24        0x4 lib/lib.a(errno.o)
                0x000000000001cc24                errno
 COMMON         0x000000000001cc28        0x4 lib/lib.a(string.o)
                0x000000000001cc28                ___strtok
                0x000000000001cc2c                . = ALIGN ((. != 0x0)?0x4:0x1)
                0x000000000001cc2c                . = ALIGN (0x4)
                0x000000000001cc2c                . = ALIGN (0x4)
                0x000000000001cc2c                _end = .
                0x000000000001cc2c                PROVIDE (end, .)
                0x000000000001cc2c                . = DATA_SEGMENT_END (.)

.stab
 *(.stab)

.stabstr
 *(.stabstr)

.stab.excl
 *(.stab.excl)

.stab.exclstr
 *(.stab.exclstr)

.stab.index
 *(.stab.index)

.stab.indexstr
 *(.stab.indexstr)

.comment        0x0000000000000000       0x2a
 *(.comment)
 .comment       0x0000000000000000       0x2a init/main.o
                                         0x2b (size before relaxing)
 .comment       0x0000000000000000      0x22f kernel/kernel.o
 .comment       0x0000000000000000       0x2b mm/mm.o
 .comment       0x0000000000000000      0x331 fs/fs.o
 .comment       0x0000000000000000       0x2b lib/lib.a(ctype.o)
 .comment       0x0000000000000000       0x2b lib/lib.a(_exit.o)
 .comment       0x0000000000000000       0x2b lib/lib.a(open.o)
 .comment       0x0000000000000000       0x2b lib/lib.a(close.o)
 .comment       0x0000000000000000       0x2b lib/lib.a(errno.o)
 .comment       0x0000000000000000       0x2b lib/lib.a(write.o)
 .comment       0x0000000000000000       0x2b lib/lib.a(dup.o)
 .comment       0x0000000000000000       0x2b lib/lib.a(setsid.o)
 .comment       0x0000000000000000       0x2b lib/lib.a(execve.o)
 .comment       0x0000000000000000       0x2b lib/lib.a(wait.o)
 .comment       0x0000000000000000       0x2b lib/lib.a(string.o)
 .comment       0x0000000000000000       0x2b lib/lib.a(random.o)
 .comment       0x0000000000000000       0x2b lib/lib.a(hash.o)
 .comment       0x0000000000000000       0x2b lib/lib.a(crypt.o)
 .comment       0x0000000000000000       0x2b lib/lib.a(utils.o)
 .comment       0x0000000000000000       0x2b lib/lib.a(read.o)

.debug
 *(.debug)

.line
 *(.line)

.debug_srcinfo
 *(.debug_srcinfo)

.debug_sfnames
 *(.debug_sfnames)

.debug_aranges  0x0000000000000000      0x5e0
 *(.debug_aranges)
 .debug_aranges
                0x0000000000000000       0x20 init/main.o
 .debug_aranges
                0x0000000000000020      0x1a0 kernel/kernel.o
 .debug_aranges
                0x00000000000001c0       0x20 mm/mm.o
 .debug_aranges
                0x00000000000001e0      0x240 fs/fs.o
 .debug_aranges
                0x0000000000000420       0x20 lib/lib.a(_exit.o)
 .debug_aranges
                0x0000000000000440       0x20 lib/lib.a(open.o)
 .debug_aranges
                0x0000000000000460       0x20 lib/lib.a(close.o)
 .debug_aranges
                0x0000000000000480       0x20 lib/lib.a(write.o)
 .debug_aranges
                0x00000000000004a0       0x20 lib/lib.a(dup.o)
 .debug_aranges
                0x00000000000004c0       0x20 lib/lib.a(setsid.o)
 .debug_aranges
                0x00000000000004e0       0x20 lib/lib.a(execve.o)
 .debug_aranges
                0x0000000000000500       0x20 lib/lib.a(wait.o)
 .debug_aranges
                0x0000000000000520       0x20 lib/lib.a(string.o)
 .debug_aranges
                0x0000000000000540       0x20 lib/lib.a(random.o)
 .debug_aranges
                0x0000000000000560       0x20 lib/lib.a(hash.o)
 .debug_aranges
                0x0000000000000580       0x20 lib/lib.a(crypt.o)
 .debug_aranges
                0x00000000000005a0       0x20 lib/lib.a(utils.o)
 .debug_aranges
                0x00000000000005c0       0x20 lib/lib.a(read.o)

.debug_pubnames
 *(.debug_pubnames)

.debug_info     0x0000000000000000    0x1e97b
 *(.debug_info .gnu.linkonce.wi.*)
 .debug_info    0x0000000000000000      0xdc1 init/main.o
 .debug_info    0x0000000000000dc1     0x9696 kernel/kernel.o
 .debug_info    0x000000000000a457      0x4d6 mm/mm.o
 .debug_info    0x000000000000a92d     0xf460 fs/fs.o
 .debug_info    0x0000000000019d8d       0x70 lib/lib.a(ctype.o)
 .debug_info    0x0000000000019dfd      0x3af lib/lib.a(_exit.o)
 .debug_info    0x000000000001a1ac      0x403 lib/lib.a(open.o)
 .debug_info    0x000000000001a5af      0x3ce lib/lib.a(close.o)
 .debug_info    0x000000000001a97d       0x3f lib/lib.a(errno.o)
 .debug_info    0x000000000001a9bc      0x400 lib/lib.a(write.o)
 .debug_info    0x000000000001adbc      0x3ce lib/lib.a(dup.o)
 .debug_info    0x000000000001b18a      0x3cb lib/lib.a(setsid.o)
 .debug_info    0x000000000001b555      0x3fc lib/lib.a(execve.o)
 .debug_info    0x000000000001b951      0x428 lib/lib.a(wait.o)
 .debug_info    0x000000000001bd79      0x705 lib/lib.a(string.o)
 .debug_info    0x000000000001c47e      0x9bb lib/lib.a(random.o)
 .debug_info    0x000000000001ce39       0xb0 lib/lib.a(hash.o)
 .debug_info    0x000000000001cee9      0xf65 lib/lib.a(crypt.o)
 .debug_info    0x000000000001de4e      0x738 lib/lib.a(utils.o)
 .debug_info    0x000000000001e586      0x3f5 lib/lib.a(read.o)

.debug_abbrev   0x0000000000000000     0x4c6a
 *(.debug_abbrev)
 .debug_abbrev  0x0000000000000000      0x1e8 init/main.o
 .debug_abbrev  0x00000000000001e8     0x1982 kernel/kernel.o
 .debug_abbrev  0x0000000000001b6a      0x1af mm/mm.o
 .debug_abbrev  0x0000000000001d19     0x2265 fs/fs.o
 .debug_abbrev  0x0000000000003f7e       0x42 lib/lib.a(ctype.o)
 .debug_abbrev  0x0000000000003fc0       0xa3 lib/lib.a(_exit.o)
 .debug_abbrev  0x0000000000004063       0xdc lib/lib.a(open.o)
 .debug_abbrev  0x000000000000413f       0xb4 lib/lib.a(close.o)
 .debug_abbrev  0x00000000000041f3       0x30 lib/lib.a(errno.o)
 .debug_abbrev  0x0000000000004223       0xd7 lib/lib.a(write.o)
 .debug_abbrev  0x00000000000042fa       0xb4 lib/lib.a(dup.o)
 .debug_abbrev  0x00000000000043ae       0xb2 lib/lib.a(setsid.o)
 .debug_abbrev  0x0000000000004460       0xbb lib/lib.a(execve.o)
 .debug_abbrev  0x000000000000451b       0xd0 lib/lib.a(wait.o)
 .debug_abbrev  0x00000000000045eb      0x128 lib/lib.a(string.o)
 .debug_abbrev  0x0000000000004713       0xe9 lib/lib.a(random.o)
 .debug_abbrev  0x00000000000047fc       0x92 lib/lib.a(hash.o)
 .debug_abbrev  0x000000000000488e      0x185 lib/lib.a(crypt.o)
 .debug_abbrev  0x0000000000004a13      0x187 lib/lib.a(utils.o)
 .debug_abbrev  0x0000000000004b9a       0xd0 lib/lib.a(read.o)

.debug_line     0x0000000000000000     0x3dd7
 *(.debug_line)
 .debug_line    0x0000000000000000      0x128 init/main.o
 .debug_line    0x0000000000000128     0x14b0 kernel/kernel.o
 .debug_line    0x00000000000015d8      0x122 mm/mm.o
 .debug_line    0x00000000000016fa     0x1d11 fs/fs.o
 .debug_line    0x000000000000340b       0x28 lib/lib.a(ctype.o)
 .debug_line    0x0000000000003433       0x50 lib/lib.a(_exit.o)
 .debug_line    0x0000000000003483       0x76 lib/lib.a(open.o)
 .debug_line    0x00000000000034f9       0x6e lib/lib.a(close.o)
 .debug_line    0x0000000000003567       0x28 lib/lib.a(errno.o)
 .debug_line    0x000000000000358f       0x8c lib/lib.a(write.o)
 .debug_line    0x000000000000361b       0x6c lib/lib.a(dup.o)
 .debug_line    0x0000000000003687       0x88 lib/lib.a(setsid.o)
 .debug_line    0x000000000000370f       0x73 lib/lib.a(execve.o)
 .debug_line    0x0000000000003782       0x90 lib/lib.a(wait.o)
 .debug_line    0x0000000000003812       0xc1 lib/lib.a(string.o)
 .debug_line    0x00000000000038d3       0x9d lib/lib.a(random.o)
 .debug_line    0x0000000000003970       0x48 lib/lib.a(hash.o)
 .debug_line    0x00000000000039b8      0x264 lib/lib.a(crypt.o)
 .debug_line    0x0000000000003c1c      0x130 lib/lib.a(utils.o)
 .debug_line    0x0000000000003d4c       0x8b lib/lib.a(read.o)

.debug_frame
 *(.debug_frame)

.debug_str      0x0000000000000000     0x1c12
 *(.debug_str)
 .debug_str     0x0000000000000000      0x450 init/main.o
                                        0x50c (size before relaxing)
 .debug_str     0x0000000000000450      0xb6e kernel/kernel.o
                                       0x3619 (size before relaxing)
 .debug_str     0x0000000000000fbe      0x126 mm/mm.o
                                        0x1c1 (size before relaxing)
 .debug_str     0x00000000000010e4      0x948 fs/fs.o
                                       0x5b1c (size before relaxing)
 .debug_str     0x0000000000001a2c       0x26 lib/lib.a(ctype.o)
                                         0x66 (size before relaxing)
 .debug_str     0x0000000000001a52        0x8 lib/lib.a(_exit.o)
                                        0x284 (size before relaxing)
 .debug_str     0x0000000000000000        0x8 lib/lib.a(open.o)
                                        0x294 (size before relaxing)
 .debug_str     0x0000000000001a5a        0x8 lib/lib.a(close.o)
                                        0x286 (size before relaxing)
 .debug_str     0x0000000000001a62        0x8 lib/lib.a(errno.o)
                                         0x38 (size before relaxing)
 .debug_str     0x0000000000000000        0x8 lib/lib.a(write.o)
                                        0x292 (size before relaxing)
 .debug_str     0x0000000000001a6a        0x6 lib/lib.a(dup.o)
                                        0x27e (size before relaxing)
 .debug_str     0x0000000000001a70        0x9 lib/lib.a(setsid.o)
                                        0x28e (size before relaxing)
 .debug_str     0x0000000000001a79        0x9 lib/lib.a(execve.o)
                                        0x297 (size before relaxing)
 .debug_str     0x0000000000001a82       0x11 lib/lib.a(wait.o)
                                        0x2a4 (size before relaxing)
 .debug_str     0x0000000000001a93       0x6b lib/lib.a(string.o)
                                         0xec (size before relaxing)
 .debug_str     0x0000000000001afe        0xe lib/lib.a(random.o)
                                        0x43b (size before relaxing)
 .debug_str     0x0000000000001b0c       0x16 lib/lib.a(hash.o)
                                         0x51 (size before relaxing)
 .debug_str     0x0000000000001b22       0x2d lib/lib.a(crypt.o)
                                        0x50e (size before relaxing)
 .debug_str     0x0000000000001b4f       0xbc lib/lib.a(utils.o)
                                        0x18b (size before relaxing)
 .debug_str     0x0000000000001c0b        0x7 lib/lib.a(read.o)
                                        0x290 (size before relaxing)

.debug_loc      0x0000000000000000     0xc10d
 *(.debug_loc)
 .debug_loc     0x0000000000000000      0x256 init/main.o
 .debug_loc     0x0000000000000256     0x3be0 kernel/kernel.o
 .debug_loc     0x0000000000003e36      0x640 mm/mm.o
 .debug_loc     0x0000000000004476     0x65fa fs/fs.o
 .debug_loc     0x000000000000aa70       0x2c lib/lib.a(_exit.o)
 .debug_loc     0x000000000000aa9c       0x3f lib/lib.a(open.o)
 .debug_loc     0x000000000000aadb       0x3f lib/lib.a(close.o)
 .debug_loc     0x000000000000ab1a       0x57 lib/lib.a(write.o)
 .debug_loc     0x000000000000ab71       0x3f lib/lib.a(dup.o)
 .debug_loc     0x000000000000abb0       0x13 lib/lib.a(setsid.o)
 .debug_loc     0x000000000000abc3       0x57 lib/lib.a(execve.o)
 .debug_loc     0x000000000000ac1a       0x83 lib/lib.a(wait.o)
 .debug_loc     0x000000000000ac9d      0x3a6 lib/lib.a(string.o)
 .debug_loc     0x000000000000b043      0x81c lib/lib.a(crypt.o)
 .debug_loc     0x000000000000b85f      0x857 lib/lib.a(utils.o)
 .debug_loc     0x000000000000c0b6       0x57 lib/lib.a(read.o)

.debug_macinfo
 *(.debug_macinfo)

.debug_weaknames
 *(.debug_weaknames)

.debug_funcnames
 *(.debug_funcnames)

.debug_typenames
 *(.debug_typenames)

.debug_varnames
 *(.debug_varnames)

.debug_pubtypes
 *(.debug_pubtypes)

.debug_ranges   0x0000000000000000      0x4a8
 *(.debug_ranges)
 .debug_ranges  0x0000000000000000      0x120 kernel/kernel.o
 .debug_ranges  0x0000000000000120      0x388 fs/fs.o

.gnu.attributes
 *(.gnu.attributes)

/DISCARD/
 *(.note.GNU-stack)
 *(.gnu_debuglink)
 *(.gnu.lto_*)
OUTPUT(tools/system elf32-i386)
