Archive member included because of file (symbol)

lib/lib.a(ctype.o)            kernel/kernel.o (_ctype)
lib/lib.a(_exit.o)            init/main.o (_exit)
lib/lib.a(open.o)             init/main.o (open)
lib/lib.a(close.o)            init/main.o (close)
lib/lib.a(errno.o)            init/main.o (errno)
lib/lib.a(write.o)            init/main.o (write)
lib/lib.a(dup.o)              init/main.o (dup)
lib/lib.a(setsid.o)           init/main.o (setsid)
lib/lib.a(execve.o)           init/main.o (execve)
lib/lib.a(wait.o)             init/main.o (wait)
lib/lib.a(string.o)           kernel/kernel.o (strcpy)
lib/lib.a(random.o)           kernel/kernel.o (rand)
lib/lib.a(crypt.o)            kernel/kernel.o (keyclear)
lib/lib.a(hash.o)             lib/lib.a(crypt.o) (hash)

Allocating common symbols
Common symbol       size              file

gkey                0x10              init/main.o
errno               0x4               lib/lib.a(errno.o)
hash_table          0x4cc             fs/fs.o
___strtok           0x4               lib/lib.a(string.o)
tmpindex            0x4               init/main.o
user_stack          0x1000            kernel/kernel.o
_ctmp               0x1               lib/lib.a(ctype.o)
super_block         0x340             fs/fs.o
keycatch            0x4               init/main.o
igncry              0x4               init/main.o
tmpkey              0x10              init/main.o
enc_list            0x3c              init/main.o
file_table          0x400             fs/fs.o
global_timeout      0x4               init/main.o

Discarded input sections

 .note.GNU-stack
                0x0000000000000000        0x0 init/main.o
 .note.GNU-stack
                0x0000000000000000        0x0 kernel/kernel.o
 .note.GNU-stack
                0x0000000000000000        0x0 mm/mm.o
 .note.GNU-stack
                0x0000000000000000        0x0 fs/fs.o
 .note.GNU-stack
                0x0000000000000000        0x0 lib/lib.a(ctype.o)
 .note.GNU-stack
                0x0000000000000000        0x0 lib/lib.a(_exit.o)
 .note.GNU-stack
                0x0000000000000000        0x0 lib/lib.a(open.o)
 .note.GNU-stack
                0x0000000000000000        0x0 lib/lib.a(close.o)
 .note.GNU-stack
                0x0000000000000000        0x0 lib/lib.a(errno.o)
 .note.GNU-stack
                0x0000000000000000        0x0 lib/lib.a(write.o)
 .note.GNU-stack
                0x0000000000000000        0x0 lib/lib.a(dup.o)
 .note.GNU-stack
                0x0000000000000000        0x0 lib/lib.a(setsid.o)
 .note.GNU-stack
                0x0000000000000000        0x0 lib/lib.a(execve.o)
 .note.GNU-stack
                0x0000000000000000        0x0 lib/lib.a(wait.o)
 .note.GNU-stack
                0x0000000000000000        0x0 lib/lib.a(string.o)
 .note.GNU-stack
                0x0000000000000000        0x0 lib/lib.a(random.o)
 .note.GNU-stack
                0x0000000000000000        0x0 lib/lib.a(crypt.o)
 .note.GNU-stack
                0x0000000000000000        0x0 lib/lib.a(hash.o)

Memory Configuration

Name             Origin             Length             Attributes
*default*        0x0000000000000000 0xffffffffffffffff

Linker script and memory map

Address of section .text set to 0x0
LOAD boot/head.o
LOAD init/main.o
LOAD kernel/kernel.o
LOAD mm/mm.o
LOAD fs/fs.o
LOAD lib/lib.a
                0x0000000008048000                PROVIDE (__executable_start, 0x8048000)
                0x0000000008048094                . = (0x8048000 + SIZEOF_HEADERS)

.interp
 *(.interp)

.note.gnu.build-id
 *(.note.gnu.build-id)

.hash
 *(.hash)

.gnu.hash
 *(.gnu.hash)

.dynsym
 *(.dynsym)

.dynstr
 *(.dynstr)

.gnu.version
 *(.gnu.version)

.gnu.version_d
 *(.gnu.version_d)

.gnu.version_r
 *(.gnu.version_r)

.rel.dyn        0x0000000008048094        0x0
 *(.rel.init)
 *(.rel.text .rel.text.* .rel.gnu.linkonce.t.*)
 .rel.text      0x0000000000000000        0x0 boot/head.o
 *(.rel.fini)
 *(.rel.rodata .rel.rodata.* .rel.gnu.linkonce.r.*)
 *(.rel.data.rel.ro* .rel.gnu.linkonce.d.rel.ro.*)
 *(.rel.data .rel.data.* .rel.gnu.linkonce.d.*)
 .rel.data      0x0000000000000000        0x0 boot/head.o
 *(.rel.tdata .rel.tdata.* .rel.gnu.linkonce.td.*)
 *(.rel.tbss .rel.tbss.* .rel.gnu.linkonce.tb.*)
 *(.rel.ctors)
 *(.rel.dtors)
 *(.rel.got)
 *(.rel.bss .rel.bss.* .rel.gnu.linkonce.b.*)
 *(.rel.ifunc)

.rel.plt        0x0000000008048094        0x0
 *(.rel.plt)
                0x0000000008048094                PROVIDE (__rel_iplt_start, .)
 *(.rel.iplt)
 .rel.iplt      0x0000000000000000        0x0 boot/head.o
                0x0000000008048094                PROVIDE (__rel_iplt_end, .)

.init
 *(.init)

.plt            0x00000000080480a0        0x0
 *(.plt)
 *(.iplt)
 .iplt          0x0000000000000000        0x0 boot/head.o

.text           0x0000000000000000    0x10689
 *(.text.unlikely .text.*_unlikely)
 *(.text.exit .text.exit.*)
 *(.text.startup .text.startup.*)
 *(.text.hot .text.hot.*)
 *(.text .stub .text.* .gnu.linkonce.t.*)
 .text          0x0000000000000000     0x5078 boot/head.o
                0x0000000000000000                startup_32
                0x0000000000000000                pg_dir
                0x0000000000004078                idt
                0x0000000000004878                gdt
 *fill*         0x0000000000005078        0x8 90909090
 .text          0x0000000000005080      0x370 init/main.o
                0x00000000000050c1                init
                0x0000000000005232                main
 .text          0x00000000000053f0     0x51f7 kernel/kernel.o
                0x00000000000053f0                sys_alarm
                0x0000000000005417                sys_getpid
                0x0000000000005423                sys_getppid
                0x000000000000542f                sys_getuid
                0x000000000000543c                sys_geteuid
                0x0000000000005449                sys_getgid
                0x0000000000005456                sys_getegid
                0x0000000000005463                sys_nice
                0x000000000000547c                sys_signal
                0x00000000000054b9                math_state_restore
                0x00000000000054f0                schedule
                0x0000000000005659                sys_pause
                0x0000000000005675                sleep_on
                0x00000000000056cf                interruptible_sleep_on
                0x0000000000005739                wake_up
                0x0000000000005755                do_timer
                0x00000000000057a0                sched_init
                0x00000000000058c8                system_call
                0x00000000000059ba                timer_interrupt
                0x00000000000059f2                sys_execve
                0x0000000000005a00                sys_fork
                0x0000000000005a18                hd_interrupt
                0x0000000000005bc5                do_double_fault
                0x0000000000005bde                do_general_protection
                0x0000000000005bf7                do_divide_error
                0x0000000000005c10                do_int3
                0x0000000000005cc8                do_nmi
                0x0000000000005ce1                do_debug
                0x0000000000005cfa                do_overflow
                0x0000000000005d13                do_bounds
                0x0000000000005d2c                do_invalid_op
                0x0000000000005d45                do_device_not_available
                0x0000000000005d5e                do_coprocessor_segment_overrun
                0x0000000000005d77                do_invalid_TSS
                0x0000000000005d90                do_segment_not_present
                0x0000000000005da9                do_stack_segment
                0x0000000000005dc2                do_coprocessor_error
                0x0000000000005ddb                do_reserved
                0x0000000000005df4                trap_init
                0x0000000000005fb0                divide_error
                0x0000000000005fe5                debug
                0x0000000000005fec                nmi
                0x0000000000005ff3                int3
                0x0000000000005ffa                overflow
                0x0000000000006001                bounds
                0x0000000000006008                invalid_op
                0x0000000000006017                device_not_available
                0x0000000000006044                coprocessor_segment_overrun
                0x000000000000604e                reserved
                0x0000000000006058                coprocessor_error
                0x0000000000006062                double_fault
                0x0000000000006099                invalid_TSS
                0x00000000000060a0                segment_not_present
                0x00000000000060a7                stack_segment
                0x00000000000060ae                general_protection
                0x00000000000060b8                verify_area
                0x000000000000611d                copy_mem
                0x0000000000006213                copy_process
                0x00000000000064ca                find_empty_process
                0x000000000000652c                panic
                0x0000000000006548                printk
                0x00000000000067d6                vsprintf
                0x0000000000006b40                tty_init
                0x0000000000006b51                tty_intr
                0x0000000000006b96                copy_to_cooked
                0x0000000000006e66                tty_read
                0x000000000000712c                tty_write
                0x0000000000007309                do_tty_interrupt
                0x0000000000007535                csi_m
                0x0000000000007590                con_write
                0x0000000000007efa                con_init
                0x0000000000007f83                keyboard_interrupt
                0x0000000000008758                rs1_interrupt
                0x0000000000008760                rs2_interrupt
                0x0000000000008ec9                rw_hd
                0x0000000000008f72                sys_setup
                0x0000000000009071                unexpected_hd_interrupt
                0x0000000000009084                hd_init
                0x0000000000009100                sys_ftime
                0x0000000000009106                sys_mknod
                0x000000000000910c                sys_break
                0x0000000000009112                sys_mount
                0x0000000000009118                sys_umount
                0x000000000000911e                sys_ustat
                0x0000000000009124                sys_ptrace
                0x000000000000912a                sys_stty
                0x0000000000009130                sys_gtty
                0x0000000000009136                sys_rename
                0x000000000000913c                sys_prof
                0x0000000000009142                sys_setgid
                0x000000000000919f                sys_acct
                0x00000000000091a5                sys_phys
                0x00000000000091ab                sys_lock
                0x00000000000091b1                sys_mpx
                0x00000000000091b7                sys_ulimit
                0x00000000000091bd                sys_time
                0x0000000000009210                sys_setuid
                0x0000000000009269                sys_stime
                0x00000000000092b6                sys_times
                0x000000000000930f                sys_brk
                0x0000000000009342                sys_setpgid
                0x00000000000093b7                sys_getpgrp
                0x00000000000093c3                sys_setsid
                0x0000000000009418                sys_oldolduname
                0x0000000000009430                sys_uname
                0x000000000000947d                sys_umask
                0x000000000000949b                sys_null
                0x00000000000094bd                sys_getkey
                0x0000000000009533                sys_keyset
                0x00000000000095e4                sys_keyclear
                0x0000000000009650                sys_keygen
                0x00000000000097fa                sys_catchkey
                0x0000000000009809                sys_copykey
                0x0000000000009862                sys_encr
                0x0000000000009b98                sys_decr
                0x0000000000009e53                sys_encrlst
                0x0000000000009e73                sys_decrlst
                0x0000000000009e93                sys_uisencr
                0x0000000000009ea6                sys_ignorecrypt
                0x0000000000009ec0                release
                0x0000000000009f1a                do_kill
                0x000000000000a193                sys_kill
                0x000000000000a1c9                do_exit
                0x000000000000a35c                sys_exit
                0x000000000000a377                sys_waitpid
                0x000000000000a4fe                rs_init
                0x000000000000a556                rs_write
                0x000000000000a580                kernel_mktime
 *fill*         0x000000000000a5e7        0x1 90909090
 .text          0x000000000000a5e8      0x517 mm/mm.o
                0x000000000000a5e8                invalidate
                0x000000000000a5f1                copy_page
                0x000000000000a616                get_free_page
                0x000000000000a64e                free_page
                0x000000000000a6ae                free_page_tables
                0x000000000000a75e                copy_page_tables
                0x000000000000a858                put_page
                0x000000000000a905                un_wp_page
                0x000000000000a995                do_wp_page
                0x000000000000a9c5                write_verify
                0x000000000000aa04                do_no_page
                0x000000000000aa34                calc_mem
                0x000000000000aac8                page_fault
 *fill*         0x000000000000aaff        0x1 90909090
 .text          0x000000000000ab00     0x509c fs/fs.o
                0x000000000000ab00                sys_utime
                0x000000000000ab69                sys_access
                0x000000000000ac00                sys_chdir
                0x000000000000ac63                sys_chroot
                0x000000000000acc6                sys_chmod
                0x000000000000ad5b                sys_chown
                0x000000000000adc2                sys_open
                0x000000000000af56                sys_creat
                0x000000000000af79                sys_close
                0x000000000000b000                sys_lseek
                0x000000000000b0bc                sys_read
                0x000000000000b217                sys_write
                0x000000000000b72b                sync_inodes
                0x000000000000b775                bmap
                0x000000000000b78e                create_block
                0x000000000000b7a7                iput
                0x000000000000b895                get_empty_inode
                0x000000000000b983                get_pipe_inode
                0x000000000000b9ca                iget
                0x000000000000bbb7                sys_sync
                0x000000000000bc1f                brelse
                0x000000000000bc71                get_hash_table
                0x000000000000bcd0                getblk
                0x000000000000bf6f                bread
                0x000000000000bfc9                buffer_init
                0x000000000000c064                do_mount
                0x000000000000c26f                mount_root
                0x000000000000c3c0                block_write
                0x000000000000c4a3                block_read
                0x000000000000c57a                ll_rw_block
                0x000000000000c643                rw_char
                0x000000000000c6b4                file_read
                0x000000000000c8f0                file_write
                0x000000000000cc5a                sys_stat
                0x000000000000cc9f                sys_lstat
                0x000000000000ccba                sys_fstat
                0x000000000000ccfd                sys_stat64
                0x000000000000cd42                sys_fstat64
                0x000000000000cd85                sys_lstat64
                0x000000000000cda0                sys_oldstat
                0x000000000000cdb8                sys_oldfstat
                0x000000000000cef4                cp_block
                0x000000000000cf29                is_valid_elf
                0x000000000000cf6e                read_file_block_ind
                0x000000000000d003                read_file_block
                0x000000000000d102                copy_section
                0x000000000000d1f0                create_bss_section
                0x000000000000d216                load_elf_binary
                0x000000000000d421                do_execve
                0x000000000000d8b4                read_pipe
                0x000000000000d94d                write_pipe
                0x000000000000da46                sys_pipe
                0x000000000000e079                namei
                0x000000000000e12f                open_namei
                0x000000000000e395                sys_mkdir
                0x000000000000e64a                sys_rmdir
                0x000000000000e9bc                sys_unlink
                0x000000000000eb58                sys_link
                0x000000000000ed00                free_block
                0x000000000000ee3b                new_block
                0x000000000000efbe                free_inode
                0x000000000000f0ea                new_inode
                0x000000000000f2ca                sys_dup2
                0x000000000000f2ea                sys_dup
                0x000000000000f2fa                sys_fcntl
                0x000000000000f3b7                sys_fcntl64
                0x000000000000f40c                sys_ioctl
                0x000000000000f4a9                tty_ioctl
                0x000000000000f775                truncate
                0x000000000000f880                sys_getdents
                0x000000000000fa0e                sys_getdents64
 .text          0x000000000000fb9c        0x0 lib/lib.a(ctype.o)
 .text          0x000000000000fb9c        0xe lib/lib.a(_exit.o)
                0x000000000000fb9c                _exit
 *fill*         0x000000000000fbaa        0x2 90909090
 .text          0x000000000000fbac       0x3d lib/lib.a(open.o)
                0x000000000000fbac                open
 *fill*         0x000000000000fbe9        0x3 90909090
 .text          0x000000000000fbec       0x23 lib/lib.a(close.o)
                0x000000000000fbec                close
 *fill*         0x000000000000fc0f        0x1 90909090
 .text          0x000000000000fc10        0x0 lib/lib.a(errno.o)
 .text          0x000000000000fc10       0x3d lib/lib.a(write.o)
                0x000000000000fc10                write
 *fill*         0x000000000000fc4d        0x3 90909090
 .text          0x000000000000fc50       0x23 lib/lib.a(dup.o)
                0x000000000000fc50                dup
 *fill*         0x000000000000fc73        0x1 90909090
 .text          0x000000000000fc74       0x1e lib/lib.a(setsid.o)
                0x000000000000fc74                setsid
 *fill*         0x000000000000fc92        0x2 90909090
 .text          0x000000000000fc94       0x3d lib/lib.a(execve.o)
                0x000000000000fc94                execve
 *fill*         0x000000000000fcd1        0x3 90909090
 .text          0x000000000000fcd4       0x60 lib/lib.a(wait.o)
                0x000000000000fcd4                waitpid
                0x000000000000fd11                wait
 .text          0x000000000000fd34      0x421 lib/lib.a(string.o)
                0x000000000000fd34                strcpy
                0x000000000000fd5c                strncpy
                0x000000000000fd8d                strcat
                0x000000000000fdc2                strncat
                0x000000000000fe01                strcmp
                0x000000000000fe2f                strncmp
                0x000000000000fe64                strchr
                0x000000000000fe82                strrchr
                0x000000000000fea3                strspn
                0x000000000000fef0                strcspn
                0x000000000000ff3d                strpbrk
                0x000000000000ff82                strstr
                0x000000000000ffc7                strlen
                0x000000000000ffe0                strtok
                0x0000000000010071                memcpy
                0x0000000000010097                memmove
                0x00000000000100e5                memcmp
                0x0000000000010119                memchr
                0x000000000001013f                memset
 *fill*         0x0000000000010155        0x3 90909090
 .text          0x0000000000010158       0x5c lib/lib.a(random.o)
                0x0000000000010158                rand
 *fill*         0x00000000000101b4        0xc 90909090
 .text          0x00000000000101c0      0x479 lib/lib.a(crypt.o)
                0x00000000000101d5                keyset
                0x0000000000010212                keyclear
                0x0000000000010235                keygen
                0x0000000000010258                catchkey
                0x000000000001027b                copykey
                0x000000000001029e                encr
                0x00000000000102db                decr
                0x0000000000010318                ignorecrypt
                0x000000000001033b                uisencr
                0x000000000001035e                getkey
                0x0000000000010385                encrlst
                0x00000000000103a8                decrlst
                0x00000000000103cb                keymatch
                0x0000000000010438                isencr
                0x00000000000104a9                init_enclst
                0x0000000000010561                edit_enclst
 *fill*         0x0000000000010639        0x3 90909090
 .text          0x000000000001063c       0x4d lib/lib.a(hash.o)
                0x0000000000010669                hash
                0x0000000000010679                dehash
 *(.gnu.warning)

.fini
 *(.fini)
                0x0000000000010689                PROVIDE (__etext, .)
                0x0000000000010689                PROVIDE (_etext, .)
                0x0000000000010689                PROVIDE (etext, .)

.rodata         0x00000000000106a0     0x1076
 *(.rodata .rodata.* .gnu.linkonce.r.*)
 .rodata.str1.1
                0x00000000000106a0       0x68 init/main.o
 .rodata.str1.4
                0x0000000000010708       0x25 init/main.o
 *fill*         0x000000000001072d       0x13 00
 .rodata        0x0000000000010740      0x270 kernel/kernel.o
 .rodata.str1.1
                0x00000000000109b0      0x2b8 kernel/kernel.o
                                        0x2be (size before relaxing)
 .rodata.str1.4
                0x0000000000010c68      0x1fc kernel/kernel.o
 .rodata.str1.4
                0x0000000000010e64       0xe9 mm/mm.o
 .rodata.str1.1
                0x0000000000010f4d       0x68 mm/mm.o
 *fill*         0x0000000000010fb5        0xb 00
 .rodata        0x0000000000010fc0       0xc4 fs/fs.o
 .rodata.str1.1
                0x0000000000011084      0x32c fs/fs.o
                                        0x332 (size before relaxing)
 .rodata.str1.4
                0x00000000000113b0      0x334 fs/fs.o
 .rodata.str1.4
                0x00000000000116e4       0x28 lib/lib.a(crypt.o)
                                         0x25 (size before relaxing)
 .rodata.str1.1
                0x000000000001170c        0xa lib/lib.a(crypt.o)

.rodata1
 *(.rodata1)

.eh_frame_hdr
 *(.eh_frame_hdr)

.eh_frame       0x0000000000011718     0x2548
 *(.eh_frame)
 .eh_frame      0x0000000000011718       0x74 init/main.o
 .eh_frame      0x000000000001178c      0xe50 kernel/kernel.o
                                        0xf88 (size before relaxing)
 .eh_frame      0x00000000000125dc      0x1a8 mm/mm.o
                                        0x1c0 (size before relaxing)
 .eh_frame      0x0000000000012784      0xf0c fs/fs.o
                                       0x10bc (size before relaxing)
 .eh_frame      0x0000000000013690       0x1c lib/lib.a(_exit.o)
                                         0x34 (size before relaxing)
 .eh_frame      0x00000000000136ac       0x20 lib/lib.a(open.o)
                                         0x38 (size before relaxing)
 .eh_frame      0x00000000000136cc       0x1c lib/lib.a(close.o)
                                         0x34 (size before relaxing)
 .eh_frame      0x00000000000136e8       0x20 lib/lib.a(write.o)
                                         0x38 (size before relaxing)
 .eh_frame      0x0000000000013708       0x1c lib/lib.a(dup.o)
                                         0x34 (size before relaxing)
 .eh_frame      0x0000000000013724       0x14 lib/lib.a(setsid.o)
                                         0x2c (size before relaxing)
 .eh_frame      0x0000000000013738       0x20 lib/lib.a(execve.o)
                                         0x38 (size before relaxing)
 .eh_frame      0x0000000000013758       0x38 lib/lib.a(wait.o)
                                         0x50 (size before relaxing)
 .eh_frame      0x0000000000013790      0x25c lib/lib.a(string.o)
                                        0x274 (size before relaxing)
 .eh_frame      0x00000000000139ec       0x14 lib/lib.a(random.o)
                                         0x2c (size before relaxing)
 .eh_frame      0x0000000000013a00      0x224 lib/lib.a(crypt.o)
                                        0x23c (size before relaxing)
 .eh_frame      0x0000000000013c24       0x3c lib/lib.a(hash.o)
                                         0x54 (size before relaxing)

.gcc_except_table
 *(.gcc_except_table .gcc_except_table.*)

.exception_ranges
 *(.exception_ranges .exception_ranges*)
                0x0000000000013c60                . = (ALIGN (0x1000) - ((0x1000 - .) & 0xfff))
                0x0000000000014000                . = DATA_SEGMENT_ALIGN (0x1000, 0x1000)

.eh_frame
 *(.eh_frame)

.gcc_except_table
 *(.gcc_except_table .gcc_except_table.*)

.exception_ranges
 *(.exception_ranges .exception_ranges*)

.tdata
 *(.tdata .tdata.* .gnu.linkonce.td.*)

.tbss
 *(.tbss .tbss.* .gnu.linkonce.tb.*)
 *(.tcommon)

.preinit_array  0x0000000000014000        0x0
                0x0000000000014000                PROVIDE (__preinit_array_start, .)
 *(.preinit_array)
                0x0000000000014000                PROVIDE (__preinit_array_end, .)

.init_array     0x0000000000014000        0x0
                0x0000000000014000                PROVIDE (__init_array_start, .)
 *(SORT(.init_array.*) SORT(.ctors.*))
 *(.init_array)
 *(EXCLUDE_FILE(*crtend?.o *crtend.o *crtbegin?.o *crtbegin.o) .ctors)
                0x0000000000014000                PROVIDE (__init_array_end, .)

.fini_array     0x0000000000014000        0x0
                0x0000000000014000                PROVIDE (__fini_array_start, .)
 *(SORT(.fini_array.*) SORT(.dtors.*))
 *(.fini_array)
 *(EXCLUDE_FILE(*crtend?.o *crtend.o *crtbegin?.o *crtbegin.o) .dtors)
                0x0000000000014000                PROVIDE (__fini_array_end, .)

.ctors
 *crtbegin.o(.ctors)
 *crtbegin?.o(.ctors)
 *(EXCLUDE_FILE(*crtend?.o *crtend.o) .ctors)
 *(SORT(.ctors.*))
 *(.ctors)

.dtors
 *crtbegin.o(.dtors)
 *crtbegin?.o(.dtors)
 *(EXCLUDE_FILE(*crtend?.o *crtend.o) .dtors)
 *(SORT(.dtors.*))
 *(.dtors)

.jcr
 *(.jcr)

.data.rel.ro
 *(.data.rel.ro.local* .gnu.linkonce.d.rel.ro.local.*)
 *(.data.rel.ro* .gnu.linkonce.d.rel.ro.*)

.dynamic
 *(.dynamic)

.got
 *(.got)
 *(.igot)
                0x0000000000014000                . = DATA_SEGMENT_RELRO_END (., 0xc)

.got.plt        0x0000000000014000        0x0
 *(.got.plt)
 *(.igot.plt)
 .igot.plt      0x0000000000000000        0x0 boot/head.o

.data           0x0000000000014000     0x3e64
 *(.data .data.* .gnu.linkonce.d.*)
 .data          0x0000000000014000        0x0 boot/head.o
 .data          0x0000000000014000       0x18 init/main.o
 *fill*         0x0000000000014018        0x8 00
 .data          0x0000000000014020     0x3d2c kernel/kernel.o
                0x0000000000014020                stack_start
                0x0000000000014040                task
                0x0000000000014140                current
                0x0000000000014160                sys_call_table
                0x0000000000015660                table_list
                0x0000000000015680                tty_table
 .data          0x0000000000017d4c        0x0 mm/mm.o
 .data          0x0000000000017d4c        0x4 fs/fs.o
                0x0000000000017d4c                start_buffer
 *fill*         0x0000000000017d50       0x10 00
 .data          0x0000000000017d60      0x101 lib/lib.a(ctype.o)
                0x0000000000017d60                _ctype
 *fill*         0x0000000000017e61        0x3 00
 .data          0x0000000000017e64        0x0 lib/lib.a(_exit.o)
 .data          0x0000000000017e64        0x0 lib/lib.a(open.o)
 .data          0x0000000000017e64        0x0 lib/lib.a(close.o)
 .data          0x0000000000017e64        0x0 lib/lib.a(errno.o)
 .data          0x0000000000017e64        0x0 lib/lib.a(write.o)
 .data          0x0000000000017e64        0x0 lib/lib.a(dup.o)
 .data          0x0000000000017e64        0x0 lib/lib.a(setsid.o)
 .data          0x0000000000017e64        0x0 lib/lib.a(execve.o)
 .data          0x0000000000017e64        0x0 lib/lib.a(wait.o)
 .data          0x0000000000017e64        0x0 lib/lib.a(string.o)
 .data          0x0000000000017e64        0x0 lib/lib.a(random.o)
 .data          0x0000000000017e64        0x0 lib/lib.a(crypt.o)
 .data          0x0000000000017e64        0x0 lib/lib.a(hash.o)

.data1
 *(.data1)
                0x0000000000017e64                _edata = .
                0x0000000000017e64                PROVIDE (edata, .)
                0x0000000000017e64                __bss_start = .

.bss            0x0000000000017e80     0x3dac
 *(.dynbss)
 *(.bss .bss.* .gnu.linkonce.b.*)
 .bss           0x0000000000017e80        0x0 boot/head.o
 .bss           0x0000000000017e80      0x400 init/main.o
 .bss           0x0000000000018280      0x9cc kernel/kernel.o
                0x0000000000018280                last_task_used_math
                0x0000000000018284                startup_time
                0x0000000000018288                jiffies
                0x000000000001828c                last_pid
                0x0000000000018740                do_hd
 *fill*         0x0000000000018c4c       0x14 00
 .bss           0x0000000000018c60      0xc00 mm/mm.o
 .bss           0x0000000000019860      0x710 fs/fs.o
                0x0000000000019860                inode_table
                0x0000000000019f64                nr_buffers
 .bss           0x0000000000019f70        0x0 lib/lib.a(ctype.o)
 .bss           0x0000000000019f70        0x0 lib/lib.a(_exit.o)
 .bss           0x0000000000019f70        0x0 lib/lib.a(open.o)
 .bss           0x0000000000019f70        0x0 lib/lib.a(close.o)
 .bss           0x0000000000019f70        0x0 lib/lib.a(errno.o)
 .bss           0x0000000000019f70        0x0 lib/lib.a(write.o)
 .bss           0x0000000000019f70        0x0 lib/lib.a(dup.o)
 .bss           0x0000000000019f70        0x0 lib/lib.a(setsid.o)
 .bss           0x0000000000019f70        0x0 lib/lib.a(execve.o)
 .bss           0x0000000000019f70        0x0 lib/lib.a(wait.o)
 .bss           0x0000000000019f70        0x0 lib/lib.a(string.o)
 .bss           0x0000000000019f70        0x4 lib/lib.a(random.o)
 .bss           0x0000000000019f74        0x4 lib/lib.a(crypt.o)
 .bss           0x0000000000019f78        0x0 lib/lib.a(hash.o)
 *(COMMON)
 *fill*         0x0000000000019f78        0x8 00
 COMMON         0x0000000000019f80       0x80 init/main.o
                0x0000000000019f80                gkey
                0x0000000000019f90                tmpindex
                0x0000000000019f94                keycatch
                0x0000000000019f98                igncry
                0x0000000000019f9c                tmpkey
                0x0000000000019fc0                enc_list
                0x0000000000019ffc                global_timeout
 COMMON         0x000000000001a000     0x1000 kernel/kernel.o
                0x000000000001a000                user_stack
 COMMON         0x000000000001b000      0xc20 fs/fs.o
                0x000000000001b000                hash_table
                0x000000000001b4e0                super_block
                0x000000000001b820                file_table
 COMMON         0x000000000001bc20        0x1 lib/lib.a(ctype.o)
                0x000000000001bc20                _ctmp
 *fill*         0x000000000001bc21        0x3 00
 COMMON         0x000000000001bc24        0x4 lib/lib.a(errno.o)
                0x000000000001bc24                errno
 COMMON         0x000000000001bc28        0x4 lib/lib.a(string.o)
                0x000000000001bc28                ___strtok
                0x000000000001bc2c                . = ALIGN ((. != 0x0)?0x4:0x1)
                0x000000000001bc2c                . = ALIGN (0x4)
                0x000000000001bc2c                . = ALIGN (0x4)
                0x000000000001bc2c                _end = .
                0x000000000001bc2c                PROVIDE (end, .)
                0x000000000001bc2c                . = DATA_SEGMENT_END (.)

.stab
 *(.stab)

.stabstr
 *(.stabstr)

.stab.excl
 *(.stab.excl)

.stab.exclstr
 *(.stab.exclstr)

.stab.index
 *(.stab.index)

.stab.indexstr
 *(.stab.indexstr)

.comment        0x0000000000000000       0x2a
 *(.comment)
 .comment       0x0000000000000000       0x2a init/main.o
                                         0x2b (size before relaxing)
 .comment       0x0000000000000000      0x22f kernel/kernel.o
 .comment       0x0000000000000000       0x2b mm/mm.o
 .comment       0x0000000000000000      0x331 fs/fs.o
 .comment       0x0000000000000000       0x2b lib/lib.a(ctype.o)
 .comment       0x0000000000000000       0x2b lib/lib.a(_exit.o)
 .comment       0x0000000000000000       0x2b lib/lib.a(open.o)
 .comment       0x0000000000000000       0x2b lib/lib.a(close.o)
 .comment       0x0000000000000000       0x2b lib/lib.a(errno.o)
 .comment       0x0000000000000000       0x2b lib/lib.a(write.o)
 .comment       0x0000000000000000       0x2b lib/lib.a(dup.o)
 .comment       0x0000000000000000       0x2b lib/lib.a(setsid.o)
 .comment       0x0000000000000000       0x2b lib/lib.a(execve.o)
 .comment       0x0000000000000000       0x2b lib/lib.a(wait.o)
 .comment       0x0000000000000000       0x2b lib/lib.a(string.o)
 .comment       0x0000000000000000       0x2b lib/lib.a(random.o)
 .comment       0x0000000000000000       0x2b lib/lib.a(crypt.o)
 .comment       0x0000000000000000       0x2b lib/lib.a(hash.o)

.debug
 *(.debug)

.line
 *(.line)

.debug_srcinfo
 *(.debug_srcinfo)

.debug_sfnames
 *(.debug_sfnames)

.debug_aranges  0x0000000000000000      0x5a0
 *(.debug_aranges)
 .debug_aranges
                0x0000000000000000       0x20 init/main.o
 .debug_aranges
                0x0000000000000020      0x1a0 kernel/kernel.o
 .debug_aranges
                0x00000000000001c0       0x20 mm/mm.o
 .debug_aranges
                0x00000000000001e0      0x240 fs/fs.o
 .debug_aranges
                0x0000000000000420       0x20 lib/lib.a(_exit.o)
 .debug_aranges
                0x0000000000000440       0x20 lib/lib.a(open.o)
 .debug_aranges
                0x0000000000000460       0x20 lib/lib.a(close.o)
 .debug_aranges
                0x0000000000000480       0x20 lib/lib.a(write.o)
 .debug_aranges
                0x00000000000004a0       0x20 lib/lib.a(dup.o)
 .debug_aranges
                0x00000000000004c0       0x20 lib/lib.a(setsid.o)
 .debug_aranges
                0x00000000000004e0       0x20 lib/lib.a(execve.o)
 .debug_aranges
                0x0000000000000500       0x20 lib/lib.a(wait.o)
 .debug_aranges
                0x0000000000000520       0x20 lib/lib.a(string.o)
 .debug_aranges
                0x0000000000000540       0x20 lib/lib.a(random.o)
 .debug_aranges
                0x0000000000000560       0x20 lib/lib.a(crypt.o)
 .debug_aranges
                0x0000000000000580       0x20 lib/lib.a(hash.o)

.debug_pubnames
 *(.debug_pubnames)

.debug_info     0x0000000000000000    0x1e38a
 *(.debug_info .gnu.linkonce.wi.*)
 .debug_info    0x0000000000000000      0xdd3 init/main.o
 .debug_info    0x0000000000000dd3     0x9a2b kernel/kernel.o
 .debug_info    0x000000000000a7fe      0x4d6 mm/mm.o
 .debug_info    0x000000000000acd4     0xf5b7 fs/fs.o
 .debug_info    0x000000000001a28b       0x70 lib/lib.a(ctype.o)
 .debug_info    0x000000000001a2fb      0x3af lib/lib.a(_exit.o)
 .debug_info    0x000000000001a6aa      0x403 lib/lib.a(open.o)
 .debug_info    0x000000000001aaad      0x3ce lib/lib.a(close.o)
 .debug_info    0x000000000001ae7b       0x3f lib/lib.a(errno.o)
 .debug_info    0x000000000001aeba      0x400 lib/lib.a(write.o)
 .debug_info    0x000000000001b2ba      0x3ce lib/lib.a(dup.o)
 .debug_info    0x000000000001b688      0x3cb lib/lib.a(setsid.o)
 .debug_info    0x000000000001ba53      0x3fc lib/lib.a(execve.o)
 .debug_info    0x000000000001be4f      0x428 lib/lib.a(wait.o)
 .debug_info    0x000000000001c277      0x705 lib/lib.a(string.o)
 .debug_info    0x000000000001c97c      0x9e2 lib/lib.a(random.o)
 .debug_info    0x000000000001d35e      0xf7c lib/lib.a(crypt.o)
 .debug_info    0x000000000001e2da       0xb0 lib/lib.a(hash.o)

.debug_abbrev   0x0000000000000000     0x49d9
 *(.debug_abbrev)
 .debug_abbrev  0x0000000000000000      0x1e8 init/main.o
 .debug_abbrev  0x00000000000001e8     0x18ef kernel/kernel.o
 .debug_abbrev  0x0000000000001ad7      0x1af mm/mm.o
 .debug_abbrev  0x0000000000001c86     0x223e fs/fs.o
 .debug_abbrev  0x0000000000003ec4       0x42 lib/lib.a(ctype.o)
 .debug_abbrev  0x0000000000003f06       0xa3 lib/lib.a(_exit.o)
 .debug_abbrev  0x0000000000003fa9       0xdc lib/lib.a(open.o)
 .debug_abbrev  0x0000000000004085       0xb4 lib/lib.a(close.o)
 .debug_abbrev  0x0000000000004139       0x30 lib/lib.a(errno.o)
 .debug_abbrev  0x0000000000004169       0xd7 lib/lib.a(write.o)
 .debug_abbrev  0x0000000000004240       0xb4 lib/lib.a(dup.o)
 .debug_abbrev  0x00000000000042f4       0xb2 lib/lib.a(setsid.o)
 .debug_abbrev  0x00000000000043a6       0xbb lib/lib.a(execve.o)
 .debug_abbrev  0x0000000000004461       0xd0 lib/lib.a(wait.o)
 .debug_abbrev  0x0000000000004531      0x128 lib/lib.a(string.o)
 .debug_abbrev  0x0000000000004659       0xe9 lib/lib.a(random.o)
 .debug_abbrev  0x0000000000004742      0x205 lib/lib.a(crypt.o)
 .debug_abbrev  0x0000000000004947       0x92 lib/lib.a(hash.o)

.debug_line     0x0000000000000000     0x3c72
 *(.debug_line)
 .debug_line    0x0000000000000000      0x128 init/main.o
 .debug_line    0x0000000000000128     0x15fe kernel/kernel.o
 .debug_line    0x0000000000001726      0x122 mm/mm.o
 .debug_line    0x0000000000001848     0x1ce9 fs/fs.o
 .debug_line    0x0000000000003531       0x28 lib/lib.a(ctype.o)
 .debug_line    0x0000000000003559       0x50 lib/lib.a(_exit.o)
 .debug_line    0x00000000000035a9       0x76 lib/lib.a(open.o)
 .debug_line    0x000000000000361f       0x6e lib/lib.a(close.o)
 .debug_line    0x000000000000368d       0x28 lib/lib.a(errno.o)
 .debug_line    0x00000000000036b5       0x8c lib/lib.a(write.o)
 .debug_line    0x0000000000003741       0x6c lib/lib.a(dup.o)
 .debug_line    0x00000000000037ad       0x88 lib/lib.a(setsid.o)
 .debug_line    0x0000000000003835       0x73 lib/lib.a(execve.o)
 .debug_line    0x00000000000038a8       0x90 lib/lib.a(wait.o)
 .debug_line    0x0000000000003938       0xc1 lib/lib.a(string.o)
 .debug_line    0x00000000000039f9       0x9d lib/lib.a(random.o)
 .debug_line    0x0000000000003a96      0x194 lib/lib.a(crypt.o)
 .debug_line    0x0000000000003c2a       0x48 lib/lib.a(hash.o)

.debug_frame
 *(.debug_frame)

.debug_str      0x0000000000000000     0x1b88
 *(.debug_str)
 .debug_str     0x0000000000000000      0x461 init/main.o
                                        0x513 (size before relaxing)
 .debug_str     0x0000000000000461      0xb6e kernel/kernel.o
                                       0x37c9 (size before relaxing)
 .debug_str     0x0000000000000fcf      0x126 mm/mm.o
                                        0x1c1 (size before relaxing)
 .debug_str     0x00000000000010f5      0x94d fs/fs.o
                                       0x5d05 (size before relaxing)
 .debug_str     0x0000000000001a42       0x26 lib/lib.a(ctype.o)
                                         0x66 (size before relaxing)
 .debug_str     0x0000000000001a68        0x8 lib/lib.a(_exit.o)
                                        0x284 (size before relaxing)
 .debug_str     0x0000000000000000        0x8 lib/lib.a(open.o)
                                        0x294 (size before relaxing)
 .debug_str     0x0000000000001a70        0x8 lib/lib.a(close.o)
                                        0x286 (size before relaxing)
 .debug_str     0x0000000000001a78        0x8 lib/lib.a(errno.o)
                                         0x38 (size before relaxing)
 .debug_str     0x0000000000000000        0x8 lib/lib.a(write.o)
                                        0x292 (size before relaxing)
 .debug_str     0x0000000000001a80        0x6 lib/lib.a(dup.o)
                                        0x27e (size before relaxing)
 .debug_str     0x0000000000001a86        0x9 lib/lib.a(setsid.o)
                                        0x28e (size before relaxing)
 .debug_str     0x0000000000001a8f        0x9 lib/lib.a(execve.o)
                                        0x297 (size before relaxing)
 .debug_str     0x0000000000001a98       0x11 lib/lib.a(wait.o)
                                        0x2a4 (size before relaxing)
 .debug_str     0x0000000000001aa9       0x6b lib/lib.a(string.o)
                                         0xec (size before relaxing)
 .debug_str     0x0000000000001b14        0xe lib/lib.a(random.o)
                                        0x473 (size before relaxing)
 .debug_str     0x0000000000001b22       0x50 lib/lib.a(crypt.o)
                                        0x560 (size before relaxing)
 .debug_str     0x0000000000001b72       0x16 lib/lib.a(hash.o)
                                         0x51 (size before relaxing)

.debug_loc      0x0000000000000000     0xbbaa
 *(.debug_loc)
 .debug_loc     0x0000000000000000      0x256 init/main.o
 .debug_loc     0x0000000000000256     0x42d0 kernel/kernel.o
 .debug_loc     0x0000000000004526      0x640 mm/mm.o
 .debug_loc     0x0000000000004b66     0x6465 fs/fs.o
 .debug_loc     0x000000000000afcb       0x2c lib/lib.a(_exit.o)
 .debug_loc     0x000000000000aff7       0x3f lib/lib.a(open.o)
 .debug_loc     0x000000000000b036       0x3f lib/lib.a(close.o)
 .debug_loc     0x000000000000b075       0x57 lib/lib.a(write.o)
 .debug_loc     0x000000000000b0cc       0x3f lib/lib.a(dup.o)
 .debug_loc     0x000000000000b10b       0x13 lib/lib.a(setsid.o)
 .debug_loc     0x000000000000b11e       0x57 lib/lib.a(execve.o)
 .debug_loc     0x000000000000b175       0x83 lib/lib.a(wait.o)
 .debug_loc     0x000000000000b1f8      0x3a6 lib/lib.a(string.o)
 .debug_loc     0x000000000000b59e      0x60c lib/lib.a(crypt.o)

.debug_macinfo
 *(.debug_macinfo)

.debug_weaknames
 *(.debug_weaknames)

.debug_funcnames
 *(.debug_funcnames)

.debug_typenames
 *(.debug_typenames)

.debug_varnames
 *(.debug_varnames)

.debug_pubtypes
 *(.debug_pubtypes)

.debug_ranges   0x0000000000000000      0x428
 *(.debug_ranges)
 .debug_ranges  0x0000000000000000      0x120 kernel/kernel.o
 .debug_ranges  0x0000000000000120      0x308 fs/fs.o

.gnu.attributes
 *(.gnu.attributes)

/DISCARD/
 *(.note.GNU-stack)
 *(.gnu_debuglink)
 *(.gnu.lto_*)
OUTPUT(tools/system elf32-i386)
