Archive member included because of file (symbol)

lib/lib.a(ctype.o)            kernel/kernel.o (_ctype)
lib/lib.a(_exit.o)            init/main.o (_exit)
lib/lib.a(open.o)             init/main.o (open)
lib/lib.a(close.o)            init/main.o (close)
lib/lib.a(errno.o)            init/main.o (errno)
lib/lib.a(write.o)            init/main.o (write)
lib/lib.a(dup.o)              init/main.o (dup)
lib/lib.a(setsid.o)           init/main.o (setsid)
lib/lib.a(execve.o)           init/main.o (execve)
lib/lib.a(wait.o)             init/main.o (wait)
lib/lib.a(string.o)           kernel/kernel.o (strcpy)
lib/lib.a(random.o)           kernel/kernel.o (rand)
lib/lib.a(hash.o)             kernel/kernel.o (hash)
lib/lib.a(crypt.o)            kernel/kernel.o (keyclear)

Allocating common symbols
Common symbol       size              file

gkey                0x10              init/main.o
errno               0x4               lib/lib.a(errno.o)
hash_table          0x4cc             fs/fs.o
___strtok           0x4               lib/lib.a(string.o)
tmpindex            0x4               init/main.o
user_stack          0x1000            kernel/kernel.o
_ctmp               0x1               lib/lib.a(ctype.o)
super_block         0x340             fs/fs.o
keycatch            0x4               init/main.o
igncry              0x4               init/main.o
tmpkey              0x10              init/main.o
enc_list            0x3c              init/main.o
file_table          0x400             fs/fs.o
global_timeout      0x4               init/main.o

Discarded input sections

 .note.GNU-stack
                0x0000000000000000        0x0 init/main.o
 .note.GNU-stack
                0x0000000000000000        0x0 kernel/kernel.o
 .note.GNU-stack
                0x0000000000000000        0x0 mm/mm.o
 .note.GNU-stack
                0x0000000000000000        0x0 fs/fs.o
 .note.GNU-stack
                0x0000000000000000        0x0 lib/lib.a(ctype.o)
 .note.GNU-stack
                0x0000000000000000        0x0 lib/lib.a(_exit.o)
 .note.GNU-stack
                0x0000000000000000        0x0 lib/lib.a(open.o)
 .note.GNU-stack
                0x0000000000000000        0x0 lib/lib.a(close.o)
 .note.GNU-stack
                0x0000000000000000        0x0 lib/lib.a(errno.o)
 .note.GNU-stack
                0x0000000000000000        0x0 lib/lib.a(write.o)
 .note.GNU-stack
                0x0000000000000000        0x0 lib/lib.a(dup.o)
 .note.GNU-stack
                0x0000000000000000        0x0 lib/lib.a(setsid.o)
 .note.GNU-stack
                0x0000000000000000        0x0 lib/lib.a(execve.o)
 .note.GNU-stack
                0x0000000000000000        0x0 lib/lib.a(wait.o)
 .note.GNU-stack
                0x0000000000000000        0x0 lib/lib.a(string.o)
 .note.GNU-stack
                0x0000000000000000        0x0 lib/lib.a(random.o)
 .note.GNU-stack
                0x0000000000000000        0x0 lib/lib.a(hash.o)
 .note.GNU-stack
                0x0000000000000000        0x0 lib/lib.a(crypt.o)

Memory Configuration

Name             Origin             Length             Attributes
*default*        0x0000000000000000 0xffffffffffffffff

Linker script and memory map

Address of section .text set to 0x0
LOAD boot/head.o
LOAD init/main.o
LOAD kernel/kernel.o
LOAD mm/mm.o
LOAD fs/fs.o
LOAD lib/lib.a
                0x0000000008048000                PROVIDE (__executable_start, 0x8048000)
                0x0000000008048094                . = (0x8048000 + SIZEOF_HEADERS)

.interp
 *(.interp)

.note.gnu.build-id
 *(.note.gnu.build-id)

.hash
 *(.hash)

.gnu.hash
 *(.gnu.hash)

.dynsym
 *(.dynsym)

.dynstr
 *(.dynstr)

.gnu.version
 *(.gnu.version)

.gnu.version_d
 *(.gnu.version_d)

.gnu.version_r
 *(.gnu.version_r)

.rel.dyn        0x0000000008048094        0x0
 *(.rel.init)
 *(.rel.text .rel.text.* .rel.gnu.linkonce.t.*)
 .rel.text      0x0000000000000000        0x0 boot/head.o
 *(.rel.fini)
 *(.rel.rodata .rel.rodata.* .rel.gnu.linkonce.r.*)
 *(.rel.data.rel.ro* .rel.gnu.linkonce.d.rel.ro.*)
 *(.rel.data .rel.data.* .rel.gnu.linkonce.d.*)
 .rel.data      0x0000000000000000        0x0 boot/head.o
 *(.rel.tdata .rel.tdata.* .rel.gnu.linkonce.td.*)
 *(.rel.tbss .rel.tbss.* .rel.gnu.linkonce.tb.*)
 *(.rel.ctors)
 *(.rel.dtors)
 *(.rel.got)
 *(.rel.bss .rel.bss.* .rel.gnu.linkonce.b.*)
 *(.rel.ifunc)

.rel.plt        0x0000000008048094        0x0
 *(.rel.plt)
                0x0000000008048094                PROVIDE (__rel_iplt_start, .)
 *(.rel.iplt)
 .rel.iplt      0x0000000000000000        0x0 boot/head.o
                0x0000000008048094                PROVIDE (__rel_iplt_end, .)

.init
 *(.init)

.plt            0x00000000080480a0        0x0
 *(.plt)
 *(.iplt)
 .iplt          0x0000000000000000        0x0 boot/head.o

.text           0x0000000000000000    0x10781
 *(.text.unlikely .text.*_unlikely)
 *(.text.exit .text.exit.*)
 *(.text.startup .text.startup.*)
 *(.text.hot .text.hot.*)
 *(.text .stub .text.* .gnu.linkonce.t.*)
 .text          0x0000000000000000     0x5078 boot/head.o
                0x0000000000000000                startup_32
                0x0000000000000000                pg_dir
                0x0000000000004078                idt
                0x0000000000004878                gdt
 *fill*         0x0000000000005078        0x8 90909090
 .text          0x0000000000005080      0x370 init/main.o
                0x00000000000050c1                init
                0x0000000000005232                main
 .text          0x00000000000053f0     0x5437 kernel/kernel.o
                0x00000000000053f0                sys_alarm
                0x0000000000005417                sys_getpid
                0x0000000000005423                sys_getppid
                0x000000000000542f                sys_getuid
                0x000000000000543c                sys_geteuid
                0x0000000000005449                sys_getgid
                0x0000000000005456                sys_getegid
                0x0000000000005463                sys_nice
                0x000000000000547c                sys_signal
                0x00000000000054b9                math_state_restore
                0x00000000000054f0                schedule
                0x0000000000005659                sys_pause
                0x0000000000005675                sleep_on
                0x00000000000056cf                interruptible_sleep_on
                0x0000000000005739                wake_up
                0x0000000000005755                do_timer
                0x00000000000057a0                sched_init
                0x00000000000058c8                system_call
                0x00000000000059ba                timer_interrupt
                0x00000000000059f2                sys_execve
                0x0000000000005a00                sys_fork
                0x0000000000005a18                hd_interrupt
                0x0000000000005bc5                do_double_fault
                0x0000000000005bde                do_general_protection
                0x0000000000005bf7                do_divide_error
                0x0000000000005c10                do_int3
                0x0000000000005cc8                do_nmi
                0x0000000000005ce1                do_debug
                0x0000000000005cfa                do_overflow
                0x0000000000005d13                do_bounds
                0x0000000000005d2c                do_invalid_op
                0x0000000000005d45                do_device_not_available
                0x0000000000005d5e                do_coprocessor_segment_overrun
                0x0000000000005d77                do_invalid_TSS
                0x0000000000005d90                do_segment_not_present
                0x0000000000005da9                do_stack_segment
                0x0000000000005dc2                do_coprocessor_error
                0x0000000000005ddb                do_reserved
                0x0000000000005df4                trap_init
                0x0000000000005fb0                divide_error
                0x0000000000005fe5                debug
                0x0000000000005fec                nmi
                0x0000000000005ff3                int3
                0x0000000000005ffa                overflow
                0x0000000000006001                bounds
                0x0000000000006008                invalid_op
                0x0000000000006017                device_not_available
                0x0000000000006044                coprocessor_segment_overrun
                0x000000000000604e                reserved
                0x0000000000006058                coprocessor_error
                0x0000000000006062                double_fault
                0x0000000000006099                invalid_TSS
                0x00000000000060a0                segment_not_present
                0x00000000000060a7                stack_segment
                0x00000000000060ae                general_protection
                0x00000000000060b8                verify_area
                0x000000000000611d                copy_mem
                0x0000000000006213                copy_process
                0x00000000000064ca                find_empty_process
                0x000000000000652c                panic
                0x0000000000006548                printk
                0x00000000000067d6                vsprintf
                0x0000000000006b40                tty_init
                0x0000000000006b51                tty_intr
                0x0000000000006b96                copy_to_cooked
                0x0000000000006e66                tty_read
                0x000000000000712c                tty_write
                0x0000000000007309                do_tty_interrupt
                0x0000000000007535                csi_m
                0x0000000000007590                con_write
                0x0000000000007efa                con_init
                0x0000000000007f83                keyboard_interrupt
                0x0000000000008758                rs1_interrupt
                0x0000000000008760                rs2_interrupt
                0x0000000000008ec9                rw_hd
                0x0000000000008f72                sys_setup
                0x0000000000009071                unexpected_hd_interrupt
                0x0000000000009084                hd_init
                0x0000000000009100                sys_ftime
                0x0000000000009106                sys_mknod
                0x000000000000910c                sys_break
                0x0000000000009112                sys_mount
                0x0000000000009118                sys_umount
                0x000000000000911e                sys_ustat
                0x0000000000009124                sys_ptrace
                0x000000000000912a                sys_stty
                0x0000000000009130                sys_gtty
                0x0000000000009136                sys_rename
                0x000000000000913c                sys_prof
                0x0000000000009142                sys_setgid
                0x000000000000919f                sys_acct
                0x00000000000091a5                sys_phys
                0x00000000000091ab                sys_lock
                0x00000000000091b1                sys_mpx
                0x00000000000091b7                sys_ulimit
                0x00000000000091bd                sys_time
                0x0000000000009210                sys_setuid
                0x0000000000009269                sys_stime
                0x00000000000092b6                sys_times
                0x000000000000930f                sys_brk
                0x0000000000009342                sys_setpgid
                0x00000000000093b7                sys_getpgrp
                0x00000000000093c3                sys_setsid
                0x0000000000009418                sys_oldolduname
                0x0000000000009430                sys_uname
                0x000000000000947d                sys_umask
                0x000000000000949b                sys_null
                0x00000000000094bd                get_inum
                0x00000000000094d5                isencr
                0x000000000000951e                init_enclst
                0x00000000000095c4                edit_enclst
                0x000000000000969f                sys_getkey
                0x000000000000976f                sys_keyset
                0x0000000000009820                sys_keyclear
                0x000000000000988c                sys_keygen
                0x0000000000009a36                sys_catchkey
                0x0000000000009a45                sys_copykey
                0x0000000000009a9e                sys_encr
                0x0000000000009dd4                sys_decr
                0x000000000000a08f                sys_encrlst
                0x000000000000a0af                sys_decrlst
                0x000000000000a0cf                sys_uisencr
                0x000000000000a0ea                sys_ignorecrypt
                0x000000000000a100                release
                0x000000000000a15a                do_kill
                0x000000000000a3d3                sys_kill
                0x000000000000a409                do_exit
                0x000000000000a59c                sys_exit
                0x000000000000a5b7                sys_waitpid
                0x000000000000a73e                rs_init
                0x000000000000a796                rs_write
                0x000000000000a7c0                kernel_mktime
 *fill*         0x000000000000a827        0x1 90909090
 .text          0x000000000000a828      0x517 mm/mm.o
                0x000000000000a828                invalidate
                0x000000000000a831                copy_page
                0x000000000000a856                get_free_page
                0x000000000000a88e                free_page
                0x000000000000a8ee                free_page_tables
                0x000000000000a99e                copy_page_tables
                0x000000000000aa98                put_page
                0x000000000000ab45                un_wp_page
                0x000000000000abd5                do_wp_page
                0x000000000000ac05                write_verify
                0x000000000000ac44                do_no_page
                0x000000000000ac74                calc_mem
                0x000000000000ad08                page_fault
 *fill*         0x000000000000ad3f        0x1 90909090
 .text          0x000000000000ad40     0x514c fs/fs.o
                0x000000000000ad40                sys_utime
                0x000000000000ada9                sys_access
                0x000000000000ae40                sys_chdir
                0x000000000000aea3                sys_chroot
                0x000000000000af06                sys_chmod
                0x000000000000af9b                sys_chown
                0x000000000000b002                sys_open
                0x000000000000b196                sys_creat
                0x000000000000b1b9                sys_close
                0x000000000000b240                sys_lseek
                0x000000000000b2fc                sys_read
                0x000000000000b457                sys_write
                0x000000000000b96b                sync_inodes
                0x000000000000b9b5                bmap
                0x000000000000b9ce                create_block
                0x000000000000b9e7                iput
                0x000000000000bad5                get_empty_inode
                0x000000000000bbc3                get_pipe_inode
                0x000000000000bc0a                iget
                0x000000000000bdf7                sys_sync
                0x000000000000be5f                brelse
                0x000000000000beb1                get_hash_table
                0x000000000000bf10                getblk
                0x000000000000c1af                bread
                0x000000000000c209                buffer_init
                0x000000000000c2a4                do_mount
                0x000000000000c4af                mount_root
                0x000000000000c600                block_write
                0x000000000000c6e3                block_read
                0x000000000000c7ba                ll_rw_block
                0x000000000000c883                rw_char
                0x000000000000c8f4                file_read
                0x000000000000cb8b                file_write
                0x000000000000cf4a                sys_stat
                0x000000000000cf8f                sys_lstat
                0x000000000000cfaa                sys_fstat
                0x000000000000cfed                sys_stat64
                0x000000000000d032                sys_fstat64
                0x000000000000d075                sys_lstat64
                0x000000000000d090                sys_oldstat
                0x000000000000d0a8                sys_oldfstat
                0x000000000000d1e4                cp_block
                0x000000000000d219                is_valid_elf
                0x000000000000d25e                read_file_block_ind
                0x000000000000d2f3                read_file_block
                0x000000000000d3f2                copy_section
                0x000000000000d4e0                create_bss_section
                0x000000000000d506                load_elf_binary
                0x000000000000d711                do_execve
                0x000000000000dba4                read_pipe
                0x000000000000dc3d                write_pipe
                0x000000000000dd36                sys_pipe
                0x000000000000e369                namei
                0x000000000000e41f                open_namei
                0x000000000000e685                sys_mkdir
                0x000000000000e93a                sys_rmdir
                0x000000000000ecac                sys_unlink
                0x000000000000ee48                sys_link
                0x000000000000eff0                free_block
                0x000000000000f12b                new_block
                0x000000000000f2ae                free_inode
                0x000000000000f3da                new_inode
                0x000000000000f5ba                sys_dup2
                0x000000000000f5da                sys_dup
                0x000000000000f5ea                sys_fcntl
                0x000000000000f6a7                sys_fcntl64
                0x000000000000f6fc                sys_ioctl
                0x000000000000f799                tty_ioctl
                0x000000000000fa65                truncate
                0x000000000000fb70                sys_getdents
                0x000000000000fcfe                sys_getdents64
 .text          0x000000000000fe8c        0x0 lib/lib.a(ctype.o)
 .text          0x000000000000fe8c        0xe lib/lib.a(_exit.o)
                0x000000000000fe8c                _exit
 *fill*         0x000000000000fe9a        0x2 90909090
 .text          0x000000000000fe9c       0x3d lib/lib.a(open.o)
                0x000000000000fe9c                open
 *fill*         0x000000000000fed9        0x3 90909090
 .text          0x000000000000fedc       0x23 lib/lib.a(close.o)
                0x000000000000fedc                close
 *fill*         0x000000000000feff        0x1 90909090
 .text          0x000000000000ff00        0x0 lib/lib.a(errno.o)
 .text          0x000000000000ff00       0x3d lib/lib.a(write.o)
                0x000000000000ff00                write
 *fill*         0x000000000000ff3d        0x3 90909090
 .text          0x000000000000ff40       0x23 lib/lib.a(dup.o)
                0x000000000000ff40                dup
 *fill*         0x000000000000ff63        0x1 90909090
 .text          0x000000000000ff64       0x1e lib/lib.a(setsid.o)
                0x000000000000ff64                setsid
 *fill*         0x000000000000ff82        0x2 90909090
 .text          0x000000000000ff84       0x3d lib/lib.a(execve.o)
                0x000000000000ff84                execve
 *fill*         0x000000000000ffc1        0x3 90909090
 .text          0x000000000000ffc4       0x60 lib/lib.a(wait.o)
                0x000000000000ffc4                waitpid
                0x0000000000010001                wait
 .text          0x0000000000010024      0x421 lib/lib.a(string.o)
                0x0000000000010024                strcpy
                0x000000000001004c                strncpy
                0x000000000001007d                strcat
                0x00000000000100b2                strncat
                0x00000000000100f1                strcmp
                0x000000000001011f                strncmp
                0x0000000000010154                strchr
                0x0000000000010172                strrchr
                0x0000000000010193                strspn
                0x00000000000101e0                strcspn
                0x000000000001022d                strpbrk
                0x0000000000010272                strstr
                0x00000000000102b7                strlen
                0x00000000000102d0                strtok
                0x0000000000010361                memcpy
                0x0000000000010387                memmove
                0x00000000000103d5                memcmp
                0x0000000000010409                memchr
                0x000000000001042f                memset
 *fill*         0x0000000000010445        0x3 90909090
 .text          0x0000000000010448       0x5c lib/lib.a(random.o)
                0x0000000000010448                rand
 .text          0x00000000000104a4       0x4d lib/lib.a(hash.o)
                0x00000000000104d1                hash
                0x00000000000104e1                dehash
 *fill*         0x00000000000104f1        0x3 90909090
 .text          0x00000000000104f4      0x28d lib/lib.a(crypt.o)
                0x00000000000104f4                keyset
                0x0000000000010531                keyclear
                0x0000000000010554                keygen
                0x0000000000010577                catchkey
                0x000000000001059a                copykey
                0x00000000000105bd                encr
                0x00000000000105fa                decr
                0x0000000000010637                ignorecrypt
                0x000000000001065a                uisencr
                0x000000000001067d                getkey
                0x00000000000106ba                encrlst
                0x00000000000106dd                decrlst
                0x0000000000010700                keymatch
 *(.gnu.warning)

.fini
 *(.fini)
                0x0000000000010781                PROVIDE (__etext, .)
                0x0000000000010781                PROVIDE (_etext, .)
                0x0000000000010781                PROVIDE (etext, .)

.rodata         0x00000000000107a0     0x1044
 *(.rodata .rodata.* .gnu.linkonce.r.*)
 .rodata.str1.1
                0x00000000000107a0       0x68 init/main.o
 .rodata.str1.4
                0x0000000000010808       0x25 init/main.o
 *fill*         0x000000000001082d       0x13 00
 .rodata        0x0000000000010840      0x270 kernel/kernel.o
 .rodata.str1.1
                0x0000000000010ab0      0x2b8 kernel/kernel.o
                                        0x2be (size before relaxing)
 .rodata.str1.4
                0x0000000000010d68      0x1fc kernel/kernel.o
 .rodata.str1.4
                0x0000000000010f64       0xe9 mm/mm.o
 .rodata.str1.1
                0x000000000001104d       0x68 mm/mm.o
 *fill*         0x00000000000110b5        0xb 00
 .rodata        0x00000000000110c0       0xc4 fs/fs.o
 .rodata.str1.1
                0x0000000000011184      0x32c fs/fs.o
                                        0x332 (size before relaxing)
 .rodata.str1.4
                0x00000000000114b0      0x334 fs/fs.o

.rodata1
 *(.rodata1)

.eh_frame_hdr
 *(.eh_frame_hdr)

.eh_frame       0x00000000000117e4     0x254c
 *(.eh_frame)
 .eh_frame      0x00000000000117e4       0x74 init/main.o
 .eh_frame      0x0000000000011858      0xeec kernel/kernel.o
                                       0x1024 (size before relaxing)
 .eh_frame      0x0000000000012744      0x1a8 mm/mm.o
                                        0x1c0 (size before relaxing)
 .eh_frame      0x00000000000128ec      0xf0c fs/fs.o
                                       0x10bc (size before relaxing)
 .eh_frame      0x00000000000137f8       0x1c lib/lib.a(_exit.o)
                                         0x34 (size before relaxing)
 .eh_frame      0x0000000000013814       0x20 lib/lib.a(open.o)
                                         0x38 (size before relaxing)
 .eh_frame      0x0000000000013834       0x1c lib/lib.a(close.o)
                                         0x34 (size before relaxing)
 .eh_frame      0x0000000000013850       0x20 lib/lib.a(write.o)
                                         0x38 (size before relaxing)
 .eh_frame      0x0000000000013870       0x1c lib/lib.a(dup.o)
                                         0x34 (size before relaxing)
 .eh_frame      0x000000000001388c       0x14 lib/lib.a(setsid.o)
                                         0x2c (size before relaxing)
 .eh_frame      0x00000000000138a0       0x20 lib/lib.a(execve.o)
                                         0x38 (size before relaxing)
 .eh_frame      0x00000000000138c0       0x38 lib/lib.a(wait.o)
                                         0x50 (size before relaxing)
 .eh_frame      0x00000000000138f8      0x25c lib/lib.a(string.o)
                                        0x274 (size before relaxing)
 .eh_frame      0x0000000000013b54       0x14 lib/lib.a(random.o)
                                         0x2c (size before relaxing)
 .eh_frame      0x0000000000013b68       0x3c lib/lib.a(hash.o)
                                         0x54 (size before relaxing)
 .eh_frame      0x0000000000013ba4      0x18c lib/lib.a(crypt.o)
                                        0x1a4 (size before relaxing)

.gcc_except_table
 *(.gcc_except_table .gcc_except_table.*)

.exception_ranges
 *(.exception_ranges .exception_ranges*)
                0x0000000000013d30                . = (ALIGN (0x1000) - ((0x1000 - .) & 0xfff))
                0x0000000000014000                . = DATA_SEGMENT_ALIGN (0x1000, 0x1000)

.eh_frame
 *(.eh_frame)

.gcc_except_table
 *(.gcc_except_table .gcc_except_table.*)

.exception_ranges
 *(.exception_ranges .exception_ranges*)

.tdata
 *(.tdata .tdata.* .gnu.linkonce.td.*)

.tbss
 *(.tbss .tbss.* .gnu.linkonce.tb.*)
 *(.tcommon)

.preinit_array  0x0000000000014000        0x0
                0x0000000000014000                PROVIDE (__preinit_array_start, .)
 *(.preinit_array)
                0x0000000000014000                PROVIDE (__preinit_array_end, .)

.init_array     0x0000000000014000        0x0
                0x0000000000014000                PROVIDE (__init_array_start, .)
 *(SORT(.init_array.*) SORT(.ctors.*))
 *(.init_array)
 *(EXCLUDE_FILE(*crtend?.o *crtend.o *crtbegin?.o *crtbegin.o) .ctors)
                0x0000000000014000                PROVIDE (__init_array_end, .)

.fini_array     0x0000000000014000        0x0
                0x0000000000014000                PROVIDE (__fini_array_start, .)
 *(SORT(.fini_array.*) SORT(.dtors.*))
 *(.fini_array)
 *(EXCLUDE_FILE(*crtend?.o *crtend.o *crtbegin?.o *crtbegin.o) .dtors)
                0x0000000000014000                PROVIDE (__fini_array_end, .)

.ctors
 *crtbegin.o(.ctors)
 *crtbegin?.o(.ctors)
 *(EXCLUDE_FILE(*crtend?.o *crtend.o) .ctors)
 *(SORT(.ctors.*))
 *(.ctors)

.dtors
 *crtbegin.o(.dtors)
 *crtbegin?.o(.dtors)
 *(EXCLUDE_FILE(*crtend?.o *crtend.o) .dtors)
 *(SORT(.dtors.*))
 *(.dtors)

.jcr
 *(.jcr)

.data.rel.ro
 *(.data.rel.ro.local* .gnu.linkonce.d.rel.ro.local.*)
 *(.data.rel.ro* .gnu.linkonce.d.rel.ro.*)

.dynamic
 *(.dynamic)

.got
 *(.got)
 *(.igot)
                0x0000000000014000                . = DATA_SEGMENT_RELRO_END (., 0xc)

.got.plt        0x0000000000014000        0x0
 *(.got.plt)
 *(.igot.plt)
 .igot.plt      0x0000000000000000        0x0 boot/head.o

.data           0x0000000000014000     0x3e64
 *(.data .data.* .gnu.linkonce.d.*)
 .data          0x0000000000014000        0x0 boot/head.o
 .data          0x0000000000014000       0x18 init/main.o
 *fill*         0x0000000000014018        0x8 00
 .data          0x0000000000014020     0x3d2c kernel/kernel.o
                0x0000000000014020                stack_start
                0x0000000000014040                task
                0x0000000000014140                current
                0x0000000000014160                sys_call_table
                0x0000000000015660                table_list
                0x0000000000015680                tty_table
 .data          0x0000000000017d4c        0x0 mm/mm.o
 .data          0x0000000000017d4c        0x4 fs/fs.o
                0x0000000000017d4c                start_buffer
 *fill*         0x0000000000017d50       0x10 00
 .data          0x0000000000017d60      0x101 lib/lib.a(ctype.o)
                0x0000000000017d60                _ctype
 *fill*         0x0000000000017e61        0x3 00
 .data          0x0000000000017e64        0x0 lib/lib.a(_exit.o)
 .data          0x0000000000017e64        0x0 lib/lib.a(open.o)
 .data          0x0000000000017e64        0x0 lib/lib.a(close.o)
 .data          0x0000000000017e64        0x0 lib/lib.a(errno.o)
 .data          0x0000000000017e64        0x0 lib/lib.a(write.o)
 .data          0x0000000000017e64        0x0 lib/lib.a(dup.o)
 .data          0x0000000000017e64        0x0 lib/lib.a(setsid.o)
 .data          0x0000000000017e64        0x0 lib/lib.a(execve.o)
 .data          0x0000000000017e64        0x0 lib/lib.a(wait.o)
 .data          0x0000000000017e64        0x0 lib/lib.a(string.o)
 .data          0x0000000000017e64        0x0 lib/lib.a(random.o)
 .data          0x0000000000017e64        0x0 lib/lib.a(hash.o)
 .data          0x0000000000017e64        0x0 lib/lib.a(crypt.o)

.data1
 *(.data1)
                0x0000000000017e64                _edata = .
                0x0000000000017e64                PROVIDE (edata, .)
                0x0000000000017e64                __bss_start = .

.bss            0x0000000000017e80     0x3dac
 *(.dynbss)
 *(.bss .bss.* .gnu.linkonce.b.*)
 .bss           0x0000000000017e80        0x0 boot/head.o
 .bss           0x0000000000017e80      0x400 init/main.o
 .bss           0x0000000000018280      0x9d0 kernel/kernel.o
                0x0000000000018280                last_task_used_math
                0x0000000000018284                startup_time
                0x0000000000018288                jiffies
                0x000000000001828c                last_pid
                0x0000000000018740                do_hd
 *fill*         0x0000000000018c50       0x10 00
 .bss           0x0000000000018c60      0xc00 mm/mm.o
 .bss           0x0000000000019860      0x710 fs/fs.o
                0x0000000000019860                inode_table
                0x0000000000019f64                nr_buffers
 .bss           0x0000000000019f70        0x0 lib/lib.a(ctype.o)
 .bss           0x0000000000019f70        0x0 lib/lib.a(_exit.o)
 .bss           0x0000000000019f70        0x0 lib/lib.a(open.o)
 .bss           0x0000000000019f70        0x0 lib/lib.a(close.o)
 .bss           0x0000000000019f70        0x0 lib/lib.a(errno.o)
 .bss           0x0000000000019f70        0x0 lib/lib.a(write.o)
 .bss           0x0000000000019f70        0x0 lib/lib.a(dup.o)
 .bss           0x0000000000019f70        0x0 lib/lib.a(setsid.o)
 .bss           0x0000000000019f70        0x0 lib/lib.a(execve.o)
 .bss           0x0000000000019f70        0x0 lib/lib.a(wait.o)
 .bss           0x0000000000019f70        0x0 lib/lib.a(string.o)
 .bss           0x0000000000019f70        0x4 lib/lib.a(random.o)
 .bss           0x0000000000019f74        0x0 lib/lib.a(hash.o)
 .bss           0x0000000000019f74        0x0 lib/lib.a(crypt.o)
 *(COMMON)
 *fill*         0x0000000000019f74        0xc 00
 COMMON         0x0000000000019f80       0x80 init/main.o
                0x0000000000019f80                gkey
                0x0000000000019f90                tmpindex
                0x0000000000019f94                keycatch
                0x0000000000019f98                igncry
                0x0000000000019f9c                tmpkey
                0x0000000000019fc0                enc_list
                0x0000000000019ffc                global_timeout
 COMMON         0x000000000001a000     0x1000 kernel/kernel.o
                0x000000000001a000                user_stack
 COMMON         0x000000000001b000      0xc20 fs/fs.o
                0x000000000001b000                hash_table
                0x000000000001b4e0                super_block
                0x000000000001b820                file_table
 COMMON         0x000000000001bc20        0x1 lib/lib.a(ctype.o)
                0x000000000001bc20                _ctmp
 *fill*         0x000000000001bc21        0x3 00
 COMMON         0x000000000001bc24        0x4 lib/lib.a(errno.o)
                0x000000000001bc24                errno
 COMMON         0x000000000001bc28        0x4 lib/lib.a(string.o)
                0x000000000001bc28                ___strtok
                0x000000000001bc2c                . = ALIGN ((. != 0x0)?0x4:0x1)
                0x000000000001bc2c                . = ALIGN (0x4)
                0x000000000001bc2c                . = ALIGN (0x4)
                0x000000000001bc2c                _end = .
                0x000000000001bc2c                PROVIDE (end, .)
                0x000000000001bc2c                . = DATA_SEGMENT_END (.)

.stab
 *(.stab)

.stabstr
 *(.stabstr)

.stab.excl
 *(.stab.excl)

.stab.exclstr
 *(.stab.exclstr)

.stab.index
 *(.stab.index)

.stab.indexstr
 *(.stab.indexstr)

.comment        0x0000000000000000       0x2a
 *(.comment)
 .comment       0x0000000000000000       0x2a init/main.o
                                         0x2b (size before relaxing)
 .comment       0x0000000000000000      0x22f kernel/kernel.o
 .comment       0x0000000000000000       0x2b mm/mm.o
 .comment       0x0000000000000000      0x331 fs/fs.o
 .comment       0x0000000000000000       0x2b lib/lib.a(ctype.o)
 .comment       0x0000000000000000       0x2b lib/lib.a(_exit.o)
 .comment       0x0000000000000000       0x2b lib/lib.a(open.o)
 .comment       0x0000000000000000       0x2b lib/lib.a(close.o)
 .comment       0x0000000000000000       0x2b lib/lib.a(errno.o)
 .comment       0x0000000000000000       0x2b lib/lib.a(write.o)
 .comment       0x0000000000000000       0x2b lib/lib.a(dup.o)
 .comment       0x0000000000000000       0x2b lib/lib.a(setsid.o)
 .comment       0x0000000000000000       0x2b lib/lib.a(execve.o)
 .comment       0x0000000000000000       0x2b lib/lib.a(wait.o)
 .comment       0x0000000000000000       0x2b lib/lib.a(string.o)
 .comment       0x0000000000000000       0x2b lib/lib.a(random.o)
 .comment       0x0000000000000000       0x2b lib/lib.a(hash.o)
 .comment       0x0000000000000000       0x2b lib/lib.a(crypt.o)

.debug
 *(.debug)

.line
 *(.line)

.debug_srcinfo
 *(.debug_srcinfo)

.debug_sfnames
 *(.debug_sfnames)

.debug_aranges  0x0000000000000000      0x5a0
 *(.debug_aranges)
 .debug_aranges
                0x0000000000000000       0x20 init/main.o
 .debug_aranges
                0x0000000000000020      0x1a0 kernel/kernel.o
 .debug_aranges
                0x00000000000001c0       0x20 mm/mm.o
 .debug_aranges
                0x00000000000001e0      0x240 fs/fs.o
 .debug_aranges
                0x0000000000000420       0x20 lib/lib.a(_exit.o)
 .debug_aranges
                0x0000000000000440       0x20 lib/lib.a(open.o)
 .debug_aranges
                0x0000000000000460       0x20 lib/lib.a(close.o)
 .debug_aranges
                0x0000000000000480       0x20 lib/lib.a(write.o)
 .debug_aranges
                0x00000000000004a0       0x20 lib/lib.a(dup.o)
 .debug_aranges
                0x00000000000004c0       0x20 lib/lib.a(setsid.o)
 .debug_aranges
                0x00000000000004e0       0x20 lib/lib.a(execve.o)
 .debug_aranges
                0x0000000000000500       0x20 lib/lib.a(wait.o)
 .debug_aranges
                0x0000000000000520       0x20 lib/lib.a(string.o)
 .debug_aranges
                0x0000000000000540       0x20 lib/lib.a(random.o)
 .debug_aranges
                0x0000000000000560       0x20 lib/lib.a(hash.o)
 .debug_aranges
                0x0000000000000580       0x20 lib/lib.a(crypt.o)

.debug_pubnames
 *(.debug_pubnames)

.debug_info     0x0000000000000000    0x1ded6
 *(.debug_info .gnu.linkonce.wi.*)
 .debug_info    0x0000000000000000      0xdd3 init/main.o
 .debug_info    0x0000000000000dd3     0x9c26 kernel/kernel.o
 .debug_info    0x000000000000a9f9      0x4d6 mm/mm.o
 .debug_info    0x000000000000aecf     0xf63a fs/fs.o
 .debug_info    0x000000000001a509       0x70 lib/lib.a(ctype.o)
 .debug_info    0x000000000001a579      0x3af lib/lib.a(_exit.o)
 .debug_info    0x000000000001a928      0x403 lib/lib.a(open.o)
 .debug_info    0x000000000001ad2b      0x3ce lib/lib.a(close.o)
 .debug_info    0x000000000001b0f9       0x3f lib/lib.a(errno.o)
 .debug_info    0x000000000001b138      0x400 lib/lib.a(write.o)
 .debug_info    0x000000000001b538      0x3ce lib/lib.a(dup.o)
 .debug_info    0x000000000001b906      0x3cb lib/lib.a(setsid.o)
 .debug_info    0x000000000001bcd1      0x3fc lib/lib.a(execve.o)
 .debug_info    0x000000000001c0cd      0x428 lib/lib.a(wait.o)
 .debug_info    0x000000000001c4f5      0x705 lib/lib.a(string.o)
 .debug_info    0x000000000001cbfa      0x9e2 lib/lib.a(random.o)
 .debug_info    0x000000000001d5dc       0xb0 lib/lib.a(hash.o)
 .debug_info    0x000000000001d68c      0x84a lib/lib.a(crypt.o)

.debug_abbrev   0x0000000000000000     0x4985
 *(.debug_abbrev)
 .debug_abbrev  0x0000000000000000      0x1e8 init/main.o
 .debug_abbrev  0x00000000000001e8     0x1932 kernel/kernel.o
 .debug_abbrev  0x0000000000001b1a      0x1af mm/mm.o
 .debug_abbrev  0x0000000000001cc9     0x2265 fs/fs.o
 .debug_abbrev  0x0000000000003f2e       0x42 lib/lib.a(ctype.o)
 .debug_abbrev  0x0000000000003f70       0xa3 lib/lib.a(_exit.o)
 .debug_abbrev  0x0000000000004013       0xdc lib/lib.a(open.o)
 .debug_abbrev  0x00000000000040ef       0xb4 lib/lib.a(close.o)
 .debug_abbrev  0x00000000000041a3       0x30 lib/lib.a(errno.o)
 .debug_abbrev  0x00000000000041d3       0xd7 lib/lib.a(write.o)
 .debug_abbrev  0x00000000000042aa       0xb4 lib/lib.a(dup.o)
 .debug_abbrev  0x000000000000435e       0xb2 lib/lib.a(setsid.o)
 .debug_abbrev  0x0000000000004410       0xbb lib/lib.a(execve.o)
 .debug_abbrev  0x00000000000044cb       0xd0 lib/lib.a(wait.o)
 .debug_abbrev  0x000000000000459b      0x128 lib/lib.a(string.o)
 .debug_abbrev  0x00000000000046c3       0xe9 lib/lib.a(random.o)
 .debug_abbrev  0x00000000000047ac       0x92 lib/lib.a(hash.o)
 .debug_abbrev  0x000000000000483e      0x147 lib/lib.a(crypt.o)

.debug_line     0x0000000000000000     0x3c70
 *(.debug_line)
 .debug_line    0x0000000000000000      0x128 init/main.o
 .debug_line    0x0000000000000128     0x1652 kernel/kernel.o
 .debug_line    0x000000000000177a      0x122 mm/mm.o
 .debug_line    0x000000000000189c     0x1d14 fs/fs.o
 .debug_line    0x00000000000035b0       0x28 lib/lib.a(ctype.o)
 .debug_line    0x00000000000035d8       0x50 lib/lib.a(_exit.o)
 .debug_line    0x0000000000003628       0x76 lib/lib.a(open.o)
 .debug_line    0x000000000000369e       0x6e lib/lib.a(close.o)
 .debug_line    0x000000000000370c       0x28 lib/lib.a(errno.o)
 .debug_line    0x0000000000003734       0x8c lib/lib.a(write.o)
 .debug_line    0x00000000000037c0       0x6c lib/lib.a(dup.o)
 .debug_line    0x000000000000382c       0x88 lib/lib.a(setsid.o)
 .debug_line    0x00000000000038b4       0x73 lib/lib.a(execve.o)
 .debug_line    0x0000000000003927       0x90 lib/lib.a(wait.o)
 .debug_line    0x00000000000039b7       0xc1 lib/lib.a(string.o)
 .debug_line    0x0000000000003a78       0x9d lib/lib.a(random.o)
 .debug_line    0x0000000000003b15       0x48 lib/lib.a(hash.o)
 .debug_line    0x0000000000003b5d      0x113 lib/lib.a(crypt.o)

.debug_frame
 *(.debug_frame)

.debug_str      0x0000000000000000     0x1b88
 *(.debug_str)
 .debug_str     0x0000000000000000      0x461 init/main.o
                                        0x513 (size before relaxing)
 .debug_str     0x0000000000000461      0xbad kernel/kernel.o
                                       0x3815 (size before relaxing)
 .debug_str     0x000000000000100e      0x126 mm/mm.o
                                        0x1c1 (size before relaxing)
 .debug_str     0x0000000000001134      0x94d fs/fs.o
                                       0x5d1b (size before relaxing)
 .debug_str     0x0000000000001a81       0x26 lib/lib.a(ctype.o)
                                         0x66 (size before relaxing)
 .debug_str     0x0000000000001aa7        0x8 lib/lib.a(_exit.o)
                                        0x284 (size before relaxing)
 .debug_str     0x0000000000000000        0x8 lib/lib.a(open.o)
                                        0x294 (size before relaxing)
 .debug_str     0x0000000000001aaf        0x8 lib/lib.a(close.o)
                                        0x286 (size before relaxing)
 .debug_str     0x0000000000001ab7        0x8 lib/lib.a(errno.o)
                                         0x38 (size before relaxing)
 .debug_str     0x0000000000000000        0x8 lib/lib.a(write.o)
                                        0x292 (size before relaxing)
 .debug_str     0x0000000000001abf        0x6 lib/lib.a(dup.o)
                                        0x27e (size before relaxing)
 .debug_str     0x0000000000001ac5        0x9 lib/lib.a(setsid.o)
                                        0x28e (size before relaxing)
 .debug_str     0x0000000000001ace        0x9 lib/lib.a(execve.o)
                                        0x297 (size before relaxing)
 .debug_str     0x0000000000001ad7       0x11 lib/lib.a(wait.o)
                                        0x2a4 (size before relaxing)
 .debug_str     0x0000000000001ae8       0x6b lib/lib.a(string.o)
                                         0xec (size before relaxing)
 .debug_str     0x0000000000001b53        0xe lib/lib.a(random.o)
                                        0x473 (size before relaxing)
 .debug_str     0x0000000000001b61       0x16 lib/lib.a(hash.o)
                                         0x51 (size before relaxing)
 .debug_str     0x0000000000001b77       0x11 lib/lib.a(crypt.o)
                                        0x37a (size before relaxing)

.debug_loc      0x0000000000000000     0xbce0
 *(.debug_loc)
 .debug_loc     0x0000000000000000      0x256 init/main.o
 .debug_loc     0x0000000000000256     0x44af kernel/kernel.o
 .debug_loc     0x0000000000004705      0x640 mm/mm.o
 .debug_loc     0x0000000000004d45     0x65ed fs/fs.o
 .debug_loc     0x000000000000b332       0x2c lib/lib.a(_exit.o)
 .debug_loc     0x000000000000b35e       0x3f lib/lib.a(open.o)
 .debug_loc     0x000000000000b39d       0x3f lib/lib.a(close.o)
 .debug_loc     0x000000000000b3dc       0x57 lib/lib.a(write.o)
 .debug_loc     0x000000000000b433       0x3f lib/lib.a(dup.o)
 .debug_loc     0x000000000000b472       0x13 lib/lib.a(setsid.o)
 .debug_loc     0x000000000000b485       0x57 lib/lib.a(execve.o)
 .debug_loc     0x000000000000b4dc       0x83 lib/lib.a(wait.o)
 .debug_loc     0x000000000000b55f      0x3a6 lib/lib.a(string.o)
 .debug_loc     0x000000000000b905      0x3db lib/lib.a(crypt.o)

.debug_macinfo
 *(.debug_macinfo)

.debug_weaknames
 *(.debug_weaknames)

.debug_funcnames
 *(.debug_funcnames)

.debug_typenames
 *(.debug_typenames)

.debug_varnames
 *(.debug_varnames)

.debug_pubtypes
 *(.debug_pubtypes)

.debug_ranges   0x0000000000000000      0x4a8
 *(.debug_ranges)
 .debug_ranges  0x0000000000000000      0x120 kernel/kernel.o
 .debug_ranges  0x0000000000000120      0x388 fs/fs.o

.gnu.attributes
 *(.gnu.attributes)

/DISCARD/
 *(.note.GNU-stack)
 *(.gnu_debuglink)
 *(.gnu.lto_*)
OUTPUT(tools/system elf32-i386)
