Archive member included because of file (symbol)

lib/lib.a(ctype.o)            kernel/kernel.o (_ctype)
lib/lib.a(_exit.o)            init/main.o (_exit)
lib/lib.a(open.o)             init/main.o (open)
lib/lib.a(close.o)            init/main.o (close)
lib/lib.a(errno.o)            init/main.o (errno)
lib/lib.a(write.o)            init/main.o (write)
lib/lib.a(dup.o)              init/main.o (dup)
lib/lib.a(setsid.o)           init/main.o (setsid)
lib/lib.a(execve.o)           init/main.o (execve)
lib/lib.a(wait.o)             init/main.o (wait)
lib/lib.a(string.o)           kernel/kernel.o (strcpy)
lib/lib.a(random.o)           kernel/kernel.o (rand)

Allocating common symbols
Common symbol       size              file

gkey                0x80              kernel/kernel.o
errno               0x4               lib/lib.a(errno.o)
hash_table          0x4cc             fs/fs.o
___strtok           0x4               lib/lib.a(string.o)
enclst              0x4000            kernel/kernel.o
user_stack          0x1000            kernel/kernel.o
_ctmp               0x1               lib/lib.a(ctype.o)
super_block         0x340             fs/fs.o
file_table          0x400             fs/fs.o

Discarded input sections

 .note.GNU-stack
                0x0000000000000000        0x0 init/main.o
 .note.GNU-stack
                0x0000000000000000        0x0 kernel/kernel.o
 .note.GNU-stack
                0x0000000000000000        0x0 mm/mm.o
 .note.GNU-stack
                0x0000000000000000        0x0 fs/fs.o
 .note.GNU-stack
                0x0000000000000000        0x0 lib/lib.a(ctype.o)
 .note.GNU-stack
                0x0000000000000000        0x0 lib/lib.a(_exit.o)
 .note.GNU-stack
                0x0000000000000000        0x0 lib/lib.a(open.o)
 .note.GNU-stack
                0x0000000000000000        0x0 lib/lib.a(close.o)
 .note.GNU-stack
                0x0000000000000000        0x0 lib/lib.a(errno.o)
 .note.GNU-stack
                0x0000000000000000        0x0 lib/lib.a(write.o)
 .note.GNU-stack
                0x0000000000000000        0x0 lib/lib.a(dup.o)
 .note.GNU-stack
                0x0000000000000000        0x0 lib/lib.a(setsid.o)
 .note.GNU-stack
                0x0000000000000000        0x0 lib/lib.a(execve.o)
 .note.GNU-stack
                0x0000000000000000        0x0 lib/lib.a(wait.o)
 .note.GNU-stack
                0x0000000000000000        0x0 lib/lib.a(string.o)
 .note.GNU-stack
                0x0000000000000000        0x0 lib/lib.a(random.o)

Memory Configuration

Name             Origin             Length             Attributes
*default*        0x0000000000000000 0xffffffffffffffff

Linker script and memory map

Address of section .text set to 0x0
LOAD boot/head.o
LOAD init/main.o
LOAD kernel/kernel.o
LOAD mm/mm.o
LOAD fs/fs.o
LOAD lib/lib.a
                0x0000000008048000                PROVIDE (__executable_start, 0x8048000)
                0x0000000008048094                . = (0x8048000 + SIZEOF_HEADERS)

.interp
 *(.interp)

.note.gnu.build-id
 *(.note.gnu.build-id)

.hash
 *(.hash)

.gnu.hash
 *(.gnu.hash)

.dynsym
 *(.dynsym)

.dynstr
 *(.dynstr)

.gnu.version
 *(.gnu.version)

.gnu.version_d
 *(.gnu.version_d)

.gnu.version_r
 *(.gnu.version_r)

.rel.dyn        0x0000000008048094        0x0
 *(.rel.init)
 *(.rel.text .rel.text.* .rel.gnu.linkonce.t.*)
 .rel.text      0x0000000000000000        0x0 boot/head.o
 *(.rel.fini)
 *(.rel.rodata .rel.rodata.* .rel.gnu.linkonce.r.*)
 *(.rel.data.rel.ro* .rel.gnu.linkonce.d.rel.ro.*)
 *(.rel.data .rel.data.* .rel.gnu.linkonce.d.*)
 .rel.data      0x0000000000000000        0x0 boot/head.o
 *(.rel.tdata .rel.tdata.* .rel.gnu.linkonce.td.*)
 *(.rel.tbss .rel.tbss.* .rel.gnu.linkonce.tb.*)
 *(.rel.ctors)
 *(.rel.dtors)
 *(.rel.got)
 *(.rel.bss .rel.bss.* .rel.gnu.linkonce.b.*)
 *(.rel.ifunc)

.rel.plt        0x0000000008048094        0x0
 *(.rel.plt)
                0x0000000008048094                PROVIDE (__rel_iplt_start, .)
 *(.rel.iplt)
 .rel.iplt      0x0000000000000000        0x0 boot/head.o
                0x0000000008048094                PROVIDE (__rel_iplt_end, .)

.init
 *(.init)

.plt            0x00000000080480a0        0x0
 *(.plt)
 *(.iplt)
 .iplt          0x0000000000000000        0x0 boot/head.o

.text           0x0000000000000000     0xfcb4
 *(.text.unlikely .text.*_unlikely)
 *(.text.exit .text.exit.*)
 *(.text.startup .text.startup.*)
 *(.text.hot .text.hot.*)
 *(.text .stub .text.* .gnu.linkonce.t.*)
 .text          0x0000000000000000     0x5078 boot/head.o
                0x0000000000000000                startup_32
                0x0000000000000000                pg_dir
                0x0000000000004078                idt
                0x0000000000004878                gdt
 *fill*         0x0000000000005078        0x8 90909090
 .text          0x0000000000005080      0x370 init/main.o
                0x00000000000050c1                init
                0x0000000000005232                main
 .text          0x00000000000053f0     0x4e27 kernel/kernel.o
                0x00000000000053f0                sys_alarm
                0x0000000000005417                sys_getpid
                0x0000000000005423                sys_getppid
                0x000000000000542f                sys_getuid
                0x000000000000543c                sys_geteuid
                0x0000000000005449                sys_getgid
                0x0000000000005456                sys_getegid
                0x0000000000005463                sys_nice
                0x000000000000547c                sys_signal
                0x00000000000054b9                math_state_restore
                0x00000000000054f0                schedule
                0x00000000000055e1                sys_pause
                0x00000000000055f7                sleep_on
                0x0000000000005651                interruptible_sleep_on
                0x00000000000056bb                wake_up
                0x00000000000056d7                do_timer
                0x000000000000571d                sched_init
                0x0000000000005844                system_call
                0x0000000000005936                timer_interrupt
                0x000000000000596e                sys_execve
                0x000000000000597c                sys_fork
                0x0000000000005994                hd_interrupt
                0x0000000000005b41                do_double_fault
                0x0000000000005b5a                do_general_protection
                0x0000000000005b73                do_divide_error
                0x0000000000005b8c                do_int3
                0x0000000000005c44                do_nmi
                0x0000000000005c5d                do_debug
                0x0000000000005c76                do_overflow
                0x0000000000005c8f                do_bounds
                0x0000000000005ca8                do_invalid_op
                0x0000000000005cc1                do_device_not_available
                0x0000000000005cda                do_coprocessor_segment_overrun
                0x0000000000005cf3                do_invalid_TSS
                0x0000000000005d0c                do_segment_not_present
                0x0000000000005d25                do_stack_segment
                0x0000000000005d3e                do_coprocessor_error
                0x0000000000005d57                do_reserved
                0x0000000000005d70                trap_init
                0x0000000000005f2c                divide_error
                0x0000000000005f61                debug
                0x0000000000005f68                nmi
                0x0000000000005f6f                int3
                0x0000000000005f76                overflow
                0x0000000000005f7d                bounds
                0x0000000000005f84                invalid_op
                0x0000000000005f93                device_not_available
                0x0000000000005fc0                coprocessor_segment_overrun
                0x0000000000005fca                reserved
                0x0000000000005fd4                coprocessor_error
                0x0000000000005fde                double_fault
                0x0000000000006015                invalid_TSS
                0x000000000000601c                segment_not_present
                0x0000000000006023                stack_segment
                0x000000000000602a                general_protection
                0x0000000000006034                verify_area
                0x0000000000006099                copy_mem
                0x000000000000618f                copy_process
                0x000000000000641e                find_empty_process
                0x0000000000006480                panic
                0x000000000000649c                printk
                0x0000000000006726                vsprintf
                0x0000000000006a90                tty_init
                0x0000000000006aa1                tty_intr
                0x0000000000006ae6                copy_to_cooked
                0x0000000000006d66                tty_read
                0x000000000000702c                tty_write
                0x0000000000007209                do_tty_interrupt
                0x0000000000007435                csi_m
                0x0000000000007490                con_write
                0x0000000000007dfa                con_init
                0x0000000000007e83                keyboard_interrupt
                0x0000000000008658                rs1_interrupt
                0x0000000000008660                rs2_interrupt
                0x0000000000008dc9                rw_hd
                0x0000000000008e72                sys_setup
                0x0000000000008f71                unexpected_hd_interrupt
                0x0000000000008f84                hd_init
                0x0000000000008ff4                sys_ftime
                0x0000000000008ffa                sys_mknod
                0x0000000000009000                sys_break
                0x0000000000009006                sys_mount
                0x000000000000900c                sys_umount
                0x0000000000009012                sys_ustat
                0x0000000000009018                sys_ptrace
                0x000000000000901e                sys_stty
                0x0000000000009024                sys_gtty
                0x000000000000902a                sys_rename
                0x0000000000009030                sys_prof
                0x0000000000009036                sys_setgid
                0x0000000000009093                sys_acct
                0x0000000000009099                sys_phys
                0x000000000000909f                sys_lock
                0x00000000000090a5                sys_mpx
                0x00000000000090ab                sys_ulimit
                0x00000000000090b1                sys_time
                0x0000000000009104                sys_setuid
                0x000000000000915d                sys_stime
                0x00000000000091aa                sys_times
                0x0000000000009203                sys_brk
                0x0000000000009236                sys_setpgid
                0x00000000000092ab                sys_getpgrp
                0x00000000000092b7                sys_setsid
                0x000000000000930c                sys_oldolduname
                0x0000000000009324                sys_uname
                0x0000000000009371                sys_umask
                0x000000000000938f                sys_null
                0x00000000000093b1                sys_keyset
                0x00000000000093db                sys_keyclear
                0x0000000000009403                sys_keygen
                0x0000000000009596                sys_encr
                0x0000000000009862                sys_decr
                0x0000000000009af0                release
                0x0000000000009b4a                do_kill
                0x0000000000009dc3                sys_kill
                0x0000000000009df9                do_exit
                0x0000000000009f8c                sys_exit
                0x0000000000009fa7                sys_waitpid
                0x000000000000a12e                rs_init
                0x000000000000a186                rs_write
                0x000000000000a1b0                kernel_mktime
 *fill*         0x000000000000a217        0x1 90909090
 .text          0x000000000000a218      0x517 mm/mm.o
                0x000000000000a218                invalidate
                0x000000000000a221                copy_page
                0x000000000000a246                get_free_page
                0x000000000000a27e                free_page
                0x000000000000a2de                free_page_tables
                0x000000000000a38e                copy_page_tables
                0x000000000000a488                put_page
                0x000000000000a535                un_wp_page
                0x000000000000a5c5                do_wp_page
                0x000000000000a5f5                write_verify
                0x000000000000a634                do_no_page
                0x000000000000a664                calc_mem
                0x000000000000a6f8                page_fault
 *fill*         0x000000000000a72f        0x1 90909090
 .text          0x000000000000a730     0x4f6c fs/fs.o
                0x000000000000a730                sys_utime
                0x000000000000a799                sys_access
                0x000000000000a830                sys_chdir
                0x000000000000a893                sys_chroot
                0x000000000000a8f6                sys_chmod
                0x000000000000a98b                sys_chown
                0x000000000000a9f2                sys_open
                0x000000000000ab86                sys_creat
                0x000000000000aba9                sys_close
                0x000000000000ac30                sys_lseek
                0x000000000000acec                sys_read
                0x000000000000ae49                sys_write
                0x000000000000b36b                sync_inodes
                0x000000000000b3b5                bmap
                0x000000000000b3ce                create_block
                0x000000000000b3e7                iput
                0x000000000000b4d5                get_empty_inode
                0x000000000000b5c3                get_pipe_inode
                0x000000000000b60a                iget
                0x000000000000b7f7                sys_sync
                0x000000000000b85f                brelse
                0x000000000000b8b1                get_hash_table
                0x000000000000b910                getblk
                0x000000000000bbaf                bread
                0x000000000000bc09                buffer_init
                0x000000000000bca4                do_mount
                0x000000000000beaf                mount_root
                0x000000000000c000                block_write
                0x000000000000c0e3                block_read
                0x000000000000c1ba                ll_rw_block
                0x000000000000c283                rw_char
                0x000000000000c2f4                file_read
                0x000000000000c4b3                file_write
                0x000000000000c752                sys_stat
                0x000000000000c797                sys_lstat
                0x000000000000c7b2                sys_fstat
                0x000000000000c7f5                sys_stat64
                0x000000000000c83a                sys_fstat64
                0x000000000000c87d                sys_lstat64
                0x000000000000c898                sys_oldstat
                0x000000000000c8b0                sys_oldfstat
                0x000000000000c9f4                cp_block
                0x000000000000ca29                is_valid_elf
                0x000000000000ca6e                read_file_block_ind
                0x000000000000cb03                read_file_block
                0x000000000000cc02                copy_section
                0x000000000000ccf0                create_bss_section
                0x000000000000cd16                load_elf_binary
                0x000000000000cf21                do_execve
                0x000000000000d3b4                read_pipe
                0x000000000000d44d                write_pipe
                0x000000000000d546                sys_pipe
                0x000000000000db79                namei
                0x000000000000dc2f                open_namei
                0x000000000000de95                sys_mkdir
                0x000000000000e14a                sys_rmdir
                0x000000000000e4bc                sys_unlink
                0x000000000000e658                sys_link
                0x000000000000e800                free_block
                0x000000000000e93b                new_block
                0x000000000000eabe                free_inode
                0x000000000000ebea                new_inode
                0x000000000000edca                sys_dup2
                0x000000000000edea                sys_dup
                0x000000000000edfa                sys_fcntl
                0x000000000000eeb7                sys_fcntl64
                0x000000000000ef0c                sys_ioctl
                0x000000000000efa9                tty_ioctl
                0x000000000000f275                truncate
                0x000000000000f380                sys_getdents
                0x000000000000f50e                sys_getdents64
 .text          0x000000000000f69c        0x0 lib/lib.a(ctype.o)
 .text          0x000000000000f69c        0xe lib/lib.a(_exit.o)
                0x000000000000f69c                _exit
 *fill*         0x000000000000f6aa        0x2 90909090
 .text          0x000000000000f6ac       0x3d lib/lib.a(open.o)
                0x000000000000f6ac                open
 *fill*         0x000000000000f6e9        0x3 90909090
 .text          0x000000000000f6ec       0x23 lib/lib.a(close.o)
                0x000000000000f6ec                close
 *fill*         0x000000000000f70f        0x1 90909090
 .text          0x000000000000f710        0x0 lib/lib.a(errno.o)
 .text          0x000000000000f710       0x3d lib/lib.a(write.o)
                0x000000000000f710                write
 *fill*         0x000000000000f74d        0x3 90909090
 .text          0x000000000000f750       0x23 lib/lib.a(dup.o)
                0x000000000000f750                dup
 *fill*         0x000000000000f773        0x1 90909090
 .text          0x000000000000f774       0x1e lib/lib.a(setsid.o)
                0x000000000000f774                setsid
 *fill*         0x000000000000f792        0x2 90909090
 .text          0x000000000000f794       0x3d lib/lib.a(execve.o)
                0x000000000000f794                execve
 *fill*         0x000000000000f7d1        0x3 90909090
 .text          0x000000000000f7d4       0x60 lib/lib.a(wait.o)
                0x000000000000f7d4                waitpid
                0x000000000000f811                wait
 .text          0x000000000000f834      0x421 lib/lib.a(string.o)
                0x000000000000f834                strcpy
                0x000000000000f85c                strncpy
                0x000000000000f88d                strcat
                0x000000000000f8c2                strncat
                0x000000000000f901                strcmp
                0x000000000000f92f                strncmp
                0x000000000000f964                strchr
                0x000000000000f982                strrchr
                0x000000000000f9a3                strspn
                0x000000000000f9f0                strcspn
                0x000000000000fa3d                strpbrk
                0x000000000000fa82                strstr
                0x000000000000fac7                strlen
                0x000000000000fae0                strtok
                0x000000000000fb71                memcpy
                0x000000000000fb97                memmove
                0x000000000000fbe5                memcmp
                0x000000000000fc19                memchr
                0x000000000000fc3f                memset
 *fill*         0x000000000000fc55        0x3 90909090
 .text          0x000000000000fc58       0x5c lib/lib.a(random.o)
                0x000000000000fc58                rand
 *(.gnu.warning)

.fini
 *(.fini)
                0x000000000000fcb4                PROVIDE (__etext, .)
                0x000000000000fcb4                PROVIDE (_etext, .)
                0x000000000000fcb4                PROVIDE (etext, .)

.rodata         0x000000000000fcc0     0x1034
 *(.rodata .rodata.* .gnu.linkonce.r.*)
 .rodata.str1.1
                0x000000000000fcc0       0x68 init/main.o
 .rodata.str1.4
                0x000000000000fd28       0x25 init/main.o
 *fill*         0x000000000000fd4d       0x13 00
 .rodata        0x000000000000fd60      0x270 kernel/kernel.o
 .rodata.str1.1
                0x000000000000ffd0      0x283 kernel/kernel.o
                                        0x289 (size before relaxing)
 *fill*         0x0000000000010253        0x1 00
 .rodata.str1.4
                0x0000000000010254      0x1fc kernel/kernel.o
 .rodata.str1.4
                0x0000000000010450       0xe9 mm/mm.o
 .rodata.str1.1
                0x0000000000010539       0x68 mm/mm.o
 *fill*         0x00000000000105a1       0x1f 00
 .rodata        0x00000000000105c0       0xc4 fs/fs.o
 .rodata.str1.1
                0x0000000000010684      0x33b fs/fs.o
                                        0x341 (size before relaxing)
 *fill*         0x00000000000109bf        0x1 00
 .rodata.str1.4
                0x00000000000109c0      0x334 fs/fs.o

.rodata1
 *(.rodata1)

.eh_frame_hdr
 *(.eh_frame_hdr)

.eh_frame       0x0000000000010cf4     0x2238
 *(.eh_frame)
 .eh_frame      0x0000000000010cf4       0x74 init/main.o
 .eh_frame      0x0000000000010d68      0xd9c kernel/kernel.o
                                        0xed4 (size before relaxing)
 .eh_frame      0x0000000000011b04      0x1a8 mm/mm.o
                                        0x1c0 (size before relaxing)
 .eh_frame      0x0000000000011cac      0xf10 fs/fs.o
                                       0x10c0 (size before relaxing)
 .eh_frame      0x0000000000012bbc       0x1c lib/lib.a(_exit.o)
                                         0x34 (size before relaxing)
 .eh_frame      0x0000000000012bd8       0x20 lib/lib.a(open.o)
                                         0x38 (size before relaxing)
 .eh_frame      0x0000000000012bf8       0x1c lib/lib.a(close.o)
                                         0x34 (size before relaxing)
 .eh_frame      0x0000000000012c14       0x20 lib/lib.a(write.o)
                                         0x38 (size before relaxing)
 .eh_frame      0x0000000000012c34       0x1c lib/lib.a(dup.o)
                                         0x34 (size before relaxing)
 .eh_frame      0x0000000000012c50       0x14 lib/lib.a(setsid.o)
                                         0x2c (size before relaxing)
 .eh_frame      0x0000000000012c64       0x20 lib/lib.a(execve.o)
                                         0x38 (size before relaxing)
 .eh_frame      0x0000000000012c84       0x38 lib/lib.a(wait.o)
                                         0x50 (size before relaxing)
 .eh_frame      0x0000000000012cbc      0x25c lib/lib.a(string.o)
                                        0x274 (size before relaxing)
 .eh_frame      0x0000000000012f18       0x14 lib/lib.a(random.o)
                                         0x2c (size before relaxing)

.gcc_except_table
 *(.gcc_except_table .gcc_except_table.*)

.exception_ranges
 *(.exception_ranges .exception_ranges*)
                0x0000000000012f2c                . = (ALIGN (0x1000) - ((0x1000 - .) & 0xfff))
                0x0000000000013000                . = DATA_SEGMENT_ALIGN (0x1000, 0x1000)

.eh_frame
 *(.eh_frame)

.gcc_except_table
 *(.gcc_except_table .gcc_except_table.*)

.exception_ranges
 *(.exception_ranges .exception_ranges*)

.tdata
 *(.tdata .tdata.* .gnu.linkonce.td.*)

.tbss
 *(.tbss .tbss.* .gnu.linkonce.tb.*)
 *(.tcommon)

.preinit_array  0x0000000000013000        0x0
                0x0000000000013000                PROVIDE (__preinit_array_start, .)
 *(.preinit_array)
                0x0000000000013000                PROVIDE (__preinit_array_end, .)

.init_array     0x0000000000013000        0x0
                0x0000000000013000                PROVIDE (__init_array_start, .)
 *(SORT(.init_array.*) SORT(.ctors.*))
 *(.init_array)
 *(EXCLUDE_FILE(*crtend?.o *crtend.o *crtbegin?.o *crtbegin.o) .ctors)
                0x0000000000013000                PROVIDE (__init_array_end, .)

.fini_array     0x0000000000013000        0x0
                0x0000000000013000                PROVIDE (__fini_array_start, .)
 *(SORT(.fini_array.*) SORT(.dtors.*))
 *(.fini_array)
 *(EXCLUDE_FILE(*crtend?.o *crtend.o *crtbegin?.o *crtbegin.o) .dtors)
                0x0000000000013000                PROVIDE (__fini_array_end, .)

.ctors
 *crtbegin.o(.ctors)
 *crtbegin?.o(.ctors)
 *(EXCLUDE_FILE(*crtend?.o *crtend.o) .ctors)
 *(SORT(.ctors.*))
 *(.ctors)

.dtors
 *crtbegin.o(.dtors)
 *crtbegin?.o(.dtors)
 *(EXCLUDE_FILE(*crtend?.o *crtend.o) .dtors)
 *(SORT(.dtors.*))
 *(.dtors)

.jcr
 *(.jcr)

.data.rel.ro
 *(.data.rel.ro.local* .gnu.linkonce.d.rel.ro.local.*)
 *(.data.rel.ro* .gnu.linkonce.d.rel.ro.*)

.dynamic
 *(.dynamic)

.got
 *(.got)
 *(.igot)
                0x0000000000013000                . = DATA_SEGMENT_RELRO_END (., 0xc)

.got.plt        0x0000000000013000        0x0
 *(.got.plt)
 *(.igot.plt)
 .igot.plt      0x0000000000000000        0x0 boot/head.o

.data           0x0000000000013000     0x3e64
 *(.data .data.* .gnu.linkonce.d.*)
 .data          0x0000000000013000        0x0 boot/head.o
 .data          0x0000000000013000       0x18 init/main.o
 *fill*         0x0000000000013018        0x8 00
 .data          0x0000000000013020     0x3d2c kernel/kernel.o
                0x0000000000013020                stack_start
                0x0000000000013040                task
                0x0000000000013140                current
                0x0000000000013160                sys_call_table
                0x0000000000014660                table_list
                0x0000000000014680                tty_table
 .data          0x0000000000016d4c        0x0 mm/mm.o
 .data          0x0000000000016d4c        0x4 fs/fs.o
                0x0000000000016d4c                start_buffer
 *fill*         0x0000000000016d50       0x10 00
 .data          0x0000000000016d60      0x101 lib/lib.a(ctype.o)
                0x0000000000016d60                _ctype
 *fill*         0x0000000000016e61        0x3 00
 .data          0x0000000000016e64        0x0 lib/lib.a(_exit.o)
 .data          0x0000000000016e64        0x0 lib/lib.a(open.o)
 .data          0x0000000000016e64        0x0 lib/lib.a(close.o)
 .data          0x0000000000016e64        0x0 lib/lib.a(errno.o)
 .data          0x0000000000016e64        0x0 lib/lib.a(write.o)
 .data          0x0000000000016e64        0x0 lib/lib.a(dup.o)
 .data          0x0000000000016e64        0x0 lib/lib.a(setsid.o)
 .data          0x0000000000016e64        0x0 lib/lib.a(execve.o)
 .data          0x0000000000016e64        0x0 lib/lib.a(wait.o)
 .data          0x0000000000016e64        0x0 lib/lib.a(string.o)
 .data          0x0000000000016e64        0x0 lib/lib.a(random.o)

.data1
 *(.data1)
                0x0000000000016e64                _edata = .
                0x0000000000016e64                PROVIDE (edata, .)
                0x0000000000016e64                __bss_start = .

.bss            0x0000000000016e80     0x7dac
 *(.dynbss)
 *(.bss .bss.* .gnu.linkonce.b.*)
 .bss           0x0000000000016e80        0x0 boot/head.o
 .bss           0x0000000000016e80      0x400 init/main.o
 .bss           0x0000000000017280      0x9cc kernel/kernel.o
                0x0000000000017280                last_task_used_math
                0x0000000000017284                startup_time
                0x0000000000017288                jiffies
                0x000000000001728c                last_pid
                0x0000000000017740                do_hd
 *fill*         0x0000000000017c4c       0x14 00
 .bss           0x0000000000017c60      0xc00 mm/mm.o
 .bss           0x0000000000018860      0x710 fs/fs.o
                0x0000000000018860                inode_table
                0x0000000000018f64                nr_buffers
 .bss           0x0000000000018f70        0x0 lib/lib.a(ctype.o)
 .bss           0x0000000000018f70        0x0 lib/lib.a(_exit.o)
 .bss           0x0000000000018f70        0x0 lib/lib.a(open.o)
 .bss           0x0000000000018f70        0x0 lib/lib.a(close.o)
 .bss           0x0000000000018f70        0x0 lib/lib.a(errno.o)
 .bss           0x0000000000018f70        0x0 lib/lib.a(write.o)
 .bss           0x0000000000018f70        0x0 lib/lib.a(dup.o)
 .bss           0x0000000000018f70        0x0 lib/lib.a(setsid.o)
 .bss           0x0000000000018f70        0x0 lib/lib.a(execve.o)
 .bss           0x0000000000018f70        0x0 lib/lib.a(wait.o)
 .bss           0x0000000000018f70        0x0 lib/lib.a(string.o)
 .bss           0x0000000000018f70        0x4 lib/lib.a(random.o)
 *(COMMON)
 *fill*         0x0000000000018f74        0xc 00
 COMMON         0x0000000000018f80     0x5080 kernel/kernel.o
                0x0000000000018f80                gkey
                0x0000000000019000                enclst
                0x000000000001d000                user_stack
 COMMON         0x000000000001e000      0xc20 fs/fs.o
                0x000000000001e000                hash_table
                0x000000000001e4e0                super_block
                0x000000000001e820                file_table
 COMMON         0x000000000001ec20        0x1 lib/lib.a(ctype.o)
                0x000000000001ec20                _ctmp
 *fill*         0x000000000001ec21        0x3 00
 COMMON         0x000000000001ec24        0x4 lib/lib.a(errno.o)
                0x000000000001ec24                errno
 COMMON         0x000000000001ec28        0x4 lib/lib.a(string.o)
                0x000000000001ec28                ___strtok
                0x000000000001ec2c                . = ALIGN ((. != 0x0)?0x4:0x1)
                0x000000000001ec2c                . = ALIGN (0x4)
                0x000000000001ec2c                . = ALIGN (0x4)
                0x000000000001ec2c                _end = .
                0x000000000001ec2c                PROVIDE (end, .)
                0x000000000001ec2c                . = DATA_SEGMENT_END (.)

.stab
 *(.stab)

.stabstr
 *(.stabstr)

.stab.excl
 *(.stab.excl)

.stab.exclstr
 *(.stab.exclstr)

.stab.index
 *(.stab.index)

.stab.indexstr
 *(.stab.indexstr)

.comment        0x0000000000000000       0x2a
 *(.comment)
 .comment       0x0000000000000000       0x2a init/main.o
                                         0x2b (size before relaxing)
 .comment       0x0000000000000000      0x22f kernel/kernel.o
 .comment       0x0000000000000000       0x2b mm/mm.o
 .comment       0x0000000000000000      0x331 fs/fs.o
 .comment       0x0000000000000000       0x2b lib/lib.a(ctype.o)
 .comment       0x0000000000000000       0x2b lib/lib.a(_exit.o)
 .comment       0x0000000000000000       0x2b lib/lib.a(open.o)
 .comment       0x0000000000000000       0x2b lib/lib.a(close.o)
 .comment       0x0000000000000000       0x2b lib/lib.a(errno.o)
 .comment       0x0000000000000000       0x2b lib/lib.a(write.o)
 .comment       0x0000000000000000       0x2b lib/lib.a(dup.o)
 .comment       0x0000000000000000       0x2b lib/lib.a(setsid.o)
 .comment       0x0000000000000000       0x2b lib/lib.a(execve.o)
 .comment       0x0000000000000000       0x2b lib/lib.a(wait.o)
 .comment       0x0000000000000000       0x2b lib/lib.a(string.o)
 .comment       0x0000000000000000       0x2b lib/lib.a(random.o)

.debug
 *(.debug)

.line
 *(.line)

.debug_srcinfo
 *(.debug_srcinfo)

.debug_sfnames
 *(.debug_sfnames)

.debug_aranges  0x0000000000000000      0x560
 *(.debug_aranges)
 .debug_aranges
                0x0000000000000000       0x20 init/main.o
 .debug_aranges
                0x0000000000000020      0x1a0 kernel/kernel.o
 .debug_aranges
                0x00000000000001c0       0x20 mm/mm.o
 .debug_aranges
                0x00000000000001e0      0x240 fs/fs.o
 .debug_aranges
                0x0000000000000420       0x20 lib/lib.a(_exit.o)
 .debug_aranges
                0x0000000000000440       0x20 lib/lib.a(open.o)
 .debug_aranges
                0x0000000000000460       0x20 lib/lib.a(close.o)
 .debug_aranges
                0x0000000000000480       0x20 lib/lib.a(write.o)
 .debug_aranges
                0x00000000000004a0       0x20 lib/lib.a(dup.o)
 .debug_aranges
                0x00000000000004c0       0x20 lib/lib.a(setsid.o)
 .debug_aranges
                0x00000000000004e0       0x20 lib/lib.a(execve.o)
 .debug_aranges
                0x0000000000000500       0x20 lib/lib.a(wait.o)
 .debug_aranges
                0x0000000000000520       0x20 lib/lib.a(string.o)
 .debug_aranges
                0x0000000000000540       0x20 lib/lib.a(random.o)

.debug_pubnames
 *(.debug_pubnames)

.debug_info     0x0000000000000000    0x1b1c2
 *(.debug_info .gnu.linkonce.wi.*)
 .debug_info    0x0000000000000000      0xccf init/main.o
 .debug_info    0x0000000000000ccf     0x8d1d kernel/kernel.o
 .debug_info    0x00000000000099ec      0x4d6 mm/mm.o
 .debug_info    0x0000000000009ec2     0xe34d fs/fs.o
 .debug_info    0x000000000001820f       0x70 lib/lib.a(ctype.o)
 .debug_info    0x000000000001827f      0x3af lib/lib.a(_exit.o)
 .debug_info    0x000000000001862e      0x403 lib/lib.a(open.o)
 .debug_info    0x0000000000018a31      0x3ce lib/lib.a(close.o)
 .debug_info    0x0000000000018dff       0x3f lib/lib.a(errno.o)
 .debug_info    0x0000000000018e3e      0x400 lib/lib.a(write.o)
 .debug_info    0x000000000001923e      0x3ce lib/lib.a(dup.o)
 .debug_info    0x000000000001960c      0x3cb lib/lib.a(setsid.o)
 .debug_info    0x00000000000199d7      0x3fc lib/lib.a(execve.o)
 .debug_info    0x0000000000019dd3      0x428 lib/lib.a(wait.o)
 .debug_info    0x000000000001a1fb      0x705 lib/lib.a(string.o)
 .debug_info    0x000000000001a900      0x8c2 lib/lib.a(random.o)

.debug_abbrev   0x0000000000000000     0x455c
 *(.debug_abbrev)
 .debug_abbrev  0x0000000000000000      0x1d7 init/main.o
 .debug_abbrev  0x00000000000001d7     0x1812 kernel/kernel.o
 .debug_abbrev  0x00000000000019e9      0x1af mm/mm.o
 .debug_abbrev  0x0000000000001b98     0x2157 fs/fs.o
 .debug_abbrev  0x0000000000003cef       0x42 lib/lib.a(ctype.o)
 .debug_abbrev  0x0000000000003d31       0xa3 lib/lib.a(_exit.o)
 .debug_abbrev  0x0000000000003dd4       0xdc lib/lib.a(open.o)
 .debug_abbrev  0x0000000000003eb0       0xb4 lib/lib.a(close.o)
 .debug_abbrev  0x0000000000003f64       0x30 lib/lib.a(errno.o)
 .debug_abbrev  0x0000000000003f94       0xd7 lib/lib.a(write.o)
 .debug_abbrev  0x000000000000406b       0xb4 lib/lib.a(dup.o)
 .debug_abbrev  0x000000000000411f       0xb2 lib/lib.a(setsid.o)
 .debug_abbrev  0x00000000000041d1       0xbb lib/lib.a(execve.o)
 .debug_abbrev  0x000000000000428c       0xd0 lib/lib.a(wait.o)
 .debug_abbrev  0x000000000000435c      0x128 lib/lib.a(string.o)
 .debug_abbrev  0x0000000000004484       0xd8 lib/lib.a(random.o)

.debug_line     0x0000000000000000     0x37f5
 *(.debug_line)
 .debug_line    0x0000000000000000      0x11e init/main.o
 .debug_line    0x000000000000011e     0x14c2 kernel/kernel.o
 .debug_line    0x00000000000015e0      0x122 mm/mm.o
 .debug_line    0x0000000000001702     0x1ba4 fs/fs.o
 .debug_line    0x00000000000032a6       0x28 lib/lib.a(ctype.o)
 .debug_line    0x00000000000032ce       0x50 lib/lib.a(_exit.o)
 .debug_line    0x000000000000331e       0x76 lib/lib.a(open.o)
 .debug_line    0x0000000000003394       0x6e lib/lib.a(close.o)
 .debug_line    0x0000000000003402       0x28 lib/lib.a(errno.o)
 .debug_line    0x000000000000342a       0x8c lib/lib.a(write.o)
 .debug_line    0x00000000000034b6       0x6c lib/lib.a(dup.o)
 .debug_line    0x0000000000003522       0x88 lib/lib.a(setsid.o)
 .debug_line    0x00000000000035aa       0x73 lib/lib.a(execve.o)
 .debug_line    0x000000000000361d       0x90 lib/lib.a(wait.o)
 .debug_line    0x00000000000036ad       0xc1 lib/lib.a(string.o)
 .debug_line    0x000000000000376e       0x87 lib/lib.a(random.o)

.debug_frame
 *(.debug_frame)

.debug_str      0x0000000000000000     0x1a39
 *(.debug_str)
 .debug_str     0x0000000000000000      0x3f8 init/main.o
                                        0x4a5 (size before relaxing)
 .debug_str     0x00000000000003f8      0xafa kernel/kernel.o
                                       0x319f (size before relaxing)
 .debug_str     0x0000000000000ef2      0x126 mm/mm.o
                                        0x1c1 (size before relaxing)
 .debug_str     0x0000000000001018      0x941 fs/fs.o
                                       0x540a (size before relaxing)
 .debug_str     0x0000000000001959       0x26 lib/lib.a(ctype.o)
                                         0x66 (size before relaxing)
 .debug_str     0x000000000000197f        0x8 lib/lib.a(_exit.o)
                                        0x284 (size before relaxing)
 .debug_str     0x0000000000000000        0x8 lib/lib.a(open.o)
                                        0x294 (size before relaxing)
 .debug_str     0x0000000000001987        0x8 lib/lib.a(close.o)
                                        0x286 (size before relaxing)
 .debug_str     0x000000000000198f        0x8 lib/lib.a(errno.o)
                                         0x38 (size before relaxing)
 .debug_str     0x0000000000000000        0x8 lib/lib.a(write.o)
                                        0x292 (size before relaxing)
 .debug_str     0x0000000000001997        0x6 lib/lib.a(dup.o)
                                        0x27e (size before relaxing)
 .debug_str     0x000000000000199d        0x9 lib/lib.a(setsid.o)
                                        0x28e (size before relaxing)
 .debug_str     0x00000000000019a6        0x9 lib/lib.a(execve.o)
                                        0x297 (size before relaxing)
 .debug_str     0x00000000000019af       0x11 lib/lib.a(wait.o)
                                        0x2a4 (size before relaxing)
 .debug_str     0x00000000000019c0       0x6b lib/lib.a(string.o)
                                         0xec (size before relaxing)
 .debug_str     0x0000000000001a2b        0xe lib/lib.a(random.o)
                                        0x3ca (size before relaxing)

.debug_loc      0x0000000000000000     0xafc6
 *(.debug_loc)
 .debug_loc     0x0000000000000000      0x256 init/main.o
 .debug_loc     0x0000000000000256     0x3e12 kernel/kernel.o
 .debug_loc     0x0000000000004068      0x640 mm/mm.o
 .debug_loc     0x00000000000046a8     0x634b fs/fs.o
 .debug_loc     0x000000000000a9f3       0x2c lib/lib.a(_exit.o)
 .debug_loc     0x000000000000aa1f       0x3f lib/lib.a(open.o)
 .debug_loc     0x000000000000aa5e       0x3f lib/lib.a(close.o)
 .debug_loc     0x000000000000aa9d       0x57 lib/lib.a(write.o)
 .debug_loc     0x000000000000aaf4       0x3f lib/lib.a(dup.o)
 .debug_loc     0x000000000000ab33       0x13 lib/lib.a(setsid.o)
 .debug_loc     0x000000000000ab46       0x57 lib/lib.a(execve.o)
 .debug_loc     0x000000000000ab9d       0x83 lib/lib.a(wait.o)
 .debug_loc     0x000000000000ac20      0x3a6 lib/lib.a(string.o)

.debug_macinfo
 *(.debug_macinfo)

.debug_weaknames
 *(.debug_weaknames)

.debug_funcnames
 *(.debug_funcnames)

.debug_typenames
 *(.debug_typenames)

.debug_varnames
 *(.debug_varnames)

.debug_pubtypes
 *(.debug_pubtypes)

.debug_ranges   0x0000000000000000      0x428
 *(.debug_ranges)
 .debug_ranges  0x0000000000000000      0x120 kernel/kernel.o
 .debug_ranges  0x0000000000000120      0x308 fs/fs.o

.gnu.attributes
 *(.gnu.attributes)

/DISCARD/
 *(.note.GNU-stack)
 *(.gnu_debuglink)
 *(.gnu.lto_*)
OUTPUT(tools/system elf32-i386)
