Archive member included because of file (symbol)

lib/lib.a(ctype.o)            kernel/kernel.o (_ctype)
lib/lib.a(_exit.o)            init/main.o (_exit)
lib/lib.a(open.o)             init/main.o (open)
lib/lib.a(close.o)            init/main.o (close)
lib/lib.a(errno.o)            init/main.o (errno)
lib/lib.a(write.o)            init/main.o (write)
lib/lib.a(dup.o)              init/main.o (dup)
lib/lib.a(setsid.o)           init/main.o (setsid)
lib/lib.a(execve.o)           init/main.o (execve)
lib/lib.a(wait.o)             init/main.o (wait)
lib/lib.a(string.o)           kernel/kernel.o (strcpy)
lib/lib.a(crypt.o)            kernel/kernel.o (isencr)
lib/lib.a(random.o)           kernel/kernel.o (rand)
lib/lib.a(encr.o)             fs/fs.o (encr)
lib/lib.a(decr.o)             fs/fs.o (decr)

Allocating common symbols
Common symbol       size              file

gkey                0x80              kernel/kernel.o
errno               0x4               lib/lib.a(errno.o)
hash_table          0x4cc             fs/fs.o
___strtok           0x4               lib/lib.a(string.o)
enclst              0x4               kernel/kernel.o
user_stack          0x1000            kernel/kernel.o
_ctmp               0x1               lib/lib.a(ctype.o)
super_block         0x340             fs/fs.o
file_table          0x400             fs/fs.o

Discarded input sections

 .note.GNU-stack
                0x0000000000000000        0x0 init/main.o
 .note.GNU-stack
                0x0000000000000000        0x0 kernel/kernel.o
 .note.GNU-stack
                0x0000000000000000        0x0 mm/mm.o
 .note.GNU-stack
                0x0000000000000000        0x0 fs/fs.o
 .note.GNU-stack
                0x0000000000000000        0x0 lib/lib.a(ctype.o)
 .note.GNU-stack
                0x0000000000000000        0x0 lib/lib.a(_exit.o)
 .note.GNU-stack
                0x0000000000000000        0x0 lib/lib.a(open.o)
 .note.GNU-stack
                0x0000000000000000        0x0 lib/lib.a(close.o)
 .note.GNU-stack
                0x0000000000000000        0x0 lib/lib.a(errno.o)
 .note.GNU-stack
                0x0000000000000000        0x0 lib/lib.a(write.o)
 .note.GNU-stack
                0x0000000000000000        0x0 lib/lib.a(dup.o)
 .note.GNU-stack
                0x0000000000000000        0x0 lib/lib.a(setsid.o)
 .note.GNU-stack
                0x0000000000000000        0x0 lib/lib.a(execve.o)
 .note.GNU-stack
                0x0000000000000000        0x0 lib/lib.a(wait.o)
 .note.GNU-stack
                0x0000000000000000        0x0 lib/lib.a(string.o)
 .note.GNU-stack
                0x0000000000000000        0x0 lib/lib.a(crypt.o)
 .note.GNU-stack
                0x0000000000000000        0x0 lib/lib.a(random.o)
 .note.GNU-stack
                0x0000000000000000        0x0 lib/lib.a(encr.o)
 .note.GNU-stack
                0x0000000000000000        0x0 lib/lib.a(decr.o)

Memory Configuration

Name             Origin             Length             Attributes
*default*        0x0000000000000000 0xffffffffffffffff

Linker script and memory map

Address of section .text set to 0x0
LOAD boot/head.o
LOAD init/main.o
LOAD kernel/kernel.o
LOAD mm/mm.o
LOAD fs/fs.o
LOAD lib/lib.a
                0x0000000008048000                PROVIDE (__executable_start, 0x8048000)
                0x0000000008048094                . = (0x8048000 + SIZEOF_HEADERS)

.interp
 *(.interp)

.note.gnu.build-id
 *(.note.gnu.build-id)

.hash
 *(.hash)

.gnu.hash
 *(.gnu.hash)

.dynsym
 *(.dynsym)

.dynstr
 *(.dynstr)

.gnu.version
 *(.gnu.version)

.gnu.version_d
 *(.gnu.version_d)

.gnu.version_r
 *(.gnu.version_r)

.rel.dyn        0x0000000008048094        0x0
 *(.rel.init)
 *(.rel.text .rel.text.* .rel.gnu.linkonce.t.*)
 .rel.text      0x0000000000000000        0x0 boot/head.o
 *(.rel.fini)
 *(.rel.rodata .rel.rodata.* .rel.gnu.linkonce.r.*)
 *(.rel.data.rel.ro* .rel.gnu.linkonce.d.rel.ro.*)
 *(.rel.data .rel.data.* .rel.gnu.linkonce.d.*)
 .rel.data      0x0000000000000000        0x0 boot/head.o
 *(.rel.tdata .rel.tdata.* .rel.gnu.linkonce.td.*)
 *(.rel.tbss .rel.tbss.* .rel.gnu.linkonce.tb.*)
 *(.rel.ctors)
 *(.rel.dtors)
 *(.rel.got)
 *(.rel.bss .rel.bss.* .rel.gnu.linkonce.b.*)
 *(.rel.ifunc)

.rel.plt        0x0000000008048094        0x0
 *(.rel.plt)
                0x0000000008048094                PROVIDE (__rel_iplt_start, .)
 *(.rel.iplt)
 .rel.iplt      0x0000000000000000        0x0 boot/head.o
                0x0000000008048094                PROVIDE (__rel_iplt_end, .)

.init
 *(.init)

.plt            0x00000000080480a0        0x0
 *(.plt)
 *(.iplt)
 .iplt          0x0000000000000000        0x0 boot/head.o

.text           0x0000000000000000    0x100b1
 *(.text.unlikely .text.*_unlikely)
 *(.text.exit .text.exit.*)
 *(.text.startup .text.startup.*)
 *(.text.hot .text.hot.*)
 *(.text .stub .text.* .gnu.linkonce.t.*)
 .text          0x0000000000000000     0x5078 boot/head.o
                0x0000000000000000                startup_32
                0x0000000000000000                pg_dir
                0x0000000000004078                idt
                0x0000000000004878                gdt
 *fill*         0x0000000000005078        0x8 90909090
 .text          0x0000000000005080      0x370 init/main.o
                0x00000000000050c1                init
                0x0000000000005232                main
 .text          0x00000000000053f0     0x50a7 kernel/kernel.o
                0x00000000000053f0                sys_alarm
                0x0000000000005417                sys_getpid
                0x0000000000005423                sys_getppid
                0x000000000000542f                sys_getuid
                0x000000000000543c                sys_geteuid
                0x0000000000005449                sys_getgid
                0x0000000000005456                sys_getegid
                0x0000000000005463                sys_nice
                0x000000000000547c                sys_signal
                0x00000000000054b9                math_state_restore
                0x00000000000054f0                schedule
                0x00000000000055e1                sys_pause
                0x00000000000055f7                sleep_on
                0x0000000000005651                interruptible_sleep_on
                0x00000000000056bb                wake_up
                0x00000000000056d7                do_timer
                0x000000000000571d                sched_init
                0x0000000000005844                system_call
                0x0000000000005936                timer_interrupt
                0x000000000000596e                sys_execve
                0x000000000000597c                sys_fork
                0x0000000000005994                hd_interrupt
                0x0000000000005b41                do_double_fault
                0x0000000000005b5a                do_general_protection
                0x0000000000005b73                do_divide_error
                0x0000000000005b8c                do_int3
                0x0000000000005c44                do_nmi
                0x0000000000005c5d                do_debug
                0x0000000000005c76                do_overflow
                0x0000000000005c8f                do_bounds
                0x0000000000005ca8                do_invalid_op
                0x0000000000005cc1                do_device_not_available
                0x0000000000005cda                do_coprocessor_segment_overrun
                0x0000000000005cf3                do_invalid_TSS
                0x0000000000005d0c                do_segment_not_present
                0x0000000000005d25                do_stack_segment
                0x0000000000005d3e                do_coprocessor_error
                0x0000000000005d57                do_reserved
                0x0000000000005d70                trap_init
                0x0000000000005f2c                divide_error
                0x0000000000005f61                debug
                0x0000000000005f68                nmi
                0x0000000000005f6f                int3
                0x0000000000005f76                overflow
                0x0000000000005f7d                bounds
                0x0000000000005f84                invalid_op
                0x0000000000005f93                device_not_available
                0x0000000000005fc0                coprocessor_segment_overrun
                0x0000000000005fca                reserved
                0x0000000000005fd4                coprocessor_error
                0x0000000000005fde                double_fault
                0x0000000000006015                invalid_TSS
                0x000000000000601c                segment_not_present
                0x0000000000006023                stack_segment
                0x000000000000602a                general_protection
                0x0000000000006034                verify_area
                0x0000000000006099                copy_mem
                0x000000000000618f                copy_process
                0x000000000000641e                find_empty_process
                0x0000000000006480                panic
                0x000000000000649c                printk
                0x0000000000006726                vsprintf
                0x0000000000006a90                tty_init
                0x0000000000006aa1                tty_intr
                0x0000000000006ae6                copy_to_cooked
                0x0000000000006d66                tty_read
                0x000000000000702c                tty_write
                0x0000000000007209                do_tty_interrupt
                0x0000000000007435                csi_m
                0x0000000000007490                con_write
                0x0000000000007dfa                con_init
                0x0000000000007e83                keyboard_interrupt
                0x0000000000008658                rs1_interrupt
                0x0000000000008660                rs2_interrupt
                0x0000000000008dc9                rw_hd
                0x0000000000008e72                sys_setup
                0x0000000000008f71                unexpected_hd_interrupt
                0x0000000000008f84                hd_init
                0x0000000000009000                sys_ftime
                0x0000000000009006                sys_mknod
                0x000000000000900c                sys_break
                0x0000000000009012                sys_mount
                0x0000000000009018                sys_umount
                0x000000000000901e                sys_ustat
                0x0000000000009024                sys_ptrace
                0x000000000000902a                sys_stty
                0x0000000000009030                sys_gtty
                0x0000000000009036                sys_rename
                0x000000000000903c                sys_prof
                0x0000000000009042                sys_setgid
                0x000000000000909f                sys_acct
                0x00000000000090a5                sys_phys
                0x00000000000090ab                sys_lock
                0x00000000000090b1                sys_mpx
                0x00000000000090b7                sys_ulimit
                0x00000000000090bd                sys_time
                0x0000000000009110                sys_setuid
                0x0000000000009169                sys_stime
                0x00000000000091b6                sys_times
                0x000000000000920f                sys_brk
                0x0000000000009242                sys_setpgid
                0x00000000000092b7                sys_getpgrp
                0x00000000000092c3                sys_setsid
                0x0000000000009318                sys_oldolduname
                0x0000000000009330                sys_uname
                0x000000000000937d                sys_umask
                0x000000000000939b                sys_null
                0x00000000000093bd                get_inode
                0x00000000000093d1                get_inum
                0x00000000000093e8                sys_keyset
                0x000000000000942a                sys_keyclear
                0x0000000000009452                sys_keygen
                0x00000000000095e5                sys_encr
                0x0000000000009908                sys_decr
                0x0000000000009bb5                sys_encrlst
                0x0000000000009bf1                sys_decrlst
                0x0000000000009c10                sys_uisencr
                0x0000000000009c2b                sys_initenclst
                0x0000000000009d70                release
                0x0000000000009dca                do_kill
                0x000000000000a043                sys_kill
                0x000000000000a079                do_exit
                0x000000000000a20c                sys_exit
                0x000000000000a227                sys_waitpid
                0x000000000000a3ae                rs_init
                0x000000000000a406                rs_write
                0x000000000000a430                kernel_mktime
 *fill*         0x000000000000a497        0x1 90909090
 .text          0x000000000000a498      0x517 mm/mm.o
                0x000000000000a498                invalidate
                0x000000000000a4a1                copy_page
                0x000000000000a4c6                get_free_page
                0x000000000000a4fe                free_page
                0x000000000000a55e                free_page_tables
                0x000000000000a60e                copy_page_tables
                0x000000000000a708                put_page
                0x000000000000a7b5                un_wp_page
                0x000000000000a845                do_wp_page
                0x000000000000a875                write_verify
                0x000000000000a8b4                do_no_page
                0x000000000000a8e4                calc_mem
                0x000000000000a978                page_fault
 *fill*         0x000000000000a9af        0x1 90909090
 .text          0x000000000000a9b0     0x505c fs/fs.o
                0x000000000000a9b0                sys_utime
                0x000000000000aa19                sys_access
                0x000000000000aab0                sys_chdir
                0x000000000000ab13                sys_chroot
                0x000000000000ab76                sys_chmod
                0x000000000000ac0b                sys_chown
                0x000000000000ac72                sys_open
                0x000000000000ae06                sys_creat
                0x000000000000ae29                sys_close
                0x000000000000aeb0                sys_lseek
                0x000000000000af6c                sys_read
                0x000000000000b0c7                sys_write
                0x000000000000b5db                sync_inodes
                0x000000000000b625                bmap
                0x000000000000b63e                create_block
                0x000000000000b657                iput
                0x000000000000b745                get_empty_inode
                0x000000000000b833                get_pipe_inode
                0x000000000000b87a                iget
                0x000000000000ba67                sys_sync
                0x000000000000bacf                brelse
                0x000000000000bb21                get_hash_table
                0x000000000000bb80                getblk
                0x000000000000be1f                bread
                0x000000000000be79                buffer_init
                0x000000000000bf14                do_mount
                0x000000000000c11f                mount_root
                0x000000000000c270                block_write
                0x000000000000c353                block_read
                0x000000000000c42a                ll_rw_block
                0x000000000000c4f3                rw_char
                0x000000000000c564                file_read
                0x000000000000c798                file_write
                0x000000000000caca                sys_stat
                0x000000000000cb0f                sys_lstat
                0x000000000000cb2a                sys_fstat
                0x000000000000cb6d                sys_stat64
                0x000000000000cbb2                sys_fstat64
                0x000000000000cbf5                sys_lstat64
                0x000000000000cc10                sys_oldstat
                0x000000000000cc28                sys_oldfstat
                0x000000000000cd64                cp_block
                0x000000000000cd99                is_valid_elf
                0x000000000000cdde                read_file_block_ind
                0x000000000000ce73                read_file_block
                0x000000000000cf72                copy_section
                0x000000000000d060                create_bss_section
                0x000000000000d086                load_elf_binary
                0x000000000000d291                do_execve
                0x000000000000d724                read_pipe
                0x000000000000d7bd                write_pipe
                0x000000000000d8b6                sys_pipe
                0x000000000000dee9                namei
                0x000000000000df9f                open_namei
                0x000000000000e205                sys_mkdir
                0x000000000000e4ba                sys_rmdir
                0x000000000000e82c                sys_unlink
                0x000000000000e9c8                sys_link
                0x000000000000eb70                free_block
                0x000000000000ecab                new_block
                0x000000000000ee2e                free_inode
                0x000000000000ef5a                new_inode
                0x000000000000f13a                sys_dup2
                0x000000000000f15a                sys_dup
                0x000000000000f16a                sys_fcntl
                0x000000000000f227                sys_fcntl64
                0x000000000000f27c                sys_ioctl
                0x000000000000f319                tty_ioctl
                0x000000000000f5e5                truncate
                0x000000000000f6f0                sys_getdents
                0x000000000000f87e                sys_getdents64
 .text          0x000000000000fa0c        0x0 lib/lib.a(ctype.o)
 .text          0x000000000000fa0c        0xe lib/lib.a(_exit.o)
                0x000000000000fa0c                _exit
 *fill*         0x000000000000fa1a        0x2 90909090
 .text          0x000000000000fa1c       0x3d lib/lib.a(open.o)
                0x000000000000fa1c                open
 *fill*         0x000000000000fa59        0x3 90909090
 .text          0x000000000000fa5c       0x23 lib/lib.a(close.o)
                0x000000000000fa5c                close
 *fill*         0x000000000000fa7f        0x1 90909090
 .text          0x000000000000fa80        0x0 lib/lib.a(errno.o)
 .text          0x000000000000fa80       0x3d lib/lib.a(write.o)
                0x000000000000fa80                write
 *fill*         0x000000000000fabd        0x3 90909090
 .text          0x000000000000fac0       0x23 lib/lib.a(dup.o)
                0x000000000000fac0                dup
 *fill*         0x000000000000fae3        0x1 90909090
 .text          0x000000000000fae4       0x1e lib/lib.a(setsid.o)
                0x000000000000fae4                setsid
 *fill*         0x000000000000fb02        0x2 90909090
 .text          0x000000000000fb04       0x3d lib/lib.a(execve.o)
                0x000000000000fb04                execve
 *fill*         0x000000000000fb41        0x3 90909090
 .text          0x000000000000fb44       0x60 lib/lib.a(wait.o)
                0x000000000000fb44                waitpid
                0x000000000000fb81                wait
 .text          0x000000000000fba4      0x421 lib/lib.a(string.o)
                0x000000000000fba4                strcpy
                0x000000000000fbcc                strncpy
                0x000000000000fbfd                strcat
                0x000000000000fc32                strncat
                0x000000000000fc71                strcmp
                0x000000000000fc9f                strncmp
                0x000000000000fcd4                strchr
                0x000000000000fcf2                strrchr
                0x000000000000fd13                strspn
                0x000000000000fd60                strcspn
                0x000000000000fdad                strpbrk
                0x000000000000fdf2                strstr
                0x000000000000fe37                strlen
                0x000000000000fe50                strtok
                0x000000000000fee1                memcpy
                0x000000000000ff07                memmove
                0x000000000000ff55                memcmp
                0x000000000000ff89                memchr
                0x000000000000ffaf                memset
 *fill*         0x000000000000ffc5        0x3 90909090
 .text          0x000000000000ffc8        0xf lib/lib.a(crypt.o)
                0x000000000000ffc8                isencr
 *fill*         0x000000000000ffd7        0x1 90909090
 .text          0x000000000000ffd8       0x5c lib/lib.a(random.o)
                0x000000000000ffd8                rand
 .text          0x0000000000010034       0x3d lib/lib.a(encr.o)
                0x0000000000010034                encr
 *fill*         0x0000000000010071        0x3 90909090
 .text          0x0000000000010074       0x3d lib/lib.a(decr.o)
                0x0000000000010074                decr
 *(.gnu.warning)

.fini
 *(.fini)
                0x00000000000100b1                PROVIDE (__etext, .)
                0x00000000000100b1                PROVIDE (_etext, .)
                0x00000000000100b1                PROVIDE (etext, .)

.rodata         0x00000000000100c0     0x1044
 *(.rodata .rodata.* .gnu.linkonce.r.*)
 .rodata.str1.1
                0x00000000000100c0       0x68 init/main.o
 .rodata.str1.4
                0x0000000000010128       0x25 init/main.o
 *fill*         0x000000000001014d       0x13 00
 .rodata        0x0000000000010160      0x270 kernel/kernel.o
 .rodata.str1.1
                0x00000000000103d0      0x2bf kernel/kernel.o
                                        0x2dd (size before relaxing)
 *fill*         0x000000000001068f        0x1 00
 .rodata.str1.4
                0x0000000000010690      0x1fc kernel/kernel.o
 .rodata.str1.4
                0x000000000001088c       0xe9 mm/mm.o
 .rodata.str1.1
                0x0000000000010975       0x68 mm/mm.o
 *fill*         0x00000000000109dd        0x3 00
 .rodata        0x00000000000109e0       0xc4 fs/fs.o
 .rodata.str1.1
                0x0000000000010aa4      0x32c fs/fs.o
                                        0x332 (size before relaxing)
 .rodata.str1.4
                0x0000000000010dd0      0x334 fs/fs.o

.rodata1
 *(.rodata1)

.eh_frame_hdr
 *(.eh_frame_hdr)

.eh_frame       0x0000000000011104     0x2340
 *(.eh_frame)
 .eh_frame      0x0000000000011104       0x74 init/main.o
 .eh_frame      0x0000000000011178      0xe54 kernel/kernel.o
                                        0xf8c (size before relaxing)
 .eh_frame      0x0000000000011fcc      0x1a8 mm/mm.o
                                        0x1c0 (size before relaxing)
 .eh_frame      0x0000000000012174      0xf0c fs/fs.o
                                       0x10bc (size before relaxing)
 .eh_frame      0x0000000000013080       0x1c lib/lib.a(_exit.o)
                                         0x34 (size before relaxing)
 .eh_frame      0x000000000001309c       0x20 lib/lib.a(open.o)
                                         0x38 (size before relaxing)
 .eh_frame      0x00000000000130bc       0x1c lib/lib.a(close.o)
                                         0x34 (size before relaxing)
 .eh_frame      0x00000000000130d8       0x20 lib/lib.a(write.o)
                                         0x38 (size before relaxing)
 .eh_frame      0x00000000000130f8       0x1c lib/lib.a(dup.o)
                                         0x34 (size before relaxing)
 .eh_frame      0x0000000000013114       0x14 lib/lib.a(setsid.o)
                                         0x2c (size before relaxing)
 .eh_frame      0x0000000000013128       0x20 lib/lib.a(execve.o)
                                         0x38 (size before relaxing)
 .eh_frame      0x0000000000013148       0x38 lib/lib.a(wait.o)
                                         0x50 (size before relaxing)
 .eh_frame      0x0000000000013180      0x25c lib/lib.a(string.o)
                                        0x274 (size before relaxing)
 .eh_frame      0x00000000000133dc       0x14 lib/lib.a(crypt.o)
                                         0x2c (size before relaxing)
 .eh_frame      0x00000000000133f0       0x14 lib/lib.a(random.o)
                                         0x2c (size before relaxing)
 .eh_frame      0x0000000000013404       0x20 lib/lib.a(encr.o)
                                         0x38 (size before relaxing)
 .eh_frame      0x0000000000013424       0x20 lib/lib.a(decr.o)
                                         0x38 (size before relaxing)

.gcc_except_table
 *(.gcc_except_table .gcc_except_table.*)

.exception_ranges
 *(.exception_ranges .exception_ranges*)
                0x0000000000013444                . = (ALIGN (0x1000) - ((0x1000 - .) & 0xfff))
                0x0000000000014000                . = DATA_SEGMENT_ALIGN (0x1000, 0x1000)

.eh_frame
 *(.eh_frame)

.gcc_except_table
 *(.gcc_except_table .gcc_except_table.*)

.exception_ranges
 *(.exception_ranges .exception_ranges*)

.tdata
 *(.tdata .tdata.* .gnu.linkonce.td.*)

.tbss
 *(.tbss .tbss.* .gnu.linkonce.tb.*)
 *(.tcommon)

.preinit_array  0x0000000000014000        0x0
                0x0000000000014000                PROVIDE (__preinit_array_start, .)
 *(.preinit_array)
                0x0000000000014000                PROVIDE (__preinit_array_end, .)

.init_array     0x0000000000014000        0x0
                0x0000000000014000                PROVIDE (__init_array_start, .)
 *(SORT(.init_array.*) SORT(.ctors.*))
 *(.init_array)
 *(EXCLUDE_FILE(*crtend?.o *crtend.o *crtbegin?.o *crtbegin.o) .ctors)
                0x0000000000014000                PROVIDE (__init_array_end, .)

.fini_array     0x0000000000014000        0x0
                0x0000000000014000                PROVIDE (__fini_array_start, .)
 *(SORT(.fini_array.*) SORT(.dtors.*))
 *(.fini_array)
 *(EXCLUDE_FILE(*crtend?.o *crtend.o *crtbegin?.o *crtbegin.o) .dtors)
                0x0000000000014000                PROVIDE (__fini_array_end, .)

.ctors
 *crtbegin.o(.ctors)
 *crtbegin?.o(.ctors)
 *(EXCLUDE_FILE(*crtend?.o *crtend.o) .ctors)
 *(SORT(.ctors.*))
 *(.ctors)

.dtors
 *crtbegin.o(.dtors)
 *crtbegin?.o(.dtors)
 *(EXCLUDE_FILE(*crtend?.o *crtend.o) .dtors)
 *(SORT(.dtors.*))
 *(.dtors)

.jcr
 *(.jcr)

.data.rel.ro
 *(.data.rel.ro.local* .gnu.linkonce.d.rel.ro.local.*)
 *(.data.rel.ro* .gnu.linkonce.d.rel.ro.*)

.dynamic
 *(.dynamic)

.got
 *(.got)
 *(.igot)
                0x0000000000014000                . = DATA_SEGMENT_RELRO_END (., 0xc)

.got.plt        0x0000000000014000        0x0
 *(.got.plt)
 *(.igot.plt)
 .igot.plt      0x0000000000000000        0x0 boot/head.o

.data           0x0000000000014000     0x3e64
 *(.data .data.* .gnu.linkonce.d.*)
 .data          0x0000000000014000        0x0 boot/head.o
 .data          0x0000000000014000       0x18 init/main.o
 *fill*         0x0000000000014018        0x8 00
 .data          0x0000000000014020     0x3d2c kernel/kernel.o
                0x0000000000014020                stack_start
                0x0000000000014040                task
                0x0000000000014140                current
                0x0000000000014160                sys_call_table
                0x0000000000015660                table_list
                0x0000000000015680                tty_table
 .data          0x0000000000017d4c        0x0 mm/mm.o
 .data          0x0000000000017d4c        0x4 fs/fs.o
                0x0000000000017d4c                start_buffer
 *fill*         0x0000000000017d50       0x10 00
 .data          0x0000000000017d60      0x101 lib/lib.a(ctype.o)
                0x0000000000017d60                _ctype
 *fill*         0x0000000000017e61        0x3 00
 .data          0x0000000000017e64        0x0 lib/lib.a(_exit.o)
 .data          0x0000000000017e64        0x0 lib/lib.a(open.o)
 .data          0x0000000000017e64        0x0 lib/lib.a(close.o)
 .data          0x0000000000017e64        0x0 lib/lib.a(errno.o)
 .data          0x0000000000017e64        0x0 lib/lib.a(write.o)
 .data          0x0000000000017e64        0x0 lib/lib.a(dup.o)
 .data          0x0000000000017e64        0x0 lib/lib.a(setsid.o)
 .data          0x0000000000017e64        0x0 lib/lib.a(execve.o)
 .data          0x0000000000017e64        0x0 lib/lib.a(wait.o)
 .data          0x0000000000017e64        0x0 lib/lib.a(string.o)
 .data          0x0000000000017e64        0x0 lib/lib.a(crypt.o)
 .data          0x0000000000017e64        0x0 lib/lib.a(random.o)
 .data          0x0000000000017e64        0x0 lib/lib.a(encr.o)
 .data          0x0000000000017e64        0x0 lib/lib.a(decr.o)

.data1
 *(.data1)
                0x0000000000017e64                _edata = .
                0x0000000000017e64                PROVIDE (edata, .)
                0x0000000000017e64                __bss_start = .

.bss            0x0000000000017e80     0x3dcc
 *(.dynbss)
 *(.bss .bss.* .gnu.linkonce.b.*)
 .bss           0x0000000000017e80        0x0 boot/head.o
 .bss           0x0000000000017e80      0x400 init/main.o
 .bss           0x0000000000018280      0x9cc kernel/kernel.o
                0x0000000000018280                last_task_used_math
                0x0000000000018284                startup_time
                0x0000000000018288                jiffies
                0x000000000001828c                last_pid
                0x0000000000018740                do_hd
 *fill*         0x0000000000018c4c       0x14 00
 .bss           0x0000000000018c60      0xc00 mm/mm.o
 .bss           0x0000000000019860      0x710 fs/fs.o
                0x0000000000019860                inode_table
                0x0000000000019f64                nr_buffers
 .bss           0x0000000000019f70        0x0 lib/lib.a(ctype.o)
 .bss           0x0000000000019f70        0x0 lib/lib.a(_exit.o)
 .bss           0x0000000000019f70        0x0 lib/lib.a(open.o)
 .bss           0x0000000000019f70        0x0 lib/lib.a(close.o)
 .bss           0x0000000000019f70        0x0 lib/lib.a(errno.o)
 .bss           0x0000000000019f70        0x0 lib/lib.a(write.o)
 .bss           0x0000000000019f70        0x0 lib/lib.a(dup.o)
 .bss           0x0000000000019f70        0x0 lib/lib.a(setsid.o)
 .bss           0x0000000000019f70        0x0 lib/lib.a(execve.o)
 .bss           0x0000000000019f70        0x0 lib/lib.a(wait.o)
 .bss           0x0000000000019f70        0x0 lib/lib.a(string.o)
 .bss           0x0000000000019f70        0x0 lib/lib.a(crypt.o)
 .bss           0x0000000000019f70        0x4 lib/lib.a(random.o)
 .bss           0x0000000000019f74        0x0 lib/lib.a(encr.o)
 .bss           0x0000000000019f74        0x0 lib/lib.a(decr.o)
 *(COMMON)
 *fill*         0x0000000000019f74        0xc 00
 COMMON         0x0000000000019f80     0x10a0 kernel/kernel.o
                0x0000000000019f80                gkey
                0x000000000001a000                enclst
                0x000000000001a020                user_stack
 COMMON         0x000000000001b020      0xc20 fs/fs.o
                0x000000000001b020                hash_table
                0x000000000001b500                super_block
                0x000000000001b840                file_table
 COMMON         0x000000000001bc40        0x1 lib/lib.a(ctype.o)
                0x000000000001bc40                _ctmp
 *fill*         0x000000000001bc41        0x3 00
 COMMON         0x000000000001bc44        0x4 lib/lib.a(errno.o)
                0x000000000001bc44                errno
 COMMON         0x000000000001bc48        0x4 lib/lib.a(string.o)
                0x000000000001bc48                ___strtok
                0x000000000001bc4c                . = ALIGN ((. != 0x0)?0x4:0x1)
                0x000000000001bc4c                . = ALIGN (0x4)
                0x000000000001bc4c                . = ALIGN (0x4)
                0x000000000001bc4c                _end = .
                0x000000000001bc4c                PROVIDE (end, .)
                0x000000000001bc4c                . = DATA_SEGMENT_END (.)

.stab
 *(.stab)

.stabstr
 *(.stabstr)

.stab.excl
 *(.stab.excl)

.stab.exclstr
 *(.stab.exclstr)

.stab.index
 *(.stab.index)

.stab.indexstr
 *(.stab.indexstr)

.comment        0x0000000000000000       0x2a
 *(.comment)
 .comment       0x0000000000000000       0x2a init/main.o
                                         0x2b (size before relaxing)
 .comment       0x0000000000000000      0x22f kernel/kernel.o
 .comment       0x0000000000000000       0x2b mm/mm.o
 .comment       0x0000000000000000      0x331 fs/fs.o
 .comment       0x0000000000000000       0x2b lib/lib.a(ctype.o)
 .comment       0x0000000000000000       0x2b lib/lib.a(_exit.o)
 .comment       0x0000000000000000       0x2b lib/lib.a(open.o)
 .comment       0x0000000000000000       0x2b lib/lib.a(close.o)
 .comment       0x0000000000000000       0x2b lib/lib.a(errno.o)
 .comment       0x0000000000000000       0x2b lib/lib.a(write.o)
 .comment       0x0000000000000000       0x2b lib/lib.a(dup.o)
 .comment       0x0000000000000000       0x2b lib/lib.a(setsid.o)
 .comment       0x0000000000000000       0x2b lib/lib.a(execve.o)
 .comment       0x0000000000000000       0x2b lib/lib.a(wait.o)
 .comment       0x0000000000000000       0x2b lib/lib.a(string.o)
 .comment       0x0000000000000000       0x2b lib/lib.a(crypt.o)
 .comment       0x0000000000000000       0x2b lib/lib.a(random.o)
 .comment       0x0000000000000000       0x2b lib/lib.a(encr.o)
 .comment       0x0000000000000000       0x2b lib/lib.a(decr.o)

.debug
 *(.debug)

.line
 *(.line)

.debug_srcinfo
 *(.debug_srcinfo)

.debug_sfnames
 *(.debug_sfnames)

.debug_aranges  0x0000000000000000      0x5c0
 *(.debug_aranges)
 .debug_aranges
                0x0000000000000000       0x20 init/main.o
 .debug_aranges
                0x0000000000000020      0x1a0 kernel/kernel.o
 .debug_aranges
                0x00000000000001c0       0x20 mm/mm.o
 .debug_aranges
                0x00000000000001e0      0x240 fs/fs.o
 .debug_aranges
                0x0000000000000420       0x20 lib/lib.a(_exit.o)
 .debug_aranges
                0x0000000000000440       0x20 lib/lib.a(open.o)
 .debug_aranges
                0x0000000000000460       0x20 lib/lib.a(close.o)
 .debug_aranges
                0x0000000000000480       0x20 lib/lib.a(write.o)
 .debug_aranges
                0x00000000000004a0       0x20 lib/lib.a(dup.o)
 .debug_aranges
                0x00000000000004c0       0x20 lib/lib.a(setsid.o)
 .debug_aranges
                0x00000000000004e0       0x20 lib/lib.a(execve.o)
 .debug_aranges
                0x0000000000000500       0x20 lib/lib.a(wait.o)
 .debug_aranges
                0x0000000000000520       0x20 lib/lib.a(string.o)
 .debug_aranges
                0x0000000000000540       0x20 lib/lib.a(crypt.o)
 .debug_aranges
                0x0000000000000560       0x20 lib/lib.a(random.o)
 .debug_aranges
                0x0000000000000580       0x20 lib/lib.a(encr.o)
 .debug_aranges
                0x00000000000005a0       0x20 lib/lib.a(decr.o)

.debug_pubnames
 *(.debug_pubnames)

.debug_info     0x0000000000000000    0x1bd28
 *(.debug_info .gnu.linkonce.wi.*)
 .debug_info    0x0000000000000000      0xccf init/main.o
 .debug_info    0x0000000000000ccf     0x8f20 kernel/kernel.o
 .debug_info    0x0000000000009bef      0x4d6 mm/mm.o
 .debug_info    0x000000000000a0c5     0xe402 fs/fs.o
 .debug_info    0x00000000000184c7       0x70 lib/lib.a(ctype.o)
 .debug_info    0x0000000000018537      0x3af lib/lib.a(_exit.o)
 .debug_info    0x00000000000188e6      0x403 lib/lib.a(open.o)
 .debug_info    0x0000000000018ce9      0x3ce lib/lib.a(close.o)
 .debug_info    0x00000000000190b7       0x3f lib/lib.a(errno.o)
 .debug_info    0x00000000000190f6      0x400 lib/lib.a(write.o)
 .debug_info    0x00000000000194f6      0x3ce lib/lib.a(dup.o)
 .debug_info    0x00000000000198c4      0x3cb lib/lib.a(setsid.o)
 .debug_info    0x0000000000019c8f      0x3fc lib/lib.a(execve.o)
 .debug_info    0x000000000001a08b      0x428 lib/lib.a(wait.o)
 .debug_info    0x000000000001a4b3      0x705 lib/lib.a(string.o)
 .debug_info    0x000000000001abb8       0xd8 lib/lib.a(crypt.o)
 .debug_info    0x000000000001ac90      0x8c2 lib/lib.a(random.o)
 .debug_info    0x000000000001b552      0x3eb lib/lib.a(encr.o)
 .debug_info    0x000000000001b93d      0x3eb lib/lib.a(decr.o)

.debug_abbrev   0x0000000000000000     0x4772
 *(.debug_abbrev)
 .debug_abbrev  0x0000000000000000      0x1d7 init/main.o
 .debug_abbrev  0x00000000000001d7     0x1825 kernel/kernel.o
 .debug_abbrev  0x00000000000019fc      0x1af mm/mm.o
 .debug_abbrev  0x0000000000001bab     0x2174 fs/fs.o
 .debug_abbrev  0x0000000000003d1f       0x42 lib/lib.a(ctype.o)
 .debug_abbrev  0x0000000000003d61       0xa3 lib/lib.a(_exit.o)
 .debug_abbrev  0x0000000000003e04       0xdc lib/lib.a(open.o)
 .debug_abbrev  0x0000000000003ee0       0xb4 lib/lib.a(close.o)
 .debug_abbrev  0x0000000000003f94       0x30 lib/lib.a(errno.o)
 .debug_abbrev  0x0000000000003fc4       0xd7 lib/lib.a(write.o)
 .debug_abbrev  0x000000000000409b       0xb4 lib/lib.a(dup.o)
 .debug_abbrev  0x000000000000414f       0xb2 lib/lib.a(setsid.o)
 .debug_abbrev  0x0000000000004201       0xbb lib/lib.a(execve.o)
 .debug_abbrev  0x00000000000042bc       0xd0 lib/lib.a(wait.o)
 .debug_abbrev  0x000000000000438c      0x128 lib/lib.a(string.o)
 .debug_abbrev  0x00000000000044b4       0x7e lib/lib.a(crypt.o)
 .debug_abbrev  0x0000000000004532       0xd8 lib/lib.a(random.o)
 .debug_abbrev  0x000000000000460a       0xb4 lib/lib.a(encr.o)
 .debug_abbrev  0x00000000000046be       0xb4 lib/lib.a(decr.o)

.debug_line     0x0000000000000000     0x39b9
 *(.debug_line)
 .debug_line    0x0000000000000000      0x11e init/main.o
 .debug_line    0x000000000000011e     0x151e kernel/kernel.o
 .debug_line    0x000000000000163c      0x122 mm/mm.o
 .debug_line    0x000000000000175e     0x1bdd fs/fs.o
 .debug_line    0x000000000000333b       0x28 lib/lib.a(ctype.o)
 .debug_line    0x0000000000003363       0x50 lib/lib.a(_exit.o)
 .debug_line    0x00000000000033b3       0x76 lib/lib.a(open.o)
 .debug_line    0x0000000000003429       0x6e lib/lib.a(close.o)
 .debug_line    0x0000000000003497       0x28 lib/lib.a(errno.o)
 .debug_line    0x00000000000034bf       0x8c lib/lib.a(write.o)
 .debug_line    0x000000000000354b       0x6c lib/lib.a(dup.o)
 .debug_line    0x00000000000035b7       0x88 lib/lib.a(setsid.o)
 .debug_line    0x000000000000363f       0x73 lib/lib.a(execve.o)
 .debug_line    0x00000000000036b2       0x90 lib/lib.a(wait.o)
 .debug_line    0x0000000000003742       0xc1 lib/lib.a(string.o)
 .debug_line    0x0000000000003803       0x4d lib/lib.a(crypt.o)
 .debug_line    0x0000000000003850       0x87 lib/lib.a(random.o)
 .debug_line    0x00000000000038d7       0x71 lib/lib.a(encr.o)
 .debug_line    0x0000000000003948       0x71 lib/lib.a(decr.o)

.debug_frame
 *(.debug_frame)

.debug_str      0x0000000000000000     0x1ab3
 *(.debug_str)
 .debug_str     0x0000000000000000      0x3f8 init/main.o
                                        0x4a5 (size before relaxing)
 .debug_str     0x00000000000003f8      0xb5e kernel/kernel.o
                                       0x321b (size before relaxing)
 .debug_str     0x0000000000000f56      0x126 mm/mm.o
                                        0x1c1 (size before relaxing)
 .debug_str     0x000000000000107c      0x941 fs/fs.o
                                       0x541b (size before relaxing)
 .debug_str     0x00000000000019bd       0x26 lib/lib.a(ctype.o)
                                         0x66 (size before relaxing)
 .debug_str     0x00000000000019e3        0x8 lib/lib.a(_exit.o)
                                        0x284 (size before relaxing)
 .debug_str     0x0000000000000000        0x8 lib/lib.a(open.o)
                                        0x294 (size before relaxing)
 .debug_str     0x00000000000019eb        0x8 lib/lib.a(close.o)
                                        0x286 (size before relaxing)
 .debug_str     0x00000000000019f3        0x8 lib/lib.a(errno.o)
                                         0x38 (size before relaxing)
 .debug_str     0x0000000000000000        0x8 lib/lib.a(write.o)
                                        0x292 (size before relaxing)
 .debug_str     0x00000000000019fb        0x6 lib/lib.a(dup.o)
                                        0x27e (size before relaxing)
 .debug_str     0x0000000000001a01        0x9 lib/lib.a(setsid.o)
                                        0x28e (size before relaxing)
 .debug_str     0x0000000000001a0a        0x9 lib/lib.a(execve.o)
                                        0x297 (size before relaxing)
 .debug_str     0x0000000000001a13       0x11 lib/lib.a(wait.o)
                                        0x2a4 (size before relaxing)
 .debug_str     0x0000000000001a24       0x6b lib/lib.a(string.o)
                                         0xec (size before relaxing)
 .debug_str     0x0000000000001a8f        0x8 lib/lib.a(crypt.o)
                                         0xd3 (size before relaxing)
 .debug_str     0x0000000000001a97        0xe lib/lib.a(random.o)
                                        0x3ca (size before relaxing)
 .debug_str     0x0000000000001aa5        0x7 lib/lib.a(encr.o)
                                        0x296 (size before relaxing)
 .debug_str     0x0000000000001aac        0x7 lib/lib.a(decr.o)
                                        0x296 (size before relaxing)

.debug_loc      0x0000000000000000     0xb3f0
 *(.debug_loc)
 .debug_loc     0x0000000000000000      0x256 init/main.o
 .debug_loc     0x0000000000000256     0x4124 kernel/kernel.o
 .debug_loc     0x000000000000437a      0x640 mm/mm.o
 .debug_loc     0x00000000000049ba     0x63b5 fs/fs.o
 .debug_loc     0x000000000000ad6f       0x2c lib/lib.a(_exit.o)
 .debug_loc     0x000000000000ad9b       0x3f lib/lib.a(open.o)
 .debug_loc     0x000000000000adda       0x3f lib/lib.a(close.o)
 .debug_loc     0x000000000000ae19       0x57 lib/lib.a(write.o)
 .debug_loc     0x000000000000ae70       0x3f lib/lib.a(dup.o)
 .debug_loc     0x000000000000aeaf       0x13 lib/lib.a(setsid.o)
 .debug_loc     0x000000000000aec2       0x57 lib/lib.a(execve.o)
 .debug_loc     0x000000000000af19       0x83 lib/lib.a(wait.o)
 .debug_loc     0x000000000000af9c      0x3a6 lib/lib.a(string.o)
 .debug_loc     0x000000000000b342       0x57 lib/lib.a(encr.o)
 .debug_loc     0x000000000000b399       0x57 lib/lib.a(decr.o)

.debug_macinfo
 *(.debug_macinfo)

.debug_weaknames
 *(.debug_weaknames)

.debug_funcnames
 *(.debug_funcnames)

.debug_typenames
 *(.debug_typenames)

.debug_varnames
 *(.debug_varnames)

.debug_pubtypes
 *(.debug_pubtypes)

.debug_ranges   0x0000000000000000      0x428
 *(.debug_ranges)
 .debug_ranges  0x0000000000000000      0x120 kernel/kernel.o
 .debug_ranges  0x0000000000000120      0x308 fs/fs.o

.gnu.attributes
 *(.gnu.attributes)

/DISCARD/
 *(.note.GNU-stack)
 *(.gnu_debuglink)
 *(.gnu.lto_*)
OUTPUT(tools/system elf32-i386)
