Archive member included because of file (symbol)

lib/lib.a(ctype.o)            kernel/kernel.o (_ctype)
lib/lib.a(_exit.o)            init/main.o (_exit)
lib/lib.a(open.o)             init/main.o (open)
lib/lib.a(close.o)            init/main.o (close)
lib/lib.a(errno.o)            init/main.o (errno)
lib/lib.a(write.o)            init/main.o (write)
lib/lib.a(dup.o)              init/main.o (dup)
lib/lib.a(setsid.o)           init/main.o (setsid)
lib/lib.a(execve.o)           init/main.o (execve)
lib/lib.a(wait.o)             init/main.o (wait)
lib/lib.a(string.o)           kernel/kernel.o (strcpy)
lib/lib.a(random.o)           kernel/kernel.o (rand)
lib/lib.a(crypt.o)            kernel/kernel.o (keyclear)

Allocating common symbols
Common symbol       size              file

gkey                0x80              init/main.o
errno               0x4               lib/lib.a(errno.o)
hash_table          0x4cc             fs/fs.o
___strtok           0x4               lib/lib.a(string.o)
tmpindex            0x4               init/main.o
enclst              0x4               init/main.o
user_stack          0x1000            kernel/kernel.o
_ctmp               0x1               lib/lib.a(ctype.o)
super_block         0x340             fs/fs.o
keycatch            0x4               init/main.o
igncry              0x4               init/main.o
tmpkey              0x80              init/main.o
file_table          0x400             fs/fs.o
global_timeout      0x4               init/main.o

Discarded input sections

 .note.GNU-stack
                0x0000000000000000        0x0 init/main.o
 .note.GNU-stack
                0x0000000000000000        0x0 kernel/kernel.o
 .note.GNU-stack
                0x0000000000000000        0x0 mm/mm.o
 .note.GNU-stack
                0x0000000000000000        0x0 fs/fs.o
 .note.GNU-stack
                0x0000000000000000        0x0 lib/lib.a(ctype.o)
 .note.GNU-stack
                0x0000000000000000        0x0 lib/lib.a(_exit.o)
 .note.GNU-stack
                0x0000000000000000        0x0 lib/lib.a(open.o)
 .note.GNU-stack
                0x0000000000000000        0x0 lib/lib.a(close.o)
 .note.GNU-stack
                0x0000000000000000        0x0 lib/lib.a(errno.o)
 .note.GNU-stack
                0x0000000000000000        0x0 lib/lib.a(write.o)
 .note.GNU-stack
                0x0000000000000000        0x0 lib/lib.a(dup.o)
 .note.GNU-stack
                0x0000000000000000        0x0 lib/lib.a(setsid.o)
 .note.GNU-stack
                0x0000000000000000        0x0 lib/lib.a(execve.o)
 .note.GNU-stack
                0x0000000000000000        0x0 lib/lib.a(wait.o)
 .note.GNU-stack
                0x0000000000000000        0x0 lib/lib.a(string.o)
 .note.GNU-stack
                0x0000000000000000        0x0 lib/lib.a(random.o)
 .note.GNU-stack
                0x0000000000000000        0x0 lib/lib.a(crypt.o)

Memory Configuration

Name             Origin             Length             Attributes
*default*        0x0000000000000000 0xffffffffffffffff

Linker script and memory map

Address of section .text set to 0x0
LOAD boot/head.o
LOAD init/main.o
LOAD kernel/kernel.o
LOAD mm/mm.o
LOAD fs/fs.o
LOAD lib/lib.a
                0x0000000008048000                PROVIDE (__executable_start, 0x8048000)
                0x0000000008048094                . = (0x8048000 + SIZEOF_HEADERS)

.interp
 *(.interp)

.note.gnu.build-id
 *(.note.gnu.build-id)

.hash
 *(.hash)

.gnu.hash
 *(.gnu.hash)

.dynsym
 *(.dynsym)

.dynstr
 *(.dynstr)

.gnu.version
 *(.gnu.version)

.gnu.version_d
 *(.gnu.version_d)

.gnu.version_r
 *(.gnu.version_r)

.rel.dyn        0x0000000008048094        0x0
 *(.rel.init)
 *(.rel.text .rel.text.* .rel.gnu.linkonce.t.*)
 .rel.text      0x0000000000000000        0x0 boot/head.o
 *(.rel.fini)
 *(.rel.rodata .rel.rodata.* .rel.gnu.linkonce.r.*)
 *(.rel.data.rel.ro* .rel.gnu.linkonce.d.rel.ro.*)
 *(.rel.data .rel.data.* .rel.gnu.linkonce.d.*)
 .rel.data      0x0000000000000000        0x0 boot/head.o
 *(.rel.tdata .rel.tdata.* .rel.gnu.linkonce.td.*)
 *(.rel.tbss .rel.tbss.* .rel.gnu.linkonce.tb.*)
 *(.rel.ctors)
 *(.rel.dtors)
 *(.rel.got)
 *(.rel.bss .rel.bss.* .rel.gnu.linkonce.b.*)
 *(.rel.ifunc)

.rel.plt        0x0000000008048094        0x0
 *(.rel.plt)
                0x0000000008048094                PROVIDE (__rel_iplt_start, .)
 *(.rel.iplt)
 .rel.iplt      0x0000000000000000        0x0 boot/head.o
                0x0000000008048094                PROVIDE (__rel_iplt_end, .)

.init
 *(.init)

.plt            0x00000000080480a0        0x0
 *(.plt)
 *(.iplt)
 .iplt          0x0000000000000000        0x0 boot/head.o

.text           0x0000000000000000    0x1049e
 *(.text.unlikely .text.*_unlikely)
 *(.text.exit .text.exit.*)
 *(.text.startup .text.startup.*)
 *(.text.hot .text.hot.*)
 *(.text .stub .text.* .gnu.linkonce.t.*)
 .text          0x0000000000000000     0x5078 boot/head.o
                0x0000000000000000                startup_32
                0x0000000000000000                pg_dir
                0x0000000000004078                idt
                0x0000000000004878                gdt
 *fill*         0x0000000000005078        0x8 90909090
 .text          0x0000000000005080      0x370 init/main.o
                0x00000000000050c1                init
                0x0000000000005232                main
 .text          0x00000000000053f0     0x52b7 kernel/kernel.o
                0x00000000000053f0                sys_alarm
                0x0000000000005417                sys_getpid
                0x0000000000005423                sys_getppid
                0x000000000000542f                sys_getuid
                0x000000000000543c                sys_geteuid
                0x0000000000005449                sys_getgid
                0x0000000000005456                sys_getegid
                0x0000000000005463                sys_nice
                0x000000000000547c                sys_signal
                0x00000000000054b9                math_state_restore
                0x00000000000054f0                schedule
                0x0000000000005659                sys_pause
                0x0000000000005675                sleep_on
                0x00000000000056cf                interruptible_sleep_on
                0x0000000000005739                wake_up
                0x0000000000005755                do_timer
                0x00000000000057a0                sched_init
                0x00000000000058c8                system_call
                0x00000000000059ba                timer_interrupt
                0x00000000000059f2                sys_execve
                0x0000000000005a00                sys_fork
                0x0000000000005a18                hd_interrupt
                0x0000000000005bc5                do_double_fault
                0x0000000000005bde                do_general_protection
                0x0000000000005bf7                do_divide_error
                0x0000000000005c10                do_int3
                0x0000000000005cc8                do_nmi
                0x0000000000005ce1                do_debug
                0x0000000000005cfa                do_overflow
                0x0000000000005d13                do_bounds
                0x0000000000005d2c                do_invalid_op
                0x0000000000005d45                do_device_not_available
                0x0000000000005d5e                do_coprocessor_segment_overrun
                0x0000000000005d77                do_invalid_TSS
                0x0000000000005d90                do_segment_not_present
                0x0000000000005da9                do_stack_segment
                0x0000000000005dc2                do_coprocessor_error
                0x0000000000005ddb                do_reserved
                0x0000000000005df4                trap_init
                0x0000000000005fb0                divide_error
                0x0000000000005fe5                debug
                0x0000000000005fec                nmi
                0x0000000000005ff3                int3
                0x0000000000005ffa                overflow
                0x0000000000006001                bounds
                0x0000000000006008                invalid_op
                0x0000000000006017                device_not_available
                0x0000000000006044                coprocessor_segment_overrun
                0x000000000000604e                reserved
                0x0000000000006058                coprocessor_error
                0x0000000000006062                double_fault
                0x0000000000006099                invalid_TSS
                0x00000000000060a0                segment_not_present
                0x00000000000060a7                stack_segment
                0x00000000000060ae                general_protection
                0x00000000000060b8                verify_area
                0x000000000000611d                copy_mem
                0x0000000000006213                copy_process
                0x00000000000064ca                find_empty_process
                0x000000000000652c                panic
                0x0000000000006548                printk
                0x00000000000067d6                vsprintf
                0x0000000000006b40                tty_init
                0x0000000000006b51                tty_intr
                0x0000000000006b96                copy_to_cooked
                0x0000000000006e66                tty_read
                0x000000000000712c                tty_write
                0x0000000000007309                do_tty_interrupt
                0x0000000000007535                csi_m
                0x0000000000007590                con_write
                0x0000000000007efa                con_init
                0x0000000000007f83                keyboard_interrupt
                0x0000000000008758                rs1_interrupt
                0x0000000000008760                rs2_interrupt
                0x0000000000008ec9                rw_hd
                0x0000000000008f72                sys_setup
                0x0000000000009071                unexpected_hd_interrupt
                0x0000000000009084                hd_init
                0x0000000000009100                sys_ftime
                0x0000000000009106                sys_mknod
                0x000000000000910c                sys_break
                0x0000000000009112                sys_mount
                0x0000000000009118                sys_umount
                0x000000000000911e                sys_ustat
                0x0000000000009124                sys_ptrace
                0x000000000000912a                sys_stty
                0x0000000000009130                sys_gtty
                0x0000000000009136                sys_rename
                0x000000000000913c                sys_prof
                0x0000000000009142                sys_setgid
                0x000000000000919f                sys_acct
                0x00000000000091a5                sys_phys
                0x00000000000091ab                sys_lock
                0x00000000000091b1                sys_mpx
                0x00000000000091b7                sys_ulimit
                0x00000000000091bd                sys_time
                0x0000000000009210                sys_setuid
                0x0000000000009269                sys_stime
                0x00000000000092b6                sys_times
                0x000000000000930f                sys_brk
                0x0000000000009342                sys_setpgid
                0x00000000000093b7                sys_getpgrp
                0x00000000000093c3                sys_setsid
                0x0000000000009418                sys_oldolduname
                0x0000000000009430                sys_uname
                0x000000000000947d                sys_umask
                0x000000000000949b                sys_null
                0x00000000000094bd                get_inode
                0x00000000000094d1                get_inum
                0x00000000000094e8                init_enclst
                0x000000000000953d                sys_getkey
                0x00000000000095b3                sys_keyset
                0x0000000000009673                sys_keyclear
                0x00000000000096df                sys_keygen
                0x0000000000009889                sys_catchkey
                0x0000000000009898                sys_copykey
                0x00000000000098f1                sys_encr
                0x0000000000009c27                sys_decr
                0x0000000000009ee2                sys_encrlst
                0x0000000000009f23                sys_decrlst
                0x0000000000009f47                isencr
                0x0000000000009f56                sys_uisencr
                0x0000000000009f71                sys_ignorecrypt
                0x0000000000009f80                release
                0x0000000000009fda                do_kill
                0x000000000000a253                sys_kill
                0x000000000000a289                do_exit
                0x000000000000a41c                sys_exit
                0x000000000000a437                sys_waitpid
                0x000000000000a5be                rs_init
                0x000000000000a616                rs_write
                0x000000000000a640                kernel_mktime
 *fill*         0x000000000000a6a7        0x1 90909090
 .text          0x000000000000a6a8      0x517 mm/mm.o
                0x000000000000a6a8                invalidate
                0x000000000000a6b1                copy_page
                0x000000000000a6d6                get_free_page
                0x000000000000a70e                free_page
                0x000000000000a76e                free_page_tables
                0x000000000000a81e                copy_page_tables
                0x000000000000a918                put_page
                0x000000000000a9c5                un_wp_page
                0x000000000000aa55                do_wp_page
                0x000000000000aa85                write_verify
                0x000000000000aac4                do_no_page
                0x000000000000aaf4                calc_mem
                0x000000000000ab88                page_fault
 *fill*         0x000000000000abbf        0x1 90909090
 .text          0x000000000000abc0     0x509c fs/fs.o
                0x000000000000abc0                sys_utime
                0x000000000000ac29                sys_access
                0x000000000000acc0                sys_chdir
                0x000000000000ad23                sys_chroot
                0x000000000000ad86                sys_chmod
                0x000000000000ae1b                sys_chown
                0x000000000000ae82                sys_open
                0x000000000000b016                sys_creat
                0x000000000000b039                sys_close
                0x000000000000b0c0                sys_lseek
                0x000000000000b17c                sys_read
                0x000000000000b2d7                sys_write
                0x000000000000b7eb                sync_inodes
                0x000000000000b835                bmap
                0x000000000000b84e                create_block
                0x000000000000b867                iput
                0x000000000000b955                get_empty_inode
                0x000000000000ba43                get_pipe_inode
                0x000000000000ba8a                iget
                0x000000000000bc77                sys_sync
                0x000000000000bcdf                brelse
                0x000000000000bd31                get_hash_table
                0x000000000000bd90                getblk
                0x000000000000c02f                bread
                0x000000000000c089                buffer_init
                0x000000000000c124                do_mount
                0x000000000000c32f                mount_root
                0x000000000000c480                block_write
                0x000000000000c563                block_read
                0x000000000000c63a                ll_rw_block
                0x000000000000c703                rw_char
                0x000000000000c774                file_read
                0x000000000000c9b0                file_write
                0x000000000000cd1a                sys_stat
                0x000000000000cd5f                sys_lstat
                0x000000000000cd7a                sys_fstat
                0x000000000000cdbd                sys_stat64
                0x000000000000ce02                sys_fstat64
                0x000000000000ce45                sys_lstat64
                0x000000000000ce60                sys_oldstat
                0x000000000000ce78                sys_oldfstat
                0x000000000000cfb4                cp_block
                0x000000000000cfe9                is_valid_elf
                0x000000000000d02e                read_file_block_ind
                0x000000000000d0c3                read_file_block
                0x000000000000d1c2                copy_section
                0x000000000000d2b0                create_bss_section
                0x000000000000d2d6                load_elf_binary
                0x000000000000d4e1                do_execve
                0x000000000000d974                read_pipe
                0x000000000000da0d                write_pipe
                0x000000000000db06                sys_pipe
                0x000000000000e139                namei
                0x000000000000e1ef                open_namei
                0x000000000000e455                sys_mkdir
                0x000000000000e70a                sys_rmdir
                0x000000000000ea7c                sys_unlink
                0x000000000000ec18                sys_link
                0x000000000000edc0                free_block
                0x000000000000eefb                new_block
                0x000000000000f07e                free_inode
                0x000000000000f1aa                new_inode
                0x000000000000f38a                sys_dup2
                0x000000000000f3aa                sys_dup
                0x000000000000f3ba                sys_fcntl
                0x000000000000f477                sys_fcntl64
                0x000000000000f4cc                sys_ioctl
                0x000000000000f569                tty_ioctl
                0x000000000000f835                truncate
                0x000000000000f940                sys_getdents
                0x000000000000face                sys_getdents64
 .text          0x000000000000fc5c        0x0 lib/lib.a(ctype.o)
 .text          0x000000000000fc5c        0xe lib/lib.a(_exit.o)
                0x000000000000fc5c                _exit
 *fill*         0x000000000000fc6a        0x2 90909090
 .text          0x000000000000fc6c       0x3d lib/lib.a(open.o)
                0x000000000000fc6c                open
 *fill*         0x000000000000fca9        0x3 90909090
 .text          0x000000000000fcac       0x23 lib/lib.a(close.o)
                0x000000000000fcac                close
 *fill*         0x000000000000fccf        0x1 90909090
 .text          0x000000000000fcd0        0x0 lib/lib.a(errno.o)
 .text          0x000000000000fcd0       0x3d lib/lib.a(write.o)
                0x000000000000fcd0                write
 *fill*         0x000000000000fd0d        0x3 90909090
 .text          0x000000000000fd10       0x23 lib/lib.a(dup.o)
                0x000000000000fd10                dup
 *fill*         0x000000000000fd33        0x1 90909090
 .text          0x000000000000fd34       0x1e lib/lib.a(setsid.o)
                0x000000000000fd34                setsid
 *fill*         0x000000000000fd52        0x2 90909090
 .text          0x000000000000fd54       0x3d lib/lib.a(execve.o)
                0x000000000000fd54                execve
 *fill*         0x000000000000fd91        0x3 90909090
 .text          0x000000000000fd94       0x60 lib/lib.a(wait.o)
                0x000000000000fd94                waitpid
                0x000000000000fdd1                wait
 .text          0x000000000000fdf4      0x421 lib/lib.a(string.o)
                0x000000000000fdf4                strcpy
                0x000000000000fe1c                strncpy
                0x000000000000fe4d                strcat
                0x000000000000fe82                strncat
                0x000000000000fec1                strcmp
                0x000000000000feef                strncmp
                0x000000000000ff24                strchr
                0x000000000000ff42                strrchr
                0x000000000000ff63                strspn
                0x000000000000ffb0                strcspn
                0x000000000000fffd                strpbrk
                0x0000000000010042                strstr
                0x0000000000010087                strlen
                0x00000000000100a0                strtok
                0x0000000000010131                memcpy
                0x0000000000010157                memmove
                0x00000000000101a5                memcmp
                0x00000000000101d9                memchr
                0x00000000000101ff                memset
 *fill*         0x0000000000010215        0x3 90909090
 .text          0x0000000000010218       0x5c lib/lib.a(random.o)
                0x0000000000010218                rand
 .text          0x0000000000010274      0x22a lib/lib.a(crypt.o)
                0x0000000000010274                keyset
                0x00000000000102b1                keyclear
                0x00000000000102d4                keygen
                0x00000000000102f7                catchkey
                0x000000000001031a                copykey
                0x000000000001033d                encr
                0x000000000001037a                decr
                0x00000000000103b7                ignorecrypt
                0x00000000000103da                uisencr
                0x00000000000103fd                getkey
                0x0000000000010424                encrlst
                0x0000000000010461                decrlst
 *(.gnu.warning)

.fini
 *(.fini)
                0x000000000001049e                PROVIDE (__etext, .)
                0x000000000001049e                PROVIDE (_etext, .)
                0x000000000001049e                PROVIDE (etext, .)

.rodata         0x00000000000104a0     0x1044
 *(.rodata .rodata.* .gnu.linkonce.r.*)
 .rodata.str1.1
                0x00000000000104a0       0x68 init/main.o
 .rodata.str1.4
                0x0000000000010508       0x25 init/main.o
 *fill*         0x000000000001052d       0x13 00
 .rodata        0x0000000000010540      0x270 kernel/kernel.o
 .rodata.str1.1
                0x00000000000107b0      0x2b8 kernel/kernel.o
                                        0x2be (size before relaxing)
 .rodata.str1.4
                0x0000000000010a68      0x1fc kernel/kernel.o
 .rodata.str1.4
                0x0000000000010c64       0xe9 mm/mm.o
 .rodata.str1.1
                0x0000000000010d4d       0x68 mm/mm.o
 *fill*         0x0000000000010db5        0xb 00
 .rodata        0x0000000000010dc0       0xc4 fs/fs.o
 .rodata.str1.1
                0x0000000000010e84      0x32c fs/fs.o
                                        0x332 (size before relaxing)
 .rodata.str1.4
                0x00000000000111b0      0x334 fs/fs.o

.rodata1
 *(.rodata1)

.eh_frame_hdr
 *(.eh_frame_hdr)

.eh_frame       0x00000000000114e4     0x24cc
 *(.eh_frame)
 .eh_frame      0x00000000000114e4       0x74 init/main.o
 .eh_frame      0x0000000000011558      0xed0 kernel/kernel.o
                                       0x1008 (size before relaxing)
 .eh_frame      0x0000000000012428      0x1a8 mm/mm.o
                                        0x1c0 (size before relaxing)
 .eh_frame      0x00000000000125d0      0xf0c fs/fs.o
                                       0x10bc (size before relaxing)
 .eh_frame      0x00000000000134dc       0x1c lib/lib.a(_exit.o)
                                         0x34 (size before relaxing)
 .eh_frame      0x00000000000134f8       0x20 lib/lib.a(open.o)
                                         0x38 (size before relaxing)
 .eh_frame      0x0000000000013518       0x1c lib/lib.a(close.o)
                                         0x34 (size before relaxing)
 .eh_frame      0x0000000000013534       0x20 lib/lib.a(write.o)
                                         0x38 (size before relaxing)
 .eh_frame      0x0000000000013554       0x1c lib/lib.a(dup.o)
                                         0x34 (size before relaxing)
 .eh_frame      0x0000000000013570       0x14 lib/lib.a(setsid.o)
                                         0x2c (size before relaxing)
 .eh_frame      0x0000000000013584       0x20 lib/lib.a(execve.o)
                                         0x38 (size before relaxing)
 .eh_frame      0x00000000000135a4       0x38 lib/lib.a(wait.o)
                                         0x50 (size before relaxing)
 .eh_frame      0x00000000000135dc      0x25c lib/lib.a(string.o)
                                        0x274 (size before relaxing)
 .eh_frame      0x0000000000013838       0x14 lib/lib.a(random.o)
                                         0x2c (size before relaxing)
 .eh_frame      0x000000000001384c      0x164 lib/lib.a(crypt.o)
                                        0x17c (size before relaxing)

.gcc_except_table
 *(.gcc_except_table .gcc_except_table.*)

.exception_ranges
 *(.exception_ranges .exception_ranges*)
                0x00000000000139b0                . = (ALIGN (0x1000) - ((0x1000 - .) & 0xfff))
                0x0000000000014000                . = DATA_SEGMENT_ALIGN (0x1000, 0x1000)

.eh_frame
 *(.eh_frame)

.gcc_except_table
 *(.gcc_except_table .gcc_except_table.*)

.exception_ranges
 *(.exception_ranges .exception_ranges*)

.tdata
 *(.tdata .tdata.* .gnu.linkonce.td.*)

.tbss
 *(.tbss .tbss.* .gnu.linkonce.tb.*)
 *(.tcommon)

.preinit_array  0x0000000000014000        0x0
                0x0000000000014000                PROVIDE (__preinit_array_start, .)
 *(.preinit_array)
                0x0000000000014000                PROVIDE (__preinit_array_end, .)

.init_array     0x0000000000014000        0x0
                0x0000000000014000                PROVIDE (__init_array_start, .)
 *(SORT(.init_array.*) SORT(.ctors.*))
 *(.init_array)
 *(EXCLUDE_FILE(*crtend?.o *crtend.o *crtbegin?.o *crtbegin.o) .ctors)
                0x0000000000014000                PROVIDE (__init_array_end, .)

.fini_array     0x0000000000014000        0x0
                0x0000000000014000                PROVIDE (__fini_array_start, .)
 *(SORT(.fini_array.*) SORT(.dtors.*))
 *(.fini_array)
 *(EXCLUDE_FILE(*crtend?.o *crtend.o *crtbegin?.o *crtbegin.o) .dtors)
                0x0000000000014000                PROVIDE (__fini_array_end, .)

.ctors
 *crtbegin.o(.ctors)
 *crtbegin?.o(.ctors)
 *(EXCLUDE_FILE(*crtend?.o *crtend.o) .ctors)
 *(SORT(.ctors.*))
 *(.ctors)

.dtors
 *crtbegin.o(.dtors)
 *crtbegin?.o(.dtors)
 *(EXCLUDE_FILE(*crtend?.o *crtend.o) .dtors)
 *(SORT(.dtors.*))
 *(.dtors)

.jcr
 *(.jcr)

.data.rel.ro
 *(.data.rel.ro.local* .gnu.linkonce.d.rel.ro.local.*)
 *(.data.rel.ro* .gnu.linkonce.d.rel.ro.*)

.dynamic
 *(.dynamic)

.got
 *(.got)
 *(.igot)
                0x0000000000014000                . = DATA_SEGMENT_RELRO_END (., 0xc)

.got.plt        0x0000000000014000        0x0
 *(.got.plt)
 *(.igot.plt)
 .igot.plt      0x0000000000000000        0x0 boot/head.o

.data           0x0000000000014000     0x3e64
 *(.data .data.* .gnu.linkonce.d.*)
 .data          0x0000000000014000        0x0 boot/head.o
 .data          0x0000000000014000       0x18 init/main.o
 *fill*         0x0000000000014018        0x8 00
 .data          0x0000000000014020     0x3d2c kernel/kernel.o
                0x0000000000014020                stack_start
                0x0000000000014040                task
                0x0000000000014140                current
                0x0000000000014160                sys_call_table
                0x0000000000015660                table_list
                0x0000000000015680                tty_table
 .data          0x0000000000017d4c        0x0 mm/mm.o
 .data          0x0000000000017d4c        0x4 fs/fs.o
                0x0000000000017d4c                start_buffer
 *fill*         0x0000000000017d50       0x10 00
 .data          0x0000000000017d60      0x101 lib/lib.a(ctype.o)
                0x0000000000017d60                _ctype
 *fill*         0x0000000000017e61        0x3 00
 .data          0x0000000000017e64        0x0 lib/lib.a(_exit.o)
 .data          0x0000000000017e64        0x0 lib/lib.a(open.o)
 .data          0x0000000000017e64        0x0 lib/lib.a(close.o)
 .data          0x0000000000017e64        0x0 lib/lib.a(errno.o)
 .data          0x0000000000017e64        0x0 lib/lib.a(write.o)
 .data          0x0000000000017e64        0x0 lib/lib.a(dup.o)
 .data          0x0000000000017e64        0x0 lib/lib.a(setsid.o)
 .data          0x0000000000017e64        0x0 lib/lib.a(execve.o)
 .data          0x0000000000017e64        0x0 lib/lib.a(wait.o)
 .data          0x0000000000017e64        0x0 lib/lib.a(string.o)
 .data          0x0000000000017e64        0x0 lib/lib.a(random.o)
 .data          0x0000000000017e64        0x0 lib/lib.a(crypt.o)

.data1
 *(.data1)
                0x0000000000017e64                _edata = .
                0x0000000000017e64                PROVIDE (edata, .)
                0x0000000000017e64                __bss_start = .

.bss            0x0000000000017e80     0x3e6c
 *(.dynbss)
 *(.bss .bss.* .gnu.linkonce.b.*)
 .bss           0x0000000000017e80        0x0 boot/head.o
 .bss           0x0000000000017e80      0x400 init/main.o
 .bss           0x0000000000018280      0x9cc kernel/kernel.o
                0x0000000000018280                last_task_used_math
                0x0000000000018284                startup_time
                0x0000000000018288                jiffies
                0x000000000001828c                last_pid
                0x0000000000018740                do_hd
 *fill*         0x0000000000018c4c       0x14 00
 .bss           0x0000000000018c60      0xc00 mm/mm.o
 .bss           0x0000000000019860      0x710 fs/fs.o
                0x0000000000019860                inode_table
                0x0000000000019f64                nr_buffers
 .bss           0x0000000000019f70        0x0 lib/lib.a(ctype.o)
 .bss           0x0000000000019f70        0x0 lib/lib.a(_exit.o)
 .bss           0x0000000000019f70        0x0 lib/lib.a(open.o)
 .bss           0x0000000000019f70        0x0 lib/lib.a(close.o)
 .bss           0x0000000000019f70        0x0 lib/lib.a(errno.o)
 .bss           0x0000000000019f70        0x0 lib/lib.a(write.o)
 .bss           0x0000000000019f70        0x0 lib/lib.a(dup.o)
 .bss           0x0000000000019f70        0x0 lib/lib.a(setsid.o)
 .bss           0x0000000000019f70        0x0 lib/lib.a(execve.o)
 .bss           0x0000000000019f70        0x0 lib/lib.a(wait.o)
 .bss           0x0000000000019f70        0x0 lib/lib.a(string.o)
 .bss           0x0000000000019f70        0x4 lib/lib.a(random.o)
 .bss           0x0000000000019f74        0x0 lib/lib.a(crypt.o)
 *(COMMON)
 *fill*         0x0000000000019f74        0xc 00
 COMMON         0x0000000000019f80      0x124 init/main.o
                0x0000000000019f80                gkey
                0x000000000001a000                tmpindex
                0x000000000001a004                enclst
                0x000000000001a008                keycatch
                0x000000000001a00c                igncry
                0x000000000001a020                tmpkey
                0x000000000001a0a0                global_timeout
 *fill*         0x000000000001a0a4       0x1c 00
 COMMON         0x000000000001a0c0     0x1000 kernel/kernel.o
                0x000000000001a0c0                user_stack
 COMMON         0x000000000001b0c0      0xc20 fs/fs.o
                0x000000000001b0c0                hash_table
                0x000000000001b5a0                super_block
                0x000000000001b8e0                file_table
 COMMON         0x000000000001bce0        0x1 lib/lib.a(ctype.o)
                0x000000000001bce0                _ctmp
 *fill*         0x000000000001bce1        0x3 00
 COMMON         0x000000000001bce4        0x4 lib/lib.a(errno.o)
                0x000000000001bce4                errno
 COMMON         0x000000000001bce8        0x4 lib/lib.a(string.o)
                0x000000000001bce8                ___strtok
                0x000000000001bcec                . = ALIGN ((. != 0x0)?0x4:0x1)
                0x000000000001bcec                . = ALIGN (0x4)
                0x000000000001bcec                . = ALIGN (0x4)
                0x000000000001bcec                _end = .
                0x000000000001bcec                PROVIDE (end, .)
                0x000000000001bcec                . = DATA_SEGMENT_END (.)

.stab
 *(.stab)

.stabstr
 *(.stabstr)

.stab.excl
 *(.stab.excl)

.stab.exclstr
 *(.stab.exclstr)

.stab.index
 *(.stab.index)

.stab.indexstr
 *(.stab.indexstr)

.comment        0x0000000000000000       0x2a
 *(.comment)
 .comment       0x0000000000000000       0x2a init/main.o
                                         0x2b (size before relaxing)
 .comment       0x0000000000000000      0x22f kernel/kernel.o
 .comment       0x0000000000000000       0x2b mm/mm.o
 .comment       0x0000000000000000      0x331 fs/fs.o
 .comment       0x0000000000000000       0x2b lib/lib.a(ctype.o)
 .comment       0x0000000000000000       0x2b lib/lib.a(_exit.o)
 .comment       0x0000000000000000       0x2b lib/lib.a(open.o)
 .comment       0x0000000000000000       0x2b lib/lib.a(close.o)
 .comment       0x0000000000000000       0x2b lib/lib.a(errno.o)
 .comment       0x0000000000000000       0x2b lib/lib.a(write.o)
 .comment       0x0000000000000000       0x2b lib/lib.a(dup.o)
 .comment       0x0000000000000000       0x2b lib/lib.a(setsid.o)
 .comment       0x0000000000000000       0x2b lib/lib.a(execve.o)
 .comment       0x0000000000000000       0x2b lib/lib.a(wait.o)
 .comment       0x0000000000000000       0x2b lib/lib.a(string.o)
 .comment       0x0000000000000000       0x2b lib/lib.a(random.o)
 .comment       0x0000000000000000       0x2b lib/lib.a(crypt.o)

.debug
 *(.debug)

.line
 *(.line)

.debug_srcinfo
 *(.debug_srcinfo)

.debug_sfnames
 *(.debug_sfnames)

.debug_aranges  0x0000000000000000      0x580
 *(.debug_aranges)
 .debug_aranges
                0x0000000000000000       0x20 init/main.o
 .debug_aranges
                0x0000000000000020      0x1a0 kernel/kernel.o
 .debug_aranges
                0x00000000000001c0       0x20 mm/mm.o
 .debug_aranges
                0x00000000000001e0      0x240 fs/fs.o
 .debug_aranges
                0x0000000000000420       0x20 lib/lib.a(_exit.o)
 .debug_aranges
                0x0000000000000440       0x20 lib/lib.a(open.o)
 .debug_aranges
                0x0000000000000460       0x20 lib/lib.a(close.o)
 .debug_aranges
                0x0000000000000480       0x20 lib/lib.a(write.o)
 .debug_aranges
                0x00000000000004a0       0x20 lib/lib.a(dup.o)
 .debug_aranges
                0x00000000000004c0       0x20 lib/lib.a(setsid.o)
 .debug_aranges
                0x00000000000004e0       0x20 lib/lib.a(execve.o)
 .debug_aranges
                0x0000000000000500       0x20 lib/lib.a(wait.o)
 .debug_aranges
                0x0000000000000520       0x20 lib/lib.a(string.o)
 .debug_aranges
                0x0000000000000540       0x20 lib/lib.a(random.o)
 .debug_aranges
                0x0000000000000560       0x20 lib/lib.a(crypt.o)

.debug_pubnames
 *(.debug_pubnames)

.debug_info     0x0000000000000000    0x1d23e
 *(.debug_info .gnu.linkonce.wi.*)
 .debug_info    0x0000000000000000      0xd7b init/main.o
 .debug_info    0x0000000000000d7b     0x9899 kernel/kernel.o
 .debug_info    0x000000000000a614      0x4d6 mm/mm.o
 .debug_info    0x000000000000aaea     0xefdf fs/fs.o
 .debug_info    0x0000000000019ac9       0x70 lib/lib.a(ctype.o)
 .debug_info    0x0000000000019b39      0x3af lib/lib.a(_exit.o)
 .debug_info    0x0000000000019ee8      0x403 lib/lib.a(open.o)
 .debug_info    0x000000000001a2eb      0x3ce lib/lib.a(close.o)
 .debug_info    0x000000000001a6b9       0x3f lib/lib.a(errno.o)
 .debug_info    0x000000000001a6f8      0x400 lib/lib.a(write.o)
 .debug_info    0x000000000001aaf8      0x3ce lib/lib.a(dup.o)
 .debug_info    0x000000000001aec6      0x3cb lib/lib.a(setsid.o)
 .debug_info    0x000000000001b291      0x3fc lib/lib.a(execve.o)
 .debug_info    0x000000000001b68d      0x428 lib/lib.a(wait.o)
 .debug_info    0x000000000001bab5      0x705 lib/lib.a(string.o)
 .debug_info    0x000000000001c1ba      0x98a lib/lib.a(random.o)
 .debug_info    0x000000000001cb44      0x6fa lib/lib.a(crypt.o)

.debug_abbrev   0x0000000000000000     0x480e
 *(.debug_abbrev)
 .debug_abbrev  0x0000000000000000      0x1e8 init/main.o
 .debug_abbrev  0x00000000000001e8     0x18f1 kernel/kernel.o
 .debug_abbrev  0x0000000000001ad9      0x1af mm/mm.o
 .debug_abbrev  0x0000000000001c88     0x223e fs/fs.o
 .debug_abbrev  0x0000000000003ec6       0x42 lib/lib.a(ctype.o)
 .debug_abbrev  0x0000000000003f08       0xa3 lib/lib.a(_exit.o)
 .debug_abbrev  0x0000000000003fab       0xdc lib/lib.a(open.o)
 .debug_abbrev  0x0000000000004087       0xb4 lib/lib.a(close.o)
 .debug_abbrev  0x000000000000413b       0x30 lib/lib.a(errno.o)
 .debug_abbrev  0x000000000000416b       0xd7 lib/lib.a(write.o)
 .debug_abbrev  0x0000000000004242       0xb4 lib/lib.a(dup.o)
 .debug_abbrev  0x00000000000042f6       0xb2 lib/lib.a(setsid.o)
 .debug_abbrev  0x00000000000043a8       0xbb lib/lib.a(execve.o)
 .debug_abbrev  0x0000000000004463       0xd0 lib/lib.a(wait.o)
 .debug_abbrev  0x0000000000004533      0x128 lib/lib.a(string.o)
 .debug_abbrev  0x000000000000465b       0xe9 lib/lib.a(random.o)
 .debug_abbrev  0x0000000000004744       0xca lib/lib.a(crypt.o)

.debug_line     0x0000000000000000     0x3bc2
 *(.debug_line)
 .debug_line    0x0000000000000000      0x128 init/main.o
 .debug_line    0x0000000000000128     0x162f kernel/kernel.o
 .debug_line    0x0000000000001757      0x122 mm/mm.o
 .debug_line    0x0000000000001879     0x1ce9 fs/fs.o
 .debug_line    0x0000000000003562       0x28 lib/lib.a(ctype.o)
 .debug_line    0x000000000000358a       0x50 lib/lib.a(_exit.o)
 .debug_line    0x00000000000035da       0x76 lib/lib.a(open.o)
 .debug_line    0x0000000000003650       0x6e lib/lib.a(close.o)
 .debug_line    0x00000000000036be       0x28 lib/lib.a(errno.o)
 .debug_line    0x00000000000036e6       0x8c lib/lib.a(write.o)
 .debug_line    0x0000000000003772       0x6c lib/lib.a(dup.o)
 .debug_line    0x00000000000037de       0x88 lib/lib.a(setsid.o)
 .debug_line    0x0000000000003866       0x73 lib/lib.a(execve.o)
 .debug_line    0x00000000000038d9       0x90 lib/lib.a(wait.o)
 .debug_line    0x0000000000003969       0xc1 lib/lib.a(string.o)
 .debug_line    0x0000000000003a2a       0x9d lib/lib.a(random.o)
 .debug_line    0x0000000000003ac7       0xfb lib/lib.a(crypt.o)

.debug_frame
 *(.debug_frame)

.debug_str      0x0000000000000000     0x1b3c
 *(.debug_str)
 .debug_str     0x0000000000000000      0x444 init/main.o
                                        0x4f8 (size before relaxing)
 .debug_str     0x0000000000000444      0xb97 kernel/kernel.o
                                       0x3711 (size before relaxing)
 .debug_str     0x0000000000000fdb      0x126 mm/mm.o
                                        0x1c1 (size before relaxing)
 .debug_str     0x0000000000001101      0x953 fs/fs.o
                                       0x5b3a (size before relaxing)
 .debug_str     0x0000000000001a54       0x26 lib/lib.a(ctype.o)
                                         0x66 (size before relaxing)
 .debug_str     0x0000000000001a7a        0x8 lib/lib.a(_exit.o)
                                        0x284 (size before relaxing)
 .debug_str     0x0000000000000000        0x8 lib/lib.a(open.o)
                                        0x294 (size before relaxing)
 .debug_str     0x0000000000001a82        0x8 lib/lib.a(close.o)
                                        0x286 (size before relaxing)
 .debug_str     0x0000000000001a8a        0x8 lib/lib.a(errno.o)
                                         0x38 (size before relaxing)
 .debug_str     0x0000000000000000        0x8 lib/lib.a(write.o)
                                        0x292 (size before relaxing)
 .debug_str     0x0000000000001a92        0x6 lib/lib.a(dup.o)
                                        0x27e (size before relaxing)
 .debug_str     0x0000000000001a98        0x9 lib/lib.a(setsid.o)
                                        0x28e (size before relaxing)
 .debug_str     0x0000000000001aa1        0x9 lib/lib.a(execve.o)
                                        0x297 (size before relaxing)
 .debug_str     0x0000000000001aaa       0x11 lib/lib.a(wait.o)
                                        0x2a4 (size before relaxing)
 .debug_str     0x0000000000001abb       0x6b lib/lib.a(string.o)
                                         0xec (size before relaxing)
 .debug_str     0x0000000000001b26        0xe lib/lib.a(random.o)
                                        0x458 (size before relaxing)
 .debug_str     0x0000000000001b34        0x8 lib/lib.a(crypt.o)
                                        0x30d (size before relaxing)

.debug_loc      0x0000000000000000     0xba41
 *(.debug_loc)
 .debug_loc     0x0000000000000000      0x256 init/main.o
 .debug_loc     0x0000000000000256     0x440b kernel/kernel.o
 .debug_loc     0x0000000000004661      0x640 mm/mm.o
 .debug_loc     0x0000000000004ca1     0x6461 fs/fs.o
 .debug_loc     0x000000000000b102       0x2c lib/lib.a(_exit.o)
 .debug_loc     0x000000000000b12e       0x3f lib/lib.a(open.o)
 .debug_loc     0x000000000000b16d       0x3f lib/lib.a(close.o)
 .debug_loc     0x000000000000b1ac       0x57 lib/lib.a(write.o)
 .debug_loc     0x000000000000b203       0x3f lib/lib.a(dup.o)
 .debug_loc     0x000000000000b242       0x13 lib/lib.a(setsid.o)
 .debug_loc     0x000000000000b255       0x57 lib/lib.a(execve.o)
 .debug_loc     0x000000000000b2ac       0x83 lib/lib.a(wait.o)
 .debug_loc     0x000000000000b32f      0x3a6 lib/lib.a(string.o)
 .debug_loc     0x000000000000b6d5      0x36c lib/lib.a(crypt.o)

.debug_macinfo
 *(.debug_macinfo)

.debug_weaknames
 *(.debug_weaknames)

.debug_funcnames
 *(.debug_funcnames)

.debug_typenames
 *(.debug_typenames)

.debug_varnames
 *(.debug_varnames)

.debug_pubtypes
 *(.debug_pubtypes)

.debug_ranges   0x0000000000000000      0x428
 *(.debug_ranges)
 .debug_ranges  0x0000000000000000      0x120 kernel/kernel.o
 .debug_ranges  0x0000000000000120      0x308 fs/fs.o

.gnu.attributes
 *(.gnu.attributes)

/DISCARD/
 *(.note.GNU-stack)
 *(.gnu_debuglink)
 *(.gnu.lto_*)
OUTPUT(tools/system elf32-i386)
