Archive member included because of file (symbol)

lib/lib.a(ctype.o)            kernel/kernel.o (_ctype)
lib/lib.a(_exit.o)            init/main.o (_exit)
lib/lib.a(open.o)             init/main.o (open)
lib/lib.a(close.o)            init/main.o (close)
lib/lib.a(errno.o)            init/main.o (errno)
lib/lib.a(write.o)            init/main.o (write)
lib/lib.a(dup.o)              init/main.o (dup)
lib/lib.a(setsid.o)           init/main.o (setsid)
lib/lib.a(execve.o)           init/main.o (execve)
lib/lib.a(wait.o)             init/main.o (wait)
lib/lib.a(string.o)           kernel/kernel.o (strcpy)
lib/lib.a(crypt.o)            kernel/kernel.o (isencr)
lib/lib.a(random.o)           kernel/kernel.o (rand)
lib/lib.a(encrlst.o)          lib/lib.a(crypt.o) (encrlst)
lib/lib.a(lstent.o)           lib/lib.a(crypt.o) (lstent)
lib/lib.a(read.o)             lib/lib.a(crypt.o) (read)

Allocating common symbols
Common symbol       size              file

gkey                0x80              kernel/kernel.o
errno               0x4               lib/lib.a(errno.o)
hash_table          0x4cc             fs/fs.o
___strtok           0x4               lib/lib.a(string.o)
enclst              0x800             kernel/kernel.o
user_stack          0x1000            kernel/kernel.o
_ctmp               0x1               lib/lib.a(ctype.o)
super_block         0x340             fs/fs.o
file_table          0x400             fs/fs.o

Discarded input sections

 .note.GNU-stack
                0x0000000000000000        0x0 init/main.o
 .note.GNU-stack
                0x0000000000000000        0x0 kernel/kernel.o
 .note.GNU-stack
                0x0000000000000000        0x0 mm/mm.o
 .note.GNU-stack
                0x0000000000000000        0x0 fs/fs.o
 .note.GNU-stack
                0x0000000000000000        0x0 lib/lib.a(ctype.o)
 .note.GNU-stack
                0x0000000000000000        0x0 lib/lib.a(_exit.o)
 .note.GNU-stack
                0x0000000000000000        0x0 lib/lib.a(open.o)
 .note.GNU-stack
                0x0000000000000000        0x0 lib/lib.a(close.o)
 .note.GNU-stack
                0x0000000000000000        0x0 lib/lib.a(errno.o)
 .note.GNU-stack
                0x0000000000000000        0x0 lib/lib.a(write.o)
 .note.GNU-stack
                0x0000000000000000        0x0 lib/lib.a(dup.o)
 .note.GNU-stack
                0x0000000000000000        0x0 lib/lib.a(setsid.o)
 .note.GNU-stack
                0x0000000000000000        0x0 lib/lib.a(execve.o)
 .note.GNU-stack
                0x0000000000000000        0x0 lib/lib.a(wait.o)
 .note.GNU-stack
                0x0000000000000000        0x0 lib/lib.a(string.o)
 .note.GNU-stack
                0x0000000000000000        0x0 lib/lib.a(crypt.o)
 .note.GNU-stack
                0x0000000000000000        0x0 lib/lib.a(random.o)
 .note.GNU-stack
                0x0000000000000000        0x0 lib/lib.a(encrlst.o)
 .note.GNU-stack
                0x0000000000000000        0x0 lib/lib.a(lstent.o)
 .note.GNU-stack
                0x0000000000000000        0x0 lib/lib.a(read.o)

Memory Configuration

Name             Origin             Length             Attributes
*default*        0x0000000000000000 0xffffffffffffffff

Linker script and memory map

Address of section .text set to 0x0
LOAD boot/head.o
LOAD init/main.o
LOAD kernel/kernel.o
LOAD mm/mm.o
LOAD fs/fs.o
LOAD lib/lib.a
                0x0000000008048000                PROVIDE (__executable_start, 0x8048000)
                0x0000000008048094                . = (0x8048000 + SIZEOF_HEADERS)

.interp
 *(.interp)

.note.gnu.build-id
 *(.note.gnu.build-id)

.hash
 *(.hash)

.gnu.hash
 *(.gnu.hash)

.dynsym
 *(.dynsym)

.dynstr
 *(.dynstr)

.gnu.version
 *(.gnu.version)

.gnu.version_d
 *(.gnu.version_d)

.gnu.version_r
 *(.gnu.version_r)

.rel.dyn        0x0000000008048094        0x0
 *(.rel.init)
 *(.rel.text .rel.text.* .rel.gnu.linkonce.t.*)
 .rel.text      0x0000000000000000        0x0 boot/head.o
 *(.rel.fini)
 *(.rel.rodata .rel.rodata.* .rel.gnu.linkonce.r.*)
 *(.rel.data.rel.ro* .rel.gnu.linkonce.d.rel.ro.*)
 *(.rel.data .rel.data.* .rel.gnu.linkonce.d.*)
 .rel.data      0x0000000000000000        0x0 boot/head.o
 *(.rel.tdata .rel.tdata.* .rel.gnu.linkonce.td.*)
 *(.rel.tbss .rel.tbss.* .rel.gnu.linkonce.tb.*)
 *(.rel.ctors)
 *(.rel.dtors)
 *(.rel.got)
 *(.rel.bss .rel.bss.* .rel.gnu.linkonce.b.*)
 *(.rel.ifunc)

.rel.plt        0x0000000008048094        0x0
 *(.rel.plt)
                0x0000000008048094                PROVIDE (__rel_iplt_start, .)
 *(.rel.iplt)
 .rel.iplt      0x0000000000000000        0x0 boot/head.o
                0x0000000008048094                PROVIDE (__rel_iplt_end, .)

.init
 *(.init)

.plt            0x00000000080480a0        0x0
 *(.plt)
 *(.iplt)
 .iplt          0x0000000000000000        0x0 boot/head.o

.text           0x0000000000000000     0xff95
 *(.text.unlikely .text.*_unlikely)
 *(.text.exit .text.exit.*)
 *(.text.startup .text.startup.*)
 *(.text.hot .text.hot.*)
 *(.text .stub .text.* .gnu.linkonce.t.*)
 .text          0x0000000000000000     0x5078 boot/head.o
                0x0000000000000000                startup_32
                0x0000000000000000                pg_dir
                0x0000000000004078                idt
                0x0000000000004878                gdt
 *fill*         0x0000000000005078        0x8 90909090
 .text          0x0000000000005080      0x370 init/main.o
                0x00000000000050c1                init
                0x0000000000005232                main
 .text          0x00000000000053f0     0x4ef7 kernel/kernel.o
                0x00000000000053f0                sys_alarm
                0x0000000000005417                sys_getpid
                0x0000000000005423                sys_getppid
                0x000000000000542f                sys_getuid
                0x000000000000543c                sys_geteuid
                0x0000000000005449                sys_getgid
                0x0000000000005456                sys_getegid
                0x0000000000005463                sys_nice
                0x000000000000547c                sys_signal
                0x00000000000054b9                math_state_restore
                0x00000000000054f0                schedule
                0x00000000000055e1                sys_pause
                0x00000000000055f7                sleep_on
                0x0000000000005651                interruptible_sleep_on
                0x00000000000056bb                wake_up
                0x00000000000056d7                do_timer
                0x000000000000571d                sched_init
                0x0000000000005844                system_call
                0x0000000000005936                timer_interrupt
                0x000000000000596e                sys_execve
                0x000000000000597c                sys_fork
                0x0000000000005994                hd_interrupt
                0x0000000000005b41                do_double_fault
                0x0000000000005b5a                do_general_protection
                0x0000000000005b73                do_divide_error
                0x0000000000005b8c                do_int3
                0x0000000000005c44                do_nmi
                0x0000000000005c5d                do_debug
                0x0000000000005c76                do_overflow
                0x0000000000005c8f                do_bounds
                0x0000000000005ca8                do_invalid_op
                0x0000000000005cc1                do_device_not_available
                0x0000000000005cda                do_coprocessor_segment_overrun
                0x0000000000005cf3                do_invalid_TSS
                0x0000000000005d0c                do_segment_not_present
                0x0000000000005d25                do_stack_segment
                0x0000000000005d3e                do_coprocessor_error
                0x0000000000005d57                do_reserved
                0x0000000000005d70                trap_init
                0x0000000000005f2c                divide_error
                0x0000000000005f61                debug
                0x0000000000005f68                nmi
                0x0000000000005f6f                int3
                0x0000000000005f76                overflow
                0x0000000000005f7d                bounds
                0x0000000000005f84                invalid_op
                0x0000000000005f93                device_not_available
                0x0000000000005fc0                coprocessor_segment_overrun
                0x0000000000005fca                reserved
                0x0000000000005fd4                coprocessor_error
                0x0000000000005fde                double_fault
                0x0000000000006015                invalid_TSS
                0x000000000000601c                segment_not_present
                0x0000000000006023                stack_segment
                0x000000000000602a                general_protection
                0x0000000000006034                verify_area
                0x0000000000006099                copy_mem
                0x000000000000618f                copy_process
                0x000000000000641e                find_empty_process
                0x0000000000006480                panic
                0x000000000000649c                printk
                0x0000000000006726                vsprintf
                0x0000000000006a90                tty_init
                0x0000000000006aa1                tty_intr
                0x0000000000006ae6                copy_to_cooked
                0x0000000000006d66                tty_read
                0x000000000000702c                tty_write
                0x0000000000007209                do_tty_interrupt
                0x0000000000007435                csi_m
                0x0000000000007490                con_write
                0x0000000000007dfa                con_init
                0x0000000000007e83                keyboard_interrupt
                0x0000000000008658                rs1_interrupt
                0x0000000000008660                rs2_interrupt
                0x0000000000008dc9                rw_hd
                0x0000000000008e72                sys_setup
                0x0000000000008f71                unexpected_hd_interrupt
                0x0000000000008f84                hd_init
                0x0000000000009000                sys_ftime
                0x0000000000009006                sys_mknod
                0x000000000000900c                sys_break
                0x0000000000009012                sys_mount
                0x0000000000009018                sys_umount
                0x000000000000901e                sys_ustat
                0x0000000000009024                sys_ptrace
                0x000000000000902a                sys_stty
                0x0000000000009030                sys_gtty
                0x0000000000009036                sys_rename
                0x000000000000903c                sys_prof
                0x0000000000009042                sys_setgid
                0x000000000000909f                sys_acct
                0x00000000000090a5                sys_phys
                0x00000000000090ab                sys_lock
                0x00000000000090b1                sys_mpx
                0x00000000000090b7                sys_ulimit
                0x00000000000090bd                sys_time
                0x0000000000009110                sys_setuid
                0x0000000000009169                sys_stime
                0x00000000000091b6                sys_times
                0x000000000000920f                sys_brk
                0x0000000000009242                sys_setpgid
                0x00000000000092b7                sys_getpgrp
                0x00000000000092c3                sys_setsid
                0x0000000000009318                sys_oldolduname
                0x0000000000009330                sys_uname
                0x000000000000937d                sys_umask
                0x000000000000939b                sys_null
                0x00000000000093bd                sys_keyset
                0x00000000000093ff                sys_keyclear
                0x0000000000009427                sys_keygen
                0x00000000000095ba                sys_encr
                0x00000000000098ad                sys_decr
                0x0000000000009b3f                sys_encrlst
                0x0000000000009b6e                sys_decrlst
                0x0000000000009b7d                sys_lstent
                0x0000000000009ba4                sys_uisencr
                0x0000000000009bc0                release
                0x0000000000009c1a                do_kill
                0x0000000000009e93                sys_kill
                0x0000000000009ec9                do_exit
                0x000000000000a05c                sys_exit
                0x000000000000a077                sys_waitpid
                0x000000000000a1fe                rs_init
                0x000000000000a256                rs_write
                0x000000000000a280                kernel_mktime
 *fill*         0x000000000000a2e7        0x1 90909090
 .text          0x000000000000a2e8      0x517 mm/mm.o
                0x000000000000a2e8                invalidate
                0x000000000000a2f1                copy_page
                0x000000000000a316                get_free_page
                0x000000000000a34e                free_page
                0x000000000000a3ae                free_page_tables
                0x000000000000a45e                copy_page_tables
                0x000000000000a558                put_page
                0x000000000000a605                un_wp_page
                0x000000000000a695                do_wp_page
                0x000000000000a6c5                write_verify
                0x000000000000a704                do_no_page
                0x000000000000a734                calc_mem
                0x000000000000a7c8                page_fault
 *fill*         0x000000000000a7ff        0x1 90909090
 .text          0x000000000000a800     0x4f5c fs/fs.o
                0x000000000000a800                sys_utime
                0x000000000000a869                sys_access
                0x000000000000a900                sys_chdir
                0x000000000000a963                sys_chroot
                0x000000000000a9c6                sys_chmod
                0x000000000000aa5b                sys_chown
                0x000000000000aac2                sys_open
                0x000000000000ac56                sys_creat
                0x000000000000ac79                sys_close
                0x000000000000ad00                sys_lseek
                0x000000000000adbc                sys_read
                0x000000000000af19                sys_write
                0x000000000000b43b                sync_inodes
                0x000000000000b485                bmap
                0x000000000000b49e                create_block
                0x000000000000b4b7                iput
                0x000000000000b5a5                get_empty_inode
                0x000000000000b693                get_pipe_inode
                0x000000000000b6da                iget
                0x000000000000b8c7                sys_sync
                0x000000000000b92f                brelse
                0x000000000000b981                get_hash_table
                0x000000000000b9e0                getblk
                0x000000000000bc7f                bread
                0x000000000000bcd9                buffer_init
                0x000000000000bd74                do_mount
                0x000000000000bf7f                mount_root
                0x000000000000c0d0                block_write
                0x000000000000c1b3                block_read
                0x000000000000c28a                ll_rw_block
                0x000000000000c353                rw_char
                0x000000000000c3c4                file_read
                0x000000000000c56f                file_write
                0x000000000000c80e                sys_stat
                0x000000000000c853                sys_lstat
                0x000000000000c86e                sys_fstat
                0x000000000000c8b1                sys_stat64
                0x000000000000c8f6                sys_fstat64
                0x000000000000c939                sys_lstat64
                0x000000000000c954                sys_oldstat
                0x000000000000c96c                sys_oldfstat
                0x000000000000cab4                cp_block
                0x000000000000cae9                is_valid_elf
                0x000000000000cb2e                read_file_block_ind
                0x000000000000cbc3                read_file_block
                0x000000000000ccc2                copy_section
                0x000000000000cdb0                create_bss_section
                0x000000000000cdd6                load_elf_binary
                0x000000000000cfe1                do_execve
                0x000000000000d474                read_pipe
                0x000000000000d50d                write_pipe
                0x000000000000d606                sys_pipe
                0x000000000000dc39                namei
                0x000000000000dcef                open_namei
                0x000000000000df55                sys_mkdir
                0x000000000000e20a                sys_rmdir
                0x000000000000e57c                sys_unlink
                0x000000000000e718                sys_link
                0x000000000000e8c0                free_block
                0x000000000000e9fb                new_block
                0x000000000000eb7e                free_inode
                0x000000000000ecaa                new_inode
                0x000000000000ee8a                sys_dup2
                0x000000000000eeaa                sys_dup
                0x000000000000eeba                sys_fcntl
                0x000000000000ef77                sys_fcntl64
                0x000000000000efcc                sys_ioctl
                0x000000000000f069                tty_ioctl
                0x000000000000f335                truncate
                0x000000000000f440                sys_getdents
                0x000000000000f5ce                sys_getdents64
 .text          0x000000000000f75c        0x0 lib/lib.a(ctype.o)
 .text          0x000000000000f75c        0xe lib/lib.a(_exit.o)
                0x000000000000f75c                _exit
 *fill*         0x000000000000f76a        0x2 90909090
 .text          0x000000000000f76c       0x3d lib/lib.a(open.o)
                0x000000000000f76c                open
 *fill*         0x000000000000f7a9        0x3 90909090
 .text          0x000000000000f7ac       0x23 lib/lib.a(close.o)
                0x000000000000f7ac                close
 *fill*         0x000000000000f7cf        0x1 90909090
 .text          0x000000000000f7d0        0x0 lib/lib.a(errno.o)
 .text          0x000000000000f7d0       0x3d lib/lib.a(write.o)
                0x000000000000f7d0                write
 *fill*         0x000000000000f80d        0x3 90909090
 .text          0x000000000000f810       0x23 lib/lib.a(dup.o)
                0x000000000000f810                dup
 *fill*         0x000000000000f833        0x1 90909090
 .text          0x000000000000f834       0x1e lib/lib.a(setsid.o)
                0x000000000000f834                setsid
 *fill*         0x000000000000f852        0x2 90909090
 .text          0x000000000000f854       0x3d lib/lib.a(execve.o)
                0x000000000000f854                execve
 *fill*         0x000000000000f891        0x3 90909090
 .text          0x000000000000f894       0x60 lib/lib.a(wait.o)
                0x000000000000f894                waitpid
                0x000000000000f8d1                wait
 .text          0x000000000000f8f4      0x421 lib/lib.a(string.o)
                0x000000000000f8f4                strcpy
                0x000000000000f91c                strncpy
                0x000000000000f94d                strcat
                0x000000000000f982                strncat
                0x000000000000f9c1                strcmp
                0x000000000000f9ef                strncmp
                0x000000000000fa24                strchr
                0x000000000000fa42                strrchr
                0x000000000000fa63                strspn
                0x000000000000fab0                strcspn
                0x000000000000fafd                strpbrk
                0x000000000000fb42                strstr
                0x000000000000fb87                strlen
                0x000000000000fba0                strtok
                0x000000000000fc31                memcpy
                0x000000000000fc57                memmove
                0x000000000000fca5                memcmp
                0x000000000000fcd9                memchr
                0x000000000000fcff                memset
 *fill*         0x000000000000fd15        0x3 90909090
 .text          0x000000000000fd18      0x17b lib/lib.a(crypt.o)
                0x000000000000fd51                renclst
                0x000000000000fe14                wenclst
                0x000000000000fe84                isencr
 *fill*         0x000000000000fe93        0x1 90909090
 .text          0x000000000000fe94       0x5c lib/lib.a(random.o)
                0x000000000000fe94                rand
 .text          0x000000000000fef0       0x3d lib/lib.a(encrlst.o)
                0x000000000000fef0                encrlst
 *fill*         0x000000000000ff2d        0x3 90909090
 .text          0x000000000000ff30       0x27 lib/lib.a(lstent.o)
                0x000000000000ff30                lstent
 *fill*         0x000000000000ff57        0x1 90909090
 .text          0x000000000000ff58       0x3d lib/lib.a(read.o)
                0x000000000000ff58                read
 *(.gnu.warning)

.fini
 *(.fini)
                0x000000000000ff95                PROVIDE (__etext, .)
                0x000000000000ff95                PROVIDE (_etext, .)
                0x000000000000ff95                PROVIDE (etext, .)

.rodata         0x000000000000ffa0     0x1033
 *(.rodata .rodata.* .gnu.linkonce.r.*)
 .rodata.str1.1
                0x000000000000ffa0       0x68 init/main.o
 .rodata.str1.4
                0x0000000000010008       0x25 init/main.o
 *fill*         0x000000000001002d       0x13 00
 .rodata        0x0000000000010040      0x270 kernel/kernel.o
 .rodata.str1.1
                0x00000000000102b0      0x283 kernel/kernel.o
                                        0x289 (size before relaxing)
 *fill*         0x0000000000010533        0x1 00
 .rodata.str1.4
                0x0000000000010534      0x1fc kernel/kernel.o
 .rodata.str1.4
                0x0000000000010730       0xe9 mm/mm.o
 .rodata.str1.1
                0x0000000000010819       0x68 mm/mm.o
 *fill*         0x0000000000010881       0x1f 00
 .rodata        0x00000000000108a0       0xc4 fs/fs.o
 .rodata.str1.1
                0x0000000000010964      0x32c fs/fs.o
                                        0x332 (size before relaxing)
 .rodata.str1.4
                0x0000000000010c90      0x334 fs/fs.o
 .rodata.str1.1
                0x0000000000010fc4        0xf lib/lib.a(crypt.o)

.rodata1
 *(.rodata1)

.eh_frame_hdr
 *(.eh_frame_hdr)

.eh_frame       0x0000000000010fd4     0x2388
 *(.eh_frame)
 .eh_frame      0x0000000000010fd4       0x74 init/main.o
 .eh_frame      0x0000000000011048      0xe08 kernel/kernel.o
                                        0xf40 (size before relaxing)
 .eh_frame      0x0000000000011e50      0x1a8 mm/mm.o
                                        0x1c0 (size before relaxing)
 .eh_frame      0x0000000000011ff8      0xf10 fs/fs.o
                                       0x10c0 (size before relaxing)
 .eh_frame      0x0000000000012f08       0x1c lib/lib.a(_exit.o)
                                         0x34 (size before relaxing)
 .eh_frame      0x0000000000012f24       0x20 lib/lib.a(open.o)
                                         0x38 (size before relaxing)
 .eh_frame      0x0000000000012f44       0x1c lib/lib.a(close.o)
                                         0x34 (size before relaxing)
 .eh_frame      0x0000000000012f60       0x20 lib/lib.a(write.o)
                                         0x38 (size before relaxing)
 .eh_frame      0x0000000000012f80       0x1c lib/lib.a(dup.o)
                                         0x34 (size before relaxing)
 .eh_frame      0x0000000000012f9c       0x14 lib/lib.a(setsid.o)
                                         0x2c (size before relaxing)
 .eh_frame      0x0000000000012fb0       0x20 lib/lib.a(execve.o)
                                         0x38 (size before relaxing)
 .eh_frame      0x0000000000012fd0       0x38 lib/lib.a(wait.o)
                                         0x50 (size before relaxing)
 .eh_frame      0x0000000000013008      0x25c lib/lib.a(string.o)
                                        0x274 (size before relaxing)
 .eh_frame      0x0000000000013264       0x88 lib/lib.a(crypt.o)
                                         0xa0 (size before relaxing)
 .eh_frame      0x00000000000132ec       0x14 lib/lib.a(random.o)
                                         0x2c (size before relaxing)
 .eh_frame      0x0000000000013300       0x20 lib/lib.a(encrlst.o)
                                         0x38 (size before relaxing)
 .eh_frame      0x0000000000013320       0x1c lib/lib.a(lstent.o)
                                         0x34 (size before relaxing)
 .eh_frame      0x000000000001333c       0x20 lib/lib.a(read.o)
                                         0x38 (size before relaxing)

.gcc_except_table
 *(.gcc_except_table .gcc_except_table.*)

.exception_ranges
 *(.exception_ranges .exception_ranges*)
                0x000000000001335c                . = (ALIGN (0x1000) - ((0x1000 - .) & 0xfff))
                0x000000000001435c                . = DATA_SEGMENT_ALIGN (0x1000, 0x1000)

.eh_frame
 *(.eh_frame)

.gcc_except_table
 *(.gcc_except_table .gcc_except_table.*)

.exception_ranges
 *(.exception_ranges .exception_ranges*)

.tdata
 *(.tdata .tdata.* .gnu.linkonce.td.*)

.tbss
 *(.tbss .tbss.* .gnu.linkonce.tb.*)
 *(.tcommon)

.preinit_array  0x000000000001435c        0x0
                0x000000000001435c                PROVIDE (__preinit_array_start, .)
 *(.preinit_array)
                0x000000000001435c                PROVIDE (__preinit_array_end, .)

.init_array     0x000000000001435c        0x0
                0x000000000001435c                PROVIDE (__init_array_start, .)
 *(SORT(.init_array.*) SORT(.ctors.*))
 *(.init_array)
 *(EXCLUDE_FILE(*crtend?.o *crtend.o *crtbegin?.o *crtbegin.o) .ctors)
                0x000000000001435c                PROVIDE (__init_array_end, .)

.fini_array     0x000000000001435c        0x0
                0x000000000001435c                PROVIDE (__fini_array_start, .)
 *(SORT(.fini_array.*) SORT(.dtors.*))
 *(.fini_array)
 *(EXCLUDE_FILE(*crtend?.o *crtend.o *crtbegin?.o *crtbegin.o) .dtors)
                0x000000000001435c                PROVIDE (__fini_array_end, .)

.ctors
 *crtbegin.o(.ctors)
 *crtbegin?.o(.ctors)
 *(EXCLUDE_FILE(*crtend?.o *crtend.o) .ctors)
 *(SORT(.ctors.*))
 *(.ctors)

.dtors
 *crtbegin.o(.dtors)
 *crtbegin?.o(.dtors)
 *(EXCLUDE_FILE(*crtend?.o *crtend.o) .dtors)
 *(SORT(.dtors.*))
 *(.dtors)

.jcr
 *(.jcr)

.data.rel.ro
 *(.data.rel.ro.local* .gnu.linkonce.d.rel.ro.local.*)
 *(.data.rel.ro* .gnu.linkonce.d.rel.ro.*)

.dynamic
 *(.dynamic)

.got
 *(.got)
 *(.igot)
                0x000000000001435c                . = DATA_SEGMENT_RELRO_END (., 0xc)

.got.plt        0x000000000001435c        0x0
 *(.got.plt)
 *(.igot.plt)
 .igot.plt      0x0000000000000000        0x0 boot/head.o

.data           0x0000000000014360     0x3e64
 *(.data .data.* .gnu.linkonce.d.*)
 .data          0x0000000000014360        0x0 boot/head.o
 .data          0x0000000000014360       0x18 init/main.o
 *fill*         0x0000000000014378        0x8 00
 .data          0x0000000000014380     0x3d2c kernel/kernel.o
                0x0000000000014380                stack_start
                0x00000000000143a0                task
                0x00000000000144a0                current
                0x00000000000144c0                sys_call_table
                0x00000000000159c0                table_list
                0x00000000000159e0                tty_table
 .data          0x00000000000180ac        0x0 mm/mm.o
 .data          0x00000000000180ac        0x4 fs/fs.o
                0x00000000000180ac                start_buffer
 *fill*         0x00000000000180b0       0x10 00
 .data          0x00000000000180c0      0x101 lib/lib.a(ctype.o)
                0x00000000000180c0                _ctype
 *fill*         0x00000000000181c1        0x3 00
 .data          0x00000000000181c4        0x0 lib/lib.a(_exit.o)
 .data          0x00000000000181c4        0x0 lib/lib.a(open.o)
 .data          0x00000000000181c4        0x0 lib/lib.a(close.o)
 .data          0x00000000000181c4        0x0 lib/lib.a(errno.o)
 .data          0x00000000000181c4        0x0 lib/lib.a(write.o)
 .data          0x00000000000181c4        0x0 lib/lib.a(dup.o)
 .data          0x00000000000181c4        0x0 lib/lib.a(setsid.o)
 .data          0x00000000000181c4        0x0 lib/lib.a(execve.o)
 .data          0x00000000000181c4        0x0 lib/lib.a(wait.o)
 .data          0x00000000000181c4        0x0 lib/lib.a(string.o)
 .data          0x00000000000181c4        0x0 lib/lib.a(crypt.o)
 .data          0x00000000000181c4        0x0 lib/lib.a(random.o)
 .data          0x00000000000181c4        0x0 lib/lib.a(encrlst.o)
 .data          0x00000000000181c4        0x0 lib/lib.a(lstent.o)
 .data          0x00000000000181c4        0x0 lib/lib.a(read.o)

.data1
 *(.data1)
                0x00000000000181c4                _edata = .
                0x00000000000181c4                PROVIDE (edata, .)
                0x00000000000181c4                __bss_start = .

.bss            0x00000000000181e0     0x45ac
 *(.dynbss)
 *(.bss .bss.* .gnu.linkonce.b.*)
 .bss           0x00000000000181e0        0x0 boot/head.o
 .bss           0x00000000000181e0      0x400 init/main.o
 .bss           0x00000000000185e0      0x9cc kernel/kernel.o
                0x00000000000185e0                last_task_used_math
                0x00000000000185e4                startup_time
                0x00000000000185e8                jiffies
                0x00000000000185ec                last_pid
                0x0000000000018aa0                do_hd
 *fill*         0x0000000000018fac       0x14 00
 .bss           0x0000000000018fc0      0xc00 mm/mm.o
 .bss           0x0000000000019bc0      0x710 fs/fs.o
                0x0000000000019bc0                inode_table
                0x000000000001a2c4                nr_buffers
 .bss           0x000000000001a2d0        0x0 lib/lib.a(ctype.o)
 .bss           0x000000000001a2d0        0x0 lib/lib.a(_exit.o)
 .bss           0x000000000001a2d0        0x0 lib/lib.a(open.o)
 .bss           0x000000000001a2d0        0x0 lib/lib.a(close.o)
 .bss           0x000000000001a2d0        0x0 lib/lib.a(errno.o)
 .bss           0x000000000001a2d0        0x0 lib/lib.a(write.o)
 .bss           0x000000000001a2d0        0x0 lib/lib.a(dup.o)
 .bss           0x000000000001a2d0        0x0 lib/lib.a(setsid.o)
 .bss           0x000000000001a2d0        0x0 lib/lib.a(execve.o)
 .bss           0x000000000001a2d0        0x0 lib/lib.a(wait.o)
 .bss           0x000000000001a2d0        0x0 lib/lib.a(string.o)
 .bss           0x000000000001a2d0        0x4 lib/lib.a(crypt.o)
 .bss           0x000000000001a2d4        0x4 lib/lib.a(random.o)
 .bss           0x000000000001a2d8        0x0 lib/lib.a(encrlst.o)
 .bss           0x000000000001a2d8        0x0 lib/lib.a(lstent.o)
 .bss           0x000000000001a2d8        0x0 lib/lib.a(read.o)
 *(COMMON)
 *fill*         0x000000000001a2d8        0x8 00
 COMMON         0x000000000001a2e0     0x1880 kernel/kernel.o
                0x000000000001a2e0                gkey
                0x000000000001a360                enclst
                0x000000000001ab60                user_stack
 COMMON         0x000000000001bb60      0xc20 fs/fs.o
                0x000000000001bb60                hash_table
                0x000000000001c040                super_block
                0x000000000001c380                file_table
 COMMON         0x000000000001c780        0x1 lib/lib.a(ctype.o)
                0x000000000001c780                _ctmp
 *fill*         0x000000000001c781        0x3 00
 COMMON         0x000000000001c784        0x4 lib/lib.a(errno.o)
                0x000000000001c784                errno
 COMMON         0x000000000001c788        0x4 lib/lib.a(string.o)
                0x000000000001c788                ___strtok
                0x000000000001c78c                . = ALIGN ((. != 0x0)?0x4:0x1)
                0x000000000001c78c                . = ALIGN (0x4)
                0x000000000001c78c                . = ALIGN (0x4)
                0x000000000001c78c                _end = .
                0x000000000001c78c                PROVIDE (end, .)
                0x000000000001c78c                . = DATA_SEGMENT_END (.)

.stab
 *(.stab)

.stabstr
 *(.stabstr)

.stab.excl
 *(.stab.excl)

.stab.exclstr
 *(.stab.exclstr)

.stab.index
 *(.stab.index)

.stab.indexstr
 *(.stab.indexstr)

.comment        0x0000000000000000       0x2a
 *(.comment)
 .comment       0x0000000000000000       0x2a init/main.o
                                         0x2b (size before relaxing)
 .comment       0x0000000000000000      0x22f kernel/kernel.o
 .comment       0x0000000000000000       0x2b mm/mm.o
 .comment       0x0000000000000000      0x331 fs/fs.o
 .comment       0x0000000000000000       0x2b lib/lib.a(ctype.o)
 .comment       0x0000000000000000       0x2b lib/lib.a(_exit.o)
 .comment       0x0000000000000000       0x2b lib/lib.a(open.o)
 .comment       0x0000000000000000       0x2b lib/lib.a(close.o)
 .comment       0x0000000000000000       0x2b lib/lib.a(errno.o)
 .comment       0x0000000000000000       0x2b lib/lib.a(write.o)
 .comment       0x0000000000000000       0x2b lib/lib.a(dup.o)
 .comment       0x0000000000000000       0x2b lib/lib.a(setsid.o)
 .comment       0x0000000000000000       0x2b lib/lib.a(execve.o)
 .comment       0x0000000000000000       0x2b lib/lib.a(wait.o)
 .comment       0x0000000000000000       0x2b lib/lib.a(string.o)
 .comment       0x0000000000000000       0x2b lib/lib.a(crypt.o)
 .comment       0x0000000000000000       0x2b lib/lib.a(random.o)
 .comment       0x0000000000000000       0x2b lib/lib.a(encrlst.o)
 .comment       0x0000000000000000       0x2b lib/lib.a(lstent.o)
 .comment       0x0000000000000000       0x2b lib/lib.a(read.o)

.debug
 *(.debug)

.line
 *(.line)

.debug_srcinfo
 *(.debug_srcinfo)

.debug_sfnames
 *(.debug_sfnames)

.debug_aranges  0x0000000000000000      0x5e0
 *(.debug_aranges)
 .debug_aranges
                0x0000000000000000       0x20 init/main.o
 .debug_aranges
                0x0000000000000020      0x1a0 kernel/kernel.o
 .debug_aranges
                0x00000000000001c0       0x20 mm/mm.o
 .debug_aranges
                0x00000000000001e0      0x240 fs/fs.o
 .debug_aranges
                0x0000000000000420       0x20 lib/lib.a(_exit.o)
 .debug_aranges
                0x0000000000000440       0x20 lib/lib.a(open.o)
 .debug_aranges
                0x0000000000000460       0x20 lib/lib.a(close.o)
 .debug_aranges
                0x0000000000000480       0x20 lib/lib.a(write.o)
 .debug_aranges
                0x00000000000004a0       0x20 lib/lib.a(dup.o)
 .debug_aranges
                0x00000000000004c0       0x20 lib/lib.a(setsid.o)
 .debug_aranges
                0x00000000000004e0       0x20 lib/lib.a(execve.o)
 .debug_aranges
                0x0000000000000500       0x20 lib/lib.a(wait.o)
 .debug_aranges
                0x0000000000000520       0x20 lib/lib.a(string.o)
 .debug_aranges
                0x0000000000000540       0x20 lib/lib.a(crypt.o)
 .debug_aranges
                0x0000000000000560       0x20 lib/lib.a(random.o)
 .debug_aranges
                0x0000000000000580       0x20 lib/lib.a(encrlst.o)
 .debug_aranges
                0x00000000000005a0       0x20 lib/lib.a(lstent.o)
 .debug_aranges
                0x00000000000005c0       0x20 lib/lib.a(read.o)

.debug_pubnames
 *(.debug_pubnames)

.debug_info     0x0000000000000000    0x1c105
 *(.debug_info .gnu.linkonce.wi.*)
 .debug_info    0x0000000000000000      0xccf init/main.o
 .debug_info    0x0000000000000ccf     0x8e66 kernel/kernel.o
 .debug_info    0x0000000000009b35      0x4d6 mm/mm.o
 .debug_info    0x000000000000a00b     0xe2ed fs/fs.o
 .debug_info    0x00000000000182f8       0x70 lib/lib.a(ctype.o)
 .debug_info    0x0000000000018368      0x3af lib/lib.a(_exit.o)
 .debug_info    0x0000000000018717      0x403 lib/lib.a(open.o)
 .debug_info    0x0000000000018b1a      0x3ce lib/lib.a(close.o)
 .debug_info    0x0000000000018ee8       0x3f lib/lib.a(errno.o)
 .debug_info    0x0000000000018f27      0x400 lib/lib.a(write.o)
 .debug_info    0x0000000000019327      0x3ce lib/lib.a(dup.o)
 .debug_info    0x00000000000196f5      0x3cb lib/lib.a(setsid.o)
 .debug_info    0x0000000000019ac0      0x3fc lib/lib.a(execve.o)
 .debug_info    0x0000000000019ebc      0x428 lib/lib.a(wait.o)
 .debug_info    0x000000000001a2e4      0x705 lib/lib.a(string.o)
 .debug_info    0x000000000001a9e9      0x29f lib/lib.a(crypt.o)
 .debug_info    0x000000000001ac88      0x8c2 lib/lib.a(random.o)
 .debug_info    0x000000000001b54a      0x3ea lib/lib.a(encrlst.o)
 .debug_info    0x000000000001b934      0x3dc lib/lib.a(lstent.o)
 .debug_info    0x000000000001bd10      0x3f5 lib/lib.a(read.o)

.debug_abbrev   0x0000000000000000     0x48cd
 *(.debug_abbrev)
 .debug_abbrev  0x0000000000000000      0x1d7 init/main.o
 .debug_abbrev  0x00000000000001d7     0x1831 kernel/kernel.o
 .debug_abbrev  0x0000000000001a08      0x1af mm/mm.o
 .debug_abbrev  0x0000000000001bb7     0x213d fs/fs.o
 .debug_abbrev  0x0000000000003cf4       0x42 lib/lib.a(ctype.o)
 .debug_abbrev  0x0000000000003d36       0xa3 lib/lib.a(_exit.o)
 .debug_abbrev  0x0000000000003dd9       0xdc lib/lib.a(open.o)
 .debug_abbrev  0x0000000000003eb5       0xb4 lib/lib.a(close.o)
 .debug_abbrev  0x0000000000003f69       0x30 lib/lib.a(errno.o)
 .debug_abbrev  0x0000000000003f99       0xd7 lib/lib.a(write.o)
 .debug_abbrev  0x0000000000004070       0xb4 lib/lib.a(dup.o)
 .debug_abbrev  0x0000000000004124       0xb2 lib/lib.a(setsid.o)
 .debug_abbrev  0x00000000000041d6       0xbb lib/lib.a(execve.o)
 .debug_abbrev  0x0000000000004291       0xd0 lib/lib.a(wait.o)
 .debug_abbrev  0x0000000000004361      0x128 lib/lib.a(string.o)
 .debug_abbrev  0x0000000000004489      0x116 lib/lib.a(crypt.o)
 .debug_abbrev  0x000000000000459f       0xd8 lib/lib.a(random.o)
 .debug_abbrev  0x0000000000004677       0xc3 lib/lib.a(encrlst.o)
 .debug_abbrev  0x000000000000473a       0xc3 lib/lib.a(lstent.o)
 .debug_abbrev  0x00000000000047fd       0xd0 lib/lib.a(read.o)

.debug_line     0x0000000000000000     0x3a16
 *(.debug_line)
 .debug_line    0x0000000000000000      0x11e init/main.o
 .debug_line    0x000000000000011e     0x1511 kernel/kernel.o
 .debug_line    0x000000000000162f      0x122 mm/mm.o
 .debug_line    0x0000000000001751     0x1b86 fs/fs.o
 .debug_line    0x00000000000032d7       0x28 lib/lib.a(ctype.o)
 .debug_line    0x00000000000032ff       0x50 lib/lib.a(_exit.o)
 .debug_line    0x000000000000334f       0x76 lib/lib.a(open.o)
 .debug_line    0x00000000000033c5       0x6e lib/lib.a(close.o)
 .debug_line    0x0000000000003433       0x28 lib/lib.a(errno.o)
 .debug_line    0x000000000000345b       0x8c lib/lib.a(write.o)
 .debug_line    0x00000000000034e7       0x6c lib/lib.a(dup.o)
 .debug_line    0x0000000000003553       0x88 lib/lib.a(setsid.o)
 .debug_line    0x00000000000035db       0x73 lib/lib.a(execve.o)
 .debug_line    0x000000000000364e       0x90 lib/lib.a(wait.o)
 .debug_line    0x00000000000036de       0xc1 lib/lib.a(string.o)
 .debug_line    0x000000000000379f       0x82 lib/lib.a(crypt.o)
 .debug_line    0x0000000000003821       0x87 lib/lib.a(random.o)
 .debug_line    0x00000000000038a8       0x74 lib/lib.a(encrlst.o)
 .debug_line    0x000000000000391c       0x6f lib/lib.a(lstent.o)
 .debug_line    0x000000000000398b       0x8b lib/lib.a(read.o)

.debug_frame
 *(.debug_frame)

.debug_str      0x0000000000000000     0x1aa8
 *(.debug_str)
 .debug_str     0x0000000000000000      0x3f8 init/main.o
                                        0x4a5 (size before relaxing)
 .debug_str     0x00000000000003f8      0xb27 kernel/kernel.o
                                       0x31d9 (size before relaxing)
 .debug_str     0x0000000000000f1f      0x126 mm/mm.o
                                        0x1c1 (size before relaxing)
 .debug_str     0x0000000000001045      0x941 fs/fs.o
                                       0x53cd (size before relaxing)
 .debug_str     0x0000000000001986       0x26 lib/lib.a(ctype.o)
                                         0x66 (size before relaxing)
 .debug_str     0x00000000000019ac        0x8 lib/lib.a(_exit.o)
                                        0x284 (size before relaxing)
 .debug_str     0x0000000000000000        0x8 lib/lib.a(open.o)
                                        0x294 (size before relaxing)
 .debug_str     0x00000000000019b4        0x8 lib/lib.a(close.o)
                                        0x286 (size before relaxing)
 .debug_str     0x00000000000019bc        0x8 lib/lib.a(errno.o)
                                         0x38 (size before relaxing)
 .debug_str     0x0000000000000000        0x8 lib/lib.a(write.o)
                                        0x292 (size before relaxing)
 .debug_str     0x00000000000019c4        0x6 lib/lib.a(dup.o)
                                        0x27e (size before relaxing)
 .debug_str     0x00000000000019ca        0x9 lib/lib.a(setsid.o)
                                        0x28e (size before relaxing)
 .debug_str     0x00000000000019d3        0x9 lib/lib.a(execve.o)
                                        0x297 (size before relaxing)
 .debug_str     0x00000000000019dc       0x11 lib/lib.a(wait.o)
                                        0x2a4 (size before relaxing)
 .debug_str     0x00000000000019ed       0x6b lib/lib.a(string.o)
                                         0xec (size before relaxing)
 .debug_str     0x0000000000001a58       0x28 lib/lib.a(crypt.o)
                                        0x120 (size before relaxing)
 .debug_str     0x0000000000001a80        0xe lib/lib.a(random.o)
                                        0x3ca (size before relaxing)
 .debug_str     0x0000000000001a8e        0xa lib/lib.a(encrlst.o)
                                        0x296 (size before relaxing)
 .debug_str     0x0000000000001a98        0x9 lib/lib.a(lstent.o)
                                        0x28e (size before relaxing)
 .debug_str     0x0000000000001aa1        0x7 lib/lib.a(read.o)
                                        0x290 (size before relaxing)

.debug_loc      0x0000000000000000     0xb420
 *(.debug_loc)
 .debug_loc     0x0000000000000000      0x256 init/main.o
 .debug_loc     0x0000000000000256     0x4015 kernel/kernel.o
 .debug_loc     0x000000000000426b      0x640 mm/mm.o
 .debug_loc     0x00000000000048ab     0x634b fs/fs.o
 .debug_loc     0x000000000000abf6       0x2c lib/lib.a(_exit.o)
 .debug_loc     0x000000000000ac22       0x3f lib/lib.a(open.o)
 .debug_loc     0x000000000000ac61       0x3f lib/lib.a(close.o)
 .debug_loc     0x000000000000aca0       0x57 lib/lib.a(write.o)
 .debug_loc     0x000000000000acf7       0x3f lib/lib.a(dup.o)
 .debug_loc     0x000000000000ad36       0x13 lib/lib.a(setsid.o)
 .debug_loc     0x000000000000ad49       0x57 lib/lib.a(execve.o)
 .debug_loc     0x000000000000ada0       0x83 lib/lib.a(wait.o)
 .debug_loc     0x000000000000ae23      0x3a6 lib/lib.a(string.o)
 .debug_loc     0x000000000000b1c9      0x16a lib/lib.a(crypt.o)
 .debug_loc     0x000000000000b333       0x57 lib/lib.a(encrlst.o)
 .debug_loc     0x000000000000b38a       0x3f lib/lib.a(lstent.o)
 .debug_loc     0x000000000000b3c9       0x57 lib/lib.a(read.o)

.debug_macinfo
 *(.debug_macinfo)

.debug_weaknames
 *(.debug_weaknames)

.debug_funcnames
 *(.debug_funcnames)

.debug_typenames
 *(.debug_typenames)

.debug_varnames
 *(.debug_varnames)

.debug_pubtypes
 *(.debug_pubtypes)

.debug_ranges   0x0000000000000000      0x428
 *(.debug_ranges)
 .debug_ranges  0x0000000000000000      0x120 kernel/kernel.o
 .debug_ranges  0x0000000000000120      0x308 fs/fs.o

.gnu.attributes
 *(.gnu.attributes)

/DISCARD/
 *(.note.GNU-stack)
 *(.gnu_debuglink)
 *(.gnu.lto_*)
OUTPUT(tools/system elf32-i386)
