Archive member included because of file (symbol)

lib/lib.a(ctype.o)            kernel/kernel.o (_ctype)
lib/lib.a(_exit.o)            init/main.o (_exit)
lib/lib.a(open.o)             init/main.o (open)
lib/lib.a(close.o)            init/main.o (close)
lib/lib.a(errno.o)            init/main.o (errno)
lib/lib.a(write.o)            init/main.o (write)
lib/lib.a(dup.o)              init/main.o (dup)
lib/lib.a(setsid.o)           init/main.o (setsid)
lib/lib.a(execve.o)           init/main.o (execve)
lib/lib.a(wait.o)             init/main.o (wait)
lib/lib.a(string.o)           kernel/kernel.o (strcpy)
lib/lib.a(random.o)           kernel/kernel.o (rand)
lib/lib.a(hash.o)             kernel/kernel.o (hash)
lib/lib.a(crypt.o)            kernel/kernel.o (keyclear)
lib/lib.a(utils.o)            lib/lib.a(crypt.o) (println)
lib/lib.a(read.o)             lib/lib.a(utils.o) (read)

Allocating common symbols
Common symbol       size              file

gkey                0x10              init/main.o
catchkey            0x4               init/main.o
errno               0x4               lib/lib.a(errno.o)
hash_table          0x4cc             fs/fs.o
___strtok           0x4               lib/lib.a(string.o)
tmpindex            0x4               init/main.o
user_stack          0x1000            kernel/kernel.o
_ctmp               0x1               lib/lib.a(ctype.o)
super_block         0x340             fs/fs.o
tmpkey              0x10              init/main.o
enc_list            0x3c              init/main.o
file_table          0x400             fs/fs.o
global_timeout      0x4               init/main.o

Discarded input sections

 .note.GNU-stack
                0x0000000000000000        0x0 init/main.o
 .note.GNU-stack
                0x0000000000000000        0x0 kernel/kernel.o
 .note.GNU-stack
                0x0000000000000000        0x0 mm/mm.o
 .note.GNU-stack
                0x0000000000000000        0x0 fs/fs.o
 .note.GNU-stack
                0x0000000000000000        0x0 lib/lib.a(ctype.o)
 .note.GNU-stack
                0x0000000000000000        0x0 lib/lib.a(_exit.o)
 .note.GNU-stack
                0x0000000000000000        0x0 lib/lib.a(open.o)
 .note.GNU-stack
                0x0000000000000000        0x0 lib/lib.a(close.o)
 .note.GNU-stack
                0x0000000000000000        0x0 lib/lib.a(errno.o)
 .note.GNU-stack
                0x0000000000000000        0x0 lib/lib.a(write.o)
 .note.GNU-stack
                0x0000000000000000        0x0 lib/lib.a(dup.o)
 .note.GNU-stack
                0x0000000000000000        0x0 lib/lib.a(setsid.o)
 .note.GNU-stack
                0x0000000000000000        0x0 lib/lib.a(execve.o)
 .note.GNU-stack
                0x0000000000000000        0x0 lib/lib.a(wait.o)
 .note.GNU-stack
                0x0000000000000000        0x0 lib/lib.a(string.o)
 .note.GNU-stack
                0x0000000000000000        0x0 lib/lib.a(random.o)
 .note.GNU-stack
                0x0000000000000000        0x0 lib/lib.a(hash.o)
 .note.GNU-stack
                0x0000000000000000        0x0 lib/lib.a(crypt.o)
 .note.GNU-stack
                0x0000000000000000        0x0 lib/lib.a(utils.o)
 .note.GNU-stack
                0x0000000000000000        0x0 lib/lib.a(read.o)

Memory Configuration

Name             Origin             Length             Attributes
*default*        0x0000000000000000 0xffffffffffffffff

Linker script and memory map

Address of section .text set to 0x0
LOAD boot/head.o
LOAD init/main.o
LOAD kernel/kernel.o
LOAD mm/mm.o
LOAD fs/fs.o
LOAD lib/lib.a
                0x0000000008048000                PROVIDE (__executable_start, 0x8048000)
                0x0000000008048094                . = (0x8048000 + SIZEOF_HEADERS)

.interp
 *(.interp)

.note.gnu.build-id
 *(.note.gnu.build-id)

.hash
 *(.hash)

.gnu.hash
 *(.gnu.hash)

.dynsym
 *(.dynsym)

.dynstr
 *(.dynstr)

.gnu.version
 *(.gnu.version)

.gnu.version_d
 *(.gnu.version_d)

.gnu.version_r
 *(.gnu.version_r)

.rel.dyn        0x0000000008048094        0x0
 *(.rel.init)
 *(.rel.text .rel.text.* .rel.gnu.linkonce.t.*)
 .rel.text      0x0000000000000000        0x0 boot/head.o
 *(.rel.fini)
 *(.rel.rodata .rel.rodata.* .rel.gnu.linkonce.r.*)
 *(.rel.data.rel.ro* .rel.gnu.linkonce.d.rel.ro.*)
 *(.rel.data .rel.data.* .rel.gnu.linkonce.d.*)
 .rel.data      0x0000000000000000        0x0 boot/head.o
 *(.rel.tdata .rel.tdata.* .rel.gnu.linkonce.td.*)
 *(.rel.tbss .rel.tbss.* .rel.gnu.linkonce.tb.*)
 *(.rel.ctors)
 *(.rel.dtors)
 *(.rel.got)
 *(.rel.bss .rel.bss.* .rel.gnu.linkonce.b.*)
 *(.rel.ifunc)

.rel.plt        0x0000000008048094        0x0
 *(.rel.plt)
                0x0000000008048094                PROVIDE (__rel_iplt_start, .)
 *(.rel.iplt)
 .rel.iplt      0x0000000000000000        0x0 boot/head.o
                0x0000000008048094                PROVIDE (__rel_iplt_end, .)

.init
 *(.init)

.plt            0x00000000080480a0        0x0
 *(.plt)
 *(.iplt)
 .iplt          0x0000000000000000        0x0 boot/head.o

.text           0x0000000000000000    0x10b15
 *(.text.unlikely .text.*_unlikely)
 *(.text.exit .text.exit.*)
 *(.text.startup .text.startup.*)
 *(.text.hot .text.hot.*)
 *(.text .stub .text.* .gnu.linkonce.t.*)
 .text          0x0000000000000000     0x5078 boot/head.o
                0x0000000000000000                startup_32
                0x0000000000000000                pg_dir
                0x0000000000004078                idt
                0x0000000000004878                gdt
 *fill*         0x0000000000005078        0x8 90909090
 .text          0x0000000000005080      0x370 init/main.o
                0x00000000000050c1                init
                0x0000000000005232                main
 .text          0x00000000000053f0     0x4e47 kernel/kernel.o
                0x00000000000053f0                sys_alarm
                0x0000000000005417                sys_getpid
                0x0000000000005423                sys_getppid
                0x000000000000542f                sys_getuid
                0x000000000000543c                sys_geteuid
                0x0000000000005449                sys_getgid
                0x0000000000005456                sys_getegid
                0x0000000000005463                sys_nice
                0x000000000000547c                sys_signal
                0x00000000000054b9                math_state_restore
                0x00000000000054f0                schedule
                0x0000000000005659                sys_pause
                0x0000000000005675                sleep_on
                0x00000000000056cf                interruptible_sleep_on
                0x0000000000005739                wake_up
                0x0000000000005755                do_timer
                0x00000000000057a0                sched_init
                0x00000000000058c8                system_call
                0x00000000000059ba                timer_interrupt
                0x00000000000059f2                sys_execve
                0x0000000000005a00                sys_fork
                0x0000000000005a18                hd_interrupt
                0x0000000000005bc5                do_double_fault
                0x0000000000005bde                do_general_protection
                0x0000000000005bf7                do_divide_error
                0x0000000000005c10                do_int3
                0x0000000000005cc8                do_nmi
                0x0000000000005ce1                do_debug
                0x0000000000005cfa                do_overflow
                0x0000000000005d13                do_bounds
                0x0000000000005d2c                do_invalid_op
                0x0000000000005d45                do_device_not_available
                0x0000000000005d5e                do_coprocessor_segment_overrun
                0x0000000000005d77                do_invalid_TSS
                0x0000000000005d90                do_segment_not_present
                0x0000000000005da9                do_stack_segment
                0x0000000000005dc2                do_coprocessor_error
                0x0000000000005ddb                do_reserved
                0x0000000000005df4                trap_init
                0x0000000000005fb0                divide_error
                0x0000000000005fe5                debug
                0x0000000000005fec                nmi
                0x0000000000005ff3                int3
                0x0000000000005ffa                overflow
                0x0000000000006001                bounds
                0x0000000000006008                invalid_op
                0x0000000000006017                device_not_available
                0x0000000000006044                coprocessor_segment_overrun
                0x000000000000604e                reserved
                0x0000000000006058                coprocessor_error
                0x0000000000006062                double_fault
                0x0000000000006099                invalid_TSS
                0x00000000000060a0                segment_not_present
                0x00000000000060a7                stack_segment
                0x00000000000060ae                general_protection
                0x00000000000060b8                verify_area
                0x000000000000611d                copy_mem
                0x0000000000006213                copy_process
                0x00000000000064ca                find_empty_process
                0x000000000000652c                panic
                0x0000000000006548                printk
                0x00000000000067d6                vsprintf
                0x0000000000006b40                tty_init
                0x0000000000006b51                tty_intr
                0x0000000000006b96                copy_to_cooked
                0x0000000000006e66                tty_read
                0x000000000000712c                tty_write
                0x0000000000007309                do_tty_interrupt
                0x0000000000007535                csi_m
                0x0000000000007590                con_write
                0x0000000000007efa                con_init
                0x0000000000007f83                keyboard_interrupt
                0x0000000000008758                rs1_interrupt
                0x0000000000008760                rs2_interrupt
                0x0000000000008ec9                rw_hd
                0x0000000000008f72                sys_setup
                0x0000000000009071                unexpected_hd_interrupt
                0x0000000000009084                hd_init
                0x0000000000009100                sys_ftime
                0x0000000000009106                sys_mknod
                0x000000000000910c                sys_break
                0x0000000000009112                sys_mount
                0x0000000000009118                sys_umount
                0x000000000000911e                sys_ustat
                0x0000000000009124                sys_ptrace
                0x000000000000912a                sys_stty
                0x0000000000009130                sys_gtty
                0x0000000000009136                sys_rename
                0x000000000000913c                sys_prof
                0x0000000000009142                sys_setgid
                0x000000000000919f                sys_acct
                0x00000000000091a5                sys_phys
                0x00000000000091ab                sys_lock
                0x00000000000091b1                sys_mpx
                0x00000000000091b7                sys_ulimit
                0x00000000000091bd                sys_time
                0x0000000000009210                sys_setuid
                0x0000000000009269                sys_stime
                0x00000000000092b6                sys_times
                0x000000000000930f                sys_brk
                0x0000000000009342                sys_setpgid
                0x00000000000093b7                sys_getpgrp
                0x00000000000093c3                sys_setsid
                0x0000000000009418                sys_oldolduname
                0x0000000000009430                sys_uname
                0x000000000000947d                sys_umask
                0x000000000000949b                sys_null
                0x00000000000094bd                get_inode
                0x00000000000094d1                get_inum
                0x00000000000094e8                isencr
                0x0000000000009531                init_enclst
                0x00000000000095d7                edit_enclst
                0x00000000000096b2                sys_keyset
                0x0000000000009763                sys_keyclear
                0x00000000000097cf                sys_keygen
                0x0000000000009979                sys_keycatch
                0x0000000000009988                sys_keycopy
                0x00000000000099e1                sys_keyget
                0x0000000000009ab1                sys_encr
                0x0000000000009adf                sys_decr
                0x0000000000009b10                release
                0x0000000000009b6a                do_kill
                0x0000000000009de3                sys_kill
                0x0000000000009e19                do_exit
                0x0000000000009fac                sys_exit
                0x0000000000009fc7                sys_waitpid
                0x000000000000a14e                rs_init
                0x000000000000a1a6                rs_write
                0x000000000000a1d0                kernel_mktime
 *fill*         0x000000000000a237        0x1 90909090
 .text          0x000000000000a238      0x517 mm/mm.o
                0x000000000000a238                invalidate
                0x000000000000a241                copy_page
                0x000000000000a266                get_free_page
                0x000000000000a29e                free_page
                0x000000000000a2fe                free_page_tables
                0x000000000000a3ae                copy_page_tables
                0x000000000000a4a8                put_page
                0x000000000000a555                un_wp_page
                0x000000000000a5e5                do_wp_page
                0x000000000000a615                write_verify
                0x000000000000a654                do_no_page
                0x000000000000a684                calc_mem
                0x000000000000a718                page_fault
 *fill*         0x000000000000a74f        0x1 90909090
 .text          0x000000000000a750     0x512c fs/fs.o
                0x000000000000a750                sys_utime
                0x000000000000a7b9                sys_access
                0x000000000000a850                sys_chdir
                0x000000000000a8b3                sys_chroot
                0x000000000000a916                sys_chmod
                0x000000000000a9ab                sys_chown
                0x000000000000aa12                sys_open
                0x000000000000aba6                sys_creat
                0x000000000000abc9                sys_close
                0x000000000000ac50                sys_lseek
                0x000000000000ad0c                sys_read
                0x000000000000ae67                sys_write
                0x000000000000b37b                sync_inodes
                0x000000000000b3c5                bmap
                0x000000000000b3de                create_block
                0x000000000000b3f7                iput
                0x000000000000b4e5                get_empty_inode
                0x000000000000b5d3                get_pipe_inode
                0x000000000000b61a                iget
                0x000000000000b807                sys_sync
                0x000000000000b86f                brelse
                0x000000000000b8c1                get_hash_table
                0x000000000000b920                getblk
                0x000000000000bbbf                bread
                0x000000000000bc19                buffer_init
                0x000000000000bcb4                do_mount
                0x000000000000bebf                mount_root
                0x000000000000c010                block_write
                0x000000000000c0f3                block_read
                0x000000000000c1ca                ll_rw_block
                0x000000000000c293                rw_char
                0x000000000000c304                file_read
                0x000000000000c589                file_write
                0x000000000000c936                sys_stat
                0x000000000000c97b                sys_lstat
                0x000000000000c996                sys_fstat
                0x000000000000c9d9                sys_stat64
                0x000000000000ca1e                sys_fstat64
                0x000000000000ca61                sys_lstat64
                0x000000000000ca7c                sys_oldstat
                0x000000000000ca94                sys_oldfstat
                0x000000000000cbd4                cp_block
                0x000000000000cc09                is_valid_elf
                0x000000000000cc4e                read_file_block_ind
                0x000000000000cce3                read_file_block
                0x000000000000cde2                copy_section
                0x000000000000ced0                create_bss_section
                0x000000000000cef6                load_elf_binary
                0x000000000000d101                do_execve
                0x000000000000d594                read_pipe
                0x000000000000d62d                write_pipe
                0x000000000000d726                sys_pipe
                0x000000000000dd59                namei
                0x000000000000de0f                open_namei
                0x000000000000e075                sys_mkdir
                0x000000000000e32a                sys_rmdir
                0x000000000000e69c                sys_unlink
                0x000000000000e838                sys_link
                0x000000000000e9e0                free_block
                0x000000000000eb1b                new_block
                0x000000000000ec9e                free_inode
                0x000000000000edca                new_inode
                0x000000000000efaa                sys_dup2
                0x000000000000efca                sys_dup
                0x000000000000efda                sys_fcntl
                0x000000000000f097                sys_fcntl64
                0x000000000000f0ec                sys_ioctl
                0x000000000000f189                tty_ioctl
                0x000000000000f455                truncate
                0x000000000000f560                sys_getdents
                0x000000000000f6ee                sys_getdents64
 .text          0x000000000000f87c        0x0 lib/lib.a(ctype.o)
 .text          0x000000000000f87c        0xe lib/lib.a(_exit.o)
                0x000000000000f87c                _exit
 *fill*         0x000000000000f88a        0x2 90909090
 .text          0x000000000000f88c       0x3d lib/lib.a(open.o)
                0x000000000000f88c                open
 *fill*         0x000000000000f8c9        0x3 90909090
 .text          0x000000000000f8cc       0x23 lib/lib.a(close.o)
                0x000000000000f8cc                close
 *fill*         0x000000000000f8ef        0x1 90909090
 .text          0x000000000000f8f0        0x0 lib/lib.a(errno.o)
 .text          0x000000000000f8f0       0x3d lib/lib.a(write.o)
                0x000000000000f8f0                write
 *fill*         0x000000000000f92d        0x3 90909090
 .text          0x000000000000f930       0x23 lib/lib.a(dup.o)
                0x000000000000f930                dup
 *fill*         0x000000000000f953        0x1 90909090
 .text          0x000000000000f954       0x1e lib/lib.a(setsid.o)
                0x000000000000f954                setsid
 *fill*         0x000000000000f972        0x2 90909090
 .text          0x000000000000f974       0x3d lib/lib.a(execve.o)
                0x000000000000f974                execve
 *fill*         0x000000000000f9b1        0x3 90909090
 .text          0x000000000000f9b4       0x60 lib/lib.a(wait.o)
                0x000000000000f9b4                waitpid
                0x000000000000f9f1                wait
 .text          0x000000000000fa14      0x421 lib/lib.a(string.o)
                0x000000000000fa14                strcpy
                0x000000000000fa3c                strncpy
                0x000000000000fa6d                strcat
                0x000000000000faa2                strncat
                0x000000000000fae1                strcmp
                0x000000000000fb0f                strncmp
                0x000000000000fb44                strchr
                0x000000000000fb62                strrchr
                0x000000000000fb83                strspn
                0x000000000000fbd0                strcspn
                0x000000000000fc1d                strpbrk
                0x000000000000fc62                strstr
                0x000000000000fca7                strlen
                0x000000000000fcc0                strtok
                0x000000000000fd51                memcpy
                0x000000000000fd77                memmove
                0x000000000000fdc5                memcmp
                0x000000000000fdf9                memchr
                0x000000000000fe1f                memset
 *fill*         0x000000000000fe35        0x3 90909090
 .text          0x000000000000fe38       0x5c lib/lib.a(random.o)
                0x000000000000fe38                rand
 .text          0x000000000000fe94       0x4d lib/lib.a(hash.o)
                0x000000000000fec1                hash
                0x000000000000fed1                dehash
 *fill*         0x000000000000fee1        0xf 90909090
 .text          0x000000000000fef0      0x725 lib/lib.a(crypt.o)
                0x000000000000fef0                keyset
                0x000000000000ff2d                keyclear
                0x000000000000ff50                keygen
                0x000000000000ff73                keycatch
                0x000000000000ff96                keycopy
                0x000000000000ffb9                keyget
                0x000000000000fff6                encr
                0x0000000000010019                decr
                0x000000000001003c                encrinode
                0x000000000001003e                decrinode
                0x0000000000010040                encrstr
                0x00000000000102df                decrstr
                0x0000000000010519                crypt
                0x0000000000010594                keymatch
 *fill*         0x0000000000010615        0x3 90909090
 .text          0x0000000000010618      0x4be lib/lib.a(utils.o)
                0x0000000000010618                digitcount
                0x0000000000010646                reverse
                0x0000000000010679                itoa
                0x00000000000106ed                atoi
                0x000000000001071d                newln
                0x000000000001072a                scan
                0x0000000000010754                scannum
                0x0000000000010777                fclose
                0x000000000001078a                fgets
                0x00000000000107ec                fputs
                0x0000000000010813                print
                0x0000000000010843                fopen
                0x0000000000010881                println
                0x00000000000108aa                printnum
                0x00000000000108d8                pause_input
                0x00000000000108fb                get_argc
                0x0000000000010947                get_argv
                0x00000000000109d3                printerr
                0x00000000000109ed                checkarg
                0x0000000000010a1e                checkerr
                0x0000000000010a43                get_path
 *fill*         0x0000000000010ad6        0x2 90909090
 .text          0x0000000000010ad8       0x3d lib/lib.a(read.o)
                0x0000000000010ad8                read
 *(.gnu.warning)

.fini
 *(.fini)
                0x0000000000010b15                PROVIDE (__etext, .)
                0x0000000000010b15                PROVIDE (_etext, .)
                0x0000000000010b15                PROVIDE (etext, .)

.rodata         0x0000000000010b20     0x11fe
 *(.rodata .rodata.* .gnu.linkonce.r.*)
 .rodata.str1.1
                0x0000000000010b20       0x68 init/main.o
 .rodata.str1.4
                0x0000000000010b88       0x25 init/main.o
 *fill*         0x0000000000010bad       0x13 00
 .rodata        0x0000000000010bc0      0x270 kernel/kernel.o
 .rodata.str1.1
                0x0000000000010e30      0x2b8 kernel/kernel.o
                                        0x2be (size before relaxing)
 .rodata.str1.4
                0x00000000000110e8      0x1fc kernel/kernel.o
 .rodata.str1.4
                0x00000000000112e4       0xe9 mm/mm.o
 .rodata.str1.1
                0x00000000000113cd       0x68 mm/mm.o
 *fill*         0x0000000000011435        0xb 00
 .rodata        0x0000000000011440       0xc4 fs/fs.o
 .rodata.str1.1
                0x0000000000011504      0x32c fs/fs.o
                                        0x332 (size before relaxing)
 .rodata.str1.4
                0x0000000000011830      0x334 fs/fs.o
 .rodata        0x0000000000011b64       0x1b lib/lib.a(crypt.o)
 *fill*         0x0000000000011b7f        0x1 00
 .rodata        0x0000000000011b80      0x198 lib/lib.a(utils.o)
 .rodata.str1.1
                0x0000000000011d18        0x6 lib/lib.a(utils.o)
                                          0x8 (size before relaxing)

.rodata1
 *(.rodata1)

.eh_frame_hdr
 *(.eh_frame_hdr)

.eh_frame       0x0000000000011d20     0x2810
 *(.eh_frame)
 .eh_frame      0x0000000000011d20       0x74 init/main.o
 .eh_frame      0x0000000000011d94      0xe78 kernel/kernel.o
                                        0xfb0 (size before relaxing)
 .eh_frame      0x0000000000012c0c      0x1a8 mm/mm.o
                                        0x1c0 (size before relaxing)
 .eh_frame      0x0000000000012db4      0xf0c fs/fs.o
                                       0x10bc (size before relaxing)
 .eh_frame      0x0000000000013cc0       0x1c lib/lib.a(_exit.o)
                                         0x34 (size before relaxing)
 .eh_frame      0x0000000000013cdc       0x20 lib/lib.a(open.o)
                                         0x38 (size before relaxing)
 .eh_frame      0x0000000000013cfc       0x1c lib/lib.a(close.o)
                                         0x34 (size before relaxing)
 .eh_frame      0x0000000000013d18       0x20 lib/lib.a(write.o)
                                         0x38 (size before relaxing)
 .eh_frame      0x0000000000013d38       0x1c lib/lib.a(dup.o)
                                         0x34 (size before relaxing)
 .eh_frame      0x0000000000013d54       0x14 lib/lib.a(setsid.o)
                                         0x2c (size before relaxing)
 .eh_frame      0x0000000000013d68       0x20 lib/lib.a(execve.o)
                                         0x38 (size before relaxing)
 .eh_frame      0x0000000000013d88       0x38 lib/lib.a(wait.o)
                                         0x50 (size before relaxing)
 .eh_frame      0x0000000000013dc0      0x25c lib/lib.a(string.o)
                                        0x274 (size before relaxing)
 .eh_frame      0x000000000001401c       0x14 lib/lib.a(random.o)
                                         0x2c (size before relaxing)
 .eh_frame      0x0000000000014030       0x3c lib/lib.a(hash.o)
                                         0x54 (size before relaxing)
 .eh_frame      0x000000000001406c      0x1c8 lib/lib.a(crypt.o)
                                        0x1e0 (size before relaxing)
 .eh_frame      0x0000000000014234      0x2dc lib/lib.a(utils.o)
                                        0x2f4 (size before relaxing)
 .eh_frame      0x0000000000014510       0x20 lib/lib.a(read.o)
                                         0x38 (size before relaxing)

.gcc_except_table
 *(.gcc_except_table .gcc_except_table.*)

.exception_ranges
 *(.exception_ranges .exception_ranges*)
                0x0000000000014530                . = (ALIGN (0x1000) - ((0x1000 - .) & 0xfff))
                0x0000000000015000                . = DATA_SEGMENT_ALIGN (0x1000, 0x1000)

.eh_frame
 *(.eh_frame)

.gcc_except_table
 *(.gcc_except_table .gcc_except_table.*)

.exception_ranges
 *(.exception_ranges .exception_ranges*)

.tdata
 *(.tdata .tdata.* .gnu.linkonce.td.*)

.tbss
 *(.tbss .tbss.* .gnu.linkonce.tb.*)
 *(.tcommon)

.preinit_array  0x0000000000015000        0x0
                0x0000000000015000                PROVIDE (__preinit_array_start, .)
 *(.preinit_array)
                0x0000000000015000                PROVIDE (__preinit_array_end, .)

.init_array     0x0000000000015000        0x0
                0x0000000000015000                PROVIDE (__init_array_start, .)
 *(SORT(.init_array.*) SORT(.ctors.*))
 *(.init_array)
 *(EXCLUDE_FILE(*crtend?.o *crtend.o *crtbegin?.o *crtbegin.o) .ctors)
                0x0000000000015000                PROVIDE (__init_array_end, .)

.fini_array     0x0000000000015000        0x0
                0x0000000000015000                PROVIDE (__fini_array_start, .)
 *(SORT(.fini_array.*) SORT(.dtors.*))
 *(.fini_array)
 *(EXCLUDE_FILE(*crtend?.o *crtend.o *crtbegin?.o *crtbegin.o) .dtors)
                0x0000000000015000                PROVIDE (__fini_array_end, .)

.ctors
 *crtbegin.o(.ctors)
 *crtbegin?.o(.ctors)
 *(EXCLUDE_FILE(*crtend?.o *crtend.o) .ctors)
 *(SORT(.ctors.*))
 *(.ctors)

.dtors
 *crtbegin.o(.dtors)
 *crtbegin?.o(.dtors)
 *(EXCLUDE_FILE(*crtend?.o *crtend.o) .dtors)
 *(SORT(.dtors.*))
 *(.dtors)

.jcr
 *(.jcr)

.data.rel.ro
 *(.data.rel.ro.local* .gnu.linkonce.d.rel.ro.local.*)
 *(.data.rel.ro* .gnu.linkonce.d.rel.ro.*)

.dynamic
 *(.dynamic)

.got
 *(.got)
 *(.igot)
                0x0000000000015000                . = DATA_SEGMENT_RELRO_END (., 0xc)

.got.plt        0x0000000000015000        0x0
 *(.got.plt)
 *(.igot.plt)
 .igot.plt      0x0000000000000000        0x0 boot/head.o

.data           0x0000000000015000     0x3e64
 *(.data .data.* .gnu.linkonce.d.*)
 .data          0x0000000000015000        0x0 boot/head.o
 .data          0x0000000000015000       0x18 init/main.o
 *fill*         0x0000000000015018        0x8 00
 .data          0x0000000000015020     0x3d2c kernel/kernel.o
                0x0000000000015020                stack_start
                0x0000000000015040                task
                0x0000000000015140                current
                0x0000000000015160                sys_call_table
                0x0000000000016660                table_list
                0x0000000000016680                tty_table
 .data          0x0000000000018d4c        0x0 mm/mm.o
 .data          0x0000000000018d4c        0x4 fs/fs.o
                0x0000000000018d4c                start_buffer
 *fill*         0x0000000000018d50       0x10 00
 .data          0x0000000000018d60      0x101 lib/lib.a(ctype.o)
                0x0000000000018d60                _ctype
 *fill*         0x0000000000018e61        0x3 00
 .data          0x0000000000018e64        0x0 lib/lib.a(_exit.o)
 .data          0x0000000000018e64        0x0 lib/lib.a(open.o)
 .data          0x0000000000018e64        0x0 lib/lib.a(close.o)
 .data          0x0000000000018e64        0x0 lib/lib.a(errno.o)
 .data          0x0000000000018e64        0x0 lib/lib.a(write.o)
 .data          0x0000000000018e64        0x0 lib/lib.a(dup.o)
 .data          0x0000000000018e64        0x0 lib/lib.a(setsid.o)
 .data          0x0000000000018e64        0x0 lib/lib.a(execve.o)
 .data          0x0000000000018e64        0x0 lib/lib.a(wait.o)
 .data          0x0000000000018e64        0x0 lib/lib.a(string.o)
 .data          0x0000000000018e64        0x0 lib/lib.a(random.o)
 .data          0x0000000000018e64        0x0 lib/lib.a(hash.o)
 .data          0x0000000000018e64        0x0 lib/lib.a(crypt.o)
 .data          0x0000000000018e64        0x0 lib/lib.a(utils.o)
 .data          0x0000000000018e64        0x0 lib/lib.a(read.o)

.data1
 *(.data1)
                0x0000000000018e64                _edata = .
                0x0000000000018e64                PROVIDE (edata, .)
                0x0000000000018e64                __bss_start = .

.bss            0x0000000000018e80     0x3dac
 *(.dynbss)
 *(.bss .bss.* .gnu.linkonce.b.*)
 .bss           0x0000000000018e80        0x0 boot/head.o
 .bss           0x0000000000018e80      0x400 init/main.o
 .bss           0x0000000000019280      0x9d0 kernel/kernel.o
                0x0000000000019280                last_task_used_math
                0x0000000000019284                startup_time
                0x0000000000019288                jiffies
                0x000000000001928c                last_pid
                0x0000000000019740                do_hd
 *fill*         0x0000000000019c50       0x10 00
 .bss           0x0000000000019c60      0xc00 mm/mm.o
 .bss           0x000000000001a860      0x710 fs/fs.o
                0x000000000001a860                inode_table
                0x000000000001af64                nr_buffers
 .bss           0x000000000001af70        0x0 lib/lib.a(ctype.o)
 .bss           0x000000000001af70        0x0 lib/lib.a(_exit.o)
 .bss           0x000000000001af70        0x0 lib/lib.a(open.o)
 .bss           0x000000000001af70        0x0 lib/lib.a(close.o)
 .bss           0x000000000001af70        0x0 lib/lib.a(errno.o)
 .bss           0x000000000001af70        0x0 lib/lib.a(write.o)
 .bss           0x000000000001af70        0x0 lib/lib.a(dup.o)
 .bss           0x000000000001af70        0x0 lib/lib.a(setsid.o)
 .bss           0x000000000001af70        0x0 lib/lib.a(execve.o)
 .bss           0x000000000001af70        0x0 lib/lib.a(wait.o)
 .bss           0x000000000001af70        0x0 lib/lib.a(string.o)
 .bss           0x000000000001af70        0x4 lib/lib.a(random.o)
 .bss           0x000000000001af74        0x0 lib/lib.a(hash.o)
 .bss           0x000000000001af74        0x0 lib/lib.a(crypt.o)
 .bss           0x000000000001af74        0x0 lib/lib.a(utils.o)
 .bss           0x000000000001af74        0x0 lib/lib.a(read.o)
 *(COMMON)
 *fill*         0x000000000001af74        0xc 00
 COMMON         0x000000000001af80       0x80 init/main.o
                0x000000000001af80                gkey
                0x000000000001af90                catchkey
                0x000000000001af94                tmpindex
                0x000000000001af98                tmpkey
                0x000000000001afc0                enc_list
                0x000000000001affc                global_timeout
 COMMON         0x000000000001b000     0x1000 kernel/kernel.o
                0x000000000001b000                user_stack
 COMMON         0x000000000001c000      0xc20 fs/fs.o
                0x000000000001c000                hash_table
                0x000000000001c4e0                super_block
                0x000000000001c820                file_table
 COMMON         0x000000000001cc20        0x1 lib/lib.a(ctype.o)
                0x000000000001cc20                _ctmp
 *fill*         0x000000000001cc21        0x3 00
 COMMON         0x000000000001cc24        0x4 lib/lib.a(errno.o)
                0x000000000001cc24                errno
 COMMON         0x000000000001cc28        0x4 lib/lib.a(string.o)
                0x000000000001cc28                ___strtok
                0x000000000001cc2c                . = ALIGN ((. != 0x0)?0x4:0x1)
                0x000000000001cc2c                . = ALIGN (0x4)
                0x000000000001cc2c                . = ALIGN (0x4)
                0x000000000001cc2c                _end = .
                0x000000000001cc2c                PROVIDE (end, .)
                0x000000000001cc2c                . = DATA_SEGMENT_END (.)

.stab
 *(.stab)

.stabstr
 *(.stabstr)

.stab.excl
 *(.stab.excl)

.stab.exclstr
 *(.stab.exclstr)

.stab.index
 *(.stab.index)

.stab.indexstr
 *(.stab.indexstr)

.comment        0x0000000000000000       0x2a
 *(.comment)
 .comment       0x0000000000000000       0x2a init/main.o
                                         0x2b (size before relaxing)
 .comment       0x0000000000000000      0x22f kernel/kernel.o
 .comment       0x0000000000000000       0x2b mm/mm.o
 .comment       0x0000000000000000      0x331 fs/fs.o
 .comment       0x0000000000000000       0x2b lib/lib.a(ctype.o)
 .comment       0x0000000000000000       0x2b lib/lib.a(_exit.o)
 .comment       0x0000000000000000       0x2b lib/lib.a(open.o)
 .comment       0x0000000000000000       0x2b lib/lib.a(close.o)
 .comment       0x0000000000000000       0x2b lib/lib.a(errno.o)
 .comment       0x0000000000000000       0x2b lib/lib.a(write.o)
 .comment       0x0000000000000000       0x2b lib/lib.a(dup.o)
 .comment       0x0000000000000000       0x2b lib/lib.a(setsid.o)
 .comment       0x0000000000000000       0x2b lib/lib.a(execve.o)
 .comment       0x0000000000000000       0x2b lib/lib.a(wait.o)
 .comment       0x0000000000000000       0x2b lib/lib.a(string.o)
 .comment       0x0000000000000000       0x2b lib/lib.a(random.o)
 .comment       0x0000000000000000       0x2b lib/lib.a(hash.o)
 .comment       0x0000000000000000       0x2b lib/lib.a(crypt.o)
 .comment       0x0000000000000000       0x2b lib/lib.a(utils.o)
 .comment       0x0000000000000000       0x2b lib/lib.a(read.o)

.debug
 *(.debug)

.line
 *(.line)

.debug_srcinfo
 *(.debug_srcinfo)

.debug_sfnames
 *(.debug_sfnames)

.debug_aranges  0x0000000000000000      0x5e0
 *(.debug_aranges)
 .debug_aranges
                0x0000000000000000       0x20 init/main.o
 .debug_aranges
                0x0000000000000020      0x1a0 kernel/kernel.o
 .debug_aranges
                0x00000000000001c0       0x20 mm/mm.o
 .debug_aranges
                0x00000000000001e0      0x240 fs/fs.o
 .debug_aranges
                0x0000000000000420       0x20 lib/lib.a(_exit.o)
 .debug_aranges
                0x0000000000000440       0x20 lib/lib.a(open.o)
 .debug_aranges
                0x0000000000000460       0x20 lib/lib.a(close.o)
 .debug_aranges
                0x0000000000000480       0x20 lib/lib.a(write.o)
 .debug_aranges
                0x00000000000004a0       0x20 lib/lib.a(dup.o)
 .debug_aranges
                0x00000000000004c0       0x20 lib/lib.a(setsid.o)
 .debug_aranges
                0x00000000000004e0       0x20 lib/lib.a(execve.o)
 .debug_aranges
                0x0000000000000500       0x20 lib/lib.a(wait.o)
 .debug_aranges
                0x0000000000000520       0x20 lib/lib.a(string.o)
 .debug_aranges
                0x0000000000000540       0x20 lib/lib.a(random.o)
 .debug_aranges
                0x0000000000000560       0x20 lib/lib.a(hash.o)
 .debug_aranges
                0x0000000000000580       0x20 lib/lib.a(crypt.o)
 .debug_aranges
                0x00000000000005a0       0x20 lib/lib.a(utils.o)
 .debug_aranges
                0x00000000000005c0       0x20 lib/lib.a(read.o)

.debug_pubnames
 *(.debug_pubnames)

.debug_info     0x0000000000000000    0x1e890
 *(.debug_info .gnu.linkonce.wi.*)
 .debug_info    0x0000000000000000      0xdc1 init/main.o
 .debug_info    0x0000000000000dc1     0x955d kernel/kernel.o
 .debug_info    0x000000000000a31e      0x4d6 mm/mm.o
 .debug_info    0x000000000000a7f4     0xf460 fs/fs.o
 .debug_info    0x0000000000019c54       0x70 lib/lib.a(ctype.o)
 .debug_info    0x0000000000019cc4      0x3af lib/lib.a(_exit.o)
 .debug_info    0x000000000001a073      0x403 lib/lib.a(open.o)
 .debug_info    0x000000000001a476      0x3ce lib/lib.a(close.o)
 .debug_info    0x000000000001a844       0x3f lib/lib.a(errno.o)
 .debug_info    0x000000000001a883      0x400 lib/lib.a(write.o)
 .debug_info    0x000000000001ac83      0x3ce lib/lib.a(dup.o)
 .debug_info    0x000000000001b051      0x3cb lib/lib.a(setsid.o)
 .debug_info    0x000000000001b41c      0x3fc lib/lib.a(execve.o)
 .debug_info    0x000000000001b818      0x428 lib/lib.a(wait.o)
 .debug_info    0x000000000001bc40      0x705 lib/lib.a(string.o)
 .debug_info    0x000000000001c345      0x9bb lib/lib.a(random.o)
 .debug_info    0x000000000001cd00       0xb0 lib/lib.a(hash.o)
 .debug_info    0x000000000001cdb0      0xfb3 lib/lib.a(crypt.o)
 .debug_info    0x000000000001dd63      0x738 lib/lib.a(utils.o)
 .debug_info    0x000000000001e49b      0x3f5 lib/lib.a(read.o)

.debug_abbrev   0x0000000000000000     0x4be5
 *(.debug_abbrev)
 .debug_abbrev  0x0000000000000000      0x1e8 init/main.o
 .debug_abbrev  0x00000000000001e8     0x18e6 kernel/kernel.o
 .debug_abbrev  0x0000000000001ace      0x1af mm/mm.o
 .debug_abbrev  0x0000000000001c7d     0x2265 fs/fs.o
 .debug_abbrev  0x0000000000003ee2       0x42 lib/lib.a(ctype.o)
 .debug_abbrev  0x0000000000003f24       0xa3 lib/lib.a(_exit.o)
 .debug_abbrev  0x0000000000003fc7       0xdc lib/lib.a(open.o)
 .debug_abbrev  0x00000000000040a3       0xb4 lib/lib.a(close.o)
 .debug_abbrev  0x0000000000004157       0x30 lib/lib.a(errno.o)
 .debug_abbrev  0x0000000000004187       0xd7 lib/lib.a(write.o)
 .debug_abbrev  0x000000000000425e       0xb4 lib/lib.a(dup.o)
 .debug_abbrev  0x0000000000004312       0xb2 lib/lib.a(setsid.o)
 .debug_abbrev  0x00000000000043c4       0xbb lib/lib.a(execve.o)
 .debug_abbrev  0x000000000000447f       0xd0 lib/lib.a(wait.o)
 .debug_abbrev  0x000000000000454f      0x128 lib/lib.a(string.o)
 .debug_abbrev  0x0000000000004677       0xe9 lib/lib.a(random.o)
 .debug_abbrev  0x0000000000004760       0x92 lib/lib.a(hash.o)
 .debug_abbrev  0x00000000000047f2      0x19c lib/lib.a(crypt.o)
 .debug_abbrev  0x000000000000498e      0x187 lib/lib.a(utils.o)
 .debug_abbrev  0x0000000000004b15       0xd0 lib/lib.a(read.o)

.debug_line     0x0000000000000000     0x3dbe
 *(.debug_line)
 .debug_line    0x0000000000000000      0x128 init/main.o
 .debug_line    0x0000000000000128     0x1493 kernel/kernel.o
 .debug_line    0x00000000000015bb      0x122 mm/mm.o
 .debug_line    0x00000000000016dd     0x1d11 fs/fs.o
 .debug_line    0x00000000000033ee       0x28 lib/lib.a(ctype.o)
 .debug_line    0x0000000000003416       0x50 lib/lib.a(_exit.o)
 .debug_line    0x0000000000003466       0x76 lib/lib.a(open.o)
 .debug_line    0x00000000000034dc       0x6e lib/lib.a(close.o)
 .debug_line    0x000000000000354a       0x28 lib/lib.a(errno.o)
 .debug_line    0x0000000000003572       0x8c lib/lib.a(write.o)
 .debug_line    0x00000000000035fe       0x6c lib/lib.a(dup.o)
 .debug_line    0x000000000000366a       0x88 lib/lib.a(setsid.o)
 .debug_line    0x00000000000036f2       0x73 lib/lib.a(execve.o)
 .debug_line    0x0000000000003765       0x90 lib/lib.a(wait.o)
 .debug_line    0x00000000000037f5       0xc1 lib/lib.a(string.o)
 .debug_line    0x00000000000038b6       0x9d lib/lib.a(random.o)
 .debug_line    0x0000000000003953       0x48 lib/lib.a(hash.o)
 .debug_line    0x000000000000399b      0x268 lib/lib.a(crypt.o)
 .debug_line    0x0000000000003c03      0x130 lib/lib.a(utils.o)
 .debug_line    0x0000000000003d33       0x8b lib/lib.a(read.o)

.debug_frame
 *(.debug_frame)

.debug_str      0x0000000000000000     0x1c1c
 *(.debug_str)
 .debug_str     0x0000000000000000      0x455 init/main.o
                                        0x50c (size before relaxing)
 .debug_str     0x0000000000000455      0xb5f kernel/kernel.o
                                       0x35d4 (size before relaxing)
 .debug_str     0x0000000000000fb4      0x126 mm/mm.o
                                        0x1c1 (size before relaxing)
 .debug_str     0x00000000000010da      0x948 fs/fs.o
                                       0x5b1c (size before relaxing)
 .debug_str     0x0000000000001a22       0x26 lib/lib.a(ctype.o)
                                         0x66 (size before relaxing)
 .debug_str     0x0000000000001a48        0x8 lib/lib.a(_exit.o)
                                        0x284 (size before relaxing)
 .debug_str     0x0000000000000000        0x8 lib/lib.a(open.o)
                                        0x294 (size before relaxing)
 .debug_str     0x0000000000001a50        0x8 lib/lib.a(close.o)
                                        0x286 (size before relaxing)
 .debug_str     0x0000000000001a58        0x8 lib/lib.a(errno.o)
                                         0x38 (size before relaxing)
 .debug_str     0x0000000000000000        0x8 lib/lib.a(write.o)
                                        0x292 (size before relaxing)
 .debug_str     0x0000000000001a60        0x6 lib/lib.a(dup.o)
                                        0x27e (size before relaxing)
 .debug_str     0x0000000000001a66        0x9 lib/lib.a(setsid.o)
                                        0x28e (size before relaxing)
 .debug_str     0x0000000000001a6f        0x9 lib/lib.a(execve.o)
                                        0x297 (size before relaxing)
 .debug_str     0x0000000000001a78       0x11 lib/lib.a(wait.o)
                                        0x2a4 (size before relaxing)
 .debug_str     0x0000000000001a89       0x6b lib/lib.a(string.o)
                                         0xec (size before relaxing)
 .debug_str     0x0000000000001af4        0xe lib/lib.a(random.o)
                                        0x43b (size before relaxing)
 .debug_str     0x0000000000001b02       0x16 lib/lib.a(hash.o)
                                         0x51 (size before relaxing)
 .debug_str     0x0000000000001b18       0x41 lib/lib.a(crypt.o)
                                        0x528 (size before relaxing)
 .debug_str     0x0000000000001b59       0xbc lib/lib.a(utils.o)
                                        0x18b (size before relaxing)
 .debug_str     0x0000000000001c15        0x7 lib/lib.a(read.o)
                                        0x290 (size before relaxing)

.debug_loc      0x0000000000000000     0xc022
 *(.debug_loc)
 .debug_loc     0x0000000000000000      0x256 init/main.o
 .debug_loc     0x0000000000000256     0x3aec kernel/kernel.o
 .debug_loc     0x0000000000003d42      0x640 mm/mm.o
 .debug_loc     0x0000000000004382     0x6603 fs/fs.o
 .debug_loc     0x000000000000a985       0x2c lib/lib.a(_exit.o)
 .debug_loc     0x000000000000a9b1       0x3f lib/lib.a(open.o)
 .debug_loc     0x000000000000a9f0       0x3f lib/lib.a(close.o)
 .debug_loc     0x000000000000aa2f       0x57 lib/lib.a(write.o)
 .debug_loc     0x000000000000aa86       0x3f lib/lib.a(dup.o)
 .debug_loc     0x000000000000aac5       0x13 lib/lib.a(setsid.o)
 .debug_loc     0x000000000000aad8       0x57 lib/lib.a(execve.o)
 .debug_loc     0x000000000000ab2f       0x83 lib/lib.a(wait.o)
 .debug_loc     0x000000000000abb2      0x3a6 lib/lib.a(string.o)
 .debug_loc     0x000000000000af58      0x81c lib/lib.a(crypt.o)
 .debug_loc     0x000000000000b774      0x857 lib/lib.a(utils.o)
 .debug_loc     0x000000000000bfcb       0x57 lib/lib.a(read.o)

.debug_macinfo
 *(.debug_macinfo)

.debug_weaknames
 *(.debug_weaknames)

.debug_funcnames
 *(.debug_funcnames)

.debug_typenames
 *(.debug_typenames)

.debug_varnames
 *(.debug_varnames)

.debug_pubtypes
 *(.debug_pubtypes)

.debug_ranges   0x0000000000000000      0x4a8
 *(.debug_ranges)
 .debug_ranges  0x0000000000000000      0x120 kernel/kernel.o
 .debug_ranges  0x0000000000000120      0x388 fs/fs.o

.gnu.attributes
 *(.gnu.attributes)

/DISCARD/
 *(.note.GNU-stack)
 *(.gnu_debuglink)
 *(.gnu.lto_*)
OUTPUT(tools/system elf32-i386)
