Archive member included because of file (symbol)

lib/lib.a(ctype.o)            kernel/kernel.o (_ctype)
lib/lib.a(_exit.o)            init/main.o (_exit)
lib/lib.a(open.o)             init/main.o (open)
lib/lib.a(close.o)            init/main.o (close)
lib/lib.a(errno.o)            init/main.o (errno)
lib/lib.a(write.o)            init/main.o (write)
lib/lib.a(dup.o)              init/main.o (dup)
lib/lib.a(setsid.o)           init/main.o (setsid)
lib/lib.a(execve.o)           init/main.o (execve)
lib/lib.a(wait.o)             init/main.o (wait)
lib/lib.a(string.o)           kernel/kernel.o (memcpy)
lib/lib.a(getdents.o)         kernel/kernel.o (getdents)

Allocating common symbols
Common symbol       size              file

errno               0x4               lib/lib.a(errno.o)
hash_table          0x4cc             fs/fs.o
___strtok           0x4               lib/lib.a(string.o)
user_stack          0x1000            kernel/kernel.o
_ctmp               0x1               lib/lib.a(ctype.o)
super_block         0x340             fs/fs.o
file_table          0x400             fs/fs.o

Discarded input sections

 .note.GNU-stack
                0x0000000000000000        0x0 init/main.o
 .note.GNU-stack
                0x0000000000000000        0x0 kernel/kernel.o
 .note.GNU-stack
                0x0000000000000000        0x0 mm/mm.o
 .note.GNU-stack
                0x0000000000000000        0x0 fs/fs.o
 .note.GNU-stack
                0x0000000000000000        0x0 lib/lib.a(ctype.o)
 .note.GNU-stack
                0x0000000000000000        0x0 lib/lib.a(_exit.o)
 .note.GNU-stack
                0x0000000000000000        0x0 lib/lib.a(open.o)
 .note.GNU-stack
                0x0000000000000000        0x0 lib/lib.a(close.o)
 .note.GNU-stack
                0x0000000000000000        0x0 lib/lib.a(errno.o)
 .note.GNU-stack
                0x0000000000000000        0x0 lib/lib.a(write.o)
 .note.GNU-stack
                0x0000000000000000        0x0 lib/lib.a(dup.o)
 .note.GNU-stack
                0x0000000000000000        0x0 lib/lib.a(setsid.o)
 .note.GNU-stack
                0x0000000000000000        0x0 lib/lib.a(execve.o)
 .note.GNU-stack
                0x0000000000000000        0x0 lib/lib.a(wait.o)
 .note.GNU-stack
                0x0000000000000000        0x0 lib/lib.a(string.o)
 .note.GNU-stack
                0x0000000000000000        0x0 lib/lib.a(getdents.o)

Memory Configuration

Name             Origin             Length             Attributes
*default*        0x0000000000000000 0xffffffffffffffff

Linker script and memory map

Address of section .text set to 0x0
LOAD boot/head.o
LOAD init/main.o
LOAD kernel/kernel.o
LOAD mm/mm.o
LOAD fs/fs.o
LOAD lib/lib.a
                0x0000000008048000                PROVIDE (__executable_start, 0x8048000)
                0x0000000008048094                . = (0x8048000 + SIZEOF_HEADERS)

.interp
 *(.interp)

.note.gnu.build-id
 *(.note.gnu.build-id)

.hash
 *(.hash)

.gnu.hash
 *(.gnu.hash)

.dynsym
 *(.dynsym)

.dynstr
 *(.dynstr)

.gnu.version
 *(.gnu.version)

.gnu.version_d
 *(.gnu.version_d)

.gnu.version_r
 *(.gnu.version_r)

.rel.dyn        0x0000000008048094        0x0
 *(.rel.init)
 *(.rel.text .rel.text.* .rel.gnu.linkonce.t.*)
 .rel.text      0x0000000000000000        0x0 boot/head.o
 *(.rel.fini)
 *(.rel.rodata .rel.rodata.* .rel.gnu.linkonce.r.*)
 *(.rel.data.rel.ro* .rel.gnu.linkonce.d.rel.ro.*)
 *(.rel.data .rel.data.* .rel.gnu.linkonce.d.*)
 .rel.data      0x0000000000000000        0x0 boot/head.o
 *(.rel.tdata .rel.tdata.* .rel.gnu.linkonce.td.*)
 *(.rel.tbss .rel.tbss.* .rel.gnu.linkonce.tb.*)
 *(.rel.ctors)
 *(.rel.dtors)
 *(.rel.got)
 *(.rel.bss .rel.bss.* .rel.gnu.linkonce.b.*)
 *(.rel.ifunc)

.rel.plt        0x0000000008048094        0x0
 *(.rel.plt)
                0x0000000008048094                PROVIDE (__rel_iplt_start, .)
 *(.rel.iplt)
 .rel.iplt      0x0000000000000000        0x0 boot/head.o
                0x0000000008048094                PROVIDE (__rel_iplt_end, .)

.init
 *(.init)

.plt            0x00000000080480a0        0x0
 *(.plt)
 *(.iplt)
 .iplt          0x0000000000000000        0x0 boot/head.o

.text           0x0000000000000000     0xf9d5
 *(.text.unlikely .text.*_unlikely)
 *(.text.exit .text.exit.*)
 *(.text.startup .text.startup.*)
 *(.text.hot .text.hot.*)
 *(.text .stub .text.* .gnu.linkonce.t.*)
 .text          0x0000000000000000     0x5078 boot/head.o
                0x0000000000000000                startup_32
                0x0000000000000000                pg_dir
                0x0000000000004078                idt
                0x0000000000004878                gdt
 *fill*         0x0000000000005078        0x8 90909090
 .text          0x0000000000005080      0x370 init/main.o
                0x00000000000050c1                init
                0x0000000000005232                main
 .text          0x00000000000053f0     0x4b87 kernel/kernel.o
                0x00000000000053f0                sys_alarm
                0x0000000000005417                sys_getpid
                0x0000000000005423                sys_getppid
                0x000000000000542f                sys_getuid
                0x000000000000543c                sys_geteuid
                0x0000000000005449                sys_getgid
                0x0000000000005456                sys_getegid
                0x0000000000005463                sys_nice
                0x000000000000547c                sys_signal
                0x00000000000054b9                math_state_restore
                0x00000000000054f0                schedule
                0x00000000000055e1                sys_pause
                0x00000000000055f7                sleep_on
                0x0000000000005651                interruptible_sleep_on
                0x00000000000056bb                wake_up
                0x00000000000056d7                do_timer
                0x000000000000571d                sched_init
                0x0000000000005844                system_call
                0x0000000000005936                timer_interrupt
                0x000000000000596e                sys_execve
                0x000000000000597c                sys_fork
                0x0000000000005994                hd_interrupt
                0x0000000000005b41                do_double_fault
                0x0000000000005b5a                do_general_protection
                0x0000000000005b73                do_divide_error
                0x0000000000005b8c                do_int3
                0x0000000000005c44                do_nmi
                0x0000000000005c5d                do_debug
                0x0000000000005c76                do_overflow
                0x0000000000005c8f                do_bounds
                0x0000000000005ca8                do_invalid_op
                0x0000000000005cc1                do_device_not_available
                0x0000000000005cda                do_coprocessor_segment_overrun
                0x0000000000005cf3                do_invalid_TSS
                0x0000000000005d0c                do_segment_not_present
                0x0000000000005d25                do_stack_segment
                0x0000000000005d3e                do_coprocessor_error
                0x0000000000005d57                do_reserved
                0x0000000000005d70                trap_init
                0x0000000000005f2c                divide_error
                0x0000000000005f61                debug
                0x0000000000005f68                nmi
                0x0000000000005f6f                int3
                0x0000000000005f76                overflow
                0x0000000000005f7d                bounds
                0x0000000000005f84                invalid_op
                0x0000000000005f93                device_not_available
                0x0000000000005fc0                coprocessor_segment_overrun
                0x0000000000005fca                reserved
                0x0000000000005fd4                coprocessor_error
                0x0000000000005fde                double_fault
                0x0000000000006015                invalid_TSS
                0x000000000000601c                segment_not_present
                0x0000000000006023                stack_segment
                0x000000000000602a                general_protection
                0x0000000000006034                verify_area
                0x0000000000006099                copy_mem
                0x000000000000618f                copy_process
                0x000000000000641e                find_empty_process
                0x0000000000006480                panic
                0x000000000000649c                printk
                0x0000000000006726                vsprintf
                0x0000000000006a90                tty_init
                0x0000000000006aa1                tty_intr
                0x0000000000006ae6                copy_to_cooked
                0x0000000000006d66                tty_read
                0x000000000000702c                tty_write
                0x0000000000007209                do_tty_interrupt
                0x0000000000007435                csi_m
                0x0000000000007490                con_write
                0x0000000000007dfa                c_mode
                0x0000000000007e2f                a_mode_on
                0x0000000000007e3d                a_mode_off
                0x0000000000007e4b                e_mode
                0x0000000000007e6c                copy_row
                0x0000000000007e6e                go_up
                0x0000000000007e91                go_down
                0x0000000000007eb4                go_left
                0x0000000000007eb6                go_right
                0x0000000000007eb8                add_clipboard
                0x0000000000007ef7                draw_square
                0x0000000000008171                list_path
                0x0000000000008212                dump
                0x000000000000823c                con_init
                0x00000000000082c3                keyboard_interrupt
                0x0000000000008ae8                rs1_interrupt
                0x0000000000008af0                rs2_interrupt
                0x0000000000009259                rw_hd
                0x0000000000009302                sys_setup
                0x0000000000009401                unexpected_hd_interrupt
                0x0000000000009414                hd_init
                0x0000000000009484                sys_ftime
                0x000000000000948a                sys_mknod
                0x0000000000009490                sys_break
                0x0000000000009496                sys_mount
                0x000000000000949c                sys_umount
                0x00000000000094a2                sys_ustat
                0x00000000000094a8                sys_ptrace
                0x00000000000094ae                sys_stty
                0x00000000000094b4                sys_gtty
                0x00000000000094ba                sys_rename
                0x00000000000094c0                sys_prof
                0x00000000000094c6                sys_setgid
                0x0000000000009523                sys_acct
                0x0000000000009529                sys_phys
                0x000000000000952f                sys_lock
                0x0000000000009535                sys_mpx
                0x000000000000953b                sys_ulimit
                0x0000000000009541                sys_time
                0x0000000000009594                sys_setuid
                0x00000000000095ed                sys_stime
                0x000000000000963a                sys_times
                0x0000000000009693                sys_brk
                0x00000000000096c6                sys_setpgid
                0x000000000000973b                sys_getpgrp
                0x0000000000009747                sys_setsid
                0x000000000000979c                sys_oldolduname
                0x00000000000097b4                sys_uname
                0x0000000000009801                sys_umask
                0x000000000000981f                sys_null
                0x0000000000009850                release
                0x00000000000098aa                do_kill
                0x0000000000009b23                sys_kill
                0x0000000000009b59                do_exit
                0x0000000000009cec                sys_exit
                0x0000000000009d07                sys_waitpid
                0x0000000000009e8e                rs_init
                0x0000000000009ee6                rs_write
                0x0000000000009f10                kernel_mktime
 *fill*         0x0000000000009f77        0x1 90909090
 .text          0x0000000000009f78      0x517 mm/mm.o
                0x0000000000009f78                invalidate
                0x0000000000009f81                copy_page
                0x0000000000009fa6                get_free_page
                0x0000000000009fde                free_page
                0x000000000000a03e                free_page_tables
                0x000000000000a0ee                copy_page_tables
                0x000000000000a1e8                put_page
                0x000000000000a295                un_wp_page
                0x000000000000a325                do_wp_page
                0x000000000000a355                write_verify
                0x000000000000a394                do_no_page
                0x000000000000a3c4                calc_mem
                0x000000000000a458                page_fault
 *fill*         0x000000000000a48f        0x1 90909090
 .text          0x000000000000a490     0x4f4c fs/fs.o
                0x000000000000a490                sys_utime
                0x000000000000a4f9                sys_access
                0x000000000000a590                sys_chdir
                0x000000000000a5f3                sys_chroot
                0x000000000000a656                sys_chmod
                0x000000000000a6eb                sys_chown
                0x000000000000a752                sys_open
                0x000000000000a8e6                sys_creat
                0x000000000000a909                sys_close
                0x000000000000a990                sys_lseek
                0x000000000000aa4c                sys_read
                0x000000000000aba7                sys_write
                0x000000000000b0bb                sync_inodes
                0x000000000000b105                bmap
                0x000000000000b11e                create_block
                0x000000000000b137                iput
                0x000000000000b225                get_empty_inode
                0x000000000000b313                get_pipe_inode
                0x000000000000b35a                iget
                0x000000000000b547                sys_sync
                0x000000000000b5af                brelse
                0x000000000000b601                get_hash_table
                0x000000000000b660                getblk
                0x000000000000b8ff                bread
                0x000000000000b959                buffer_init
                0x000000000000b9f4                do_mount
                0x000000000000bbff                mount_root
                0x000000000000bd50                block_write
                0x000000000000be33                block_read
                0x000000000000bf0a                ll_rw_block
                0x000000000000bfd3                rw_char
                0x000000000000c044                file_read
                0x000000000000c1ef                file_write
                0x000000000000c48e                sys_stat
                0x000000000000c4d3                sys_lstat
                0x000000000000c4ee                sys_fstat
                0x000000000000c531                sys_stat64
                0x000000000000c576                sys_fstat64
                0x000000000000c5b9                sys_lstat64
                0x000000000000c5d4                sys_oldstat
                0x000000000000c5ec                sys_oldfstat
                0x000000000000c734                cp_block
                0x000000000000c769                is_valid_elf
                0x000000000000c7ae                read_file_block_ind
                0x000000000000c843                read_file_block
                0x000000000000c942                copy_section
                0x000000000000ca30                create_bss_section
                0x000000000000ca56                load_elf_binary
                0x000000000000cc61                do_execve
                0x000000000000d0f4                read_pipe
                0x000000000000d18d                write_pipe
                0x000000000000d286                sys_pipe
                0x000000000000d8b9                namei
                0x000000000000d96f                open_namei
                0x000000000000dbd5                sys_mkdir
                0x000000000000de8a                sys_rmdir
                0x000000000000e1fc                sys_unlink
                0x000000000000e398                sys_link
                0x000000000000e540                free_block
                0x000000000000e67b                new_block
                0x000000000000e7fe                free_inode
                0x000000000000e92a                new_inode
                0x000000000000eb0a                sys_dup2
                0x000000000000eb2a                sys_dup
                0x000000000000eb3a                sys_fcntl
                0x000000000000ebf7                sys_fcntl64
                0x000000000000ec4c                sys_ioctl
                0x000000000000ece9                tty_ioctl
                0x000000000000efb5                truncate
                0x000000000000f0c0                sys_getdents
                0x000000000000f24e                sys_getdents64
 .text          0x000000000000f3dc        0x0 lib/lib.a(ctype.o)
 .text          0x000000000000f3dc        0xe lib/lib.a(_exit.o)
                0x000000000000f3dc                _exit
 *fill*         0x000000000000f3ea        0x2 90909090
 .text          0x000000000000f3ec       0x3d lib/lib.a(open.o)
                0x000000000000f3ec                open
 *fill*         0x000000000000f429        0x3 90909090
 .text          0x000000000000f42c       0x23 lib/lib.a(close.o)
                0x000000000000f42c                close
 *fill*         0x000000000000f44f        0x1 90909090
 .text          0x000000000000f450        0x0 lib/lib.a(errno.o)
 .text          0x000000000000f450       0x3d lib/lib.a(write.o)
                0x000000000000f450                write
 *fill*         0x000000000000f48d        0x3 90909090
 .text          0x000000000000f490       0x23 lib/lib.a(dup.o)
                0x000000000000f490                dup
 *fill*         0x000000000000f4b3        0x1 90909090
 .text          0x000000000000f4b4       0x1e lib/lib.a(setsid.o)
                0x000000000000f4b4                setsid
 *fill*         0x000000000000f4d2        0x2 90909090
 .text          0x000000000000f4d4       0x3d lib/lib.a(execve.o)
                0x000000000000f4d4                execve
 *fill*         0x000000000000f511        0x3 90909090
 .text          0x000000000000f514       0x60 lib/lib.a(wait.o)
                0x000000000000f514                waitpid
                0x000000000000f551                wait
 .text          0x000000000000f574      0x421 lib/lib.a(string.o)
                0x000000000000f574                strcpy
                0x000000000000f59c                strncpy
                0x000000000000f5cd                strcat
                0x000000000000f602                strncat
                0x000000000000f641                strcmp
                0x000000000000f66f                strncmp
                0x000000000000f6a4                strchr
                0x000000000000f6c2                strrchr
                0x000000000000f6e3                strspn
                0x000000000000f730                strcspn
                0x000000000000f77d                strpbrk
                0x000000000000f7c2                strstr
                0x000000000000f807                strlen
                0x000000000000f820                strtok
                0x000000000000f8b1                memcpy
                0x000000000000f8d7                memmove
                0x000000000000f925                memcmp
                0x000000000000f959                memchr
                0x000000000000f97f                memset
 *fill*         0x000000000000f995        0x3 90909090
 .text          0x000000000000f998       0x3d lib/lib.a(getdents.o)
                0x000000000000f998                getdents
 *(.gnu.warning)

.fini
 *(.fini)
                0x000000000000f9d5                PROVIDE (__etext, .)
                0x000000000000f9d5                PROVIDE (_etext, .)
                0x000000000000f9d5                PROVIDE (etext, .)

.rodata         0x000000000000f9e0     0x1024
 *(.rodata .rodata.* .gnu.linkonce.r.*)
 .rodata.str1.1
                0x000000000000f9e0       0x68 init/main.o
 .rodata.str1.4
                0x000000000000fa48       0x25 init/main.o
 *fill*         0x000000000000fa6d       0x13 00
 .rodata        0x000000000000fa80      0x270 kernel/kernel.o
 .rodata.str1.1
                0x000000000000fcf0      0x27f kernel/kernel.o
                                        0x287 (size before relaxing)
 *fill*         0x000000000000ff6f        0x1 00
 .rodata.str1.4
                0x000000000000ff70      0x1fc kernel/kernel.o
 .rodata.cst4   0x000000000001016c        0x8 kernel/kernel.o
 .rodata.str1.4
                0x0000000000010174       0xe9 mm/mm.o
 .rodata.str1.1
                0x000000000001025d       0x68 mm/mm.o
 *fill*         0x00000000000102c5       0x1b 00
 .rodata        0x00000000000102e0       0xc4 fs/fs.o
 .rodata.str1.1
                0x00000000000103a4      0x32c fs/fs.o
                                        0x332 (size before relaxing)
 .rodata.str1.4
                0x00000000000106d0      0x334 fs/fs.o

.rodata1
 *(.rodata1)

.eh_frame_hdr
 *(.eh_frame_hdr)

.eh_frame       0x0000000000010a04     0x22dc
 *(.eh_frame)
 .eh_frame      0x0000000000010a04       0x74 init/main.o
 .eh_frame      0x0000000000010a78      0xe38 kernel/kernel.o
                                        0xf70 (size before relaxing)
 .eh_frame      0x00000000000118b0      0x1a8 mm/mm.o
                                        0x1c0 (size before relaxing)
 .eh_frame      0x0000000000011a58      0xf0c fs/fs.o
                                       0x10bc (size before relaxing)
 .eh_frame      0x0000000000012964       0x1c lib/lib.a(_exit.o)
                                         0x34 (size before relaxing)
 .eh_frame      0x0000000000012980       0x20 lib/lib.a(open.o)
                                         0x38 (size before relaxing)
 .eh_frame      0x00000000000129a0       0x1c lib/lib.a(close.o)
                                         0x34 (size before relaxing)
 .eh_frame      0x00000000000129bc       0x20 lib/lib.a(write.o)
                                         0x38 (size before relaxing)
 .eh_frame      0x00000000000129dc       0x1c lib/lib.a(dup.o)
                                         0x34 (size before relaxing)
 .eh_frame      0x00000000000129f8       0x14 lib/lib.a(setsid.o)
                                         0x2c (size before relaxing)
 .eh_frame      0x0000000000012a0c       0x20 lib/lib.a(execve.o)
                                         0x38 (size before relaxing)
 .eh_frame      0x0000000000012a2c       0x38 lib/lib.a(wait.o)
                                         0x50 (size before relaxing)
 .eh_frame      0x0000000000012a64      0x25c lib/lib.a(string.o)
                                        0x274 (size before relaxing)
 .eh_frame      0x0000000000012cc0       0x20 lib/lib.a(getdents.o)
                                         0x38 (size before relaxing)

.gcc_except_table
 *(.gcc_except_table .gcc_except_table.*)

.exception_ranges
 *(.exception_ranges .exception_ranges*)
                0x0000000000012ce0                . = (ALIGN (0x1000) - ((0x1000 - .) & 0xfff))
                0x0000000000013000                . = DATA_SEGMENT_ALIGN (0x1000, 0x1000)

.eh_frame
 *(.eh_frame)

.gcc_except_table
 *(.gcc_except_table .gcc_except_table.*)

.exception_ranges
 *(.exception_ranges .exception_ranges*)

.tdata
 *(.tdata .tdata.* .gnu.linkonce.td.*)

.tbss
 *(.tbss .tbss.* .gnu.linkonce.tb.*)
 *(.tcommon)

.preinit_array  0x0000000000013000        0x0
                0x0000000000013000                PROVIDE (__preinit_array_start, .)
 *(.preinit_array)
                0x0000000000013000                PROVIDE (__preinit_array_end, .)

.init_array     0x0000000000013000        0x0
                0x0000000000013000                PROVIDE (__init_array_start, .)
 *(SORT(.init_array.*) SORT(.ctors.*))
 *(.init_array)
 *(EXCLUDE_FILE(*crtend?.o *crtend.o *crtbegin?.o *crtbegin.o) .ctors)
                0x0000000000013000                PROVIDE (__init_array_end, .)

.fini_array     0x0000000000013000        0x0
                0x0000000000013000                PROVIDE (__fini_array_start, .)
 *(SORT(.fini_array.*) SORT(.dtors.*))
 *(.fini_array)
 *(EXCLUDE_FILE(*crtend?.o *crtend.o *crtbegin?.o *crtbegin.o) .dtors)
                0x0000000000013000                PROVIDE (__fini_array_end, .)

.ctors
 *crtbegin.o(.ctors)
 *crtbegin?.o(.ctors)
 *(EXCLUDE_FILE(*crtend?.o *crtend.o) .ctors)
 *(SORT(.ctors.*))
 *(.ctors)

.dtors
 *crtbegin.o(.dtors)
 *crtbegin?.o(.dtors)
 *(EXCLUDE_FILE(*crtend?.o *crtend.o) .dtors)
 *(SORT(.dtors.*))
 *(.dtors)

.jcr
 *(.jcr)

.data.rel.ro
 *(.data.rel.ro.local* .gnu.linkonce.d.rel.ro.local.*)
 *(.data.rel.ro* .gnu.linkonce.d.rel.ro.*)

.dynamic
 *(.dynamic)

.got
 *(.got)
 *(.igot)
                0x0000000000013000                . = DATA_SEGMENT_RELRO_END (., 0xc)

.got.plt        0x0000000000013000        0x0
 *(.got.plt)
 *(.igot.plt)
 .igot.plt      0x0000000000000000        0x0 boot/head.o

.data           0x0000000000013000     0x3ea4
 *(.data .data.* .gnu.linkonce.d.*)
 .data          0x0000000000013000        0x0 boot/head.o
 .data          0x0000000000013000       0x18 init/main.o
 *fill*         0x0000000000013018        0x8 00
 .data          0x0000000000013020     0x3d6c kernel/kernel.o
                0x0000000000013020                stack_start
                0x0000000000013040                task
                0x0000000000013140                current
                0x0000000000013160                sys_call_table
                0x0000000000014660                table_list
                0x0000000000014680                tty_table
 .data          0x0000000000016d8c        0x0 mm/mm.o
 .data          0x0000000000016d8c        0x4 fs/fs.o
                0x0000000000016d8c                start_buffer
 *fill*         0x0000000000016d90       0x10 00
 .data          0x0000000000016da0      0x101 lib/lib.a(ctype.o)
                0x0000000000016da0                _ctype
 *fill*         0x0000000000016ea1        0x3 00
 .data          0x0000000000016ea4        0x0 lib/lib.a(_exit.o)
 .data          0x0000000000016ea4        0x0 lib/lib.a(open.o)
 .data          0x0000000000016ea4        0x0 lib/lib.a(close.o)
 .data          0x0000000000016ea4        0x0 lib/lib.a(errno.o)
 .data          0x0000000000016ea4        0x0 lib/lib.a(write.o)
 .data          0x0000000000016ea4        0x0 lib/lib.a(dup.o)
 .data          0x0000000000016ea4        0x0 lib/lib.a(setsid.o)
 .data          0x0000000000016ea4        0x0 lib/lib.a(execve.o)
 .data          0x0000000000016ea4        0x0 lib/lib.a(wait.o)
 .data          0x0000000000016ea4        0x0 lib/lib.a(string.o)
 .data          0x0000000000016ea4        0x0 lib/lib.a(getdents.o)

.data1
 *(.data1)
                0x0000000000016ea4                _edata = .
                0x0000000000016ea4                PROVIDE (edata, .)
                0x0000000000016ea4                __bss_start = .

.bss            0x0000000000016ec0     0x3e2c
 *(.dynbss)
 *(.bss .bss.* .gnu.linkonce.b.*)
 .bss           0x0000000000016ec0        0x0 boot/head.o
 .bss           0x0000000000016ec0      0x400 init/main.o
 .bss           0x00000000000172c0      0xacc kernel/kernel.o
                0x00000000000172c0                last_task_used_math
                0x00000000000172c4                startup_time
                0x00000000000172c8                jiffies
                0x00000000000172cc                last_pid
                0x0000000000017880                do_hd
 *fill*         0x0000000000017d8c       0x14 00
 .bss           0x0000000000017da0      0xc00 mm/mm.o
 .bss           0x00000000000189a0      0x710 fs/fs.o
                0x00000000000189a0                inode_table
                0x00000000000190a4                nr_buffers
 .bss           0x00000000000190b0        0x0 lib/lib.a(ctype.o)
 .bss           0x00000000000190b0        0x0 lib/lib.a(_exit.o)
 .bss           0x00000000000190b0        0x0 lib/lib.a(open.o)
 .bss           0x00000000000190b0        0x0 lib/lib.a(close.o)
 .bss           0x00000000000190b0        0x0 lib/lib.a(errno.o)
 .bss           0x00000000000190b0        0x0 lib/lib.a(write.o)
 .bss           0x00000000000190b0        0x0 lib/lib.a(dup.o)
 .bss           0x00000000000190b0        0x0 lib/lib.a(setsid.o)
 .bss           0x00000000000190b0        0x0 lib/lib.a(execve.o)
 .bss           0x00000000000190b0        0x0 lib/lib.a(wait.o)
 .bss           0x00000000000190b0        0x0 lib/lib.a(string.o)
 .bss           0x00000000000190b0        0x0 lib/lib.a(getdents.o)
 *(COMMON)
 *fill*         0x00000000000190b0       0x10 00
 COMMON         0x00000000000190c0     0x1000 kernel/kernel.o
                0x00000000000190c0                user_stack
 COMMON         0x000000000001a0c0      0xc20 fs/fs.o
                0x000000000001a0c0                hash_table
                0x000000000001a5a0                super_block
                0x000000000001a8e0                file_table
 COMMON         0x000000000001ace0        0x1 lib/lib.a(ctype.o)
                0x000000000001ace0                _ctmp
 *fill*         0x000000000001ace1        0x3 00
 COMMON         0x000000000001ace4        0x4 lib/lib.a(errno.o)
                0x000000000001ace4                errno
 COMMON         0x000000000001ace8        0x4 lib/lib.a(string.o)
                0x000000000001ace8                ___strtok
                0x000000000001acec                . = ALIGN ((. != 0x0)?0x4:0x1)
                0x000000000001acec                . = ALIGN (0x4)
                0x000000000001acec                . = ALIGN (0x4)
                0x000000000001acec                _end = .
                0x000000000001acec                PROVIDE (end, .)
                0x000000000001acec                . = DATA_SEGMENT_END (.)

.stab
 *(.stab)

.stabstr
 *(.stabstr)

.stab.excl
 *(.stab.excl)

.stab.exclstr
 *(.stab.exclstr)

.stab.index
 *(.stab.index)

.stab.indexstr
 *(.stab.indexstr)

.comment        0x0000000000000000       0x2a
 *(.comment)
 .comment       0x0000000000000000       0x2a init/main.o
                                         0x2b (size before relaxing)
 .comment       0x0000000000000000      0x22f kernel/kernel.o
 .comment       0x0000000000000000       0x2b mm/mm.o
 .comment       0x0000000000000000      0x331 fs/fs.o
 .comment       0x0000000000000000       0x2b lib/lib.a(ctype.o)
 .comment       0x0000000000000000       0x2b lib/lib.a(_exit.o)
 .comment       0x0000000000000000       0x2b lib/lib.a(open.o)
 .comment       0x0000000000000000       0x2b lib/lib.a(close.o)
 .comment       0x0000000000000000       0x2b lib/lib.a(errno.o)
 .comment       0x0000000000000000       0x2b lib/lib.a(write.o)
 .comment       0x0000000000000000       0x2b lib/lib.a(dup.o)
 .comment       0x0000000000000000       0x2b lib/lib.a(setsid.o)
 .comment       0x0000000000000000       0x2b lib/lib.a(execve.o)
 .comment       0x0000000000000000       0x2b lib/lib.a(wait.o)
 .comment       0x0000000000000000       0x2b lib/lib.a(string.o)
 .comment       0x0000000000000000       0x2b lib/lib.a(getdents.o)

.debug
 *(.debug)

.line
 *(.line)

.debug_srcinfo
 *(.debug_srcinfo)

.debug_sfnames
 *(.debug_sfnames)

.debug_aranges  0x0000000000000000      0x560
 *(.debug_aranges)
 .debug_aranges
                0x0000000000000000       0x20 init/main.o
 .debug_aranges
                0x0000000000000020      0x1a0 kernel/kernel.o
 .debug_aranges
                0x00000000000001c0       0x20 mm/mm.o
 .debug_aranges
                0x00000000000001e0      0x240 fs/fs.o
 .debug_aranges
                0x0000000000000420       0x20 lib/lib.a(_exit.o)
 .debug_aranges
                0x0000000000000440       0x20 lib/lib.a(open.o)
 .debug_aranges
                0x0000000000000460       0x20 lib/lib.a(close.o)
 .debug_aranges
                0x0000000000000480       0x20 lib/lib.a(write.o)
 .debug_aranges
                0x00000000000004a0       0x20 lib/lib.a(dup.o)
 .debug_aranges
                0x00000000000004c0       0x20 lib/lib.a(setsid.o)
 .debug_aranges
                0x00000000000004e0       0x20 lib/lib.a(execve.o)
 .debug_aranges
                0x0000000000000500       0x20 lib/lib.a(wait.o)
 .debug_aranges
                0x0000000000000520       0x20 lib/lib.a(string.o)
 .debug_aranges
                0x0000000000000540       0x20 lib/lib.a(getdents.o)

.debug_pubnames
 *(.debug_pubnames)

.debug_info     0x0000000000000000    0x1ab40
 *(.debug_info .gnu.linkonce.wi.*)
 .debug_info    0x0000000000000000      0xccf init/main.o
 .debug_info    0x0000000000000ccf     0x8b86 kernel/kernel.o
 .debug_info    0x0000000000009855      0x4d6 mm/mm.o
 .debug_info    0x0000000000009d2b     0xe2d3 fs/fs.o
 .debug_info    0x0000000000017ffe       0x70 lib/lib.a(ctype.o)
 .debug_info    0x000000000001806e      0x3af lib/lib.a(_exit.o)
 .debug_info    0x000000000001841d      0x403 lib/lib.a(open.o)
 .debug_info    0x0000000000018820      0x3ce lib/lib.a(close.o)
 .debug_info    0x0000000000018bee       0x3f lib/lib.a(errno.o)
 .debug_info    0x0000000000018c2d      0x400 lib/lib.a(write.o)
 .debug_info    0x000000000001902d      0x3ce lib/lib.a(dup.o)
 .debug_info    0x00000000000193fb      0x3cb lib/lib.a(setsid.o)
 .debug_info    0x00000000000197c6      0x3fc lib/lib.a(execve.o)
 .debug_info    0x0000000000019bc2      0x428 lib/lib.a(wait.o)
 .debug_info    0x0000000000019fea      0x705 lib/lib.a(string.o)
 .debug_info    0x000000000001a6ef      0x451 lib/lib.a(getdents.o)

.debug_abbrev   0x0000000000000000     0x4556
 *(.debug_abbrev)
 .debug_abbrev  0x0000000000000000      0x1d7 init/main.o
 .debug_abbrev  0x00000000000001d7     0x182e kernel/kernel.o
 .debug_abbrev  0x0000000000001a05      0x1af mm/mm.o
 .debug_abbrev  0x0000000000001bb4     0x212e fs/fs.o
 .debug_abbrev  0x0000000000003ce2       0x42 lib/lib.a(ctype.o)
 .debug_abbrev  0x0000000000003d24       0xa3 lib/lib.a(_exit.o)
 .debug_abbrev  0x0000000000003dc7       0xdc lib/lib.a(open.o)
 .debug_abbrev  0x0000000000003ea3       0xb4 lib/lib.a(close.o)
 .debug_abbrev  0x0000000000003f57       0x30 lib/lib.a(errno.o)
 .debug_abbrev  0x0000000000003f87       0xd7 lib/lib.a(write.o)
 .debug_abbrev  0x000000000000405e       0xb4 lib/lib.a(dup.o)
 .debug_abbrev  0x0000000000004112       0xb2 lib/lib.a(setsid.o)
 .debug_abbrev  0x00000000000041c4       0xbb lib/lib.a(execve.o)
 .debug_abbrev  0x000000000000427f       0xd0 lib/lib.a(wait.o)
 .debug_abbrev  0x000000000000434f      0x128 lib/lib.a(string.o)
 .debug_abbrev  0x0000000000004477       0xdf lib/lib.a(getdents.o)

.debug_line     0x0000000000000000     0x368f
 *(.debug_line)
 .debug_line    0x0000000000000000      0x11e init/main.o
 .debug_line    0x000000000000011e     0x1366 kernel/kernel.o
 .debug_line    0x0000000000001484      0x122 mm/mm.o
 .debug_line    0x00000000000015a6     0x1b86 fs/fs.o
 .debug_line    0x000000000000312c       0x28 lib/lib.a(ctype.o)
 .debug_line    0x0000000000003154       0x50 lib/lib.a(_exit.o)
 .debug_line    0x00000000000031a4       0x76 lib/lib.a(open.o)
 .debug_line    0x000000000000321a       0x6e lib/lib.a(close.o)
 .debug_line    0x0000000000003288       0x28 lib/lib.a(errno.o)
 .debug_line    0x00000000000032b0       0x8c lib/lib.a(write.o)
 .debug_line    0x000000000000333c       0x6c lib/lib.a(dup.o)
 .debug_line    0x00000000000033a8       0x88 lib/lib.a(setsid.o)
 .debug_line    0x0000000000003430       0x73 lib/lib.a(execve.o)
 .debug_line    0x00000000000034a3       0x90 lib/lib.a(wait.o)
 .debug_line    0x0000000000003533       0xc1 lib/lib.a(string.o)
 .debug_line    0x00000000000035f4       0x9b lib/lib.a(getdents.o)

.debug_frame
 *(.debug_frame)

.debug_str      0x0000000000000000     0x1aae
 *(.debug_str)
 .debug_str     0x0000000000000000      0x3f8 init/main.o
                                        0x4a5 (size before relaxing)
 .debug_str     0x00000000000003f8      0xb97 kernel/kernel.o
                                       0x3255 (size before relaxing)
 .debug_str     0x0000000000000f8f      0x126 mm/mm.o
                                        0x1c1 (size before relaxing)
 .debug_str     0x00000000000010b5      0x927 fs/fs.o
                                       0x53cd (size before relaxing)
 .debug_str     0x00000000000019dc       0x26 lib/lib.a(ctype.o)
                                         0x66 (size before relaxing)
 .debug_str     0x0000000000001a02        0x8 lib/lib.a(_exit.o)
                                        0x284 (size before relaxing)
 .debug_str     0x0000000000000000        0x8 lib/lib.a(open.o)
                                        0x294 (size before relaxing)
 .debug_str     0x0000000000001a0a        0x8 lib/lib.a(close.o)
                                        0x286 (size before relaxing)
 .debug_str     0x0000000000001a12        0x8 lib/lib.a(errno.o)
                                         0x38 (size before relaxing)
 .debug_str     0x0000000000000000        0x8 lib/lib.a(write.o)
                                        0x292 (size before relaxing)
 .debug_str     0x0000000000001a1a        0x6 lib/lib.a(dup.o)
                                        0x27e (size before relaxing)
 .debug_str     0x0000000000001a20        0x9 lib/lib.a(setsid.o)
                                        0x28e (size before relaxing)
 .debug_str     0x0000000000001a29        0x9 lib/lib.a(execve.o)
                                        0x297 (size before relaxing)
 .debug_str     0x0000000000001a32       0x11 lib/lib.a(wait.o)
                                        0x2a4 (size before relaxing)
 .debug_str     0x0000000000001a43       0x6b lib/lib.a(string.o)
                                         0xec (size before relaxing)
 .debug_str     0x0000000000000000       0x6b lib/lib.a(getdents.o)
                                        0x2c0 (size before relaxing)

.debug_loc      0x0000000000000000     0xa9b0
 *(.debug_loc)
 .debug_loc     0x0000000000000000      0x256 init/main.o
 .debug_loc     0x0000000000000256     0x379d kernel/kernel.o
 .debug_loc     0x00000000000039f3      0x640 mm/mm.o
 .debug_loc     0x0000000000004033     0x6353 fs/fs.o
 .debug_loc     0x000000000000a386       0x2c lib/lib.a(_exit.o)
 .debug_loc     0x000000000000a3b2       0x3f lib/lib.a(open.o)
 .debug_loc     0x000000000000a3f1       0x3f lib/lib.a(close.o)
 .debug_loc     0x000000000000a430       0x57 lib/lib.a(write.o)
 .debug_loc     0x000000000000a487       0x3f lib/lib.a(dup.o)
 .debug_loc     0x000000000000a4c6       0x13 lib/lib.a(setsid.o)
 .debug_loc     0x000000000000a4d9       0x57 lib/lib.a(execve.o)
 .debug_loc     0x000000000000a530       0x83 lib/lib.a(wait.o)
 .debug_loc     0x000000000000a5b3      0x3a6 lib/lib.a(string.o)
 .debug_loc     0x000000000000a959       0x57 lib/lib.a(getdents.o)

.debug_macinfo
 *(.debug_macinfo)

.debug_weaknames
 *(.debug_weaknames)

.debug_funcnames
 *(.debug_funcnames)

.debug_typenames
 *(.debug_typenames)

.debug_varnames
 *(.debug_varnames)

.debug_pubtypes
 *(.debug_pubtypes)

.debug_ranges   0x0000000000000000      0x470
 *(.debug_ranges)
 .debug_ranges  0x0000000000000000      0x168 kernel/kernel.o
 .debug_ranges  0x0000000000000168      0x308 fs/fs.o

.gnu.attributes
 *(.gnu.attributes)

/DISCARD/
 *(.note.GNU-stack)
 *(.gnu_debuglink)
 *(.gnu.lto_*)
OUTPUT(tools/system elf32-i386)
