Archive member included because of file (symbol)

lib/lib.a(ctype.o)            kernel/kernel.o (_ctype)
lib/lib.a(_exit.o)            init/main.o (_exit)
lib/lib.a(open.o)             init/main.o (open)
lib/lib.a(close.o)            init/main.o (close)
lib/lib.a(errno.o)            init/main.o (errno)
lib/lib.a(write.o)            init/main.o (write)
lib/lib.a(dup.o)              init/main.o (dup)
lib/lib.a(setsid.o)           init/main.o (setsid)
lib/lib.a(execve.o)           init/main.o (execve)
lib/lib.a(wait.o)             init/main.o (wait)
lib/lib.a(string.o)           kernel/kernel.o (strcpy)
lib/lib.a(crypt.o)            kernel/kernel.o (isencr)
lib/lib.a(random.o)           kernel/kernel.o (rand)
lib/lib.a(encrlst.o)          lib/lib.a(crypt.o) (encrlst)
lib/lib.a(lstent.o)           lib/lib.a(crypt.o) (lstent)
lib/lib.a(read.o)             lib/lib.a(crypt.o) (read)

Allocating common symbols
Common symbol       size              file

gkey                0x80              kernel/kernel.o
errno               0x4               lib/lib.a(errno.o)
hash_table          0x4cc             fs/fs.o
___strtok           0x4               lib/lib.a(string.o)
enclst              0x800             kernel/kernel.o
user_stack          0x1000            kernel/kernel.o
_ctmp               0x1               lib/lib.a(ctype.o)
super_block         0x340             fs/fs.o
file_table          0x400             fs/fs.o

Discarded input sections

 .note.GNU-stack
                0x0000000000000000        0x0 init/main.o
 .note.GNU-stack
                0x0000000000000000        0x0 kernel/kernel.o
 .note.GNU-stack
                0x0000000000000000        0x0 mm/mm.o
 .note.GNU-stack
                0x0000000000000000        0x0 fs/fs.o
 .note.GNU-stack
                0x0000000000000000        0x0 lib/lib.a(ctype.o)
 .note.GNU-stack
                0x0000000000000000        0x0 lib/lib.a(_exit.o)
 .note.GNU-stack
                0x0000000000000000        0x0 lib/lib.a(open.o)
 .note.GNU-stack
                0x0000000000000000        0x0 lib/lib.a(close.o)
 .note.GNU-stack
                0x0000000000000000        0x0 lib/lib.a(errno.o)
 .note.GNU-stack
                0x0000000000000000        0x0 lib/lib.a(write.o)
 .note.GNU-stack
                0x0000000000000000        0x0 lib/lib.a(dup.o)
 .note.GNU-stack
                0x0000000000000000        0x0 lib/lib.a(setsid.o)
 .note.GNU-stack
                0x0000000000000000        0x0 lib/lib.a(execve.o)
 .note.GNU-stack
                0x0000000000000000        0x0 lib/lib.a(wait.o)
 .note.GNU-stack
                0x0000000000000000        0x0 lib/lib.a(string.o)
 .note.GNU-stack
                0x0000000000000000        0x0 lib/lib.a(crypt.o)
 .note.GNU-stack
                0x0000000000000000        0x0 lib/lib.a(random.o)
 .note.GNU-stack
                0x0000000000000000        0x0 lib/lib.a(encrlst.o)
 .note.GNU-stack
                0x0000000000000000        0x0 lib/lib.a(lstent.o)
 .note.GNU-stack
                0x0000000000000000        0x0 lib/lib.a(read.o)

Memory Configuration

Name             Origin             Length             Attributes
*default*        0x0000000000000000 0xffffffffffffffff

Linker script and memory map

Address of section .text set to 0x0
LOAD boot/head.o
LOAD init/main.o
LOAD kernel/kernel.o
LOAD mm/mm.o
LOAD fs/fs.o
LOAD lib/lib.a
                0x0000000008048000                PROVIDE (__executable_start, 0x8048000)
                0x0000000008048094                . = (0x8048000 + SIZEOF_HEADERS)

.interp
 *(.interp)

.note.gnu.build-id
 *(.note.gnu.build-id)

.hash
 *(.hash)

.gnu.hash
 *(.gnu.hash)

.dynsym
 *(.dynsym)

.dynstr
 *(.dynstr)

.gnu.version
 *(.gnu.version)

.gnu.version_d
 *(.gnu.version_d)

.gnu.version_r
 *(.gnu.version_r)

.rel.dyn        0x0000000008048094        0x0
 *(.rel.init)
 *(.rel.text .rel.text.* .rel.gnu.linkonce.t.*)
 .rel.text      0x0000000000000000        0x0 boot/head.o
 *(.rel.fini)
 *(.rel.rodata .rel.rodata.* .rel.gnu.linkonce.r.*)
 *(.rel.data.rel.ro* .rel.gnu.linkonce.d.rel.ro.*)
 *(.rel.data .rel.data.* .rel.gnu.linkonce.d.*)
 .rel.data      0x0000000000000000        0x0 boot/head.o
 *(.rel.tdata .rel.tdata.* .rel.gnu.linkonce.td.*)
 *(.rel.tbss .rel.tbss.* .rel.gnu.linkonce.tb.*)
 *(.rel.ctors)
 *(.rel.dtors)
 *(.rel.got)
 *(.rel.bss .rel.bss.* .rel.gnu.linkonce.b.*)
 *(.rel.ifunc)

.rel.plt        0x0000000008048094        0x0
 *(.rel.plt)
                0x0000000008048094                PROVIDE (__rel_iplt_start, .)
 *(.rel.iplt)
 .rel.iplt      0x0000000000000000        0x0 boot/head.o
                0x0000000008048094                PROVIDE (__rel_iplt_end, .)

.init
 *(.init)

.plt            0x00000000080480a0        0x0
 *(.plt)
 *(.iplt)
 .iplt          0x0000000000000000        0x0 boot/head.o

.text           0x0000000000000000     0xffc5
 *(.text.unlikely .text.*_unlikely)
 *(.text.exit .text.exit.*)
 *(.text.startup .text.startup.*)
 *(.text.hot .text.hot.*)
 *(.text .stub .text.* .gnu.linkonce.t.*)
 .text          0x0000000000000000     0x5078 boot/head.o
                0x0000000000000000                startup_32
                0x0000000000000000                pg_dir
                0x0000000000004078                idt
                0x0000000000004878                gdt
 *fill*         0x0000000000005078        0x8 90909090
 .text          0x0000000000005080      0x370 init/main.o
                0x00000000000050c1                init
                0x0000000000005232                main
 .text          0x00000000000053f0     0x4f37 kernel/kernel.o
                0x00000000000053f0                sys_alarm
                0x0000000000005417                sys_getpid
                0x0000000000005423                sys_getppid
                0x000000000000542f                sys_getuid
                0x000000000000543c                sys_geteuid
                0x0000000000005449                sys_getgid
                0x0000000000005456                sys_getegid
                0x0000000000005463                sys_nice
                0x000000000000547c                sys_signal
                0x00000000000054b9                math_state_restore
                0x00000000000054f0                schedule
                0x00000000000055e1                sys_pause
                0x00000000000055f7                sleep_on
                0x0000000000005651                interruptible_sleep_on
                0x00000000000056bb                wake_up
                0x00000000000056d7                do_timer
                0x000000000000571d                sched_init
                0x0000000000005844                system_call
                0x0000000000005936                timer_interrupt
                0x000000000000596e                sys_execve
                0x000000000000597c                sys_fork
                0x0000000000005994                hd_interrupt
                0x0000000000005b41                do_double_fault
                0x0000000000005b5a                do_general_protection
                0x0000000000005b73                do_divide_error
                0x0000000000005b8c                do_int3
                0x0000000000005c44                do_nmi
                0x0000000000005c5d                do_debug
                0x0000000000005c76                do_overflow
                0x0000000000005c8f                do_bounds
                0x0000000000005ca8                do_invalid_op
                0x0000000000005cc1                do_device_not_available
                0x0000000000005cda                do_coprocessor_segment_overrun
                0x0000000000005cf3                do_invalid_TSS
                0x0000000000005d0c                do_segment_not_present
                0x0000000000005d25                do_stack_segment
                0x0000000000005d3e                do_coprocessor_error
                0x0000000000005d57                do_reserved
                0x0000000000005d70                trap_init
                0x0000000000005f2c                divide_error
                0x0000000000005f61                debug
                0x0000000000005f68                nmi
                0x0000000000005f6f                int3
                0x0000000000005f76                overflow
                0x0000000000005f7d                bounds
                0x0000000000005f84                invalid_op
                0x0000000000005f93                device_not_available
                0x0000000000005fc0                coprocessor_segment_overrun
                0x0000000000005fca                reserved
                0x0000000000005fd4                coprocessor_error
                0x0000000000005fde                double_fault
                0x0000000000006015                invalid_TSS
                0x000000000000601c                segment_not_present
                0x0000000000006023                stack_segment
                0x000000000000602a                general_protection
                0x0000000000006034                verify_area
                0x0000000000006099                copy_mem
                0x000000000000618f                copy_process
                0x000000000000641e                find_empty_process
                0x0000000000006480                panic
                0x000000000000649c                printk
                0x0000000000006726                vsprintf
                0x0000000000006a90                tty_init
                0x0000000000006aa1                tty_intr
                0x0000000000006ae6                copy_to_cooked
                0x0000000000006d66                tty_read
                0x000000000000702c                tty_write
                0x0000000000007209                do_tty_interrupt
                0x0000000000007435                csi_m
                0x0000000000007490                con_write
                0x0000000000007dfa                con_init
                0x0000000000007e83                keyboard_interrupt
                0x0000000000008658                rs1_interrupt
                0x0000000000008660                rs2_interrupt
                0x0000000000008dc9                rw_hd
                0x0000000000008e72                sys_setup
                0x0000000000008f71                unexpected_hd_interrupt
                0x0000000000008f84                hd_init
                0x0000000000009000                sys_ftime
                0x0000000000009006                sys_mknod
                0x000000000000900c                sys_break
                0x0000000000009012                sys_mount
                0x0000000000009018                sys_umount
                0x000000000000901e                sys_ustat
                0x0000000000009024                sys_ptrace
                0x000000000000902a                sys_stty
                0x0000000000009030                sys_gtty
                0x0000000000009036                sys_rename
                0x000000000000903c                sys_prof
                0x0000000000009042                sys_setgid
                0x000000000000909f                sys_acct
                0x00000000000090a5                sys_phys
                0x00000000000090ab                sys_lock
                0x00000000000090b1                sys_mpx
                0x00000000000090b7                sys_ulimit
                0x00000000000090bd                sys_time
                0x0000000000009110                sys_setuid
                0x0000000000009169                sys_stime
                0x00000000000091b6                sys_times
                0x000000000000920f                sys_brk
                0x0000000000009242                sys_setpgid
                0x00000000000092b7                sys_getpgrp
                0x00000000000092c3                sys_setsid
                0x0000000000009318                sys_oldolduname
                0x0000000000009330                sys_uname
                0x000000000000937d                sys_umask
                0x000000000000939b                sys_null
                0x00000000000093bd                get_inum
                0x00000000000093d5                sys_keyset
                0x0000000000009417                sys_keyclear
                0x000000000000943f                sys_keygen
                0x00000000000095d2                sys_encr
                0x00000000000098c5                sys_decr
                0x0000000000009b59                sys_encrlst
                0x0000000000009b96                sys_decrlst
                0x0000000000009bb3                sys_lstent
                0x0000000000009bda                sys_uisencr
                0x0000000000009c00                release
                0x0000000000009c5a                do_kill
                0x0000000000009ed3                sys_kill
                0x0000000000009f09                do_exit
                0x000000000000a09c                sys_exit
                0x000000000000a0b7                sys_waitpid
                0x000000000000a23e                rs_init
                0x000000000000a296                rs_write
                0x000000000000a2c0                kernel_mktime
 *fill*         0x000000000000a327        0x1 90909090
 .text          0x000000000000a328      0x517 mm/mm.o
                0x000000000000a328                invalidate
                0x000000000000a331                copy_page
                0x000000000000a356                get_free_page
                0x000000000000a38e                free_page
                0x000000000000a3ee                free_page_tables
                0x000000000000a49e                copy_page_tables
                0x000000000000a598                put_page
                0x000000000000a645                un_wp_page
                0x000000000000a6d5                do_wp_page
                0x000000000000a705                write_verify
                0x000000000000a744                do_no_page
                0x000000000000a774                calc_mem
                0x000000000000a808                page_fault
 *fill*         0x000000000000a83f        0x1 90909090
 .text          0x000000000000a840     0x4f4c fs/fs.o
                0x000000000000a840                sys_utime
                0x000000000000a8a9                sys_access
                0x000000000000a940                sys_chdir
                0x000000000000a9a3                sys_chroot
                0x000000000000aa06                sys_chmod
                0x000000000000aa9b                sys_chown
                0x000000000000ab02                sys_open
                0x000000000000ac96                sys_creat
                0x000000000000acb9                sys_close
                0x000000000000ad40                sys_lseek
                0x000000000000adfc                sys_read
                0x000000000000af57                sys_write
                0x000000000000b46b                sync_inodes
                0x000000000000b4b5                bmap
                0x000000000000b4ce                create_block
                0x000000000000b4e7                iput
                0x000000000000b5d5                get_empty_inode
                0x000000000000b6c3                get_pipe_inode
                0x000000000000b70a                iget
                0x000000000000b8f7                sys_sync
                0x000000000000b95f                brelse
                0x000000000000b9b1                get_hash_table
                0x000000000000ba10                getblk
                0x000000000000bcaf                bread
                0x000000000000bd09                buffer_init
                0x000000000000bda4                do_mount
                0x000000000000bfaf                mount_root
                0x000000000000c100                block_write
                0x000000000000c1e3                block_read
                0x000000000000c2ba                ll_rw_block
                0x000000000000c383                rw_char
                0x000000000000c3f4                file_read
                0x000000000000c59f                file_write
                0x000000000000c83e                sys_stat
                0x000000000000c883                sys_lstat
                0x000000000000c89e                sys_fstat
                0x000000000000c8e1                sys_stat64
                0x000000000000c926                sys_fstat64
                0x000000000000c969                sys_lstat64
                0x000000000000c984                sys_oldstat
                0x000000000000c99c                sys_oldfstat
                0x000000000000cae4                cp_block
                0x000000000000cb19                is_valid_elf
                0x000000000000cb5e                read_file_block_ind
                0x000000000000cbf3                read_file_block
                0x000000000000ccf2                copy_section
                0x000000000000cde0                create_bss_section
                0x000000000000ce06                load_elf_binary
                0x000000000000d011                do_execve
                0x000000000000d4a4                read_pipe
                0x000000000000d53d                write_pipe
                0x000000000000d636                sys_pipe
                0x000000000000dc69                namei
                0x000000000000dd1f                open_namei
                0x000000000000df85                sys_mkdir
                0x000000000000e23a                sys_rmdir
                0x000000000000e5ac                sys_unlink
                0x000000000000e748                sys_link
                0x000000000000e8f0                free_block
                0x000000000000ea2b                new_block
                0x000000000000ebae                free_inode
                0x000000000000ecda                new_inode
                0x000000000000eeba                sys_dup2
                0x000000000000eeda                sys_dup
                0x000000000000eeea                sys_fcntl
                0x000000000000efa7                sys_fcntl64
                0x000000000000effc                sys_ioctl
                0x000000000000f099                tty_ioctl
                0x000000000000f365                truncate
                0x000000000000f470                sys_getdents
                0x000000000000f5fe                sys_getdents64
 .text          0x000000000000f78c        0x0 lib/lib.a(ctype.o)
 .text          0x000000000000f78c        0xe lib/lib.a(_exit.o)
                0x000000000000f78c                _exit
 *fill*         0x000000000000f79a        0x2 90909090
 .text          0x000000000000f79c       0x3d lib/lib.a(open.o)
                0x000000000000f79c                open
 *fill*         0x000000000000f7d9        0x3 90909090
 .text          0x000000000000f7dc       0x23 lib/lib.a(close.o)
                0x000000000000f7dc                close
 *fill*         0x000000000000f7ff        0x1 90909090
 .text          0x000000000000f800        0x0 lib/lib.a(errno.o)
 .text          0x000000000000f800       0x3d lib/lib.a(write.o)
                0x000000000000f800                write
 *fill*         0x000000000000f83d        0x3 90909090
 .text          0x000000000000f840       0x23 lib/lib.a(dup.o)
                0x000000000000f840                dup
 *fill*         0x000000000000f863        0x1 90909090
 .text          0x000000000000f864       0x1e lib/lib.a(setsid.o)
                0x000000000000f864                setsid
 *fill*         0x000000000000f882        0x2 90909090
 .text          0x000000000000f884       0x3d lib/lib.a(execve.o)
                0x000000000000f884                execve
 *fill*         0x000000000000f8c1        0x3 90909090
 .text          0x000000000000f8c4       0x60 lib/lib.a(wait.o)
                0x000000000000f8c4                waitpid
                0x000000000000f901                wait
 .text          0x000000000000f924      0x421 lib/lib.a(string.o)
                0x000000000000f924                strcpy
                0x000000000000f94c                strncpy
                0x000000000000f97d                strcat
                0x000000000000f9b2                strncat
                0x000000000000f9f1                strcmp
                0x000000000000fa1f                strncmp
                0x000000000000fa54                strchr
                0x000000000000fa72                strrchr
                0x000000000000fa93                strspn
                0x000000000000fae0                strcspn
                0x000000000000fb2d                strpbrk
                0x000000000000fb72                strstr
                0x000000000000fbb7                strlen
                0x000000000000fbd0                strtok
                0x000000000000fc61                memcpy
                0x000000000000fc87                memmove
                0x000000000000fcd5                memcmp
                0x000000000000fd09                memchr
                0x000000000000fd2f                memset
 *fill*         0x000000000000fd45        0x3 90909090
 .text          0x000000000000fd48      0x17b lib/lib.a(crypt.o)
                0x000000000000fd81                renclst
                0x000000000000fe44                wenclst
                0x000000000000feb4                isencr
 *fill*         0x000000000000fec3        0x1 90909090
 .text          0x000000000000fec4       0x5c lib/lib.a(random.o)
                0x000000000000fec4                rand
 .text          0x000000000000ff20       0x3d lib/lib.a(encrlst.o)
                0x000000000000ff20                encrlst
 *fill*         0x000000000000ff5d        0x3 90909090
 .text          0x000000000000ff60       0x27 lib/lib.a(lstent.o)
                0x000000000000ff60                lstent
 *fill*         0x000000000000ff87        0x1 90909090
 .text          0x000000000000ff88       0x3d lib/lib.a(read.o)
                0x000000000000ff88                read
 *(.gnu.warning)

.fini
 *(.fini)
                0x000000000000ffc5                PROVIDE (__etext, .)
                0x000000000000ffc5                PROVIDE (_etext, .)
                0x000000000000ffc5                PROVIDE (etext, .)

.rodata         0x000000000000ffe0     0x1033
 *(.rodata .rodata.* .gnu.linkonce.r.*)
 .rodata.str1.1
                0x000000000000ffe0       0x68 init/main.o
 .rodata.str1.4
                0x0000000000010048       0x25 init/main.o
 *fill*         0x000000000001006d       0x13 00
 .rodata        0x0000000000010080      0x270 kernel/kernel.o
 .rodata.str1.1
                0x00000000000102f0      0x283 kernel/kernel.o
                                        0x289 (size before relaxing)
 *fill*         0x0000000000010573        0x1 00
 .rodata.str1.4
                0x0000000000010574      0x1fc kernel/kernel.o
 .rodata.str1.4
                0x0000000000010770       0xe9 mm/mm.o
 .rodata.str1.1
                0x0000000000010859       0x68 mm/mm.o
 *fill*         0x00000000000108c1       0x1f 00
 .rodata        0x00000000000108e0       0xc4 fs/fs.o
 .rodata.str1.1
                0x00000000000109a4      0x32c fs/fs.o
                                        0x332 (size before relaxing)
 .rodata.str1.4
                0x0000000000010cd0      0x334 fs/fs.o
 .rodata.str1.1
                0x0000000000011004        0xf lib/lib.a(crypt.o)

.rodata1
 *(.rodata1)

.eh_frame_hdr
 *(.eh_frame_hdr)

.eh_frame       0x0000000000011014     0x23a4
 *(.eh_frame)
 .eh_frame      0x0000000000011014       0x74 init/main.o
 .eh_frame      0x0000000000011088      0xe28 kernel/kernel.o
                                        0xf60 (size before relaxing)
 .eh_frame      0x0000000000011eb0      0x1a8 mm/mm.o
                                        0x1c0 (size before relaxing)
 .eh_frame      0x0000000000012058      0xf0c fs/fs.o
                                       0x10bc (size before relaxing)
 .eh_frame      0x0000000000012f64       0x1c lib/lib.a(_exit.o)
                                         0x34 (size before relaxing)
 .eh_frame      0x0000000000012f80       0x20 lib/lib.a(open.o)
                                         0x38 (size before relaxing)
 .eh_frame      0x0000000000012fa0       0x1c lib/lib.a(close.o)
                                         0x34 (size before relaxing)
 .eh_frame      0x0000000000012fbc       0x20 lib/lib.a(write.o)
                                         0x38 (size before relaxing)
 .eh_frame      0x0000000000012fdc       0x1c lib/lib.a(dup.o)
                                         0x34 (size before relaxing)
 .eh_frame      0x0000000000012ff8       0x14 lib/lib.a(setsid.o)
                                         0x2c (size before relaxing)
 .eh_frame      0x000000000001300c       0x20 lib/lib.a(execve.o)
                                         0x38 (size before relaxing)
 .eh_frame      0x000000000001302c       0x38 lib/lib.a(wait.o)
                                         0x50 (size before relaxing)
 .eh_frame      0x0000000000013064      0x25c lib/lib.a(string.o)
                                        0x274 (size before relaxing)
 .eh_frame      0x00000000000132c0       0x88 lib/lib.a(crypt.o)
                                         0xa0 (size before relaxing)
 .eh_frame      0x0000000000013348       0x14 lib/lib.a(random.o)
                                         0x2c (size before relaxing)
 .eh_frame      0x000000000001335c       0x20 lib/lib.a(encrlst.o)
                                         0x38 (size before relaxing)
 .eh_frame      0x000000000001337c       0x1c lib/lib.a(lstent.o)
                                         0x34 (size before relaxing)
 .eh_frame      0x0000000000013398       0x20 lib/lib.a(read.o)
                                         0x38 (size before relaxing)

.gcc_except_table
 *(.gcc_except_table .gcc_except_table.*)

.exception_ranges
 *(.exception_ranges .exception_ranges*)
                0x00000000000133b8                . = (ALIGN (0x1000) - ((0x1000 - .) & 0xfff))
                0x00000000000143b8                . = DATA_SEGMENT_ALIGN (0x1000, 0x1000)

.eh_frame
 *(.eh_frame)

.gcc_except_table
 *(.gcc_except_table .gcc_except_table.*)

.exception_ranges
 *(.exception_ranges .exception_ranges*)

.tdata
 *(.tdata .tdata.* .gnu.linkonce.td.*)

.tbss
 *(.tbss .tbss.* .gnu.linkonce.tb.*)
 *(.tcommon)

.preinit_array  0x00000000000143b8        0x0
                0x00000000000143b8                PROVIDE (__preinit_array_start, .)
 *(.preinit_array)
                0x00000000000143b8                PROVIDE (__preinit_array_end, .)

.init_array     0x00000000000143b8        0x0
                0x00000000000143b8                PROVIDE (__init_array_start, .)
 *(SORT(.init_array.*) SORT(.ctors.*))
 *(.init_array)
 *(EXCLUDE_FILE(*crtend?.o *crtend.o *crtbegin?.o *crtbegin.o) .ctors)
                0x00000000000143b8                PROVIDE (__init_array_end, .)

.fini_array     0x00000000000143b8        0x0
                0x00000000000143b8                PROVIDE (__fini_array_start, .)
 *(SORT(.fini_array.*) SORT(.dtors.*))
 *(.fini_array)
 *(EXCLUDE_FILE(*crtend?.o *crtend.o *crtbegin?.o *crtbegin.o) .dtors)
                0x00000000000143b8                PROVIDE (__fini_array_end, .)

.ctors
 *crtbegin.o(.ctors)
 *crtbegin?.o(.ctors)
 *(EXCLUDE_FILE(*crtend?.o *crtend.o) .ctors)
 *(SORT(.ctors.*))
 *(.ctors)

.dtors
 *crtbegin.o(.dtors)
 *crtbegin?.o(.dtors)
 *(EXCLUDE_FILE(*crtend?.o *crtend.o) .dtors)
 *(SORT(.dtors.*))
 *(.dtors)

.jcr
 *(.jcr)

.data.rel.ro
 *(.data.rel.ro.local* .gnu.linkonce.d.rel.ro.local.*)
 *(.data.rel.ro* .gnu.linkonce.d.rel.ro.*)

.dynamic
 *(.dynamic)

.got
 *(.got)
 *(.igot)
                0x00000000000143b8                . = DATA_SEGMENT_RELRO_END (., 0xc)

.got.plt        0x00000000000143b8        0x0
 *(.got.plt)
 *(.igot.plt)
 .igot.plt      0x0000000000000000        0x0 boot/head.o

.data           0x00000000000143c0     0x3e64
 *(.data .data.* .gnu.linkonce.d.*)
 .data          0x00000000000143c0        0x0 boot/head.o
 .data          0x00000000000143c0       0x18 init/main.o
 *fill*         0x00000000000143d8        0x8 00
 .data          0x00000000000143e0     0x3d2c kernel/kernel.o
                0x00000000000143e0                stack_start
                0x0000000000014400                task
                0x0000000000014500                current
                0x0000000000014520                sys_call_table
                0x0000000000015a20                table_list
                0x0000000000015a40                tty_table
 .data          0x000000000001810c        0x0 mm/mm.o
 .data          0x000000000001810c        0x4 fs/fs.o
                0x000000000001810c                start_buffer
 *fill*         0x0000000000018110       0x10 00
 .data          0x0000000000018120      0x101 lib/lib.a(ctype.o)
                0x0000000000018120                _ctype
 *fill*         0x0000000000018221        0x3 00
 .data          0x0000000000018224        0x0 lib/lib.a(_exit.o)
 .data          0x0000000000018224        0x0 lib/lib.a(open.o)
 .data          0x0000000000018224        0x0 lib/lib.a(close.o)
 .data          0x0000000000018224        0x0 lib/lib.a(errno.o)
 .data          0x0000000000018224        0x0 lib/lib.a(write.o)
 .data          0x0000000000018224        0x0 lib/lib.a(dup.o)
 .data          0x0000000000018224        0x0 lib/lib.a(setsid.o)
 .data          0x0000000000018224        0x0 lib/lib.a(execve.o)
 .data          0x0000000000018224        0x0 lib/lib.a(wait.o)
 .data          0x0000000000018224        0x0 lib/lib.a(string.o)
 .data          0x0000000000018224        0x0 lib/lib.a(crypt.o)
 .data          0x0000000000018224        0x0 lib/lib.a(random.o)
 .data          0x0000000000018224        0x0 lib/lib.a(encrlst.o)
 .data          0x0000000000018224        0x0 lib/lib.a(lstent.o)
 .data          0x0000000000018224        0x0 lib/lib.a(read.o)

.data1
 *(.data1)
                0x0000000000018224                _edata = .
                0x0000000000018224                PROVIDE (edata, .)
                0x0000000000018224                __bss_start = .

.bss            0x0000000000018240     0x45ac
 *(.dynbss)
 *(.bss .bss.* .gnu.linkonce.b.*)
 .bss           0x0000000000018240        0x0 boot/head.o
 .bss           0x0000000000018240      0x400 init/main.o
 .bss           0x0000000000018640      0x9cc kernel/kernel.o
                0x0000000000018640                last_task_used_math
                0x0000000000018644                startup_time
                0x0000000000018648                jiffies
                0x000000000001864c                last_pid
                0x0000000000018b00                do_hd
 *fill*         0x000000000001900c       0x14 00
 .bss           0x0000000000019020      0xc00 mm/mm.o
 .bss           0x0000000000019c20      0x710 fs/fs.o
                0x0000000000019c20                inode_table
                0x000000000001a324                nr_buffers
 .bss           0x000000000001a330        0x0 lib/lib.a(ctype.o)
 .bss           0x000000000001a330        0x0 lib/lib.a(_exit.o)
 .bss           0x000000000001a330        0x0 lib/lib.a(open.o)
 .bss           0x000000000001a330        0x0 lib/lib.a(close.o)
 .bss           0x000000000001a330        0x0 lib/lib.a(errno.o)
 .bss           0x000000000001a330        0x0 lib/lib.a(write.o)
 .bss           0x000000000001a330        0x0 lib/lib.a(dup.o)
 .bss           0x000000000001a330        0x0 lib/lib.a(setsid.o)
 .bss           0x000000000001a330        0x0 lib/lib.a(execve.o)
 .bss           0x000000000001a330        0x0 lib/lib.a(wait.o)
 .bss           0x000000000001a330        0x0 lib/lib.a(string.o)
 .bss           0x000000000001a330        0x4 lib/lib.a(crypt.o)
 .bss           0x000000000001a334        0x4 lib/lib.a(random.o)
 .bss           0x000000000001a338        0x0 lib/lib.a(encrlst.o)
 .bss           0x000000000001a338        0x0 lib/lib.a(lstent.o)
 .bss           0x000000000001a338        0x0 lib/lib.a(read.o)
 *(COMMON)
 *fill*         0x000000000001a338        0x8 00
 COMMON         0x000000000001a340     0x1880 kernel/kernel.o
                0x000000000001a340                gkey
                0x000000000001a3c0                enclst
                0x000000000001abc0                user_stack
 COMMON         0x000000000001bbc0      0xc20 fs/fs.o
                0x000000000001bbc0                hash_table
                0x000000000001c0a0                super_block
                0x000000000001c3e0                file_table
 COMMON         0x000000000001c7e0        0x1 lib/lib.a(ctype.o)
                0x000000000001c7e0                _ctmp
 *fill*         0x000000000001c7e1        0x3 00
 COMMON         0x000000000001c7e4        0x4 lib/lib.a(errno.o)
                0x000000000001c7e4                errno
 COMMON         0x000000000001c7e8        0x4 lib/lib.a(string.o)
                0x000000000001c7e8                ___strtok
                0x000000000001c7ec                . = ALIGN ((. != 0x0)?0x4:0x1)
                0x000000000001c7ec                . = ALIGN (0x4)
                0x000000000001c7ec                . = ALIGN (0x4)
                0x000000000001c7ec                _end = .
                0x000000000001c7ec                PROVIDE (end, .)
                0x000000000001c7ec                . = DATA_SEGMENT_END (.)

.stab
 *(.stab)

.stabstr
 *(.stabstr)

.stab.excl
 *(.stab.excl)

.stab.exclstr
 *(.stab.exclstr)

.stab.index
 *(.stab.index)

.stab.indexstr
 *(.stab.indexstr)

.comment        0x0000000000000000       0x2a
 *(.comment)
 .comment       0x0000000000000000       0x2a init/main.o
                                         0x2b (size before relaxing)
 .comment       0x0000000000000000      0x22f kernel/kernel.o
 .comment       0x0000000000000000       0x2b mm/mm.o
 .comment       0x0000000000000000      0x331 fs/fs.o
 .comment       0x0000000000000000       0x2b lib/lib.a(ctype.o)
 .comment       0x0000000000000000       0x2b lib/lib.a(_exit.o)
 .comment       0x0000000000000000       0x2b lib/lib.a(open.o)
 .comment       0x0000000000000000       0x2b lib/lib.a(close.o)
 .comment       0x0000000000000000       0x2b lib/lib.a(errno.o)
 .comment       0x0000000000000000       0x2b lib/lib.a(write.o)
 .comment       0x0000000000000000       0x2b lib/lib.a(dup.o)
 .comment       0x0000000000000000       0x2b lib/lib.a(setsid.o)
 .comment       0x0000000000000000       0x2b lib/lib.a(execve.o)
 .comment       0x0000000000000000       0x2b lib/lib.a(wait.o)
 .comment       0x0000000000000000       0x2b lib/lib.a(string.o)
 .comment       0x0000000000000000       0x2b lib/lib.a(crypt.o)
 .comment       0x0000000000000000       0x2b lib/lib.a(random.o)
 .comment       0x0000000000000000       0x2b lib/lib.a(encrlst.o)
 .comment       0x0000000000000000       0x2b lib/lib.a(lstent.o)
 .comment       0x0000000000000000       0x2b lib/lib.a(read.o)

.debug
 *(.debug)

.line
 *(.line)

.debug_srcinfo
 *(.debug_srcinfo)

.debug_sfnames
 *(.debug_sfnames)

.debug_aranges  0x0000000000000000      0x5e0
 *(.debug_aranges)
 .debug_aranges
                0x0000000000000000       0x20 init/main.o
 .debug_aranges
                0x0000000000000020      0x1a0 kernel/kernel.o
 .debug_aranges
                0x00000000000001c0       0x20 mm/mm.o
 .debug_aranges
                0x00000000000001e0      0x240 fs/fs.o
 .debug_aranges
                0x0000000000000420       0x20 lib/lib.a(_exit.o)
 .debug_aranges
                0x0000000000000440       0x20 lib/lib.a(open.o)
 .debug_aranges
                0x0000000000000460       0x20 lib/lib.a(close.o)
 .debug_aranges
                0x0000000000000480       0x20 lib/lib.a(write.o)
 .debug_aranges
                0x00000000000004a0       0x20 lib/lib.a(dup.o)
 .debug_aranges
                0x00000000000004c0       0x20 lib/lib.a(setsid.o)
 .debug_aranges
                0x00000000000004e0       0x20 lib/lib.a(execve.o)
 .debug_aranges
                0x0000000000000500       0x20 lib/lib.a(wait.o)
 .debug_aranges
                0x0000000000000520       0x20 lib/lib.a(string.o)
 .debug_aranges
                0x0000000000000540       0x20 lib/lib.a(crypt.o)
 .debug_aranges
                0x0000000000000560       0x20 lib/lib.a(random.o)
 .debug_aranges
                0x0000000000000580       0x20 lib/lib.a(encrlst.o)
 .debug_aranges
                0x00000000000005a0       0x20 lib/lib.a(lstent.o)
 .debug_aranges
                0x00000000000005c0       0x20 lib/lib.a(read.o)

.debug_pubnames
 *(.debug_pubnames)

.debug_info     0x0000000000000000    0x1c149
 *(.debug_info .gnu.linkonce.wi.*)
 .debug_info    0x0000000000000000      0xccf init/main.o
 .debug_info    0x0000000000000ccf     0x8ec3 kernel/kernel.o
 .debug_info    0x0000000000009b92      0x4d6 mm/mm.o
 .debug_info    0x000000000000a068     0xe2d3 fs/fs.o
 .debug_info    0x000000000001833b       0x70 lib/lib.a(ctype.o)
 .debug_info    0x00000000000183ab      0x3af lib/lib.a(_exit.o)
 .debug_info    0x000000000001875a      0x403 lib/lib.a(open.o)
 .debug_info    0x0000000000018b5d      0x3ce lib/lib.a(close.o)
 .debug_info    0x0000000000018f2b       0x3f lib/lib.a(errno.o)
 .debug_info    0x0000000000018f6a      0x400 lib/lib.a(write.o)
 .debug_info    0x000000000001936a      0x3ce lib/lib.a(dup.o)
 .debug_info    0x0000000000019738      0x3cb lib/lib.a(setsid.o)
 .debug_info    0x0000000000019b03      0x3fc lib/lib.a(execve.o)
 .debug_info    0x0000000000019eff      0x428 lib/lib.a(wait.o)
 .debug_info    0x000000000001a327      0x705 lib/lib.a(string.o)
 .debug_info    0x000000000001aa2c      0x2a0 lib/lib.a(crypt.o)
 .debug_info    0x000000000001accc      0x8c2 lib/lib.a(random.o)
 .debug_info    0x000000000001b58e      0x3ea lib/lib.a(encrlst.o)
 .debug_info    0x000000000001b978      0x3dc lib/lib.a(lstent.o)
 .debug_info    0x000000000001bd54      0x3f5 lib/lib.a(read.o)

.debug_abbrev   0x0000000000000000     0x48b2
 *(.debug_abbrev)
 .debug_abbrev  0x0000000000000000      0x1d7 init/main.o
 .debug_abbrev  0x00000000000001d7     0x1825 kernel/kernel.o
 .debug_abbrev  0x00000000000019fc      0x1af mm/mm.o
 .debug_abbrev  0x0000000000001bab     0x212e fs/fs.o
 .debug_abbrev  0x0000000000003cd9       0x42 lib/lib.a(ctype.o)
 .debug_abbrev  0x0000000000003d1b       0xa3 lib/lib.a(_exit.o)
 .debug_abbrev  0x0000000000003dbe       0xdc lib/lib.a(open.o)
 .debug_abbrev  0x0000000000003e9a       0xb4 lib/lib.a(close.o)
 .debug_abbrev  0x0000000000003f4e       0x30 lib/lib.a(errno.o)
 .debug_abbrev  0x0000000000003f7e       0xd7 lib/lib.a(write.o)
 .debug_abbrev  0x0000000000004055       0xb4 lib/lib.a(dup.o)
 .debug_abbrev  0x0000000000004109       0xb2 lib/lib.a(setsid.o)
 .debug_abbrev  0x00000000000041bb       0xbb lib/lib.a(execve.o)
 .debug_abbrev  0x0000000000004276       0xd0 lib/lib.a(wait.o)
 .debug_abbrev  0x0000000000004346      0x128 lib/lib.a(string.o)
 .debug_abbrev  0x000000000000446e      0x116 lib/lib.a(crypt.o)
 .debug_abbrev  0x0000000000004584       0xd8 lib/lib.a(random.o)
 .debug_abbrev  0x000000000000465c       0xc3 lib/lib.a(encrlst.o)
 .debug_abbrev  0x000000000000471f       0xc3 lib/lib.a(lstent.o)
 .debug_abbrev  0x00000000000047e2       0xd0 lib/lib.a(read.o)

.debug_line     0x0000000000000000     0x3a1d
 *(.debug_line)
 .debug_line    0x0000000000000000      0x11e init/main.o
 .debug_line    0x000000000000011e     0x1518 kernel/kernel.o
 .debug_line    0x0000000000001636      0x122 mm/mm.o
 .debug_line    0x0000000000001758     0x1b86 fs/fs.o
 .debug_line    0x00000000000032de       0x28 lib/lib.a(ctype.o)
 .debug_line    0x0000000000003306       0x50 lib/lib.a(_exit.o)
 .debug_line    0x0000000000003356       0x76 lib/lib.a(open.o)
 .debug_line    0x00000000000033cc       0x6e lib/lib.a(close.o)
 .debug_line    0x000000000000343a       0x28 lib/lib.a(errno.o)
 .debug_line    0x0000000000003462       0x8c lib/lib.a(write.o)
 .debug_line    0x00000000000034ee       0x6c lib/lib.a(dup.o)
 .debug_line    0x000000000000355a       0x88 lib/lib.a(setsid.o)
 .debug_line    0x00000000000035e2       0x73 lib/lib.a(execve.o)
 .debug_line    0x0000000000003655       0x90 lib/lib.a(wait.o)
 .debug_line    0x00000000000036e5       0xc1 lib/lib.a(string.o)
 .debug_line    0x00000000000037a6       0x82 lib/lib.a(crypt.o)
 .debug_line    0x0000000000003828       0x87 lib/lib.a(random.o)
 .debug_line    0x00000000000038af       0x74 lib/lib.a(encrlst.o)
 .debug_line    0x0000000000003923       0x6f lib/lib.a(lstent.o)
 .debug_line    0x0000000000003992       0x8b lib/lib.a(read.o)

.debug_frame
 *(.debug_frame)

.debug_str      0x0000000000000000     0x1ab1
 *(.debug_str)
 .debug_str     0x0000000000000000      0x3f8 init/main.o
                                        0x4a5 (size before relaxing)
 .debug_str     0x00000000000003f8      0xb30 kernel/kernel.o
                                       0x31ed (size before relaxing)
 .debug_str     0x0000000000000f28      0x126 mm/mm.o
                                        0x1c1 (size before relaxing)
 .debug_str     0x000000000000104e      0x941 fs/fs.o
                                       0x53cd (size before relaxing)
 .debug_str     0x000000000000198f       0x26 lib/lib.a(ctype.o)
                                         0x66 (size before relaxing)
 .debug_str     0x00000000000019b5        0x8 lib/lib.a(_exit.o)
                                        0x284 (size before relaxing)
 .debug_str     0x0000000000000000        0x8 lib/lib.a(open.o)
                                        0x294 (size before relaxing)
 .debug_str     0x00000000000019bd        0x8 lib/lib.a(close.o)
                                        0x286 (size before relaxing)
 .debug_str     0x00000000000019c5        0x8 lib/lib.a(errno.o)
                                         0x38 (size before relaxing)
 .debug_str     0x0000000000000000        0x8 lib/lib.a(write.o)
                                        0x292 (size before relaxing)
 .debug_str     0x00000000000019cd        0x6 lib/lib.a(dup.o)
                                        0x27e (size before relaxing)
 .debug_str     0x00000000000019d3        0x9 lib/lib.a(setsid.o)
                                        0x28e (size before relaxing)
 .debug_str     0x00000000000019dc        0x9 lib/lib.a(execve.o)
                                        0x297 (size before relaxing)
 .debug_str     0x00000000000019e5       0x11 lib/lib.a(wait.o)
                                        0x2a4 (size before relaxing)
 .debug_str     0x00000000000019f6       0x6b lib/lib.a(string.o)
                                         0xec (size before relaxing)
 .debug_str     0x0000000000001a61       0x28 lib/lib.a(crypt.o)
                                        0x125 (size before relaxing)
 .debug_str     0x0000000000001a89        0xe lib/lib.a(random.o)
                                        0x3ca (size before relaxing)
 .debug_str     0x0000000000001a97        0xa lib/lib.a(encrlst.o)
                                        0x296 (size before relaxing)
 .debug_str     0x0000000000001aa1        0x9 lib/lib.a(lstent.o)
                                        0x28e (size before relaxing)
 .debug_str     0x0000000000001aaa        0x7 lib/lib.a(read.o)
                                        0x290 (size before relaxing)

.debug_loc      0x0000000000000000     0xb47f
 *(.debug_loc)
 .debug_loc     0x0000000000000000      0x256 init/main.o
 .debug_loc     0x0000000000000256     0x406c kernel/kernel.o
 .debug_loc     0x00000000000042c2      0x640 mm/mm.o
 .debug_loc     0x0000000000004902     0x6353 fs/fs.o
 .debug_loc     0x000000000000ac55       0x2c lib/lib.a(_exit.o)
 .debug_loc     0x000000000000ac81       0x3f lib/lib.a(open.o)
 .debug_loc     0x000000000000acc0       0x3f lib/lib.a(close.o)
 .debug_loc     0x000000000000acff       0x57 lib/lib.a(write.o)
 .debug_loc     0x000000000000ad56       0x3f lib/lib.a(dup.o)
 .debug_loc     0x000000000000ad95       0x13 lib/lib.a(setsid.o)
 .debug_loc     0x000000000000ada8       0x57 lib/lib.a(execve.o)
 .debug_loc     0x000000000000adff       0x83 lib/lib.a(wait.o)
 .debug_loc     0x000000000000ae82      0x3a6 lib/lib.a(string.o)
 .debug_loc     0x000000000000b228      0x16a lib/lib.a(crypt.o)
 .debug_loc     0x000000000000b392       0x57 lib/lib.a(encrlst.o)
 .debug_loc     0x000000000000b3e9       0x3f lib/lib.a(lstent.o)
 .debug_loc     0x000000000000b428       0x57 lib/lib.a(read.o)

.debug_macinfo
 *(.debug_macinfo)

.debug_weaknames
 *(.debug_weaknames)

.debug_funcnames
 *(.debug_funcnames)

.debug_typenames
 *(.debug_typenames)

.debug_varnames
 *(.debug_varnames)

.debug_pubtypes
 *(.debug_pubtypes)

.debug_ranges   0x0000000000000000      0x428
 *(.debug_ranges)
 .debug_ranges  0x0000000000000000      0x120 kernel/kernel.o
 .debug_ranges  0x0000000000000120      0x308 fs/fs.o

.gnu.attributes
 *(.gnu.attributes)

/DISCARD/
 *(.note.GNU-stack)
 *(.gnu_debuglink)
 *(.gnu.lto_*)
OUTPUT(tools/system elf32-i386)
