Archive member included because of file (symbol)

lib/lib.a(ctype.o)            kernel/kernel.o (_ctype)
lib/lib.a(_exit.o)            init/main.o (_exit)
lib/lib.a(open.o)             init/main.o (open)
lib/lib.a(close.o)            init/main.o (close)
lib/lib.a(errno.o)            init/main.o (errno)
lib/lib.a(write.o)            init/main.o (write)
lib/lib.a(dup.o)              init/main.o (dup)
lib/lib.a(setsid.o)           init/main.o (setsid)
lib/lib.a(execve.o)           init/main.o (execve)
lib/lib.a(wait.o)             init/main.o (wait)
lib/lib.a(string.o)           kernel/kernel.o (memcpy)
lib/lib.a(getdents.o)         kernel/kernel.o (getdents)

Allocating common symbols
Common symbol       size              file

errno               0x4               lib/lib.a(errno.o)
hash_table          0x4cc             fs/fs.o
___strtok           0x4               lib/lib.a(string.o)
mode                0x4               kernel/kernel.o
user_stack          0x1000            kernel/kernel.o
_ctmp               0x1               lib/lib.a(ctype.o)
super_block         0x340             fs/fs.o
file_table          0x400             fs/fs.o

Discarded input sections

 .note.GNU-stack
                0x0000000000000000        0x0 init/main.o
 .note.GNU-stack
                0x0000000000000000        0x0 kernel/kernel.o
 .note.GNU-stack
                0x0000000000000000        0x0 mm/mm.o
 .note.GNU-stack
                0x0000000000000000        0x0 fs/fs.o
 .note.GNU-stack
                0x0000000000000000        0x0 lib/lib.a(ctype.o)
 .note.GNU-stack
                0x0000000000000000        0x0 lib/lib.a(_exit.o)
 .note.GNU-stack
                0x0000000000000000        0x0 lib/lib.a(open.o)
 .note.GNU-stack
                0x0000000000000000        0x0 lib/lib.a(close.o)
 .note.GNU-stack
                0x0000000000000000        0x0 lib/lib.a(errno.o)
 .note.GNU-stack
                0x0000000000000000        0x0 lib/lib.a(write.o)
 .note.GNU-stack
                0x0000000000000000        0x0 lib/lib.a(dup.o)
 .note.GNU-stack
                0x0000000000000000        0x0 lib/lib.a(setsid.o)
 .note.GNU-stack
                0x0000000000000000        0x0 lib/lib.a(execve.o)
 .note.GNU-stack
                0x0000000000000000        0x0 lib/lib.a(wait.o)
 .note.GNU-stack
                0x0000000000000000        0x0 lib/lib.a(string.o)
 .note.GNU-stack
                0x0000000000000000        0x0 lib/lib.a(getdents.o)

Memory Configuration

Name             Origin             Length             Attributes
*default*        0x0000000000000000 0xffffffffffffffff

Linker script and memory map

Address of section .text set to 0x0
LOAD boot/head.o
LOAD init/main.o
LOAD kernel/kernel.o
LOAD mm/mm.o
LOAD fs/fs.o
LOAD lib/lib.a
                0x0000000008048000                PROVIDE (__executable_start, 0x8048000)
                0x0000000008048094                . = (0x8048000 + SIZEOF_HEADERS)

.interp
 *(.interp)

.note.gnu.build-id
 *(.note.gnu.build-id)

.hash
 *(.hash)

.gnu.hash
 *(.gnu.hash)

.dynsym
 *(.dynsym)

.dynstr
 *(.dynstr)

.gnu.version
 *(.gnu.version)

.gnu.version_d
 *(.gnu.version_d)

.gnu.version_r
 *(.gnu.version_r)

.rel.dyn        0x0000000008048094        0x0
 *(.rel.init)
 *(.rel.text .rel.text.* .rel.gnu.linkonce.t.*)
 .rel.text      0x0000000000000000        0x0 boot/head.o
 *(.rel.fini)
 *(.rel.rodata .rel.rodata.* .rel.gnu.linkonce.r.*)
 *(.rel.data.rel.ro* .rel.gnu.linkonce.d.rel.ro.*)
 *(.rel.data .rel.data.* .rel.gnu.linkonce.d.*)
 .rel.data      0x0000000000000000        0x0 boot/head.o
 *(.rel.tdata .rel.tdata.* .rel.gnu.linkonce.td.*)
 *(.rel.tbss .rel.tbss.* .rel.gnu.linkonce.tb.*)
 *(.rel.ctors)
 *(.rel.dtors)
 *(.rel.got)
 *(.rel.bss .rel.bss.* .rel.gnu.linkonce.b.*)
 *(.rel.ifunc)

.rel.plt        0x0000000008048094        0x0
 *(.rel.plt)
                0x0000000008048094                PROVIDE (__rel_iplt_start, .)
 *(.rel.iplt)
 .rel.iplt      0x0000000000000000        0x0 boot/head.o
                0x0000000008048094                PROVIDE (__rel_iplt_end, .)

.init
 *(.init)

.plt            0x00000000080480a0        0x0
 *(.plt)
 *(.iplt)
 .iplt          0x0000000000000000        0x0 boot/head.o

.text           0x0000000000000000     0xff65
 *(.text.unlikely .text.*_unlikely)
 *(.text.exit .text.exit.*)
 *(.text.startup .text.startup.*)
 *(.text.hot .text.hot.*)
 *(.text .stub .text.* .gnu.linkonce.t.*)
 .text          0x0000000000000000     0x5078 boot/head.o
                0x0000000000000000                startup_32
                0x0000000000000000                pg_dir
                0x0000000000004078                idt
                0x0000000000004878                gdt
 *fill*         0x0000000000005078        0x8 90909090
 .text          0x0000000000005080      0x370 init/main.o
                0x00000000000050c1                init
                0x0000000000005232                main
 .text          0x00000000000053f0     0x5117 kernel/kernel.o
                0x00000000000053f0                sys_alarm
                0x0000000000005417                sys_getpid
                0x0000000000005423                sys_getppid
                0x000000000000542f                sys_getuid
                0x000000000000543c                sys_geteuid
                0x0000000000005449                sys_getgid
                0x0000000000005456                sys_getegid
                0x0000000000005463                sys_nice
                0x000000000000547c                sys_signal
                0x00000000000054b9                math_state_restore
                0x00000000000054f0                schedule
                0x00000000000055e1                sys_pause
                0x00000000000055f7                sleep_on
                0x0000000000005651                interruptible_sleep_on
                0x00000000000056bb                wake_up
                0x00000000000056d7                do_timer
                0x000000000000571d                sched_init
                0x0000000000005844                system_call
                0x0000000000005936                timer_interrupt
                0x000000000000596e                sys_execve
                0x000000000000597c                sys_fork
                0x0000000000005994                hd_interrupt
                0x0000000000005b41                do_double_fault
                0x0000000000005b5a                do_general_protection
                0x0000000000005b73                do_divide_error
                0x0000000000005b8c                do_int3
                0x0000000000005c44                do_nmi
                0x0000000000005c5d                do_debug
                0x0000000000005c76                do_overflow
                0x0000000000005c8f                do_bounds
                0x0000000000005ca8                do_invalid_op
                0x0000000000005cc1                do_device_not_available
                0x0000000000005cda                do_coprocessor_segment_overrun
                0x0000000000005cf3                do_invalid_TSS
                0x0000000000005d0c                do_segment_not_present
                0x0000000000005d25                do_stack_segment
                0x0000000000005d3e                do_coprocessor_error
                0x0000000000005d57                do_reserved
                0x0000000000005d70                trap_init
                0x0000000000005f2c                divide_error
                0x0000000000005f61                debug
                0x0000000000005f68                nmi
                0x0000000000005f6f                int3
                0x0000000000005f76                overflow
                0x0000000000005f7d                bounds
                0x0000000000005f84                invalid_op
                0x0000000000005f93                device_not_available
                0x0000000000005fc0                coprocessor_segment_overrun
                0x0000000000005fca                reserved
                0x0000000000005fd4                coprocessor_error
                0x0000000000005fde                double_fault
                0x0000000000006015                invalid_TSS
                0x000000000000601c                segment_not_present
                0x0000000000006023                stack_segment
                0x000000000000602a                general_protection
                0x0000000000006034                verify_area
                0x0000000000006099                copy_mem
                0x000000000000618f                copy_process
                0x000000000000641e                find_empty_process
                0x0000000000006480                panic
                0x000000000000649c                printk
                0x0000000000006726                vsprintf
                0x0000000000006a90                tty_init
                0x0000000000006aa1                tty_intr
                0x0000000000006ae6                copy_to_cooked
                0x0000000000006d95                tty_read
                0x000000000000705c                tty_write
                0x0000000000007239                do_tty_interrupt
                0x0000000000007465                c_mode
                0x000000000000749d                a_mode_on
                0x00000000000074a5                a_mode_off
                0x00000000000074ad                e_mode
                0x00000000000074d6                putc
                0x00000000000074e8                add_char
                0x000000000000755b                go_up
                0x0000000000007599                go_down
                0x00000000000075db                go_left
                0x000000000000763d                abs_path
                0x00000000000076b1                copy_row
                0x000000000000777a                color_path
                0x0000000000007870                go_right
                0x000000000000797d                list_path
                0x0000000000007a8e                draw_square
                0x0000000000007dc7                csi_m
                0x0000000000007e22                con_write
                0x000000000000878a                con_init
                0x0000000000008813                keyboard_interrupt
                0x0000000000008879                put_queue
                0x000000000000907c                rs1_interrupt
                0x0000000000009084                rs2_interrupt
                0x00000000000097e9                rw_hd
                0x0000000000009892                sys_setup
                0x0000000000009991                unexpected_hd_interrupt
                0x00000000000099a4                hd_init
                0x0000000000009a14                sys_ftime
                0x0000000000009a1a                sys_mknod
                0x0000000000009a20                sys_break
                0x0000000000009a26                sys_mount
                0x0000000000009a2c                sys_umount
                0x0000000000009a32                sys_ustat
                0x0000000000009a38                sys_ptrace
                0x0000000000009a3e                sys_stty
                0x0000000000009a44                sys_gtty
                0x0000000000009a4a                sys_rename
                0x0000000000009a50                sys_prof
                0x0000000000009a56                sys_setgid
                0x0000000000009ab3                sys_acct
                0x0000000000009ab9                sys_phys
                0x0000000000009abf                sys_lock
                0x0000000000009ac5                sys_mpx
                0x0000000000009acb                sys_ulimit
                0x0000000000009ad1                sys_time
                0x0000000000009b24                sys_setuid
                0x0000000000009b7d                sys_stime
                0x0000000000009bca                sys_times
                0x0000000000009c23                sys_brk
                0x0000000000009c56                sys_setpgid
                0x0000000000009ccb                sys_getpgrp
                0x0000000000009cd7                sys_setsid
                0x0000000000009d2c                sys_oldolduname
                0x0000000000009d44                sys_uname
                0x0000000000009d91                sys_umask
                0x0000000000009daf                sys_null
                0x0000000000009de0                release
                0x0000000000009e3a                do_kill
                0x000000000000a0b3                sys_kill
                0x000000000000a0e9                do_exit
                0x000000000000a27c                sys_exit
                0x000000000000a297                sys_waitpid
                0x000000000000a41e                rs_init
                0x000000000000a476                rs_write
                0x000000000000a4a0                kernel_mktime
 *fill*         0x000000000000a507        0x1 90909090
 .text          0x000000000000a508      0x517 mm/mm.o
                0x000000000000a508                invalidate
                0x000000000000a511                copy_page
                0x000000000000a536                get_free_page
                0x000000000000a56e                free_page
                0x000000000000a5ce                free_page_tables
                0x000000000000a67e                copy_page_tables
                0x000000000000a778                put_page
                0x000000000000a825                un_wp_page
                0x000000000000a8b5                do_wp_page
                0x000000000000a8e5                write_verify
                0x000000000000a924                do_no_page
                0x000000000000a954                calc_mem
                0x000000000000a9e8                page_fault
 *fill*         0x000000000000aa1f        0x1 90909090
 .text          0x000000000000aa20     0x4f4c fs/fs.o
                0x000000000000aa20                sys_utime
                0x000000000000aa89                sys_access
                0x000000000000ab20                sys_chdir
                0x000000000000ab83                sys_chroot
                0x000000000000abe6                sys_chmod
                0x000000000000ac7b                sys_chown
                0x000000000000ace2                sys_open
                0x000000000000ae76                sys_creat
                0x000000000000ae99                sys_close
                0x000000000000af20                sys_lseek
                0x000000000000afdc                sys_read
                0x000000000000b137                sys_write
                0x000000000000b64b                sync_inodes
                0x000000000000b695                bmap
                0x000000000000b6ae                create_block
                0x000000000000b6c7                iput
                0x000000000000b7b5                get_empty_inode
                0x000000000000b8a3                get_pipe_inode
                0x000000000000b8ea                iget
                0x000000000000bad7                sys_sync
                0x000000000000bb3f                brelse
                0x000000000000bb91                get_hash_table
                0x000000000000bbf0                getblk
                0x000000000000be8f                bread
                0x000000000000bee9                buffer_init
                0x000000000000bf84                do_mount
                0x000000000000c18f                mount_root
                0x000000000000c2e0                block_write
                0x000000000000c3c3                block_read
                0x000000000000c49a                ll_rw_block
                0x000000000000c563                rw_char
                0x000000000000c5d4                file_read
                0x000000000000c77f                file_write
                0x000000000000ca1e                sys_stat
                0x000000000000ca63                sys_lstat
                0x000000000000ca7e                sys_fstat
                0x000000000000cac1                sys_stat64
                0x000000000000cb06                sys_fstat64
                0x000000000000cb49                sys_lstat64
                0x000000000000cb64                sys_oldstat
                0x000000000000cb7c                sys_oldfstat
                0x000000000000ccc4                cp_block
                0x000000000000ccf9                is_valid_elf
                0x000000000000cd3e                read_file_block_ind
                0x000000000000cdd3                read_file_block
                0x000000000000ced2                copy_section
                0x000000000000cfc0                create_bss_section
                0x000000000000cfe6                load_elf_binary
                0x000000000000d1f1                do_execve
                0x000000000000d684                read_pipe
                0x000000000000d71d                write_pipe
                0x000000000000d816                sys_pipe
                0x000000000000de49                namei
                0x000000000000deff                open_namei
                0x000000000000e165                sys_mkdir
                0x000000000000e41a                sys_rmdir
                0x000000000000e78c                sys_unlink
                0x000000000000e928                sys_link
                0x000000000000ead0                free_block
                0x000000000000ec0b                new_block
                0x000000000000ed8e                free_inode
                0x000000000000eeba                new_inode
                0x000000000000f09a                sys_dup2
                0x000000000000f0ba                sys_dup
                0x000000000000f0ca                sys_fcntl
                0x000000000000f187                sys_fcntl64
                0x000000000000f1dc                sys_ioctl
                0x000000000000f279                tty_ioctl
                0x000000000000f545                truncate
                0x000000000000f650                sys_getdents
                0x000000000000f7de                sys_getdents64
 .text          0x000000000000f96c        0x0 lib/lib.a(ctype.o)
 .text          0x000000000000f96c        0xe lib/lib.a(_exit.o)
                0x000000000000f96c                _exit
 *fill*         0x000000000000f97a        0x2 90909090
 .text          0x000000000000f97c       0x3d lib/lib.a(open.o)
                0x000000000000f97c                open
 *fill*         0x000000000000f9b9        0x3 90909090
 .text          0x000000000000f9bc       0x23 lib/lib.a(close.o)
                0x000000000000f9bc                close
 *fill*         0x000000000000f9df        0x1 90909090
 .text          0x000000000000f9e0        0x0 lib/lib.a(errno.o)
 .text          0x000000000000f9e0       0x3d lib/lib.a(write.o)
                0x000000000000f9e0                write
 *fill*         0x000000000000fa1d        0x3 90909090
 .text          0x000000000000fa20       0x23 lib/lib.a(dup.o)
                0x000000000000fa20                dup
 *fill*         0x000000000000fa43        0x1 90909090
 .text          0x000000000000fa44       0x1e lib/lib.a(setsid.o)
                0x000000000000fa44                setsid
 *fill*         0x000000000000fa62        0x2 90909090
 .text          0x000000000000fa64       0x3d lib/lib.a(execve.o)
                0x000000000000fa64                execve
 *fill*         0x000000000000faa1        0x3 90909090
 .text          0x000000000000faa4       0x60 lib/lib.a(wait.o)
                0x000000000000faa4                waitpid
                0x000000000000fae1                wait
 .text          0x000000000000fb04      0x421 lib/lib.a(string.o)
                0x000000000000fb04                strcpy
                0x000000000000fb2c                strncpy
                0x000000000000fb5d                strcat
                0x000000000000fb92                strncat
                0x000000000000fbd1                strcmp
                0x000000000000fbff                strncmp
                0x000000000000fc34                strchr
                0x000000000000fc52                strrchr
                0x000000000000fc73                strspn
                0x000000000000fcc0                strcspn
                0x000000000000fd0d                strpbrk
                0x000000000000fd52                strstr
                0x000000000000fd97                strlen
                0x000000000000fdb0                strtok
                0x000000000000fe41                memcpy
                0x000000000000fe67                memmove
                0x000000000000feb5                memcmp
                0x000000000000fee9                memchr
                0x000000000000ff0f                memset
 *fill*         0x000000000000ff25        0x3 90909090
 .text          0x000000000000ff28       0x3d lib/lib.a(getdents.o)
                0x000000000000ff28                getdents
 *(.gnu.warning)

.fini
 *(.fini)
                0x000000000000ff65                PROVIDE (__etext, .)
                0x000000000000ff65                PROVIDE (_etext, .)
                0x000000000000ff65                PROVIDE (etext, .)

.rodata         0x000000000000ff80     0x1024
 *(.rodata .rodata.* .gnu.linkonce.r.*)
 .rodata.str1.1
                0x000000000000ff80       0x68 init/main.o
 .rodata.str1.4
                0x000000000000ffe8       0x25 init/main.o
 *fill*         0x000000000001000d       0x13 00
 .rodata        0x0000000000010020      0x270 kernel/kernel.o
 .rodata.str1.1
                0x0000000000010290      0x285 kernel/kernel.o
                                        0x28d (size before relaxing)
 *fill*         0x0000000000010515        0x3 00
 .rodata.str1.4
                0x0000000000010518      0x1fc kernel/kernel.o
 .rodata.cst4   0x0000000000010714        0x8 kernel/kernel.o
 .rodata.str1.4
                0x000000000001071c       0xe9 mm/mm.o
 .rodata.str1.1
                0x0000000000010805       0x68 mm/mm.o
 *fill*         0x000000000001086d       0x13 00
 .rodata        0x0000000000010880       0xc4 fs/fs.o
 .rodata.str1.1
                0x0000000000010944      0x32c fs/fs.o
                                        0x332 (size before relaxing)
 .rodata.str1.4
                0x0000000000010c70      0x334 fs/fs.o

.rodata1
 *(.rodata1)

.eh_frame_hdr
 *(.eh_frame_hdr)

.eh_frame       0x0000000000010fa4     0x235c
 *(.eh_frame)
 .eh_frame      0x0000000000010fa4       0x74 init/main.o
 .eh_frame      0x0000000000011018      0xeb8 kernel/kernel.o
                                        0xff0 (size before relaxing)
 .eh_frame      0x0000000000011ed0      0x1a8 mm/mm.o
                                        0x1c0 (size before relaxing)
 .eh_frame      0x0000000000012078      0xf0c fs/fs.o
                                       0x10bc (size before relaxing)
 .eh_frame      0x0000000000012f84       0x1c lib/lib.a(_exit.o)
                                         0x34 (size before relaxing)
 .eh_frame      0x0000000000012fa0       0x20 lib/lib.a(open.o)
                                         0x38 (size before relaxing)
 .eh_frame      0x0000000000012fc0       0x1c lib/lib.a(close.o)
                                         0x34 (size before relaxing)
 .eh_frame      0x0000000000012fdc       0x20 lib/lib.a(write.o)
                                         0x38 (size before relaxing)
 .eh_frame      0x0000000000012ffc       0x1c lib/lib.a(dup.o)
                                         0x34 (size before relaxing)
 .eh_frame      0x0000000000013018       0x14 lib/lib.a(setsid.o)
                                         0x2c (size before relaxing)
 .eh_frame      0x000000000001302c       0x20 lib/lib.a(execve.o)
                                         0x38 (size before relaxing)
 .eh_frame      0x000000000001304c       0x38 lib/lib.a(wait.o)
                                         0x50 (size before relaxing)
 .eh_frame      0x0000000000013084      0x25c lib/lib.a(string.o)
                                        0x274 (size before relaxing)
 .eh_frame      0x00000000000132e0       0x20 lib/lib.a(getdents.o)
                                         0x38 (size before relaxing)

.gcc_except_table
 *(.gcc_except_table .gcc_except_table.*)

.exception_ranges
 *(.exception_ranges .exception_ranges*)
                0x0000000000013300                . = (ALIGN (0x1000) - ((0x1000 - .) & 0xfff))
                0x0000000000014000                . = DATA_SEGMENT_ALIGN (0x1000, 0x1000)

.eh_frame
 *(.eh_frame)

.gcc_except_table
 *(.gcc_except_table .gcc_except_table.*)

.exception_ranges
 *(.exception_ranges .exception_ranges*)

.tdata
 *(.tdata .tdata.* .gnu.linkonce.td.*)

.tbss
 *(.tbss .tbss.* .gnu.linkonce.tb.*)
 *(.tcommon)

.preinit_array  0x0000000000014000        0x0
                0x0000000000014000                PROVIDE (__preinit_array_start, .)
 *(.preinit_array)
                0x0000000000014000                PROVIDE (__preinit_array_end, .)

.init_array     0x0000000000014000        0x0
                0x0000000000014000                PROVIDE (__init_array_start, .)
 *(SORT(.init_array.*) SORT(.ctors.*))
 *(.init_array)
 *(EXCLUDE_FILE(*crtend?.o *crtend.o *crtbegin?.o *crtbegin.o) .ctors)
                0x0000000000014000                PROVIDE (__init_array_end, .)

.fini_array     0x0000000000014000        0x0
                0x0000000000014000                PROVIDE (__fini_array_start, .)
 *(SORT(.fini_array.*) SORT(.dtors.*))
 *(.fini_array)
 *(EXCLUDE_FILE(*crtend?.o *crtend.o *crtbegin?.o *crtbegin.o) .dtors)
                0x0000000000014000                PROVIDE (__fini_array_end, .)

.ctors
 *crtbegin.o(.ctors)
 *crtbegin?.o(.ctors)
 *(EXCLUDE_FILE(*crtend?.o *crtend.o) .ctors)
 *(SORT(.ctors.*))
 *(.ctors)

.dtors
 *crtbegin.o(.dtors)
 *crtbegin?.o(.dtors)
 *(EXCLUDE_FILE(*crtend?.o *crtend.o) .dtors)
 *(SORT(.dtors.*))
 *(.dtors)

.jcr
 *(.jcr)

.data.rel.ro
 *(.data.rel.ro.local* .gnu.linkonce.d.rel.ro.local.*)
 *(.data.rel.ro* .gnu.linkonce.d.rel.ro.*)

.dynamic
 *(.dynamic)

.got
 *(.got)
 *(.igot)
                0x0000000000014000                . = DATA_SEGMENT_RELRO_END (., 0xc)

.got.plt        0x0000000000014000        0x0
 *(.got.plt)
 *(.igot.plt)
 .igot.plt      0x0000000000000000        0x0 boot/head.o

.data           0x0000000000014000     0x4044
 *(.data .data.* .gnu.linkonce.d.*)
 .data          0x0000000000014000        0x0 boot/head.o
 .data          0x0000000000014000       0x18 init/main.o
 *fill*         0x0000000000014018        0x8 00
 .data          0x0000000000014020     0x3f0c kernel/kernel.o
                0x0000000000014020                stack_start
                0x0000000000014040                task
                0x0000000000014140                current
                0x0000000000014160                sys_call_table
                0x0000000000015660                table_list
                0x0000000000015680                tty_table
 .data          0x0000000000017f2c        0x0 mm/mm.o
 .data          0x0000000000017f2c        0x4 fs/fs.o
                0x0000000000017f2c                start_buffer
 *fill*         0x0000000000017f30       0x10 00
 .data          0x0000000000017f40      0x101 lib/lib.a(ctype.o)
                0x0000000000017f40                _ctype
 *fill*         0x0000000000018041        0x3 00
 .data          0x0000000000018044        0x0 lib/lib.a(_exit.o)
 .data          0x0000000000018044        0x0 lib/lib.a(open.o)
 .data          0x0000000000018044        0x0 lib/lib.a(close.o)
 .data          0x0000000000018044        0x0 lib/lib.a(errno.o)
 .data          0x0000000000018044        0x0 lib/lib.a(write.o)
 .data          0x0000000000018044        0x0 lib/lib.a(dup.o)
 .data          0x0000000000018044        0x0 lib/lib.a(setsid.o)
 .data          0x0000000000018044        0x0 lib/lib.a(execve.o)
 .data          0x0000000000018044        0x0 lib/lib.a(wait.o)
 .data          0x0000000000018044        0x0 lib/lib.a(string.o)
 .data          0x0000000000018044        0x0 lib/lib.a(getdents.o)

.data1
 *(.data1)
                0x0000000000018044                _edata = .
                0x0000000000018044                PROVIDE (edata, .)
                0x0000000000018044                __bss_start = .

.bss            0x0000000000018060     0x3f0c
 *(.dynbss)
 *(.bss .bss.* .gnu.linkonce.b.*)
 .bss           0x0000000000018060        0x0 boot/head.o
 .bss           0x0000000000018060      0x400 init/main.o
 .bss           0x0000000000018460      0xb8c kernel/kernel.o
                0x0000000000018460                last_task_used_math
                0x0000000000018464                startup_time
                0x0000000000018468                jiffies
                0x000000000001846c                last_pid
                0x0000000000018ae0                do_hd
 *fill*         0x0000000000018fec       0x14 00
 .bss           0x0000000000019000      0xc00 mm/mm.o
 .bss           0x0000000000019c00      0x710 fs/fs.o
                0x0000000000019c00                inode_table
                0x000000000001a304                nr_buffers
 .bss           0x000000000001a310        0x0 lib/lib.a(ctype.o)
 .bss           0x000000000001a310        0x0 lib/lib.a(_exit.o)
 .bss           0x000000000001a310        0x0 lib/lib.a(open.o)
 .bss           0x000000000001a310        0x0 lib/lib.a(close.o)
 .bss           0x000000000001a310        0x0 lib/lib.a(errno.o)
 .bss           0x000000000001a310        0x0 lib/lib.a(write.o)
 .bss           0x000000000001a310        0x0 lib/lib.a(dup.o)
 .bss           0x000000000001a310        0x0 lib/lib.a(setsid.o)
 .bss           0x000000000001a310        0x0 lib/lib.a(execve.o)
 .bss           0x000000000001a310        0x0 lib/lib.a(wait.o)
 .bss           0x000000000001a310        0x0 lib/lib.a(string.o)
 .bss           0x000000000001a310        0x0 lib/lib.a(getdents.o)
 *(COMMON)
 *fill*         0x000000000001a310       0x10 00
 COMMON         0x000000000001a320     0x1020 kernel/kernel.o
                0x000000000001a320                mode
                0x000000000001a340                user_stack
 COMMON         0x000000000001b340      0xc20 fs/fs.o
                0x000000000001b340                hash_table
                0x000000000001b820                super_block
                0x000000000001bb60                file_table
 COMMON         0x000000000001bf60        0x1 lib/lib.a(ctype.o)
                0x000000000001bf60                _ctmp
 *fill*         0x000000000001bf61        0x3 00
 COMMON         0x000000000001bf64        0x4 lib/lib.a(errno.o)
                0x000000000001bf64                errno
 COMMON         0x000000000001bf68        0x4 lib/lib.a(string.o)
                0x000000000001bf68                ___strtok
                0x000000000001bf6c                . = ALIGN ((. != 0x0)?0x4:0x1)
                0x000000000001bf6c                . = ALIGN (0x4)
                0x000000000001bf6c                . = ALIGN (0x4)
                0x000000000001bf6c                _end = .
                0x000000000001bf6c                PROVIDE (end, .)
                0x000000000001bf6c                . = DATA_SEGMENT_END (.)

.stab
 *(.stab)

.stabstr
 *(.stabstr)

.stab.excl
 *(.stab.excl)

.stab.exclstr
 *(.stab.exclstr)

.stab.index
 *(.stab.index)

.stab.indexstr
 *(.stab.indexstr)

.comment        0x0000000000000000       0x2a
 *(.comment)
 .comment       0x0000000000000000       0x2a init/main.o
                                         0x2b (size before relaxing)
 .comment       0x0000000000000000      0x22f kernel/kernel.o
 .comment       0x0000000000000000       0x2b mm/mm.o
 .comment       0x0000000000000000      0x331 fs/fs.o
 .comment       0x0000000000000000       0x2b lib/lib.a(ctype.o)
 .comment       0x0000000000000000       0x2b lib/lib.a(_exit.o)
 .comment       0x0000000000000000       0x2b lib/lib.a(open.o)
 .comment       0x0000000000000000       0x2b lib/lib.a(close.o)
 .comment       0x0000000000000000       0x2b lib/lib.a(errno.o)
 .comment       0x0000000000000000       0x2b lib/lib.a(write.o)
 .comment       0x0000000000000000       0x2b lib/lib.a(dup.o)
 .comment       0x0000000000000000       0x2b lib/lib.a(setsid.o)
 .comment       0x0000000000000000       0x2b lib/lib.a(execve.o)
 .comment       0x0000000000000000       0x2b lib/lib.a(wait.o)
 .comment       0x0000000000000000       0x2b lib/lib.a(string.o)
 .comment       0x0000000000000000       0x2b lib/lib.a(getdents.o)

.debug
 *(.debug)

.line
 *(.line)

.debug_srcinfo
 *(.debug_srcinfo)

.debug_sfnames
 *(.debug_sfnames)

.debug_aranges  0x0000000000000000      0x560
 *(.debug_aranges)
 .debug_aranges
                0x0000000000000000       0x20 init/main.o
 .debug_aranges
                0x0000000000000020      0x1a0 kernel/kernel.o
 .debug_aranges
                0x00000000000001c0       0x20 mm/mm.o
 .debug_aranges
                0x00000000000001e0      0x240 fs/fs.o
 .debug_aranges
                0x0000000000000420       0x20 lib/lib.a(_exit.o)
 .debug_aranges
                0x0000000000000440       0x20 lib/lib.a(open.o)
 .debug_aranges
                0x0000000000000460       0x20 lib/lib.a(close.o)
 .debug_aranges
                0x0000000000000480       0x20 lib/lib.a(write.o)
 .debug_aranges
                0x00000000000004a0       0x20 lib/lib.a(dup.o)
 .debug_aranges
                0x00000000000004c0       0x20 lib/lib.a(setsid.o)
 .debug_aranges
                0x00000000000004e0       0x20 lib/lib.a(execve.o)
 .debug_aranges
                0x0000000000000500       0x20 lib/lib.a(wait.o)
 .debug_aranges
                0x0000000000000520       0x20 lib/lib.a(string.o)
 .debug_aranges
                0x0000000000000540       0x20 lib/lib.a(getdents.o)

.debug_pubnames
 *(.debug_pubnames)

.debug_info     0x0000000000000000    0x1b24c
 *(.debug_info .gnu.linkonce.wi.*)
 .debug_info    0x0000000000000000      0xccf init/main.o
 .debug_info    0x0000000000000ccf     0x9292 kernel/kernel.o
 .debug_info    0x0000000000009f61      0x4d6 mm/mm.o
 .debug_info    0x000000000000a437     0xe2d3 fs/fs.o
 .debug_info    0x000000000001870a       0x70 lib/lib.a(ctype.o)
 .debug_info    0x000000000001877a      0x3af lib/lib.a(_exit.o)
 .debug_info    0x0000000000018b29      0x403 lib/lib.a(open.o)
 .debug_info    0x0000000000018f2c      0x3ce lib/lib.a(close.o)
 .debug_info    0x00000000000192fa       0x3f lib/lib.a(errno.o)
 .debug_info    0x0000000000019339      0x400 lib/lib.a(write.o)
 .debug_info    0x0000000000019739      0x3ce lib/lib.a(dup.o)
 .debug_info    0x0000000000019b07      0x3cb lib/lib.a(setsid.o)
 .debug_info    0x0000000000019ed2      0x3fc lib/lib.a(execve.o)
 .debug_info    0x000000000001a2ce      0x428 lib/lib.a(wait.o)
 .debug_info    0x000000000001a6f6      0x705 lib/lib.a(string.o)
 .debug_info    0x000000000001adfb      0x451 lib/lib.a(getdents.o)

.debug_abbrev   0x0000000000000000     0x4607
 *(.debug_abbrev)
 .debug_abbrev  0x0000000000000000      0x1d7 init/main.o
 .debug_abbrev  0x00000000000001d7     0x18df kernel/kernel.o
 .debug_abbrev  0x0000000000001ab6      0x1af mm/mm.o
 .debug_abbrev  0x0000000000001c65     0x212e fs/fs.o
 .debug_abbrev  0x0000000000003d93       0x42 lib/lib.a(ctype.o)
 .debug_abbrev  0x0000000000003dd5       0xa3 lib/lib.a(_exit.o)
 .debug_abbrev  0x0000000000003e78       0xdc lib/lib.a(open.o)
 .debug_abbrev  0x0000000000003f54       0xb4 lib/lib.a(close.o)
 .debug_abbrev  0x0000000000004008       0x30 lib/lib.a(errno.o)
 .debug_abbrev  0x0000000000004038       0xd7 lib/lib.a(write.o)
 .debug_abbrev  0x000000000000410f       0xb4 lib/lib.a(dup.o)
 .debug_abbrev  0x00000000000041c3       0xb2 lib/lib.a(setsid.o)
 .debug_abbrev  0x0000000000004275       0xbb lib/lib.a(execve.o)
 .debug_abbrev  0x0000000000004330       0xd0 lib/lib.a(wait.o)
 .debug_abbrev  0x0000000000004400      0x128 lib/lib.a(string.o)
 .debug_abbrev  0x0000000000004528       0xdf lib/lib.a(getdents.o)

.debug_line     0x0000000000000000     0x3812
 *(.debug_line)
 .debug_line    0x0000000000000000      0x11e init/main.o
 .debug_line    0x000000000000011e     0x14e9 kernel/kernel.o
 .debug_line    0x0000000000001607      0x122 mm/mm.o
 .debug_line    0x0000000000001729     0x1b86 fs/fs.o
 .debug_line    0x00000000000032af       0x28 lib/lib.a(ctype.o)
 .debug_line    0x00000000000032d7       0x50 lib/lib.a(_exit.o)
 .debug_line    0x0000000000003327       0x76 lib/lib.a(open.o)
 .debug_line    0x000000000000339d       0x6e lib/lib.a(close.o)
 .debug_line    0x000000000000340b       0x28 lib/lib.a(errno.o)
 .debug_line    0x0000000000003433       0x8c lib/lib.a(write.o)
 .debug_line    0x00000000000034bf       0x6c lib/lib.a(dup.o)
 .debug_line    0x000000000000352b       0x88 lib/lib.a(setsid.o)
 .debug_line    0x00000000000035b3       0x73 lib/lib.a(execve.o)
 .debug_line    0x0000000000003626       0x90 lib/lib.a(wait.o)
 .debug_line    0x00000000000036b6       0xc1 lib/lib.a(string.o)
 .debug_line    0x0000000000003777       0x9b lib/lib.a(getdents.o)

.debug_frame
 *(.debug_frame)

.debug_str      0x0000000000000000     0x1b0c
 *(.debug_str)
 .debug_str     0x0000000000000000      0x3f8 init/main.o
                                        0x4a5 (size before relaxing)
 .debug_str     0x00000000000003f8      0xcc0 kernel/kernel.o
                                       0x33ad (size before relaxing)
 .debug_str     0x00000000000010b8      0x126 mm/mm.o
                                        0x1c1 (size before relaxing)
 .debug_str     0x00000000000011de      0x863 fs/fs.o
                                       0x53cd (size before relaxing)
 .debug_str     0x0000000000001a41       0x26 lib/lib.a(ctype.o)
                                         0x66 (size before relaxing)
 .debug_str     0x0000000000001a67        0x8 lib/lib.a(_exit.o)
                                        0x284 (size before relaxing)
 .debug_str     0x0000000000000000        0x8 lib/lib.a(open.o)
                                        0x294 (size before relaxing)
 .debug_str     0x0000000000001a6f        0x8 lib/lib.a(close.o)
                                        0x286 (size before relaxing)
 .debug_str     0x0000000000001a77        0x8 lib/lib.a(errno.o)
                                         0x38 (size before relaxing)
 .debug_str     0x0000000000000000        0x8 lib/lib.a(write.o)
                                        0x292 (size before relaxing)
 .debug_str     0x0000000000001a7f        0x6 lib/lib.a(dup.o)
                                        0x27e (size before relaxing)
 .debug_str     0x0000000000001a85        0x9 lib/lib.a(setsid.o)
                                        0x28e (size before relaxing)
 .debug_str     0x0000000000001a8e        0x9 lib/lib.a(execve.o)
                                        0x297 (size before relaxing)
 .debug_str     0x0000000000001a97       0x11 lib/lib.a(wait.o)
                                        0x2a4 (size before relaxing)
 .debug_str     0x0000000000001aa8       0x64 lib/lib.a(string.o)
                                         0xec (size before relaxing)
 .debug_str     0x0000000000000000       0x64 lib/lib.a(getdents.o)
                                        0x2c0 (size before relaxing)

.debug_loc      0x0000000000000000     0xada3
 *(.debug_loc)
 .debug_loc     0x0000000000000000      0x256 init/main.o
 .debug_loc     0x0000000000000256     0x3b90 kernel/kernel.o
 .debug_loc     0x0000000000003de6      0x640 mm/mm.o
 .debug_loc     0x0000000000004426     0x6353 fs/fs.o
 .debug_loc     0x000000000000a779       0x2c lib/lib.a(_exit.o)
 .debug_loc     0x000000000000a7a5       0x3f lib/lib.a(open.o)
 .debug_loc     0x000000000000a7e4       0x3f lib/lib.a(close.o)
 .debug_loc     0x000000000000a823       0x57 lib/lib.a(write.o)
 .debug_loc     0x000000000000a87a       0x3f lib/lib.a(dup.o)
 .debug_loc     0x000000000000a8b9       0x13 lib/lib.a(setsid.o)
 .debug_loc     0x000000000000a8cc       0x57 lib/lib.a(execve.o)
 .debug_loc     0x000000000000a923       0x83 lib/lib.a(wait.o)
 .debug_loc     0x000000000000a9a6      0x3a6 lib/lib.a(string.o)
 .debug_loc     0x000000000000ad4c       0x57 lib/lib.a(getdents.o)

.debug_macinfo
 *(.debug_macinfo)

.debug_weaknames
 *(.debug_weaknames)

.debug_funcnames
 *(.debug_funcnames)

.debug_typenames
 *(.debug_typenames)

.debug_varnames
 *(.debug_varnames)

.debug_pubtypes
 *(.debug_pubtypes)

.debug_ranges   0x0000000000000000      0x490
 *(.debug_ranges)
 .debug_ranges  0x0000000000000000      0x188 kernel/kernel.o
 .debug_ranges  0x0000000000000188      0x308 fs/fs.o

.gnu.attributes
 *(.gnu.attributes)

/DISCARD/
 *(.note.GNU-stack)
 *(.gnu_debuglink)
 *(.gnu.lto_*)
OUTPUT(tools/system elf32-i386)
